
 /----------------------------------------------------------------------------\
 |  yosys -- Yosys Open SYnthesis Suite                                       |
 |  Copyright (C) 2012 - 2025  Claire Xenia Wolf <claire@yosyshq.com>         |
 |  Distributed under an ISC-like license, type "license" to see terms        |
 \----------------------------------------------------------------------------/
 Yosys 0.52 (git sha1 fee39a3284c90249e1d9684cf6944ffbbcbb8f90)

-- Running command `read_liberty -lib -ignore_miss_func "/mnt/c/Users/user/Desktop/HACKATHON/.tools/IHP-Open-PDK-partial/ihp-sg13g2/libs.ref/sg13g2_stdcell/lib/sg13g2_stdcell_typ_1p20V_25C.lib"; read_verilog /mnt/c/Users/user/Desktop/HACKATHON/src/*.v; hierarchy -check -top szymon_fixed; synth -top szymon_fixed -flatten -noabc; dfflibmap -liberty "/mnt/c/Users/user/Desktop/HACKATHON/.tools/IHP-Open-PDK-partial/ihp-sg13g2/libs.ref/sg13g2_stdcell/lib/sg13g2_stdcell_typ_1p20V_25C.lib"; abc -liberty "/mnt/c/Users/user/Desktop/HACKATHON/.tools/IHP-Open-PDK-partial/ihp-sg13g2/libs.ref/sg13g2_stdcell/lib/sg13g2_stdcell_typ_1p20V_25C.lib" -script "+strash; &get -n; &fraig -x; &put; scorr; dc2; dretime; strash; &get -n; &dch -f; &nf -a -F 16 -A 8 -R 1000; &put"; clean; stat -liberty "/mnt/c/Users/user/Desktop/HACKATHON/.tools/IHP-Open-PDK-partial/ihp-sg13g2/libs.ref/sg13g2_stdcell/lib/sg13g2_stdcell_typ_1p20V_25C.lib"; check' --

1. Executing Liberty frontend: /mnt/c/Users/user/Desktop/HACKATHON/.tools/IHP-Open-PDK-partial/ihp-sg13g2/libs.ref/sg13g2_stdcell/lib/sg13g2_stdcell_typ_1p20V_25C.lib
Imported 84 cell types from liberty file.

2. Executing Verilog-2005 frontend: /mnt/c/Users/user/Desktop/HACKATHON/src/auth_ctrl.v
Parsing Verilog input from `/mnt/c/Users/user/Desktop/HACKATHON/src/auth_ctrl.v' to AST representation.
Generating RTLIL representation for module `\auth_ctrl'.
Successfully finished Verilog frontend.

3. Executing Verilog-2005 frontend: /mnt/c/Users/user/Desktop/HACKATHON/src/buzzer.v
Parsing Verilog input from `/mnt/c/Users/user/Desktop/HACKATHON/src/buzzer.v' to AST representation.
Generating RTLIL representation for module `\buzzer'.
Successfully finished Verilog frontend.

4. Executing Verilog-2005 frontend: /mnt/c/Users/user/Desktop/HACKATHON/src/kb.v
Parsing Verilog input from `/mnt/c/Users/user/Desktop/HACKATHON/src/kb.v' to AST representation.
Generating RTLIL representation for module `\kb'.
Successfully finished Verilog frontend.

5. Executing Verilog-2005 frontend: /mnt/c/Users/user/Desktop/HACKATHON/src/project.v
Parsing Verilog input from `/mnt/c/Users/user/Desktop/HACKATHON/src/project.v' to AST representation.
Generating RTLIL representation for module `\tt_um_rumcajs'.
Successfully finished Verilog frontend.

6. Executing Verilog-2005 frontend: /mnt/c/Users/user/Desktop/HACKATHON/src/regs.v
Parsing Verilog input from `/mnt/c/Users/user/Desktop/HACKATHON/src/regs.v' to AST representation.
Generating RTLIL representation for module `\regs'.
Successfully finished Verilog frontend.

7. Executing Verilog-2005 frontend: /mnt/c/Users/user/Desktop/HACKATHON/src/reset_release.v
Parsing Verilog input from `/mnt/c/Users/user/Desktop/HACKATHON/src/reset_release.v' to AST representation.
Generating RTLIL representation for module `\reset_release'.
Successfully finished Verilog frontend.

8. Executing Verilog-2005 frontend: /mnt/c/Users/user/Desktop/HACKATHON/src/rumcajs.v
Parsing Verilog input from `/mnt/c/Users/user/Desktop/HACKATHON/src/rumcajs.v' to AST representation.
Generating RTLIL representation for module `\rumcajs'.
Successfully finished Verilog frontend.

9. Executing Verilog-2005 frontend: /mnt/c/Users/user/Desktop/HACKATHON/src/serial_link.v
Parsing Verilog input from `/mnt/c/Users/user/Desktop/HACKATHON/src/serial_link.v' to AST representation.
Generating RTLIL representation for module `\serial_link'.
Successfully finished Verilog frontend.

10. Executing Verilog-2005 frontend: /mnt/c/Users/user/Desktop/HACKATHON/src/sync2.v
Parsing Verilog input from `/mnt/c/Users/user/Desktop/HACKATHON/src/sync2.v' to AST representation.
Generating RTLIL representation for module `\sync2'.
Successfully finished Verilog frontend.

11. Executing Verilog-2005 frontend: /mnt/c/Users/user/Desktop/HACKATHON/src/szymon.v
Parsing Verilog input from `/mnt/c/Users/user/Desktop/HACKATHON/src/szymon.v' to AST representation.
Generating RTLIL representation for module `\szymon'.
Successfully finished Verilog frontend.

12. Executing Verilog-2005 frontend: /mnt/c/Users/user/Desktop/HACKATHON/src/szymon_fixed.v
Parsing Verilog input from `/mnt/c/Users/user/Desktop/HACKATHON/src/szymon_fixed.v' to AST representation.
Generating RTLIL representation for module `\szymon_fixed'.
Successfully finished Verilog frontend.

13. Executing Verilog-2005 frontend: /mnt/c/Users/user/Desktop/HACKATHON/src/timebase.v
Parsing Verilog input from `/mnt/c/Users/user/Desktop/HACKATHON/src/timebase.v' to AST representation.
Generating RTLIL representation for module `\timebase'.
Successfully finished Verilog frontend.

14. Executing HIERARCHY pass (managing design hierarchy).

14.1. Analyzing design hierarchy..
Top module:  \szymon_fixed

14.2. Analyzing design hierarchy..
Top module:  \szymon_fixed
Removing unused module `\timebase'.
Removing unused module `\szymon'.
Removing unused module `\sync2'.
Removing unused module `\serial_link'.
Removing unused module `\rumcajs'.
Removing unused module `\reset_release'.
Removing unused module `\regs'.
Removing unused module `\tt_um_rumcajs'.
Removing unused module `\kb'.
Removing unused module `\buzzer'.
Removing unused module `\auth_ctrl'.
Removed 11 unused modules.

15. Executing SYNTH pass.

15.1. Executing HIERARCHY pass (managing design hierarchy).

15.1.1. Analyzing design hierarchy..
Top module:  \szymon_fixed

15.1.2. Analyzing design hierarchy..
Top module:  \szymon_fixed
Removed 0 unused modules.

15.2. Executing PROC pass (convert processes to netlists).

15.2.1. Executing PROC_CLEAN pass (remove empty switches from decision trees).
Cleaned up 0 empty switches.

15.2.2. Executing PROC_RMDEAD pass (remove dead branches from decision trees).
Marked 1 switch rules as full_case in process $proc$/mnt/c/Users/user/Desktop/HACKATHON/src/szymon_fixed.v:229$354 in module szymon_fixed.
Marked 8 switch rules as full_case in process $proc$/mnt/c/Users/user/Desktop/HACKATHON/src/szymon_fixed.v:136$325 in module szymon_fixed.
Marked 1 switch rules as full_case in process $proc$/mnt/c/Users/user/Desktop/HACKATHON/src/szymon_fixed.v:108$294 in module szymon_fixed.
Marked 1 switch rules as full_case in process $proc$/mnt/c/Users/user/Desktop/HACKATHON/src/szymon_fixed.v:90$283 in module szymon_fixed.
Removed a total of 0 dead cases.

15.2.3. Executing PROC_PRUNE pass (remove redundant assignments in processes).
Removed 2 redundant assignments.
Promoted 1 assignment to connection.

15.2.4. Executing PROC_INIT pass (extract init attributes).

15.2.5. Executing PROC_ARST pass (detect async resets in processes).
Found async reset \rst_n in `\szymon_fixed.$proc$/mnt/c/Users/user/Desktop/HACKATHON/src/szymon_fixed.v:136$325'.

15.2.6. Executing PROC_ROM pass (convert switches to ROMs).
Converted 0 switches.
<suppressed ~17 debug messages>

15.2.7. Executing PROC_MUX pass (convert decision trees to multiplexers).
Creating decoders for process `\szymon_fixed.$proc$/mnt/c/Users/user/Desktop/HACKATHON/src/szymon_fixed.v:229$354'.
     1/2: $0\b[31:0]
     2/2: $0\a[31:0]
Creating decoders for process `\szymon_fixed.$proc$/mnt/c/Users/user/Desktop/HACKATHON/src/szymon_fixed.v:136$325'.
     1/3: $0\round_count[5:0]
     2/3: $0\bit_count[5:0]
     3/3: $0\state[2:0]
Creating decoders for process `\szymon_fixed.$proc$/mnt/c/Users/user/Desktop/HACKATHON/src/szymon_fixed.v:108$294'.
     1/3: $0\key_accumulator[0:0]
     2/3: $0\key_phase[1:0]
     3/3: $0\key_depth[2:0]
Creating decoders for process `\szymon_fixed.$proc$/mnt/c/Users/user/Desktop/HACKATHON/src/szymon_fixed.v:90$283'.
     1/1: $1\bit_offset[4:0]

15.2.8. Executing PROC_DLATCH pass (convert process syncs to latches).
No latch inferred for signal `\szymon_fixed.\bit_offset' from process `\szymon_fixed.$proc$/mnt/c/Users/user/Desktop/HACKATHON/src/szymon_fixed.v:90$283'.

15.2.9. Executing PROC_DFF pass (convert process syncs to FFs).
Creating register for signal `\szymon_fixed.\a' using process `\szymon_fixed.$proc$/mnt/c/Users/user/Desktop/HACKATHON/src/szymon_fixed.v:229$354'.
  created $dff cell `$procdff$481' with positive edge clock.
Creating register for signal `\szymon_fixed.\b' using process `\szymon_fixed.$proc$/mnt/c/Users/user/Desktop/HACKATHON/src/szymon_fixed.v:229$354'.
  created $dff cell `$procdff$482' with positive edge clock.
Creating register for signal `\szymon_fixed.\state' using process `\szymon_fixed.$proc$/mnt/c/Users/user/Desktop/HACKATHON/src/szymon_fixed.v:136$325'.
  created $adff cell `$procdff$487' with positive edge clock and positive level reset.
Creating register for signal `\szymon_fixed.\bit_count' using process `\szymon_fixed.$proc$/mnt/c/Users/user/Desktop/HACKATHON/src/szymon_fixed.v:136$325'.
  created $adff cell `$procdff$492' with positive edge clock and positive level reset.
Creating register for signal `\szymon_fixed.\round_count' using process `\szymon_fixed.$proc$/mnt/c/Users/user/Desktop/HACKATHON/src/szymon_fixed.v:136$325'.
  created $adff cell `$procdff$497' with positive edge clock and positive level reset.
Creating register for signal `\szymon_fixed.\key_phase' using process `\szymon_fixed.$proc$/mnt/c/Users/user/Desktop/HACKATHON/src/szymon_fixed.v:108$294'.
  created $dff cell `$procdff$498' with positive edge clock.
Creating register for signal `\szymon_fixed.\key_depth' using process `\szymon_fixed.$proc$/mnt/c/Users/user/Desktop/HACKATHON/src/szymon_fixed.v:108$294'.
  created $dff cell `$procdff$499' with positive edge clock.
Creating register for signal `\szymon_fixed.\key_accumulator' using process `\szymon_fixed.$proc$/mnt/c/Users/user/Desktop/HACKATHON/src/szymon_fixed.v:108$294'.
  created $dff cell `$procdff$500' with positive edge clock.

15.2.10. Executing PROC_MEMWR pass (convert process memory writes to cells).

15.2.11. Executing PROC_CLEAN pass (remove empty switches from decision trees).
Found and cleaned up 2 empty switches in `\szymon_fixed.$proc$/mnt/c/Users/user/Desktop/HACKATHON/src/szymon_fixed.v:229$354'.
Removing empty process `szymon_fixed.$proc$/mnt/c/Users/user/Desktop/HACKATHON/src/szymon_fixed.v:229$354'.
Found and cleaned up 12 empty switches in `\szymon_fixed.$proc$/mnt/c/Users/user/Desktop/HACKATHON/src/szymon_fixed.v:136$325'.
Removing empty process `szymon_fixed.$proc$/mnt/c/Users/user/Desktop/HACKATHON/src/szymon_fixed.v:136$325'.
Found and cleaned up 2 empty switches in `\szymon_fixed.$proc$/mnt/c/Users/user/Desktop/HACKATHON/src/szymon_fixed.v:108$294'.
Removing empty process `szymon_fixed.$proc$/mnt/c/Users/user/Desktop/HACKATHON/src/szymon_fixed.v:108$294'.
Found and cleaned up 1 empty switch in `\szymon_fixed.$proc$/mnt/c/Users/user/Desktop/HACKATHON/src/szymon_fixed.v:90$283'.
Removing empty process `szymon_fixed.$proc$/mnt/c/Users/user/Desktop/HACKATHON/src/szymon_fixed.v:90$283'.
Cleaned up 17 empty switches.

15.2.12. Executing OPT_EXPR pass (perform const folding).
Optimizing module szymon_fixed.
<suppressed ~16 debug messages>

15.3. Executing FLATTEN pass (flatten design).

15.4. Executing OPT_EXPR pass (perform const folding).
Optimizing module szymon_fixed.

15.5. Executing OPT_CLEAN pass (remove unused cells and wires).
Finding unused cells or wires in module \szymon_fixed..
Removed 5 unused cells and 77 unused wires.
<suppressed ~7 debug messages>

15.6. Executing CHECK pass (checking for obvious problems).
Checking module szymon_fixed...
Found and reported 0 problems.

15.7. Executing OPT pass (performing simple optimizations).

15.7.1. Executing OPT_EXPR pass (perform const folding).
Optimizing module szymon_fixed.

15.7.2. Executing OPT_MERGE pass (detect identical cells).
Finding identical cells in module `\szymon_fixed'.
<suppressed ~90 debug messages>
Removed a total of 30 cells.

15.7.3. Executing OPT_MUXTREE pass (detect dead branches in mux trees).
Running muxtree optimizer on module \szymon_fixed..
  Creating internal representation of mux trees.
  Evaluating internal representation of mux trees.
  Analyzing evaluation results.
Removed 0 multiplexer ports.
<suppressed ~12 debug messages>

15.7.4. Executing OPT_REDUCE pass (consolidate $*mux and $reduce_* inputs).
  Optimizing cells in module \szymon_fixed.
    New ctrl vector for $pmux cell $procmux$375: { \seal_ready $eq$/mnt/c/Users/user/Desktop/HACKATHON/src/szymon_fixed.v:220$341_Y \m_valid $auto$opt_reduce.cc:137:opt_pmux$502 }
  Optimizing cells in module \szymon_fixed.
Performed a total of 1 changes.

15.7.5. Executing OPT_MERGE pass (detect identical cells).
Finding identical cells in module `\szymon_fixed'.
<suppressed ~9 debug messages>
Removed a total of 3 cells.

15.7.6. Executing OPT_DFF pass (perform DFF optimizations).

15.7.7. Executing OPT_CLEAN pass (remove unused cells and wires).
Finding unused cells or wires in module \szymon_fixed..
Removed 0 unused cells and 33 unused wires.
<suppressed ~1 debug messages>

15.7.8. Executing OPT_EXPR pass (perform const folding).
Optimizing module szymon_fixed.

15.7.9. Rerunning OPT passes. (Maybe there is more to do..)

15.7.10. Executing OPT_MUXTREE pass (detect dead branches in mux trees).
Running muxtree optimizer on module \szymon_fixed..
  Creating internal representation of mux trees.
  Evaluating internal representation of mux trees.
  Analyzing evaluation results.
Removed 0 multiplexer ports.
<suppressed ~14 debug messages>

15.7.11. Executing OPT_REDUCE pass (consolidate $*mux and $reduce_* inputs).
  Optimizing cells in module \szymon_fixed.
Performed a total of 0 changes.

15.7.12. Executing OPT_MERGE pass (detect identical cells).
Finding identical cells in module `\szymon_fixed'.
Removed a total of 0 cells.

15.7.13. Executing OPT_DFF pass (perform DFF optimizations).

15.7.14. Executing OPT_CLEAN pass (remove unused cells and wires).
Finding unused cells or wires in module \szymon_fixed..

15.7.15. Executing OPT_EXPR pass (perform const folding).
Optimizing module szymon_fixed.

15.7.16. Finished OPT passes. (There is nothing left to do.)

15.8. Executing FSM pass (extract and optimize FSM).

15.8.1. Executing FSM_DETECT pass (finding FSMs in design).
Found FSM state register szymon_fixed.state.

15.8.2. Executing FSM_EXTRACT pass (extracting FSM from design).
Extracting FSM `\state' from module `\szymon_fixed'.
  found $adff cell for state register: $procdff$487
  root of input selection tree: $0\state[2:0]
  found reset state: 3'101 (from async reset)
  found ctrl input: \abort
  found ctrl input: $eq$/mnt/c/Users/user/Desktop/HACKATHON/src/szymon_fixed.v:230$355_Y
  found ctrl input: \m_valid
  found ctrl input: $eq$/mnt/c/Users/user/Desktop/HACKATHON/src/szymon_fixed.v:220$341_Y
  found ctrl input: \seal_ready
  found ctrl input: \s_ready
  found ctrl input: \cmd_ready
  found ctrl input: $eq$/mnt/c/Users/user/Desktop/HACKATHON/src/szymon_fixed.v:133$323_Y
  found state code: 3'000
  found ctrl input: \output_step
  found ctrl input: \reconstruct
  found ctrl input: $eq$/mnt/c/Users/user/Desktop/HACKATHON/src/szymon_fixed.v:175$332_Y
  found ctrl input: $eq$/mnt/c/Users/user/Desktop/HACKATHON/src/szymon_fixed.v:177$333_Y
  found state code: 3'100
  found ctrl input: $logic_and$/mnt/c/Users/user/Desktop/HACKATHON/src/szymon_fixed.v:167$331_Y
  found state code: 3'011
  found ctrl input: \load_step
  found state code: 3'010
  found ctrl input: $logic_and$/mnt/c/Users/user/Desktop/HACKATHON/src/szymon_fixed.v:150$327_Y
  found state code: 3'001
  found ctrl output: $ne$/mnt/c/Users/user/Desktop/HACKATHON/src/szymon_fixed.v:109$297_Y
  found ctrl output: \cmd_ready
  found ctrl output: \s_ready
  found ctrl output: \seal_ready
  found ctrl output: \m_valid
  found ctrl output: $eq$/mnt/c/Users/user/Desktop/HACKATHON/src/szymon_fixed.v:220$341_Y
  found ctrl output: $eq$/mnt/c/Users/user/Desktop/HACKATHON/src/szymon_fixed.v:230$355_Y
  ctrl inputs: { $eq$/mnt/c/Users/user/Desktop/HACKATHON/src/szymon_fixed.v:177$333_Y $eq$/mnt/c/Users/user/Desktop/HACKATHON/src/szymon_fixed.v:175$332_Y $logic_and$/mnt/c/Users/user/Desktop/HACKATHON/src/szymon_fixed.v:167$331_Y $logic_and$/mnt/c/Users/user/Desktop/HACKATHON/src/szymon_fixed.v:150$327_Y $eq$/mnt/c/Users/user/Desktop/HACKATHON/src/szymon_fixed.v:133$323_Y \output_step \load_step \reconstruct \abort }
  ctrl outputs: { $eq$/mnt/c/Users/user/Desktop/HACKATHON/src/szymon_fixed.v:230$355_Y $eq$/mnt/c/Users/user/Desktop/HACKATHON/src/szymon_fixed.v:220$341_Y $ne$/mnt/c/Users/user/Desktop/HACKATHON/src/szymon_fixed.v:109$297_Y $0\state[2:0] \m_valid \s_ready \seal_ready \cmd_ready }
  transition:      3'000 9'---0----0 ->      3'000 10'0010000001
  transition:      3'000 9'---1----0 ->      3'001 10'0010010001
  transition:      3'000 9'--------1 ->      3'101 10'0011010001
  transition:      3'100 9'-----0--0 ->      3'100 10'0011001000
  transition:      3'100 9'----01--0 ->      3'100 10'0011001000
  transition:      3'100 9'----11--0 ->      3'000 10'0010001000
  transition:      3'100 9'--------1 ->      3'101 10'0011011000
  transition:      3'010 9'--0-----0 ->      3'010 10'0010100010
  transition:      3'010 9'--1-----0 ->      3'011 10'0010110010
  transition:      3'010 9'--------1 ->      3'101 10'0011010010
  transition:      3'001 9'------0-0 ->      3'001 10'0010010100
  transition:      3'001 9'----0-1-0 ->      3'001 10'0010010100
  transition:      3'001 9'----1-1-0 ->      3'010 10'0010100100
  transition:      3'001 9'--------1 ->      3'101 10'0011010100
  transition:      3'101 9'----0---0 ->      3'101 10'1011010000
  transition:      3'101 9'----1---0 ->      3'000 10'1010000000
  transition:      3'101 9'--------1 ->      3'101 10'1011010000
  transition:      3'011 9'-0-----00 ->      3'011 10'0100110000
  transition:      3'011 9'01-----00 ->      3'011 10'0100110000
  transition:      3'011 9'11-----00 ->      3'100 10'0101000000
  transition:      3'011 9'-------10 ->      3'011 10'0100110000
  transition:      3'011 9'--------1 ->      3'101 10'0101010000

15.8.3. Executing FSM_OPT pass (simple optimizations of FSMs).
Optimizing FSM `$fsm$\state$503' from module `\szymon_fixed'.

15.8.4. Executing OPT_CLEAN pass (remove unused cells and wires).
Finding unused cells or wires in module \szymon_fixed..
Removed 19 unused cells and 19 unused wires.
<suppressed ~20 debug messages>

15.8.5. Executing FSM_OPT pass (simple optimizations of FSMs).
Optimizing FSM `$fsm$\state$503' from module `\szymon_fixed'.
  Removing unused output signal $0\state[2:0] [0].
  Removing unused output signal $0\state[2:0] [1].
  Removing unused output signal $0\state[2:0] [2].

15.8.6. Executing FSM_RECODE pass (re-assigning FSM state encoding).
Recoding FSM `$fsm$\state$503' from module `\szymon_fixed' using `auto' encoding:
  mapping auto encoding to `one-hot` for this FSM.
  000 -> ----1-
  100 -> ---1--
  010 -> --1---
  001 -> -1----
  101 -> -----1
  011 -> 1-----

15.8.7. Executing FSM_INFO pass (dumping all available information on FSM cells).

FSM `$fsm$\state$503' from module `szymon_fixed':
-------------------------------------

  Information on FSM $fsm$\state$503 (\state):

  Number of input signals:    9
  Number of output signals:   7
  Number of state bits:       6

  Input signals:
    0: \abort
    1: \reconstruct
    2: \load_step
    3: \output_step
    4: $eq$/mnt/c/Users/user/Desktop/HACKATHON/src/szymon_fixed.v:133$323_Y
    5: $logic_and$/mnt/c/Users/user/Desktop/HACKATHON/src/szymon_fixed.v:150$327_Y
    6: $logic_and$/mnt/c/Users/user/Desktop/HACKATHON/src/szymon_fixed.v:167$331_Y
    7: $eq$/mnt/c/Users/user/Desktop/HACKATHON/src/szymon_fixed.v:175$332_Y
    8: $eq$/mnt/c/Users/user/Desktop/HACKATHON/src/szymon_fixed.v:177$333_Y

  Output signals:
    0: \cmd_ready
    1: \seal_ready
    2: \s_ready
    3: \m_valid
    4: $ne$/mnt/c/Users/user/Desktop/HACKATHON/src/szymon_fixed.v:109$297_Y
    5: $eq$/mnt/c/Users/user/Desktop/HACKATHON/src/szymon_fixed.v:220$341_Y
    6: $eq$/mnt/c/Users/user/Desktop/HACKATHON/src/szymon_fixed.v:230$355_Y

  State encoding:
    0:   6'----1-
    1:   6'---1--
    2:   6'--1---
    3:   6'-1----
    4:   6'-----1  <RESET STATE>
    5:   6'1-----

  Transition Table (state_in, ctrl_in, state_out, ctrl_out):
      0:     0 9'---0----0   ->     0 7'0010001
      1:     0 9'---1----0   ->     3 7'0010001
      2:     0 9'--------1   ->     4 7'0010001
      3:     1 9'----11--0   ->     0 7'0011000
      4:     1 9'-----0--0   ->     1 7'0011000
      5:     1 9'----01--0   ->     1 7'0011000
      6:     1 9'--------1   ->     4 7'0011000
      7:     2 9'--0-----0   ->     2 7'0010010
      8:     2 9'--------1   ->     4 7'0010010
      9:     2 9'--1-----0   ->     5 7'0010010
     10:     3 9'----1-1-0   ->     2 7'0010100
     11:     3 9'------0-0   ->     3 7'0010100
     12:     3 9'----0-1-0   ->     3 7'0010100
     13:     3 9'--------1   ->     4 7'0010100
     14:     4 9'----1---0   ->     0 7'1010000
     15:     4 9'----0---0   ->     4 7'1010000
     16:     4 9'--------1   ->     4 7'1010000
     17:     5 9'11-----00   ->     1 7'0100000
     18:     5 9'--------1   ->     4 7'0100000
     19:     5 9'-0-----00   ->     5 7'0100000
     20:     5 9'01-----00   ->     5 7'0100000
     21:     5 9'-------10   ->     5 7'0100000

-------------------------------------

15.8.8. Executing FSM_MAP pass (mapping FSMs to basic logic).
Mapping FSM `$fsm$\state$503' from module `\szymon_fixed'.

15.9. Executing OPT pass (performing simple optimizations).

15.9.1. Executing OPT_EXPR pass (perform const folding).
Optimizing module szymon_fixed.
<suppressed ~7 debug messages>

15.9.2. Executing OPT_MERGE pass (detect identical cells).
Finding identical cells in module `\szymon_fixed'.
Removed a total of 0 cells.

15.9.3. Executing OPT_MUXTREE pass (detect dead branches in mux trees).
Running muxtree optimizer on module \szymon_fixed..
  Creating internal representation of mux trees.
  Evaluating internal representation of mux trees.
  Analyzing evaluation results.
Removed 0 multiplexer ports.
<suppressed ~12 debug messages>

15.9.4. Executing OPT_REDUCE pass (consolidate $*mux and $reduce_* inputs).
  Optimizing cells in module \szymon_fixed.
Performed a total of 0 changes.

15.9.5. Executing OPT_MERGE pass (detect identical cells).
Finding identical cells in module `\szymon_fixed'.
Removed a total of 0 cells.

15.9.6. Executing OPT_DFF pass (perform DFF optimizations).
Adding SRST signal on $procdff$500 ($dff) from module szymon_fixed (D = $xor$/mnt/c/Users/user/Desktop/HACKATHON/src/szymon_fixed.v:117$306_Y, Q = \key_accumulator, rval = 1'0).
Adding SRST signal on $procdff$499 ($dff) from module szymon_fixed (D = $procmux$471_Y, Q = \key_depth, rval = 3'000).
Adding EN signal on $auto$ff.cc:266:slice$590 ($sdff) from module szymon_fixed (D = $add$/mnt/c/Users/user/Desktop/HACKATHON/src/szymon_fixed.v:116$302_Y, Q = \key_depth).
Adding SRST signal on $procdff$498 ($dff) from module szymon_fixed (D = $add$/mnt/c/Users/user/Desktop/HACKATHON/src/szymon_fixed.v:114$300_Y, Q = \key_phase, rval = 2'00).
Adding EN signal on $procdff$497 ($adff) from module szymon_fixed (D = $0\round_count[5:0], Q = \round_count).
Adding EN signal on $procdff$492 ($adff) from module szymon_fixed (D = $0\bit_count[5:0], Q = \bit_count).
Adding SRST signal on $procdff$482 ($dff) from module szymon_fixed (D = $procmux$364_Y [0], Q = \b [0], rval = 1'0).
Adding EN signal on $procdff$482 ($dff) from module szymon_fixed (D = $0\b[31:0] [31:1], Q = \b [31:1]).
Adding EN signal on $auto$ff.cc:266:slice$619 ($sdff) from module szymon_fixed (D = \b_input, Q = \b [0]).
Adding EN signal on $procdff$481 ($dff) from module szymon_fixed (D = $0\a[31:0], Q = \a).

15.9.7. Executing OPT_CLEAN pass (remove unused cells and wires).
Finding unused cells or wires in module \szymon_fixed..
Removed 4 unused cells and 10 unused wires.
<suppressed ~5 debug messages>

15.9.8. Executing OPT_EXPR pass (perform const folding).
Optimizing module szymon_fixed.
<suppressed ~2 debug messages>

15.9.9. Rerunning OPT passes. (Maybe there is more to do..)

15.9.10. Executing OPT_MUXTREE pass (detect dead branches in mux trees).
Running muxtree optimizer on module \szymon_fixed..
  Creating internal representation of mux trees.
  Evaluating internal representation of mux trees.
  Analyzing evaluation results.
Removed 0 multiplexer ports.
<suppressed ~10 debug messages>

15.9.11. Executing OPT_REDUCE pass (consolidate $*mux and $reduce_* inputs).
  Optimizing cells in module \szymon_fixed.
Performed a total of 0 changes.

15.9.12. Executing OPT_MERGE pass (detect identical cells).
Finding identical cells in module `\szymon_fixed'.
<suppressed ~15 debug messages>
Removed a total of 5 cells.

15.9.13. Executing OPT_DFF pass (perform DFF optimizations).

15.9.14. Executing OPT_CLEAN pass (remove unused cells and wires).
Finding unused cells or wires in module \szymon_fixed..
Removed 0 unused cells and 5 unused wires.
<suppressed ~1 debug messages>

15.9.15. Executing OPT_EXPR pass (perform const folding).
Optimizing module szymon_fixed.

15.9.16. Rerunning OPT passes. (Maybe there is more to do..)

15.9.17. Executing OPT_MUXTREE pass (detect dead branches in mux trees).
Running muxtree optimizer on module \szymon_fixed..
  Creating internal representation of mux trees.
  Evaluating internal representation of mux trees.
  Analyzing evaluation results.
Removed 0 multiplexer ports.
<suppressed ~11 debug messages>

15.9.18. Executing OPT_REDUCE pass (consolidate $*mux and $reduce_* inputs).
  Optimizing cells in module \szymon_fixed.
Performed a total of 0 changes.

15.9.19. Executing OPT_MERGE pass (detect identical cells).
Finding identical cells in module `\szymon_fixed'.
Removed a total of 0 cells.

15.9.20. Executing OPT_DFF pass (perform DFF optimizations).

15.9.21. Executing OPT_CLEAN pass (remove unused cells and wires).
Finding unused cells or wires in module \szymon_fixed..

15.9.22. Executing OPT_EXPR pass (perform const folding).
Optimizing module szymon_fixed.

15.9.23. Finished OPT passes. (There is nothing left to do.)

15.10. Executing WREDUCE pass (reducing word size of cells).
Removed top 1 bits (of 3) from port B of cell szymon_fixed.$auto$fsm_map.cc:77:implement_pattern_cache$556 ($eq).
Removed top 1 bits (of 2) from port B of cell szymon_fixed.$auto$opt_dff.cc:195:make_patterns_logic$595 ($ne).
Removed top 1 bits (of 2) from port B of cell szymon_fixed.$procmux$479_CMP0 ($eq).
Removed top 1 bits (of 4) from port B of cell szymon_fixed.$auto$fsm_map.cc:77:implement_pattern_cache$576 ($eq).
Removed top 2 bits (of 5) from mux cell szymon_fixed.$procmux$477 ($pmux).
Removed top 1 bits (of 3) from port B of cell szymon_fixed.$auto$fsm_map.cc:77:implement_pattern_cache$538 ($eq).
Removed top 1 bits (of 6) from port B of cell szymon_fixed.$sub$/mnt/c/Users/user/Desktop/HACKATHON/src/szymon_fixed.v:84$275 ($sub).
Removed top 4 bits (of 6) from mux cell szymon_fixed.$ternary$/mnt/c/Users/user/Desktop/HACKATHON/src/szymon_fixed.v:88$280 ($mux).
Removed top 4 bits (of 6) from port B of cell szymon_fixed.$sub$/mnt/c/Users/user/Desktop/HACKATHON/src/szymon_fixed.v:88$281 ($sub).
Removed top 2 bits (of 5) from mux cell szymon_fixed.$ternary$/mnt/c/Users/user/Desktop/HACKATHON/src/szymon_fixed.v:99$285 ($mux).
Removed top 2 bits (of 5) from port B of cell szymon_fixed.$add$/mnt/c/Users/user/Desktop/HACKATHON/src/szymon_fixed.v:98$286 ($add).
Removed top 1 bits (of 6) from port B of cell szymon_fixed.$eq$/mnt/c/Users/user/Desktop/HACKATHON/src/szymon_fixed.v:175$332 ($eq).
Removed top 4 bits (of 6) from wire szymon_fixed.$ternary$/mnt/c/Users/user/Desktop/HACKATHON/src/szymon_fixed.v:88$280_Y.
Removed top 2 bits (of 5) from wire szymon_fixed.$ternary$/mnt/c/Users/user/Desktop/HACKATHON/src/szymon_fixed.v:99$285_Y.
Removed top 2 bits (of 5) from wire szymon_fixed.bit_offset.
Removed top 1 bits (of 6) from wire szymon_fixed.lookup_round.

15.11. Executing PEEPOPT pass (run peephole optimizers).

15.12. Executing OPT_CLEAN pass (remove unused cells and wires).
Finding unused cells or wires in module \szymon_fixed..
Removed 0 unused cells and 4 unused wires.
<suppressed ~1 debug messages>

15.13. Executing ALUMACC pass (create $alu and $macc cells).
Extracting $alu and $macc cells in module szymon_fixed:
  creating $macc model for $add$/mnt/c/Users/user/Desktop/HACKATHON/src/szymon_fixed.v:114$300 ($add).
  creating $macc model for $add$/mnt/c/Users/user/Desktop/HACKATHON/src/szymon_fixed.v:116$302 ($add).
  creating $macc model for $add$/mnt/c/Users/user/Desktop/HACKATHON/src/szymon_fixed.v:161$330 ($add).
  creating $macc model for $add$/mnt/c/Users/user/Desktop/HACKATHON/src/szymon_fixed.v:181$334 ($add).
  creating $macc model for $add$/mnt/c/Users/user/Desktop/HACKATHON/src/szymon_fixed.v:98$286 ($add).
  creating $macc model for $sub$/mnt/c/Users/user/Desktop/HACKATHON/src/szymon_fixed.v:84$275 ($sub).
  creating $macc model for $sub$/mnt/c/Users/user/Desktop/HACKATHON/src/szymon_fixed.v:88$281 ($sub).
  creating $alu model for $macc $sub$/mnt/c/Users/user/Desktop/HACKATHON/src/szymon_fixed.v:88$281.
  creating $alu model for $macc $sub$/mnt/c/Users/user/Desktop/HACKATHON/src/szymon_fixed.v:84$275.
  creating $alu model for $macc $add$/mnt/c/Users/user/Desktop/HACKATHON/src/szymon_fixed.v:98$286.
  creating $alu model for $macc $add$/mnt/c/Users/user/Desktop/HACKATHON/src/szymon_fixed.v:181$334.
  creating $alu model for $macc $add$/mnt/c/Users/user/Desktop/HACKATHON/src/szymon_fixed.v:161$330.
  creating $alu model for $macc $add$/mnt/c/Users/user/Desktop/HACKATHON/src/szymon_fixed.v:116$302.
  creating $alu model for $macc $add$/mnt/c/Users/user/Desktop/HACKATHON/src/szymon_fixed.v:114$300.
  creating $alu model for $lt$/mnt/c/Users/user/Desktop/HACKATHON/src/szymon_fixed.v:104$289 ($lt): new $alu
  creating $alu cell for $lt$/mnt/c/Users/user/Desktop/HACKATHON/src/szymon_fixed.v:104$289: $auto$alumacc.cc:495:replace_alu$633
  creating $alu cell for $add$/mnt/c/Users/user/Desktop/HACKATHON/src/szymon_fixed.v:114$300: $auto$alumacc.cc:495:replace_alu$638
  creating $alu cell for $add$/mnt/c/Users/user/Desktop/HACKATHON/src/szymon_fixed.v:116$302: $auto$alumacc.cc:495:replace_alu$641
  creating $alu cell for $add$/mnt/c/Users/user/Desktop/HACKATHON/src/szymon_fixed.v:161$330: $auto$alumacc.cc:495:replace_alu$644
  creating $alu cell for $add$/mnt/c/Users/user/Desktop/HACKATHON/src/szymon_fixed.v:181$334: $auto$alumacc.cc:495:replace_alu$647
  creating $alu cell for $add$/mnt/c/Users/user/Desktop/HACKATHON/src/szymon_fixed.v:98$286: $auto$alumacc.cc:495:replace_alu$650
  creating $alu cell for $sub$/mnt/c/Users/user/Desktop/HACKATHON/src/szymon_fixed.v:84$275: $auto$alumacc.cc:495:replace_alu$653
  creating $alu cell for $sub$/mnt/c/Users/user/Desktop/HACKATHON/src/szymon_fixed.v:88$281: $auto$alumacc.cc:495:replace_alu$656
  created 8 $alu and 0 $macc cells.

15.14. Executing SHARE pass (SAT-based resource sharing).

15.15. Executing OPT pass (performing simple optimizations).

15.15.1. Executing OPT_EXPR pass (perform const folding).
Optimizing module szymon_fixed.

15.15.2. Executing OPT_MERGE pass (detect identical cells).
Finding identical cells in module `\szymon_fixed'.
Removed a total of 0 cells.

15.15.3. Executing OPT_MUXTREE pass (detect dead branches in mux trees).
Running muxtree optimizer on module \szymon_fixed..
  Creating internal representation of mux trees.
  Evaluating internal representation of mux trees.
  Analyzing evaluation results.
Removed 0 multiplexer ports.
<suppressed ~11 debug messages>

15.15.4. Executing OPT_REDUCE pass (consolidate $*mux and $reduce_* inputs).
  Optimizing cells in module \szymon_fixed.
Performed a total of 0 changes.

15.15.5. Executing OPT_MERGE pass (detect identical cells).
Finding identical cells in module `\szymon_fixed'.
Removed a total of 0 cells.

15.15.6. Executing OPT_DFF pass (perform DFF optimizations).

15.15.7. Executing OPT_CLEAN pass (remove unused cells and wires).
Finding unused cells or wires in module \szymon_fixed..
Removed 0 unused cells and 1 unused wires.
<suppressed ~1 debug messages>

15.15.8. Executing OPT_EXPR pass (perform const folding).
Optimizing module szymon_fixed.

15.15.9. Rerunning OPT passes. (Maybe there is more to do..)

15.15.10. Executing OPT_MUXTREE pass (detect dead branches in mux trees).
Running muxtree optimizer on module \szymon_fixed..
  Creating internal representation of mux trees.
  Evaluating internal representation of mux trees.
  Analyzing evaluation results.
Removed 0 multiplexer ports.
<suppressed ~11 debug messages>

15.15.11. Executing OPT_REDUCE pass (consolidate $*mux and $reduce_* inputs).
  Optimizing cells in module \szymon_fixed.
Performed a total of 0 changes.

15.15.12. Executing OPT_MERGE pass (detect identical cells).
Finding identical cells in module `\szymon_fixed'.
Removed a total of 0 cells.

15.15.13. Executing OPT_DFF pass (perform DFF optimizations).

15.15.14. Executing OPT_CLEAN pass (remove unused cells and wires).
Finding unused cells or wires in module \szymon_fixed..

15.15.15. Executing OPT_EXPR pass (perform const folding).
Optimizing module szymon_fixed.

15.15.16. Finished OPT passes. (There is nothing left to do.)

15.16. Executing MEMORY pass.

15.16.1. Executing OPT_MEM pass (optimize memories).
Performed a total of 0 transformations.

15.16.2. Executing OPT_MEM_PRIORITY pass (removing unnecessary memory write priority relations).
Performed a total of 0 transformations.

15.16.3. Executing OPT_MEM_FEEDBACK pass (finding memory read-to-write feedback paths).

15.16.4. Executing MEMORY_BMUX2ROM pass (converting muxes to ROMs).

15.16.5. Executing MEMORY_DFF pass (merging $dff cells to $memrd).

15.16.6. Executing OPT_CLEAN pass (remove unused cells and wires).
Finding unused cells or wires in module \szymon_fixed..

15.16.7. Executing MEMORY_SHARE pass (consolidating $memrd/$memwr cells).

15.16.8. Executing OPT_MEM_WIDEN pass (optimize memories where all ports are wide).
Performed a total of 0 transformations.

15.16.9. Executing OPT_CLEAN pass (remove unused cells and wires).
Finding unused cells or wires in module \szymon_fixed..

15.16.10. Executing MEMORY_COLLECT pass (generating $mem cells).

15.17. Executing OPT_CLEAN pass (remove unused cells and wires).
Finding unused cells or wires in module \szymon_fixed..

15.18. Executing OPT pass (performing simple optimizations).

15.18.1. Executing OPT_EXPR pass (perform const folding).
Optimizing module szymon_fixed.
<suppressed ~13 debug messages>

15.18.2. Executing OPT_MERGE pass (detect identical cells).
Finding identical cells in module `\szymon_fixed'.
Removed a total of 0 cells.

15.18.3. Executing OPT_DFF pass (perform DFF optimizations).

15.18.4. Executing OPT_CLEAN pass (remove unused cells and wires).
Finding unused cells or wires in module \szymon_fixed..
Removed 3 unused cells and 12 unused wires.
<suppressed ~4 debug messages>

15.18.5. Finished fast OPT passes.

15.19. Executing MEMORY_MAP pass (converting memories to logic and flip-flops).

15.20. Executing OPT pass (performing simple optimizations).

15.20.1. Executing OPT_EXPR pass (perform const folding).
Optimizing module szymon_fixed.

15.20.2. Executing OPT_MERGE pass (detect identical cells).
Finding identical cells in module `\szymon_fixed'.
Removed a total of 0 cells.

15.20.3. Executing OPT_MUXTREE pass (detect dead branches in mux trees).
Running muxtree optimizer on module \szymon_fixed..
  Creating internal representation of mux trees.
  Evaluating internal representation of mux trees.
  Analyzing evaluation results.
Removed 0 multiplexer ports.
<suppressed ~8 debug messages>

15.20.4. Executing OPT_REDUCE pass (consolidate $*mux and $reduce_* inputs).
  Optimizing cells in module \szymon_fixed.
    Consolidated identical input bits for $mux cell $procmux$372:
      Old ports: A={ \a [30:0] \a_input }, B={ \a [30:0] \b [31] }, Y=$0\a[31:0]
      New ports: A=\a_input, B=\b [31], Y=$0\a[31:0] [0]
      New connections: $0\a[31:0] [31:1] = \a [30:0]
    New ctrl vector for $pmux cell $procmux$375: \state [5]
    New ctrl vector for $pmux cell $procmux$403: { \state [5] $auto$opt_reduce.cc:137:opt_pmux$666 }
    Consolidated identical input bits for $mux cell $ternary$/mnt/c/Users/user/Desktop/HACKATHON/src/szymon_fixed.v:88$280:
      Old ports: A=2'01, B=2'11, Y=$auto$wreduce.cc:514:run$628 [1:0]
      New ports: A=1'0, B=1'1, Y=$auto$wreduce.cc:514:run$628 [1]
      New connections: $auto$wreduce.cc:514:run$628 [0] = 1'1
  Optimizing cells in module \szymon_fixed.
Performed a total of 4 changes.

15.20.5. Executing OPT_MERGE pass (detect identical cells).
Finding identical cells in module `\szymon_fixed'.
Removed a total of 0 cells.

15.20.6. Executing OPT_SHARE pass.

15.20.7. Executing OPT_DFF pass (perform DFF optimizations).

15.20.8. Executing OPT_CLEAN pass (remove unused cells and wires).
Finding unused cells or wires in module \szymon_fixed..

15.20.9. Executing OPT_EXPR pass (perform const folding).
Optimizing module szymon_fixed.
<suppressed ~1 debug messages>

15.20.10. Rerunning OPT passes. (Maybe there is more to do..)

15.20.11. Executing OPT_MUXTREE pass (detect dead branches in mux trees).
Running muxtree optimizer on module \szymon_fixed..
  Creating internal representation of mux trees.
  Evaluating internal representation of mux trees.
  Analyzing evaluation results.
Removed 0 multiplexer ports.
<suppressed ~7 debug messages>

15.20.12. Executing OPT_REDUCE pass (consolidate $*mux and $reduce_* inputs).
  Optimizing cells in module \szymon_fixed.
Performed a total of 0 changes.

15.20.13. Executing OPT_MERGE pass (detect identical cells).
Finding identical cells in module `\szymon_fixed'.
Removed a total of 0 cells.

15.20.14. Executing OPT_SHARE pass.

15.20.15. Executing OPT_DFF pass (perform DFF optimizations).

15.20.16. Executing OPT_CLEAN pass (remove unused cells and wires).
Finding unused cells or wires in module \szymon_fixed..
Removed 0 unused cells and 1 unused wires.
<suppressed ~1 debug messages>

15.20.17. Executing OPT_EXPR pass (perform const folding).
Optimizing module szymon_fixed.

15.20.18. Rerunning OPT passes. (Maybe there is more to do..)

15.20.19. Executing OPT_MUXTREE pass (detect dead branches in mux trees).
Running muxtree optimizer on module \szymon_fixed..
  Creating internal representation of mux trees.
  Evaluating internal representation of mux trees.
  Analyzing evaluation results.
Removed 0 multiplexer ports.
<suppressed ~7 debug messages>

15.20.20. Executing OPT_REDUCE pass (consolidate $*mux and $reduce_* inputs).
  Optimizing cells in module \szymon_fixed.
Performed a total of 0 changes.

15.20.21. Executing OPT_MERGE pass (detect identical cells).
Finding identical cells in module `\szymon_fixed'.
Removed a total of 0 cells.

15.20.22. Executing OPT_SHARE pass.

15.20.23. Executing OPT_DFF pass (perform DFF optimizations).

15.20.24. Executing OPT_CLEAN pass (remove unused cells and wires).
Finding unused cells or wires in module \szymon_fixed..

15.20.25. Executing OPT_EXPR pass (perform const folding).
Optimizing module szymon_fixed.

15.20.26. Finished OPT passes. (There is nothing left to do.)

15.21. Executing TECHMAP pass (map to technology primitives).

15.21.1. Executing Verilog-2005 frontend: /mnt/c/Users/user/Desktop/HACKATHON/.tools/root/usr/bin/../share/yosys/techmap.v
Parsing Verilog input from `/mnt/c/Users/user/Desktop/HACKATHON/.tools/root/usr/bin/../share/yosys/techmap.v' to AST representation.
Generating RTLIL representation for module `\_90_simplemap_bool_ops'.
Generating RTLIL representation for module `\_90_simplemap_reduce_ops'.
Generating RTLIL representation for module `\_90_simplemap_logic_ops'.
Generating RTLIL representation for module `\_90_simplemap_compare_ops'.
Generating RTLIL representation for module `\_90_simplemap_various'.
Generating RTLIL representation for module `\_90_simplemap_registers'.
Generating RTLIL representation for module `\_90_shift_ops_shr_shl_sshl_sshr'.
Generating RTLIL representation for module `\_90_shift_shiftx'.
Generating RTLIL representation for module `\_90_fa'.
Generating RTLIL representation for module `\_90_lcu_brent_kung'.
Generating RTLIL representation for module `\_90_alu'.
Generating RTLIL representation for module `\_90_macc'.
Generating RTLIL representation for module `\_90_alumacc'.
Generating RTLIL representation for module `\$__div_mod_u'.
Generating RTLIL representation for module `\$__div_mod_trunc'.
Generating RTLIL representation for module `\_90_div'.
Generating RTLIL representation for module `\_90_mod'.
Generating RTLIL representation for module `\$__div_mod_floor'.
Generating RTLIL representation for module `\_90_divfloor'.
Generating RTLIL representation for module `\_90_modfloor'.
Generating RTLIL representation for module `\_90_pow'.
Generating RTLIL representation for module `\_90_pmux'.
Generating RTLIL representation for module `\_90_demux'.
Generating RTLIL representation for module `\_90_lut'.
Successfully finished Verilog frontend.

15.21.2. Continuing TECHMAP pass.
Using extmapper simplemap for cells of type $eq.
Using extmapper simplemap for cells of type $mux.
Using extmapper simplemap for cells of type $and.
Using template $paramod$ed0bb9616228df1e6c226f91f8133e751815f1b1\_90_pmux for cells of type $pmux.
Using extmapper simplemap for cells of type $logic_not.
Using extmapper simplemap for cells of type $reduce_or.
Using extmapper simplemap for cells of type $ne.
Using extmapper simplemap for cells of type $not.
Using extmapper simplemap for cells of type $reduce_bool.
Using template $paramod$85df5dc01c7df96a7d8e5f1fdf76ce9ac452af63\_90_pmux for cells of type $pmux.
Using extmapper simplemap for cells of type $sdff.
Using extmapper simplemap for cells of type $reduce_and.
Using extmapper simplemap for cells of type $sdffe.
Using extmapper simplemap for cells of type $dffe.
Using extmapper simplemap for cells of type $adffe.
Using template $paramod$740b056ede97228d3eae64ea2fdc81f0a33e0fe7\_90_alu for cells of type $alu.
Using template $paramod$f956edc9fe4df758d9fdb10bfc518a364c99e75e\_90_alu for cells of type $alu.
Using template $paramod$75108d6e8d490ab2eec24aee458e87cb2a6c124c\_90_alu for cells of type $alu.
Using extmapper simplemap for cells of type $logic_and.
Using template $paramod$03eba0cdd46566f6651a3011e0b5671fa6b5e494\_90_alu for cells of type $alu.
Using template $paramod$constmap:711a87cc9d41c1f9050e1bdea85b68bac572ec75$paramod$5ff134cf61e5a9c64e0f7cba84047e091096ba6e\_90_shift_shiftx for cells of type $shiftx.
Using extmapper simplemap for cells of type $xor.
Using template $paramod$175e67c02b86e96b1288b9dc100122520d7240d8\_90_alu for cells of type $alu.
Using template $paramod$constmap:c91f438c160b7234c239370be5f18643208a382c$paramod$be82632655593155b002e090fe956937611ae998\_90_shift_shiftx for cells of type $shiftx.
Using extmapper simplemap for cells of type $logic_or.
Using template $paramod$3ef7d3dd227da7627a99c5e5a6a4deb817573e39\_90_alu for cells of type $alu.
Using template $paramod$32efbfac1c4dc57230cf86180788fdfd12e3b511\_90_alu for cells of type $alu.
Using extmapper simplemap for cells of type $adff.
Using extmapper simplemap for cells of type $pos.
Using template $paramod\_90_lcu_brent_kung\WIDTH=32'00000000000000000000000000000100 for cells of type $lcu.
Using template $paramod\_90_lcu_brent_kung\WIDTH=32'00000000000000000000000000000110 for cells of type $lcu.
Using template $paramod\_90_lcu_brent_kung\WIDTH=32'00000000000000000000000000000101 for cells of type $lcu.
Using template $paramod\_90_lcu_brent_kung\WIDTH=32'00000000000000000000000000000010 for cells of type $lcu.
Using template $paramod\_90_lcu_brent_kung\WIDTH=32'00000000000000000000000000000011 for cells of type $lcu.
Using extmapper simplemap for cells of type $or.
No more expansions possible.
<suppressed ~2866 debug messages>

15.22. Executing OPT pass (performing simple optimizations).

15.22.1. Executing OPT_EXPR pass (perform const folding).
Optimizing module szymon_fixed.
<suppressed ~3017 debug messages>

15.22.2. Executing OPT_MERGE pass (detect identical cells).
Finding identical cells in module `\szymon_fixed'.
<suppressed ~5322 debug messages>
Removed a total of 1774 cells.

15.22.3. Executing OPT_DFF pass (perform DFF optimizations).

15.22.4. Executing OPT_CLEAN pass (remove unused cells and wires).
Finding unused cells or wires in module \szymon_fixed..
Removed 10980 unused cells and 425 unused wires.
<suppressed ~10981 debug messages>

15.22.5. Finished fast OPT passes.

15.23. Executing HIERARCHY pass (managing design hierarchy).
Attribute `top' found on module `szymon_fixed'. Setting top module to szymon_fixed.

15.23.1. Analyzing design hierarchy..
Top module:  \szymon_fixed

15.23.2. Analyzing design hierarchy..
Top module:  \szymon_fixed
Removed 0 unused modules.

15.24. Printing statistics.

=== szymon_fixed ===

   Number of wires:                246
   Number of wire bits:          16198
   Number of public wires:          40
   Number of public wire bits:     145
   Number of ports:                 14
   Number of port bits:             14
   Number of memories:               0
   Number of memory bits:            0
   Number of processes:              0
   Number of cells:                705
     $_AND_                         82
     $_DFFE_PN0P_                   12
     $_DFFE_PP_                     63
     $_DFF_PN0_                      5
     $_DFF_PN1_                      1
     $_MUX_                        345
     $_NOT_                         56
     $_OR_                          93
     $_SDFFE_PP0N_                   3
     $_SDFFE_PP0P_                   1
     $_SDFF_PP0_                     3
     $_XOR_                         41

15.25. Executing CHECK pass (checking for obvious problems).
Checking module szymon_fixed...
Found and reported 0 problems.

16. Executing DFFLIBMAP pass (mapping DFF cells to sequential cells from liberty file).
  cell sg13g2_dfrbpq_1 (noninv, pins=4, area=48.99) is a direct match for cell type $_DFF_PN0_.
  final dff cell mappings:
    unmapped dff cell: $_DFF_N_
    unmapped dff cell: $_DFF_P_
    unmapped dff cell: $_DFF_NN0_
    unmapped dff cell: $_DFF_NN1_
    unmapped dff cell: $_DFF_NP0_
    unmapped dff cell: $_DFF_NP1_
    \sg13g2_dfrbpq_1 _DFF_PN0_ (.CLK( C), .D( D), .Q( Q), .RESET_B( R));
    unmapped dff cell: $_DFF_PN1_
    unmapped dff cell: $_DFF_PP0_
    unmapped dff cell: $_DFF_PP1_
    unmapped dff cell: $_DFFE_NN_
    unmapped dff cell: $_DFFE_NP_
    unmapped dff cell: $_DFFE_PN_
    unmapped dff cell: $_DFFE_PP_
    unmapped dff cell: $_DFFSR_NNN_
    unmapped dff cell: $_DFFSR_NNP_
    unmapped dff cell: $_DFFSR_NPN_
    unmapped dff cell: $_DFFSR_NPP_
    unmapped dff cell: $_DFFSR_PNN_
    unmapped dff cell: $_DFFSR_PNP_
    unmapped dff cell: $_DFFSR_PPN_
    unmapped dff cell: $_DFFSR_PPP_

16.1. Executing DFFLEGALIZE pass (convert FFs to types supported by the target).
<suppressed ~4 debug messages>
Mapping DFF cells in module `\szymon_fixed':
  mapped 88 $_DFF_PN0_ cells to \sg13g2_dfrbpq_1 cells.

17. Executing ABC pass (technology mapping using ABC).

17.1. Extracting gate netlist of module `\szymon_fixed' to `<abc-temp-dir>/input.blif'..
Replacing 55 occurrences of constant undef bits with constant zero bits
Extracted 705 gates and 803 wires to a netlist network with 95 inputs and 90 outputs.

17.1.1. Executing ABC.
Running ABC command: "<yosys-exe-dir>/yosys-abc" -s -f <abc-temp-dir>/abc.script 2>&1
ABC: ABC command line: "source <abc-temp-dir>/abc.script".
ABC: 
ABC: + read_blif <abc-temp-dir>/input.blif 
ABC: + read_lib -w /mnt/c/Users/user/Desktop/HACKATHON/.tools/IHP-Open-PDK-partial/ihp-sg13g2/libs.ref/sg13g2_stdcell/lib/sg13g2_stdcell_typ_1p20V_25C.lib 
ABC: Parsing finished successfully.  Parsing time =     0.02 sec
ABC: Scl_LibertyReadGenlib() skipped cell "sg13g2_antennanp" due to dont_use attribute.
ABC: Scl_LibertyReadGenlib() skipped cell "sg13g2_decap_4" due to dont_use attribute.
ABC: Scl_LibertyReadGenlib() skipped cell "sg13g2_decap_8" due to dont_use attribute.
ABC: Scl_LibertyReadGenlib() skipped sequential cell "sg13g2_dfrbp_1".
ABC: Scl_LibertyReadGenlib() skipped sequential cell "sg13g2_dfrbp_2".
ABC: Scl_LibertyReadGenlib() skipped sequential cell "sg13g2_dfrbpq_1".
ABC: Scl_LibertyReadGenlib() skipped sequential cell "sg13g2_dfrbpq_2".
ABC: Scl_LibertyReadGenlib() skipped sequential cell "sg13g2_dlhq_1".
ABC: Scl_LibertyReadGenlib() skipped sequential cell "sg13g2_dlhr_1".
ABC: Scl_LibertyReadGenlib() skipped sequential cell "sg13g2_dlhrq_1".
ABC: Scl_LibertyReadGenlib() skipped sequential cell "sg13g2_dllr_1".
ABC: Scl_LibertyReadGenlib() skipped sequential cell "sg13g2_dllrq_1".
ABC: Scl_LibertyReadGenlib() skipped three-state cell "sg13g2_ebufn_2".
ABC: Scl_LibertyReadGenlib() skipped three-state cell "sg13g2_ebufn_4".
ABC: Scl_LibertyReadGenlib() skipped three-state cell "sg13g2_ebufn_8".
ABC: Scl_LibertyReadGenlib() skipped three-state cell "sg13g2_einvn_2".
ABC: Scl_LibertyReadGenlib() skipped three-state cell "sg13g2_einvn_4".
ABC: Scl_LibertyReadGenlib() skipped three-state cell "sg13g2_einvn_8".
ABC: Scl_LibertyReadGenlib() skipped cell "sg13g2_fill_1" due to dont_use attribute.
ABC: Scl_LibertyReadGenlib() skipped cell "sg13g2_fill_2" due to dont_use attribute.
ABC: Scl_LibertyReadGenlib() skipped cell "sg13g2_fill_4" due to dont_use attribute.
ABC: Scl_LibertyReadGenlib() skipped cell "sg13g2_fill_8" due to dont_use attribute.
ABC: Scl_LibertyReadGenlib() skipped cell "sg13g2_lgcp_1" due to dont_use attribute.
ABC: Scl_LibertyReadGenlib() skipped sequential cell "sg13g2_sdfbbp_1".
ABC: Scl_LibertyReadGenlib() skipped sequential cell "sg13g2_sdfrbp_1".
ABC: Scl_LibertyReadGenlib() skipped sequential cell "sg13g2_sdfrbp_2".
ABC: Scl_LibertyReadGenlib() skipped sequential cell "sg13g2_sdfrbpq_1".
ABC: Scl_LibertyReadGenlib() skipped sequential cell "sg13g2_sdfrbpq_2".
ABC: Scl_LibertyReadGenlib() skipped cell "sg13g2_sighold" due to dont_use attribute.
ABC: Scl_LibertyReadGenlib() skipped cell "sg13g2_slgcp_1" due to dont_use attribute.
ABC: Library "sg13g2_stdcell_typ_1p20V_25C" from "/mnt/c/Users/user/Desktop/HACKATHON/.tools/IHP-Open-PDK-partial/ihp-sg13g2/libs.ref/sg13g2_stdcell/lib/sg13g2_stdcell_typ_1p20V_25C.lib" has 54 cells (20 skipped: 14 seq; 6 tri-state; 0 no func; 10 dont_use).  Time =     0.02 sec
ABC: Memory =    2.85 MB. Time =     0.02 sec
ABC: + strash 
ABC: + &get -n 
ABC: + &fraig -x 
ABC: + &put 
ABC: + scorr 
ABC: Warning: The network is combinational (run "fraig" or "fraig_sweep").
ABC: + dc2 
ABC: + dretime 
ABC: + strash 
ABC: + &get -n 
ABC: + &dch -f 
ABC: + &nf -a -F 16 -A 8 -R 1000 
ABC: + &put 
ABC: + write_blif <abc-temp-dir>/output.blif 

17.1.2. Re-integrating ABC results.
ABC RESULTS:     sg13g2_a21o_1 cells:        5
ABC RESULTS:    sg13g2_a21oi_1 cells:       46
ABC RESULTS:   sg13g2_a221oi_1 cells:        6
ABC RESULTS:    sg13g2_a22oi_1 cells:       14
ABC RESULTS:     sg13g2_and2_1 cells:       14
ABC RESULTS:     sg13g2_and3_1 cells:        3
ABC RESULTS:      sg13g2_inv_1 cells:       19
ABC RESULTS:     sg13g2_mux2_1 cells:       63
ABC RESULTS:    sg13g2_nand2_1 cells:       37
ABC RESULTS:   sg13g2_nand2b_1 cells:       19
ABC RESULTS:    sg13g2_nand3_1 cells:       17
ABC RESULTS:   sg13g2_nand3b_1 cells:        3
ABC RESULTS:    sg13g2_nand4_1 cells:        2
ABC RESULTS:     sg13g2_nor2_1 cells:       46
ABC RESULTS:    sg13g2_nor2b_1 cells:       15
ABC RESULTS:     sg13g2_nor3_1 cells:       25
ABC RESULTS:     sg13g2_nor4_1 cells:        4
ABC RESULTS:    sg13g2_o21ai_1 cells:       55
ABC RESULTS:      sg13g2_or2_1 cells:        8
ABC RESULTS:      sg13g2_or3_1 cells:        1
ABC RESULTS:      sg13g2_or4_1 cells:        1
ABC RESULTS:    sg13g2_xnor2_1 cells:       17
ABC RESULTS:     sg13g2_xor2_1 cells:       13
ABC RESULTS:        internal signals:      618
ABC RESULTS:           input signals:       95
ABC RESULTS:          output signals:       90
Removing temp directory.
Removed 0 unused cells and 407 unused wires.

18. Printing statistics.

=== szymon_fixed ===

   Number of wires:                455
   Number of wire bits:            540
   Number of public wires:          23
   Number of public wire bits:     108
   Number of ports:                 14
   Number of port bits:             14
   Number of memories:               0
   Number of memory bits:            0
   Number of processes:              0
   Number of cells:                521
     sg13g2_a21o_1                   5
     sg13g2_a21oi_1                 46
     sg13g2_a221oi_1                 6
     sg13g2_a22oi_1                 14
     sg13g2_and2_1                  14
     sg13g2_and3_1                   3
     sg13g2_dfrbpq_1                88
     sg13g2_inv_1                   19
     sg13g2_mux2_1                  63
     sg13g2_nand2_1                 37
     sg13g2_nand2b_1                19
     sg13g2_nand3_1                 17
     sg13g2_nand3b_1                 3
     sg13g2_nand4_1                  2
     sg13g2_nor2_1                  46
     sg13g2_nor2b_1                 15
     sg13g2_nor3_1                  25
     sg13g2_nor4_1                   4
     sg13g2_o21ai_1                 55
     sg13g2_or2_1                    8
     sg13g2_or3_1                    1
     sg13g2_or4_1                    1
     sg13g2_xnor2_1                 17
     sg13g2_xor2_1                  13

   Chip area for module '\szymon_fixed': 8871.886800
     of which used for sequential elements: 4311.014400 (48.59%)

19. Executing CHECK pass (checking for obvious problems).
Checking module szymon_fixed...
Found and reported 0 problems.

End of script. Logfile hash: 0e7521b899, CPU: user 0.74s system 0.11s, MEM: 52.34 MB peak
Yosys 0.52 (git sha1 fee39a3284c90249e1d9684cf6944ffbbcbb8f90)
Time spent: 23% 32x opt_expr (0 sec), 14% 1x abc (0 sec), ...
