%Warning-WIDTHEXPAND: test/unit/tb_regs_matrix.sv:12:17: Operator ASSIGN expects 32 bits on the Assign RHS, but Assign RHS's LOGOR generates 1 bits.
                                                       : ... note: In instance 'tb_regs_matrix'
   12 |         is_digit=(value==0||value==1||value==2||value==4||value==5||value==6||
      |                 ^
                      ... For warning description see https://verilator.org/warn/WIDTHEXPAND?v=5.032
                      ... Use "/* verilator lint_off WIDTHEXPAND */" and lint_on around source to disable this message.
%Warning-WIDTHTRUNC: test/unit/tb_regs_matrix.sv:28:40: Logical operator LOGOR expects 1 bit on the RHS, but RHS's VARXREF 'digit_count' generates 2 bits.
                                                      : ... note: In instance 'tb_regs_matrix'
   28 |         session_rst_n=0;#1;if(txn_valid||dut.digit_count||dut.pin_shift)$fatal(1,"session reset failed");
      |                                        ^~
%Warning-WIDTHTRUNC: test/unit/tb_regs_matrix.sv:28:57: Logical operator LOGOR expects 1 bit on the RHS, but RHS's VARXREF 'pin_shift' generates 32 bits.
                                                      : ... note: In instance 'tb_regs_matrix'
   28 |         session_rst_n=0;#1;if(txn_valid||dut.digit_count||dut.pin_shift)$fatal(1,"session reset failed");
      |                                                         ^~
%Warning-WIDTHTRUNC: test/unit/tb_regs_matrix.sv:33:26: Logical operator LOGOR expects 1 bit on the LHS, but LHS's VARXREF 'fail_count' generates 2 bits.
                                                      : ... note: In instance 'tb_regs_matrix'
   33 |         if(dut.fail_count||locked||txn_valid)$fatal(1,"cold reset failed");
      |                          ^~
%Warning-WIDTHTRUNC: test/unit/tb_regs_matrix.sv:49:35: Logical operator LOGOR expects 1 bit on the LHS, but LHS's VARXREF 'digit_count' generates 2 bits.
                                                      : ... note: In instance 'tb_regs_matrix'
   49 |                 if(dut.digit_count||dut.pin_shift||beeps!=base_beeps+1)$fatal(1,"star mapping wrong");
      |                                   ^~
%Warning-WIDTHTRUNC: test/unit/tb_regs_matrix.sv:49:35: Logical operator LOGOR expects 1 bit on the RHS, but RHS's VARXREF 'pin_shift' generates 32 bits.
                                                      : ... note: In instance 'tb_regs_matrix'
   49 |                 if(dut.digit_count||dut.pin_shift||beeps!=base_beeps+1)$fatal(1,"star mapping wrong");
      |                                   ^~
%Warning-WIDTHTRUNC: test/unit/tb_regs_matrix.sv:50:40: Logical operator LOGOR expects 1 bit on the LHS, but LHS's VARXREF 'digit_count' generates 2 bits.
                                                      : ... note: In instance 'tb_regs_matrix'
   50 |             end else if(dut.digit_count||dut.pin_shift||beeps!=base_beeps)
      |                                        ^~
%Warning-WIDTHTRUNC: test/unit/tb_regs_matrix.sv:50:40: Logical operator LOGOR expects 1 bit on the RHS, but RHS's VARXREF 'pin_shift' generates 32 bits.
                                                      : ... note: In instance 'tb_regs_matrix'
   50 |             end else if(dut.digit_count||dut.pin_shift||beeps!=base_beeps)
      |                                        ^~
%Warning-WIDTHTRUNC: test/unit/tb_regs_matrix.sv:45:13: Logical operator IF expects 1 bit on the If, but If's FUNCREF 'is_digit' generates 32 bits.
                                                      : ... note: In instance 'tb_regs_matrix'
   45 |             if(is_digit(id))begin
      |             ^~
%Warning-WIDTHTRUNC: test/unit/tb_regs_matrix.sv:52:48: Logical operator LOGOR expects 1 bit on the RHS, but RHS's VARXREF 'fail_count' generates 2 bits.
                                                      : ... note: In instance 'tb_regs_matrix'
   52 |             if(submits!=base_submits||txn_valid||dut.fail_count)$fatal(1,"single key submitted id=%0d",id);
      |                                                ^~
%Warning-WIDTHTRUNC: test/unit/tb_regs_matrix.sv:60:31: Logical operator LOGOR expects 1 bit on the LHS, but LHS's VARXREF 'digit_count' generates 2 bits.
                                                      : ... note: In instance 'tb_regs_matrix'
   60 |             if(dut.digit_count||dut.pin_shift||txn_valid||dut.fail_count||submits!=base_submits)
      |                               ^~
%Warning-WIDTHTRUNC: test/unit/tb_regs_matrix.sv:60:31: Logical operator LOGOR expects 1 bit on the RHS, but RHS's VARXREF 'pin_shift' generates 32 bits.
                                                      : ... note: In instance 'tb_regs_matrix'
   60 |             if(dut.digit_count||dut.pin_shift||txn_valid||dut.fail_count||submits!=base_submits)
      |                               ^~
%Warning-WIDTHTRUNC: test/unit/tb_regs_matrix.sv:60:57: Logical operator LOGOR expects 1 bit on the RHS, but RHS's VARXREF 'fail_count' generates 2 bits.
                                                      : ... note: In instance 'tb_regs_matrix'
   60 |             if(dut.digit_count||dut.pin_shift||txn_valid||dut.fail_count||submits!=base_submits)
      |                                                         ^~
%Warning-WIDTHTRUNC: test/unit/tb_regs_matrix.sv:71:29: Logical operator LOGOR expects 1 bit on the LHS, but LHS's VARXREF 'pin_shift' generates 32 bits.
                                                      : ... note: In instance 'tb_regs_matrix'
   71 |             if(dut.pin_shift||dut.digit_count)$fatal(1,"submitted BCD residue position %0d",pos);
      |                             ^~
%Warning-WIDTHTRUNC: test/unit/tb_regs_matrix.sv:71:29: Logical operator LOGOR expects 1 bit on the RHS, but RHS's VARXREF 'digit_count' generates 2 bits.
                                                      : ... note: In instance 'tb_regs_matrix'
   71 |             if(dut.pin_shift||dut.digit_count)$fatal(1,"submitted BCD residue position %0d",pos);
      |                             ^~
%Warning-WIDTHTRUNC: test/unit/tb_regs_matrix.sv:81:22: Logical operator LOGOR expects 1 bit on the RHS, but RHS's VARXREF 'pin_shift' generates 32 bits.
                                                      : ... note: In instance 'tb_regs_matrix'
   81 |         if(!txn_valid||dut.pin_shift||dut.digit_count)$fatal(1,"GOOD setup failed");
      |                      ^~
%Warning-WIDTHTRUNC: test/unit/tb_regs_matrix.sv:81:37: Logical operator LOGOR expects 1 bit on the RHS, but RHS's VARXREF 'digit_count' generates 2 bits.
                                                      : ... note: In instance 'tb_regs_matrix'
   81 |         if(!txn_valid||dut.pin_shift||dut.digit_count)$fatal(1,"GOOD setup failed");
      |                                     ^~
%Warning-WIDTHTRUNC: test/unit/tb_regs_matrix.sv:83:41: Logical operator LOGOR expects 1 bit on the RHS, but RHS's VARXREF 'fail_count' generates 2 bits.
                                                      : ... note: In instance 'tb_regs_matrix'
   83 |         if(beeps!=base_beeps||!txn_valid||dut.fail_count)
      |                                         ^~
%Warning-WIDTHTRUNC: test/unit/tb_regs_matrix.sv:88:40: Logical operator LOGOR expects 1 bit on the RHS, but RHS's VARXREF 'digit_count' generates 2 bits.
                                                      : ... note: In instance 'tb_regs_matrix'
   88 |         if(key_ready||beeps!=base_beeps||dut.digit_count)$fatal(1,"entry_enable did not gate input");
      |                                        ^~
make[1]: Entering directory '/mnt/c/Users/user/Desktop/HACKATHON/.build/coverage/regs_matrix'
/mnt/c/Users/user/Desktop/HACKATHON/.tools/root/usr/bin/x86_64-linux-gnu-g++-15 -Os  -I.  -MMD -I/mnt/c/Users/user/Desktop/HACKATHON/.tools/root/usr/share/verilator/include -I/mnt/c/Users/user/Desktop/HACKATHON/.tools/root/usr/share/verilator/include/vltstd -DVM_COVERAGE=1 -DVM_SC=0 -DVM_TIMING=1 -DVM_TRACE=0 -DVM_TRACE_FST=0 -DVM_TRACE_VCD=0 -faligned-new -fcf-protection=none -Wno-bool-operation -Wno-shadow -Wno-sign-compare -Wno-tautological-compare -Wno-uninitialized -Wno-unused-but-set-parameter -Wno-unused-but-set-variable -Wno-unused-parameter -Wno-unused-variable    -idirafter /mnt/c/Users/user/Desktop/HACKATHON/.tools/root/usr/include -idirafter /mnt/c/Users/user/Desktop/HACKATHON/.tools/root/usr/include/x86_64-linux-gnu -DVL_TIME_CONTEXT   -fcoroutines -c -o verilated.o /mnt/c/Users/user/Desktop/HACKATHON/.tools/root/usr/share/verilator/include/verilated.cpp
/mnt/c/Users/user/Desktop/HACKATHON/.tools/root/usr/bin/x86_64-linux-gnu-g++-15 -Os  -I.  -MMD -I/mnt/c/Users/user/Desktop/HACKATHON/.tools/root/usr/share/verilator/include -I/mnt/c/Users/user/Desktop/HACKATHON/.tools/root/usr/share/verilator/include/vltstd -DVM_COVERAGE=1 -DVM_SC=0 -DVM_TIMING=1 -DVM_TRACE=0 -DVM_TRACE_FST=0 -DVM_TRACE_VCD=0 -faligned-new -fcf-protection=none -Wno-bool-operation -Wno-shadow -Wno-sign-compare -Wno-tautological-compare -Wno-uninitialized -Wno-unused-but-set-parameter -Wno-unused-but-set-variable -Wno-unused-parameter -Wno-unused-variable    -idirafter /mnt/c/Users/user/Desktop/HACKATHON/.tools/root/usr/include -idirafter /mnt/c/Users/user/Desktop/HACKATHON/.tools/root/usr/include/x86_64-linux-gnu -DVL_TIME_CONTEXT   -fcoroutines -c -o verilated_cov.o /mnt/c/Users/user/Desktop/HACKATHON/.tools/root/usr/share/verilator/include/verilated_cov.cpp
/mnt/c/Users/user/Desktop/HACKATHON/.tools/root/usr/bin/x86_64-linux-gnu-g++-15 -Os  -I.  -MMD -I/mnt/c/Users/user/Desktop/HACKATHON/.tools/root/usr/share/verilator/include -I/mnt/c/Users/user/Desktop/HACKATHON/.tools/root/usr/share/verilator/include/vltstd -DVM_COVERAGE=1 -DVM_SC=0 -DVM_TIMING=1 -DVM_TRACE=0 -DVM_TRACE_FST=0 -DVM_TRACE_VCD=0 -faligned-new -fcf-protection=none -Wno-bool-operation -Wno-shadow -Wno-sign-compare -Wno-tautological-compare -Wno-uninitialized -Wno-unused-but-set-parameter -Wno-unused-but-set-variable -Wno-unused-parameter -Wno-unused-variable    -idirafter /mnt/c/Users/user/Desktop/HACKATHON/.tools/root/usr/include -idirafter /mnt/c/Users/user/Desktop/HACKATHON/.tools/root/usr/include/x86_64-linux-gnu -DVL_TIME_CONTEXT   -fcoroutines -c -o verilated_timing.o /mnt/c/Users/user/Desktop/HACKATHON/.tools/root/usr/share/verilator/include/verilated_timing.cpp
/mnt/c/Users/user/Desktop/HACKATHON/.tools/root/usr/bin/x86_64-linux-gnu-g++-15 -Os  -I.  -MMD -I/mnt/c/Users/user/Desktop/HACKATHON/.tools/root/usr/share/verilator/include -I/mnt/c/Users/user/Desktop/HACKATHON/.tools/root/usr/share/verilator/include/vltstd -DVM_COVERAGE=1 -DVM_SC=0 -DVM_TIMING=1 -DVM_TRACE=0 -DVM_TRACE_FST=0 -DVM_TRACE_VCD=0 -faligned-new -fcf-protection=none -Wno-bool-operation -Wno-shadow -Wno-sign-compare -Wno-tautological-compare -Wno-uninitialized -Wno-unused-but-set-parameter -Wno-unused-but-set-variable -Wno-unused-parameter -Wno-unused-variable    -idirafter /mnt/c/Users/user/Desktop/HACKATHON/.tools/root/usr/include -idirafter /mnt/c/Users/user/Desktop/HACKATHON/.tools/root/usr/include/x86_64-linux-gnu -DVL_TIME_CONTEXT   -fcoroutines -c -o verilated_threads.o /mnt/c/Users/user/Desktop/HACKATHON/.tools/root/usr/share/verilator/include/verilated_threads.cpp
python3 /mnt/c/Users/user/Desktop/HACKATHON/.tools/root/usr/share/verilator/bin/verilator_includer -DVL_INCLUDE_OPT=include Vtb_regs_matrix.cpp Vtb_regs_matrix___024root__DepSet_hec69b036__0.cpp Vtb_regs_matrix___024root__DepSet_hdd53491a__0.cpp Vtb_regs_matrix__main.cpp Vtb_regs_matrix___024root__Slow.cpp Vtb_regs_matrix___024root__DepSet_hec69b036__0__Slow.cpp Vtb_regs_matrix___024root__DepSet_hdd53491a__0__Slow.cpp Vtb_regs_matrix__Syms.cpp > Vtb_regs_matrix__ALL.cpp
/mnt/c/Users/user/Desktop/HACKATHON/.tools/root/usr/bin/x86_64-linux-gnu-g++-15 -Os  -I.  -MMD -I/mnt/c/Users/user/Desktop/HACKATHON/.tools/root/usr/share/verilator/include -I/mnt/c/Users/user/Desktop/HACKATHON/.tools/root/usr/share/verilator/include/vltstd -DVM_COVERAGE=1 -DVM_SC=0 -DVM_TIMING=1 -DVM_TRACE=0 -DVM_TRACE_FST=0 -DVM_TRACE_VCD=0 -faligned-new -fcf-protection=none -Wno-bool-operation -Wno-shadow -Wno-sign-compare -Wno-tautological-compare -Wno-uninitialized -Wno-unused-but-set-parameter -Wno-unused-but-set-variable -Wno-unused-parameter -Wno-unused-variable    -idirafter /mnt/c/Users/user/Desktop/HACKATHON/.tools/root/usr/include -idirafter /mnt/c/Users/user/Desktop/HACKATHON/.tools/root/usr/include/x86_64-linux-gnu -DVL_TIME_CONTEXT   -fcoroutines -c -o Vtb_regs_matrix__ALL.o Vtb_regs_matrix__ALL.cpp
echo "" > Vtb_regs_matrix__ALL.verilator_deplist.tmp
/mnt/c/Users/user/Desktop/HACKATHON/.tools/root/usr/bin/x86_64-linux-gnu-g++-15    verilated.o verilated_cov.o verilated_timing.o verilated_threads.o Vtb_regs_matrix__ALL.a    -pthread -lpthread -latomic   -o Vtb_regs_matrix
rm Vtb_regs_matrix__ALL.verilator_deplist.tmp
make[1]: Leaving directory '/mnt/c/Users/user/Desktop/HACKATHON/.build/coverage/regs_matrix'
- V e r i l a t i o n   R e p o r t: Verilator 5.032 2025-01-01 rev (Debian 5.032-1)
- Verilator: Built from 0.054 MB sources in 4 modules, into 0.526 MB in 8 C++ files needing 0.000 MB
- Verilator: Walltime 11.024 s (elab=0.013, cvt=0.074, bld=10.716); cpu 0.115 s on 16 threads; alloced 45.523 MB
