
 /----------------------------------------------------------------------------\
 |  yosys -- Yosys Open SYnthesis Suite                                       |
 |  Copyright (C) 2012 - 2025  Claire Xenia Wolf <claire@yosyshq.com>         |
 |  Distributed under an ISC-like license, type "license" to see terms        |
 \----------------------------------------------------------------------------/
 Yosys 0.52 (git sha1 fee39a3284c90249e1d9684cf6944ffbbcbb8f90)

-- Running command `read_verilog -formal -D FORMAL src/auth_ctrl.v; chformal -lower; prep -top auth_ctrl; flatten; async2sync; formalff -clk2ff; memory_map; opt_clean; sat -verify -prove-asserts -set-init-zero -set-def-formal -set-def-inputs -seq 20' --

1. Executing Verilog-2005 frontend: src/auth_ctrl.v
Parsing formal Verilog input from `src/auth_ctrl.v' to AST representation.
Generating RTLIL representation for module `\auth_ctrl'.
Successfully finished Verilog frontend.

2. Executing PREP pass.

2.1. Executing HIERARCHY pass (managing design hierarchy).

2.1.1. Analyzing design hierarchy..
Top module:  \auth_ctrl

2.1.2. Analyzing design hierarchy..
Top module:  \auth_ctrl
Removed 0 unused modules.
Module auth_ctrl directly or indirectly contains formal properties -> setting "keep" attribute.

2.2. Executing PROC pass (convert processes to netlists).

2.2.1. Executing PROC_CLEAN pass (remove empty switches from decision trees).
Cleaned up 0 empty switches.

2.2.2. Executing PROC_RMDEAD pass (remove dead branches from decision trees).
Marked 1 switch rules as full_case in process $proc$src/auth_ctrl.v:160$47 in module auth_ctrl.
Marked 5 switch rules as full_case in process $proc$src/auth_ctrl.v:89$31 in module auth_ctrl.
Removed a total of 0 dead cases.

2.2.3. Executing PROC_PRUNE pass (remove redundant assignments in processes).
Removed 3 redundant assignments.
Promoted 0 assignments to connections.

2.2.4. Executing PROC_INIT pass (extract init attributes).

2.2.5. Executing PROC_ARST pass (detect async resets in processes).
Found async reset \rst_n in `\auth_ctrl.$proc$src/auth_ctrl.v:89$31'.

2.2.6. Executing PROC_ROM pass (convert switches to ROMs).
Converted 0 switches.
<suppressed ~30 debug messages>

2.2.7. Executing PROC_MUX pass (convert decision trees to multiplexers).
Creating decoders for process `\auth_ctrl.$proc$src/auth_ctrl.v:191$54'.
     1/13: $assert$src/auth_ctrl.v:212$98_EN
     2/13: $assert$src/auth_ctrl.v:211$95_EN
     3/13: $assert$src/auth_ctrl.v:210$93_EN
     4/13: $assert$src/auth_ctrl.v:208$87_EN
     5/13: $assert$src/auth_ctrl.v:206$83_EN
     6/13: $assert$src/auth_ctrl.v:205$80_EN
     7/13: $assert$src/auth_ctrl.v:204$78_EN
     8/13: $assert$src/auth_ctrl.v:202$74_EN
     9/13: $assert$src/auth_ctrl.v:200$70_EN
    10/13: $assert$src/auth_ctrl.v:198$66_EN
    11/13: $assert$src/auth_ctrl.v:196$61_EN
    12/13: $assert$src/auth_ctrl.v:194$58_EN
    13/13: $assert$src/auth_ctrl.v:193$56_EN
Creating decoders for process `\auth_ctrl.$proc$src/auth_ctrl.v:160$47'.
     1/7: $0\f_prev_state[3:0]
     2/7: $0\f_prev_timeout_now[0:0]
     3/7: $0\f_past_valid[0:0]
     4/7: $0\f_rx_complete[0:0]
     5/7: $0\f_seal_seen[0:0]
     6/7: $0\f_cmd_seen[0:0]
     7/7: $0\f_token[0:0]
Creating decoders for process `\auth_ctrl.$proc$src/auth_ctrl.v:89$31'.
     1/3: $0\timeout_count[12:0]
     2/3: $0\timeout_active[0:0]
     3/3: $0\state[3:0]

2.2.8. Executing PROC_DLATCH pass (convert process syncs to latches).

2.2.9. Executing PROC_DFF pass (convert process syncs to FFs).
Creating register for signal `\auth_ctrl.\f_token' using process `\auth_ctrl.$proc$src/auth_ctrl.v:160$47'.
  created $dff cell `$procdff$312' with positive edge clock.
Creating register for signal `\auth_ctrl.\f_cmd_seen' using process `\auth_ctrl.$proc$src/auth_ctrl.v:160$47'.
  created $dff cell `$procdff$313' with positive edge clock.
Creating register for signal `\auth_ctrl.\f_seal_seen' using process `\auth_ctrl.$proc$src/auth_ctrl.v:160$47'.
  created $dff cell `$procdff$314' with positive edge clock.
Creating register for signal `\auth_ctrl.\f_rx_complete' using process `\auth_ctrl.$proc$src/auth_ctrl.v:160$47'.
  created $dff cell `$procdff$315' with positive edge clock.
Creating register for signal `\auth_ctrl.\f_past_valid' using process `\auth_ctrl.$proc$src/auth_ctrl.v:160$47'.
  created $dff cell `$procdff$316' with positive edge clock.
Creating register for signal `\auth_ctrl.\f_prev_timeout_now' using process `\auth_ctrl.$proc$src/auth_ctrl.v:160$47'.
  created $dff cell `$procdff$317' with positive edge clock.
Creating register for signal `\auth_ctrl.\f_prev_state' using process `\auth_ctrl.$proc$src/auth_ctrl.v:160$47'.
  created $dff cell `$procdff$318' with positive edge clock.
Creating register for signal `\auth_ctrl.\state' using process `\auth_ctrl.$proc$src/auth_ctrl.v:89$31'.
  created $adff cell `$procdff$323' with positive edge clock and positive level reset.
Creating register for signal `\auth_ctrl.\timeout_active' using process `\auth_ctrl.$proc$src/auth_ctrl.v:89$31'.
  created $adff cell `$procdff$328' with positive edge clock and positive level reset.
Creating register for signal `\auth_ctrl.\timeout_count' using process `\auth_ctrl.$proc$src/auth_ctrl.v:89$31'.
  created $adff cell `$procdff$333' with positive edge clock and positive level reset.

2.2.10. Executing PROC_MEMWR pass (convert process memory writes to cells).

2.2.11. Executing PROC_CLEAN pass (remove empty switches from decision trees).
Found and cleaned up 10 empty switches in `\auth_ctrl.$proc$src/auth_ctrl.v:191$54'.
Removing empty process `auth_ctrl.$proc$src/auth_ctrl.v:191$54'.
Found and cleaned up 6 empty switches in `\auth_ctrl.$proc$src/auth_ctrl.v:160$47'.
Removing empty process `auth_ctrl.$proc$src/auth_ctrl.v:160$47'.
Found and cleaned up 14 empty switches in `\auth_ctrl.$proc$src/auth_ctrl.v:89$31'.
Removing empty process `auth_ctrl.$proc$src/auth_ctrl.v:89$31'.
Cleaned up 30 empty switches.

2.2.12. Executing OPT_EXPR pass (perform const folding).
Optimizing module auth_ctrl.
<suppressed ~20 debug messages>

2.3. Executing FUTURE pass.

2.4. Executing OPT_EXPR pass (perform const folding).
Optimizing module auth_ctrl.

2.5. Executing OPT_CLEAN pass (remove unused cells and wires).
Finding unused cells or wires in module \auth_ctrl..
Removed 30 unused cells and 126 unused wires.
<suppressed ~31 debug messages>

2.6. Executing CHECK pass (checking for obvious problems).
Checking module auth_ctrl...
Found and reported 0 problems.

2.7. Executing OPT pass (performing simple optimizations).

2.7.1. Executing OPT_EXPR pass (perform const folding).
Optimizing module auth_ctrl.

2.7.2. Executing OPT_MERGE pass (detect identical cells).
Finding identical cells in module `\auth_ctrl'.
<suppressed ~93 debug messages>
Removed a total of 31 cells.

2.7.3. Executing OPT_MUXTREE pass (detect dead branches in mux trees).
Running muxtree optimizer on module \auth_ctrl..
  Creating internal representation of mux trees.
  Evaluating internal representation of mux trees.
  Analyzing evaluation results.
Removed 0 multiplexer ports.
<suppressed ~25 debug messages>

2.7.4. Executing OPT_REDUCE pass (consolidate $*mux and $reduce_* inputs).
  Optimizing cells in module \auth_ctrl.
Performed a total of 0 changes.

2.7.5. Executing OPT_MERGE pass (detect identical cells).
Finding identical cells in module `\auth_ctrl'.
<suppressed ~9 debug messages>
Removed a total of 3 cells.

2.7.6. Executing OPT_CLEAN pass (remove unused cells and wires).
Finding unused cells or wires in module \auth_ctrl..
Removed 0 unused cells and 32 unused wires.
<suppressed ~1 debug messages>

2.7.7. Executing OPT_EXPR pass (perform const folding).
Optimizing module auth_ctrl.

2.7.8. Rerunning OPT passes. (Maybe there is more to do..)

2.7.9. Executing OPT_MUXTREE pass (detect dead branches in mux trees).
Running muxtree optimizer on module \auth_ctrl..
  Creating internal representation of mux trees.
  Evaluating internal representation of mux trees.
  Analyzing evaluation results.
Removed 0 multiplexer ports.
<suppressed ~22 debug messages>

2.7.10. Executing OPT_REDUCE pass (consolidate $*mux and $reduce_* inputs).
  Optimizing cells in module \auth_ctrl.
Performed a total of 0 changes.

2.7.11. Executing OPT_MERGE pass (detect identical cells).
Finding identical cells in module `\auth_ctrl'.
Removed a total of 0 cells.

2.7.12. Executing OPT_CLEAN pass (remove unused cells and wires).
Finding unused cells or wires in module \auth_ctrl..

2.7.13. Executing OPT_EXPR pass (perform const folding).
Optimizing module auth_ctrl.

2.7.14. Finished OPT passes. (There is nothing left to do.)

2.8. Executing WREDUCE pass (reducing word size of cells).
Removed top 2 bits (of 4) from port B of cell auth_ctrl.$ne$src/auth_ctrl.v:69$5 ($ne).
Removed top 1 bits (of 4) from port B of cell auth_ctrl.$ne$src/auth_ctrl.v:69$7 ($ne).
Removed top 3 bits (of 4) from port B of cell auth_ctrl.$eq$src/auth_ctrl.v:79$16 ($eq).
Removed top 1 bits (of 4) from port B of cell auth_ctrl.$eq$src/auth_ctrl.v:80$17 ($eq).
Removed top 2 bits (of 4) from port B of cell auth_ctrl.$eq$src/auth_ctrl.v:81$18 ($eq).
Removed top 1 bits (of 4) from port B of cell auth_ctrl.$eq$src/auth_ctrl.v:82$19 ($eq).
Removed top 2 bits (of 4) from port B of cell auth_ctrl.$eq$src/auth_ctrl.v:86$23 ($eq).
Removed top 1 bits (of 4) from port B of cell auth_ctrl.$eq$src/auth_ctrl.v:180$52 ($eq).
Removed top 19 bits (of 32) from port B of cell auth_ctrl.$lt$src/auth_ctrl.v:194$59 ($lt).
Removed top 3 bits (of 4) from port B of cell auth_ctrl.$ge$src/auth_ctrl.v:197$63 ($ge).
Removed top 2 bits (of 4) from port B of cell auth_ctrl.$ge$src/auth_ctrl.v:199$67 ($ge).
Removed top 1 bits (of 4) from port B of cell auth_ctrl.$ge$src/auth_ctrl.v:201$71 ($ge).
Removed top 1 bits (of 4) from port B of cell auth_ctrl.$ge$src/auth_ctrl.v:203$75 ($ge).
Removed top 1 bits (of 4) from port B of cell auth_ctrl.$procmux$289_CMP0 ($eq).

2.9. Executing OPT_CLEAN pass (remove unused cells and wires).
Finding unused cells or wires in module \auth_ctrl..

2.10. Executing MEMORY_COLLECT pass (generating $mem cells).

2.11. Executing OPT pass (performing simple optimizations).

2.11.1. Executing OPT_EXPR pass (perform const folding).
Optimizing module auth_ctrl.

2.11.2. Executing OPT_MERGE pass (detect identical cells).
Finding identical cells in module `\auth_ctrl'.
Removed a total of 0 cells.

2.11.3. Executing OPT_CLEAN pass (remove unused cells and wires).
Finding unused cells or wires in module \auth_ctrl..

2.11.4. Finished fast OPT passes.

2.12. Printing statistics.

=== auth_ctrl ===

   Number of wires:                143
   Number of wire bits:            281
   Number of public wires:          35
   Number of public wire bits:      53
   Number of ports:                 23
   Number of port bits:             23
   Number of memories:               0
   Number of memory bits:            0
   Number of processes:              0
   Number of cells:                141
     $add                            1
     $adff                           3
     $assert                        13
     $dff                            7
     $eq                            11
     $ge                             4
     $le                             2
     $logic_and                     24
     $logic_not                      7
     $logic_or                       5
     $lt                             1
     $mux                           55
     $ne                             6
     $pmux                           1
     $reduce_bool                    1

2.13. Executing CHECK pass (checking for obvious problems).
Checking module auth_ctrl...
Found and reported 0 problems.

3. Executing FLATTEN pass (flatten design).

4. Executing ASYNC2SYNC pass.
Replacing auth_ctrl.$procdff$323 ($adff): ARST=\rst_n, D=$0\state[3:0], Q=\state
Replacing auth_ctrl.$procdff$328 ($adff): ARST=\rst_n, D=$0\timeout_active[0:0], Q=\timeout_active
Replacing auth_ctrl.$procdff$333 ($adff): ARST=\rst_n, D=$0\timeout_count[12:0], Q=\timeout_count

5. Executing FORMALFF pass.

6. Executing MEMORY_MAP pass (converting memories to logic and flip-flops).

7. Executing OPT_CLEAN pass (remove unused cells and wires).
Finding unused cells or wires in module \auth_ctrl..

8. Executing SAT pass (solving SAT problems in the circuit).

Setting up time step 1:
Final constraint equation: { } = { }
Import def constraint for this timestep: \rx_active
Import def constraint for this timestep: \tx_done
Import def constraint for this timestep: \rx_done
Import def constraint for this timestep: \protocol_error
Import def constraint for this timestep: \seal_ready
Import def constraint for this timestep: \tx_active
Import def constraint for this timestep: \cipher_m_valid
Import def constraint for this timestep: \cmd_ready
Import def constraint for this timestep: \txn_valid
Import def constraint for this timestep: \rst_n
Import def constraint for this timestep: \ms_tick
Import def constraint for this timestep: \frame_start
Import def constraint for this timestep: \clk
Imported 147 cells to SAT database.
Final init constraint equation: { $auto$async2sync.cc:228:execute$338 $auto$async2sync.cc:228:execute$336 $auto$async2sync.cc:228:execute$334 \f_prev_state \f_prev_timeout_now \f_past_valid \f_rx_complete \f_seal_seen \f_cmd_seen \f_token } = 28'0000000000000000000000000000
Import proof for assert: $le$src/auth_ctrl.v:193$57_Y when $assert$src/auth_ctrl.v:193$56_EN.
Import proof for assert: $lt$src/auth_ctrl.v:194$59_Y when $assert$src/auth_ctrl.v:193$56_EN.
Import proof for assert: $logic_not$src/auth_ctrl.v:196$62_Y when $assert$src/auth_ctrl.v:196$61_EN.
Import proof for assert: \f_token when $assert$src/auth_ctrl.v:198$66_EN.
Import proof for assert: \f_cmd_seen when $assert$src/auth_ctrl.v:200$70_EN.
Import proof for assert: \f_rx_complete when $assert$src/auth_ctrl.v:202$74_EN.
Import proof for assert: \f_seal_seen when $assert$src/auth_ctrl.v:204$78_EN.
Import proof for assert: $logic_not$src/auth_ctrl.v:196$62_Y when $assert$src/auth_ctrl.v:205$80_EN.
Import proof for assert: $logic_and$src/auth_ctrl.v:206$85_Y when $assert$src/auth_ctrl.v:206$83_EN.
Import proof for assert: $logic_and$src/auth_ctrl.v:208$90_Y when $assert$src/auth_ctrl.v:208$87_EN.
Import proof for assert: \session_end when $assert$src/auth_ctrl.v:210$93_EN.
Import proof for assert: $logic_or$src/auth_ctrl.v:211$97_Y when $assert$src/auth_ctrl.v:193$56_EN.
Import proof for assert: $logic_or$src/auth_ctrl.v:212$100_Y when $assert$src/auth_ctrl.v:193$56_EN.

Setting up time step 2:
Final constraint equation: { } = { }
Import def constraint for this timestep: \rx_active
Import def constraint for this timestep: \tx_done
Import def constraint for this timestep: \rx_done
Import def constraint for this timestep: \protocol_error
Import def constraint for this timestep: \seal_ready
Import def constraint for this timestep: \tx_active
Import def constraint for this timestep: \cipher_m_valid
Import def constraint for this timestep: \cmd_ready
Import def constraint for this timestep: \txn_valid
Import def constraint for this timestep: \rst_n
Import def constraint for this timestep: \ms_tick
Import def constraint for this timestep: \frame_start
Import def constraint for this timestep: \clk
Imported 147 cells to SAT database.
Import proof for assert: $le$src/auth_ctrl.v:193$57_Y when $assert$src/auth_ctrl.v:193$56_EN.
Import proof for assert: $lt$src/auth_ctrl.v:194$59_Y when $assert$src/auth_ctrl.v:193$56_EN.
Import proof for assert: $logic_not$src/auth_ctrl.v:196$62_Y when $assert$src/auth_ctrl.v:196$61_EN.
Import proof for assert: \f_token when $assert$src/auth_ctrl.v:198$66_EN.
Import proof for assert: \f_cmd_seen when $assert$src/auth_ctrl.v:200$70_EN.
Import proof for assert: \f_rx_complete when $assert$src/auth_ctrl.v:202$74_EN.
Import proof for assert: \f_seal_seen when $assert$src/auth_ctrl.v:204$78_EN.
Import proof for assert: $logic_not$src/auth_ctrl.v:196$62_Y when $assert$src/auth_ctrl.v:205$80_EN.
Import proof for assert: $logic_and$src/auth_ctrl.v:206$85_Y when $assert$src/auth_ctrl.v:206$83_EN.
Import proof for assert: $logic_and$src/auth_ctrl.v:208$90_Y when $assert$src/auth_ctrl.v:208$87_EN.
Import proof for assert: \session_end when $assert$src/auth_ctrl.v:210$93_EN.
Import proof for assert: $logic_or$src/auth_ctrl.v:211$97_Y when $assert$src/auth_ctrl.v:193$56_EN.
Import proof for assert: $logic_or$src/auth_ctrl.v:212$100_Y when $assert$src/auth_ctrl.v:193$56_EN.

Setting up time step 3:
Final constraint equation: { } = { }
Import def constraint for this timestep: \rx_active
Import def constraint for this timestep: \tx_done
Import def constraint for this timestep: \rx_done
Import def constraint for this timestep: \protocol_error
Import def constraint for this timestep: \seal_ready
Import def constraint for this timestep: \tx_active
Import def constraint for this timestep: \cipher_m_valid
Import def constraint for this timestep: \cmd_ready
Import def constraint for this timestep: \txn_valid
Import def constraint for this timestep: \rst_n
Import def constraint for this timestep: \ms_tick
Import def constraint for this timestep: \frame_start
Import def constraint for this timestep: \clk
Imported 147 cells to SAT database.
Import proof for assert: $le$src/auth_ctrl.v:193$57_Y when $assert$src/auth_ctrl.v:193$56_EN.
Import proof for assert: $lt$src/auth_ctrl.v:194$59_Y when $assert$src/auth_ctrl.v:193$56_EN.
Import proof for assert: $logic_not$src/auth_ctrl.v:196$62_Y when $assert$src/auth_ctrl.v:196$61_EN.
Import proof for assert: \f_token when $assert$src/auth_ctrl.v:198$66_EN.
Import proof for assert: \f_cmd_seen when $assert$src/auth_ctrl.v:200$70_EN.
Import proof for assert: \f_rx_complete when $assert$src/auth_ctrl.v:202$74_EN.
Import proof for assert: \f_seal_seen when $assert$src/auth_ctrl.v:204$78_EN.
Import proof for assert: $logic_not$src/auth_ctrl.v:196$62_Y when $assert$src/auth_ctrl.v:205$80_EN.
Import proof for assert: $logic_and$src/auth_ctrl.v:206$85_Y when $assert$src/auth_ctrl.v:206$83_EN.
Import proof for assert: $logic_and$src/auth_ctrl.v:208$90_Y when $assert$src/auth_ctrl.v:208$87_EN.
Import proof for assert: \session_end when $assert$src/auth_ctrl.v:210$93_EN.
Import proof for assert: $logic_or$src/auth_ctrl.v:211$97_Y when $assert$src/auth_ctrl.v:193$56_EN.
Import proof for assert: $logic_or$src/auth_ctrl.v:212$100_Y when $assert$src/auth_ctrl.v:193$56_EN.

Setting up time step 4:
Final constraint equation: { } = { }
Import def constraint for this timestep: \rx_active
Import def constraint for this timestep: \tx_done
Import def constraint for this timestep: \rx_done
Import def constraint for this timestep: \protocol_error
Import def constraint for this timestep: \seal_ready
Import def constraint for this timestep: \tx_active
Import def constraint for this timestep: \cipher_m_valid
Import def constraint for this timestep: \cmd_ready
Import def constraint for this timestep: \txn_valid
Import def constraint for this timestep: \rst_n
Import def constraint for this timestep: \ms_tick
Import def constraint for this timestep: \frame_start
Import def constraint for this timestep: \clk
Imported 147 cells to SAT database.
Import proof for assert: $le$src/auth_ctrl.v:193$57_Y when $assert$src/auth_ctrl.v:193$56_EN.
Import proof for assert: $lt$src/auth_ctrl.v:194$59_Y when $assert$src/auth_ctrl.v:193$56_EN.
Import proof for assert: $logic_not$src/auth_ctrl.v:196$62_Y when $assert$src/auth_ctrl.v:196$61_EN.
Import proof for assert: \f_token when $assert$src/auth_ctrl.v:198$66_EN.
Import proof for assert: \f_cmd_seen when $assert$src/auth_ctrl.v:200$70_EN.
Import proof for assert: \f_rx_complete when $assert$src/auth_ctrl.v:202$74_EN.
Import proof for assert: \f_seal_seen when $assert$src/auth_ctrl.v:204$78_EN.
Import proof for assert: $logic_not$src/auth_ctrl.v:196$62_Y when $assert$src/auth_ctrl.v:205$80_EN.
Import proof for assert: $logic_and$src/auth_ctrl.v:206$85_Y when $assert$src/auth_ctrl.v:206$83_EN.
Import proof for assert: $logic_and$src/auth_ctrl.v:208$90_Y when $assert$src/auth_ctrl.v:208$87_EN.
Import proof for assert: \session_end when $assert$src/auth_ctrl.v:210$93_EN.
Import proof for assert: $logic_or$src/auth_ctrl.v:211$97_Y when $assert$src/auth_ctrl.v:193$56_EN.
Import proof for assert: $logic_or$src/auth_ctrl.v:212$100_Y when $assert$src/auth_ctrl.v:193$56_EN.

Setting up time step 5:
Final constraint equation: { } = { }
Import def constraint for this timestep: \rx_active
Import def constraint for this timestep: \tx_done
Import def constraint for this timestep: \rx_done
Import def constraint for this timestep: \protocol_error
Import def constraint for this timestep: \seal_ready
Import def constraint for this timestep: \tx_active
Import def constraint for this timestep: \cipher_m_valid
Import def constraint for this timestep: \cmd_ready
Import def constraint for this timestep: \txn_valid
Import def constraint for this timestep: \rst_n
Import def constraint for this timestep: \ms_tick
Import def constraint for this timestep: \frame_start
Import def constraint for this timestep: \clk
Imported 147 cells to SAT database.
Import proof for assert: $le$src/auth_ctrl.v:193$57_Y when $assert$src/auth_ctrl.v:193$56_EN.
Import proof for assert: $lt$src/auth_ctrl.v:194$59_Y when $assert$src/auth_ctrl.v:193$56_EN.
Import proof for assert: $logic_not$src/auth_ctrl.v:196$62_Y when $assert$src/auth_ctrl.v:196$61_EN.
Import proof for assert: \f_token when $assert$src/auth_ctrl.v:198$66_EN.
Import proof for assert: \f_cmd_seen when $assert$src/auth_ctrl.v:200$70_EN.
Import proof for assert: \f_rx_complete when $assert$src/auth_ctrl.v:202$74_EN.
Import proof for assert: \f_seal_seen when $assert$src/auth_ctrl.v:204$78_EN.
Import proof for assert: $logic_not$src/auth_ctrl.v:196$62_Y when $assert$src/auth_ctrl.v:205$80_EN.
Import proof for assert: $logic_and$src/auth_ctrl.v:206$85_Y when $assert$src/auth_ctrl.v:206$83_EN.
Import proof for assert: $logic_and$src/auth_ctrl.v:208$90_Y when $assert$src/auth_ctrl.v:208$87_EN.
Import proof for assert: \session_end when $assert$src/auth_ctrl.v:210$93_EN.
Import proof for assert: $logic_or$src/auth_ctrl.v:211$97_Y when $assert$src/auth_ctrl.v:193$56_EN.
Import proof for assert: $logic_or$src/auth_ctrl.v:212$100_Y when $assert$src/auth_ctrl.v:193$56_EN.

Setting up time step 6:
Final constraint equation: { } = { }
Import def constraint for this timestep: \rx_active
Import def constraint for this timestep: \tx_done
Import def constraint for this timestep: \rx_done
Import def constraint for this timestep: \protocol_error
Import def constraint for this timestep: \seal_ready
Import def constraint for this timestep: \tx_active
Import def constraint for this timestep: \cipher_m_valid
Import def constraint for this timestep: \cmd_ready
Import def constraint for this timestep: \txn_valid
Import def constraint for this timestep: \rst_n
Import def constraint for this timestep: \ms_tick
Import def constraint for this timestep: \frame_start
Import def constraint for this timestep: \clk
Imported 147 cells to SAT database.
Import proof for assert: $le$src/auth_ctrl.v:193$57_Y when $assert$src/auth_ctrl.v:193$56_EN.
Import proof for assert: $lt$src/auth_ctrl.v:194$59_Y when $assert$src/auth_ctrl.v:193$56_EN.
Import proof for assert: $logic_not$src/auth_ctrl.v:196$62_Y when $assert$src/auth_ctrl.v:196$61_EN.
Import proof for assert: \f_token when $assert$src/auth_ctrl.v:198$66_EN.
Import proof for assert: \f_cmd_seen when $assert$src/auth_ctrl.v:200$70_EN.
Import proof for assert: \f_rx_complete when $assert$src/auth_ctrl.v:202$74_EN.
Import proof for assert: \f_seal_seen when $assert$src/auth_ctrl.v:204$78_EN.
Import proof for assert: $logic_not$src/auth_ctrl.v:196$62_Y when $assert$src/auth_ctrl.v:205$80_EN.
Import proof for assert: $logic_and$src/auth_ctrl.v:206$85_Y when $assert$src/auth_ctrl.v:206$83_EN.
Import proof for assert: $logic_and$src/auth_ctrl.v:208$90_Y when $assert$src/auth_ctrl.v:208$87_EN.
Import proof for assert: \session_end when $assert$src/auth_ctrl.v:210$93_EN.
Import proof for assert: $logic_or$src/auth_ctrl.v:211$97_Y when $assert$src/auth_ctrl.v:193$56_EN.
Import proof for assert: $logic_or$src/auth_ctrl.v:212$100_Y when $assert$src/auth_ctrl.v:193$56_EN.

Setting up time step 7:
Final constraint equation: { } = { }
Import def constraint for this timestep: \rx_active
Import def constraint for this timestep: \tx_done
Import def constraint for this timestep: \rx_done
Import def constraint for this timestep: \protocol_error
Import def constraint for this timestep: \seal_ready
Import def constraint for this timestep: \tx_active
Import def constraint for this timestep: \cipher_m_valid
Import def constraint for this timestep: \cmd_ready
Import def constraint for this timestep: \txn_valid
Import def constraint for this timestep: \rst_n
Import def constraint for this timestep: \ms_tick
Import def constraint for this timestep: \frame_start
Import def constraint for this timestep: \clk
Imported 147 cells to SAT database.
Import proof for assert: $le$src/auth_ctrl.v:193$57_Y when $assert$src/auth_ctrl.v:193$56_EN.
Import proof for assert: $lt$src/auth_ctrl.v:194$59_Y when $assert$src/auth_ctrl.v:193$56_EN.
Import proof for assert: $logic_not$src/auth_ctrl.v:196$62_Y when $assert$src/auth_ctrl.v:196$61_EN.
Import proof for assert: \f_token when $assert$src/auth_ctrl.v:198$66_EN.
Import proof for assert: \f_cmd_seen when $assert$src/auth_ctrl.v:200$70_EN.
Import proof for assert: \f_rx_complete when $assert$src/auth_ctrl.v:202$74_EN.
Import proof for assert: \f_seal_seen when $assert$src/auth_ctrl.v:204$78_EN.
Import proof for assert: $logic_not$src/auth_ctrl.v:196$62_Y when $assert$src/auth_ctrl.v:205$80_EN.
Import proof for assert: $logic_and$src/auth_ctrl.v:206$85_Y when $assert$src/auth_ctrl.v:206$83_EN.
Import proof for assert: $logic_and$src/auth_ctrl.v:208$90_Y when $assert$src/auth_ctrl.v:208$87_EN.
Import proof for assert: \session_end when $assert$src/auth_ctrl.v:210$93_EN.
Import proof for assert: $logic_or$src/auth_ctrl.v:211$97_Y when $assert$src/auth_ctrl.v:193$56_EN.
Import proof for assert: $logic_or$src/auth_ctrl.v:212$100_Y when $assert$src/auth_ctrl.v:193$56_EN.

Setting up time step 8:
Final constraint equation: { } = { }
Import def constraint for this timestep: \rx_active
Import def constraint for this timestep: \tx_done
Import def constraint for this timestep: \rx_done
Import def constraint for this timestep: \protocol_error
Import def constraint for this timestep: \seal_ready
Import def constraint for this timestep: \tx_active
Import def constraint for this timestep: \cipher_m_valid
Import def constraint for this timestep: \cmd_ready
Import def constraint for this timestep: \txn_valid
Import def constraint for this timestep: \rst_n
Import def constraint for this timestep: \ms_tick
Import def constraint for this timestep: \frame_start
Import def constraint for this timestep: \clk
Imported 147 cells to SAT database.
Import proof for assert: $le$src/auth_ctrl.v:193$57_Y when $assert$src/auth_ctrl.v:193$56_EN.
Import proof for assert: $lt$src/auth_ctrl.v:194$59_Y when $assert$src/auth_ctrl.v:193$56_EN.
Import proof for assert: $logic_not$src/auth_ctrl.v:196$62_Y when $assert$src/auth_ctrl.v:196$61_EN.
Import proof for assert: \f_token when $assert$src/auth_ctrl.v:198$66_EN.
Import proof for assert: \f_cmd_seen when $assert$src/auth_ctrl.v:200$70_EN.
Import proof for assert: \f_rx_complete when $assert$src/auth_ctrl.v:202$74_EN.
Import proof for assert: \f_seal_seen when $assert$src/auth_ctrl.v:204$78_EN.
Import proof for assert: $logic_not$src/auth_ctrl.v:196$62_Y when $assert$src/auth_ctrl.v:205$80_EN.
Import proof for assert: $logic_and$src/auth_ctrl.v:206$85_Y when $assert$src/auth_ctrl.v:206$83_EN.
Import proof for assert: $logic_and$src/auth_ctrl.v:208$90_Y when $assert$src/auth_ctrl.v:208$87_EN.
Import proof for assert: \session_end when $assert$src/auth_ctrl.v:210$93_EN.
Import proof for assert: $logic_or$src/auth_ctrl.v:211$97_Y when $assert$src/auth_ctrl.v:193$56_EN.
Import proof for assert: $logic_or$src/auth_ctrl.v:212$100_Y when $assert$src/auth_ctrl.v:193$56_EN.

Setting up time step 9:
Final constraint equation: { } = { }
Import def constraint for this timestep: \rx_active
Import def constraint for this timestep: \tx_done
Import def constraint for this timestep: \rx_done
Import def constraint for this timestep: \protocol_error
Import def constraint for this timestep: \seal_ready
Import def constraint for this timestep: \tx_active
Import def constraint for this timestep: \cipher_m_valid
Import def constraint for this timestep: \cmd_ready
Import def constraint for this timestep: \txn_valid
Import def constraint for this timestep: \rst_n
Import def constraint for this timestep: \ms_tick
Import def constraint for this timestep: \frame_start
Import def constraint for this timestep: \clk
Imported 147 cells to SAT database.
Import proof for assert: $le$src/auth_ctrl.v:193$57_Y when $assert$src/auth_ctrl.v:193$56_EN.
Import proof for assert: $lt$src/auth_ctrl.v:194$59_Y when $assert$src/auth_ctrl.v:193$56_EN.
Import proof for assert: $logic_not$src/auth_ctrl.v:196$62_Y when $assert$src/auth_ctrl.v:196$61_EN.
Import proof for assert: \f_token when $assert$src/auth_ctrl.v:198$66_EN.
Import proof for assert: \f_cmd_seen when $assert$src/auth_ctrl.v:200$70_EN.
Import proof for assert: \f_rx_complete when $assert$src/auth_ctrl.v:202$74_EN.
Import proof for assert: \f_seal_seen when $assert$src/auth_ctrl.v:204$78_EN.
Import proof for assert: $logic_not$src/auth_ctrl.v:196$62_Y when $assert$src/auth_ctrl.v:205$80_EN.
Import proof for assert: $logic_and$src/auth_ctrl.v:206$85_Y when $assert$src/auth_ctrl.v:206$83_EN.
Import proof for assert: $logic_and$src/auth_ctrl.v:208$90_Y when $assert$src/auth_ctrl.v:208$87_EN.
Import proof for assert: \session_end when $assert$src/auth_ctrl.v:210$93_EN.
Import proof for assert: $logic_or$src/auth_ctrl.v:211$97_Y when $assert$src/auth_ctrl.v:193$56_EN.
Import proof for assert: $logic_or$src/auth_ctrl.v:212$100_Y when $assert$src/auth_ctrl.v:193$56_EN.

Setting up time step 10:
Final constraint equation: { } = { }
Import def constraint for this timestep: \rx_active
Import def constraint for this timestep: \tx_done
Import def constraint for this timestep: \rx_done
Import def constraint for this timestep: \protocol_error
Import def constraint for this timestep: \seal_ready
Import def constraint for this timestep: \tx_active
Import def constraint for this timestep: \cipher_m_valid
Import def constraint for this timestep: \cmd_ready
Import def constraint for this timestep: \txn_valid
Import def constraint for this timestep: \rst_n
Import def constraint for this timestep: \ms_tick
Import def constraint for this timestep: \frame_start
Import def constraint for this timestep: \clk
Imported 147 cells to SAT database.
Import proof for assert: $le$src/auth_ctrl.v:193$57_Y when $assert$src/auth_ctrl.v:193$56_EN.
Import proof for assert: $lt$src/auth_ctrl.v:194$59_Y when $assert$src/auth_ctrl.v:193$56_EN.
Import proof for assert: $logic_not$src/auth_ctrl.v:196$62_Y when $assert$src/auth_ctrl.v:196$61_EN.
Import proof for assert: \f_token when $assert$src/auth_ctrl.v:198$66_EN.
Import proof for assert: \f_cmd_seen when $assert$src/auth_ctrl.v:200$70_EN.
Import proof for assert: \f_rx_complete when $assert$src/auth_ctrl.v:202$74_EN.
Import proof for assert: \f_seal_seen when $assert$src/auth_ctrl.v:204$78_EN.
Import proof for assert: $logic_not$src/auth_ctrl.v:196$62_Y when $assert$src/auth_ctrl.v:205$80_EN.
Import proof for assert: $logic_and$src/auth_ctrl.v:206$85_Y when $assert$src/auth_ctrl.v:206$83_EN.
Import proof for assert: $logic_and$src/auth_ctrl.v:208$90_Y when $assert$src/auth_ctrl.v:208$87_EN.
Import proof for assert: \session_end when $assert$src/auth_ctrl.v:210$93_EN.
Import proof for assert: $logic_or$src/auth_ctrl.v:211$97_Y when $assert$src/auth_ctrl.v:193$56_EN.
Import proof for assert: $logic_or$src/auth_ctrl.v:212$100_Y when $assert$src/auth_ctrl.v:193$56_EN.

Setting up time step 11:
Final constraint equation: { } = { }
Import def constraint for this timestep: \rx_active
Import def constraint for this timestep: \tx_done
Import def constraint for this timestep: \rx_done
Import def constraint for this timestep: \protocol_error
Import def constraint for this timestep: \seal_ready
Import def constraint for this timestep: \tx_active
Import def constraint for this timestep: \cipher_m_valid
Import def constraint for this timestep: \cmd_ready
Import def constraint for this timestep: \txn_valid
Import def constraint for this timestep: \rst_n
Import def constraint for this timestep: \ms_tick
Import def constraint for this timestep: \frame_start
Import def constraint for this timestep: \clk
Imported 147 cells to SAT database.
Import proof for assert: $le$src/auth_ctrl.v:193$57_Y when $assert$src/auth_ctrl.v:193$56_EN.
Import proof for assert: $lt$src/auth_ctrl.v:194$59_Y when $assert$src/auth_ctrl.v:193$56_EN.
Import proof for assert: $logic_not$src/auth_ctrl.v:196$62_Y when $assert$src/auth_ctrl.v:196$61_EN.
Import proof for assert: \f_token when $assert$src/auth_ctrl.v:198$66_EN.
Import proof for assert: \f_cmd_seen when $assert$src/auth_ctrl.v:200$70_EN.
Import proof for assert: \f_rx_complete when $assert$src/auth_ctrl.v:202$74_EN.
Import proof for assert: \f_seal_seen when $assert$src/auth_ctrl.v:204$78_EN.
Import proof for assert: $logic_not$src/auth_ctrl.v:196$62_Y when $assert$src/auth_ctrl.v:205$80_EN.
Import proof for assert: $logic_and$src/auth_ctrl.v:206$85_Y when $assert$src/auth_ctrl.v:206$83_EN.
Import proof for assert: $logic_and$src/auth_ctrl.v:208$90_Y when $assert$src/auth_ctrl.v:208$87_EN.
Import proof for assert: \session_end when $assert$src/auth_ctrl.v:210$93_EN.
Import proof for assert: $logic_or$src/auth_ctrl.v:211$97_Y when $assert$src/auth_ctrl.v:193$56_EN.
Import proof for assert: $logic_or$src/auth_ctrl.v:212$100_Y when $assert$src/auth_ctrl.v:193$56_EN.

Setting up time step 12:
Final constraint equation: { } = { }
Import def constraint for this timestep: \rx_active
Import def constraint for this timestep: \tx_done
Import def constraint for this timestep: \rx_done
Import def constraint for this timestep: \protocol_error
Import def constraint for this timestep: \seal_ready
Import def constraint for this timestep: \tx_active
Import def constraint for this timestep: \cipher_m_valid
Import def constraint for this timestep: \cmd_ready
Import def constraint for this timestep: \txn_valid
Import def constraint for this timestep: \rst_n
Import def constraint for this timestep: \ms_tick
Import def constraint for this timestep: \frame_start
Import def constraint for this timestep: \clk
Imported 147 cells to SAT database.
Import proof for assert: $le$src/auth_ctrl.v:193$57_Y when $assert$src/auth_ctrl.v:193$56_EN.
Import proof for assert: $lt$src/auth_ctrl.v:194$59_Y when $assert$src/auth_ctrl.v:193$56_EN.
Import proof for assert: $logic_not$src/auth_ctrl.v:196$62_Y when $assert$src/auth_ctrl.v:196$61_EN.
Import proof for assert: \f_token when $assert$src/auth_ctrl.v:198$66_EN.
Import proof for assert: \f_cmd_seen when $assert$src/auth_ctrl.v:200$70_EN.
Import proof for assert: \f_rx_complete when $assert$src/auth_ctrl.v:202$74_EN.
Import proof for assert: \f_seal_seen when $assert$src/auth_ctrl.v:204$78_EN.
Import proof for assert: $logic_not$src/auth_ctrl.v:196$62_Y when $assert$src/auth_ctrl.v:205$80_EN.
Import proof for assert: $logic_and$src/auth_ctrl.v:206$85_Y when $assert$src/auth_ctrl.v:206$83_EN.
Import proof for assert: $logic_and$src/auth_ctrl.v:208$90_Y when $assert$src/auth_ctrl.v:208$87_EN.
Import proof for assert: \session_end when $assert$src/auth_ctrl.v:210$93_EN.
Import proof for assert: $logic_or$src/auth_ctrl.v:211$97_Y when $assert$src/auth_ctrl.v:193$56_EN.
Import proof for assert: $logic_or$src/auth_ctrl.v:212$100_Y when $assert$src/auth_ctrl.v:193$56_EN.

Setting up time step 13:
Final constraint equation: { } = { }
Import def constraint for this timestep: \rx_active
Import def constraint for this timestep: \tx_done
Import def constraint for this timestep: \rx_done
Import def constraint for this timestep: \protocol_error
Import def constraint for this timestep: \seal_ready
Import def constraint for this timestep: \tx_active
Import def constraint for this timestep: \cipher_m_valid
Import def constraint for this timestep: \cmd_ready
Import def constraint for this timestep: \txn_valid
Import def constraint for this timestep: \rst_n
Import def constraint for this timestep: \ms_tick
Import def constraint for this timestep: \frame_start
Import def constraint for this timestep: \clk
Imported 147 cells to SAT database.
Import proof for assert: $le$src/auth_ctrl.v:193$57_Y when $assert$src/auth_ctrl.v:193$56_EN.
Import proof for assert: $lt$src/auth_ctrl.v:194$59_Y when $assert$src/auth_ctrl.v:193$56_EN.
Import proof for assert: $logic_not$src/auth_ctrl.v:196$62_Y when $assert$src/auth_ctrl.v:196$61_EN.
Import proof for assert: \f_token when $assert$src/auth_ctrl.v:198$66_EN.
Import proof for assert: \f_cmd_seen when $assert$src/auth_ctrl.v:200$70_EN.
Import proof for assert: \f_rx_complete when $assert$src/auth_ctrl.v:202$74_EN.
Import proof for assert: \f_seal_seen when $assert$src/auth_ctrl.v:204$78_EN.
Import proof for assert: $logic_not$src/auth_ctrl.v:196$62_Y when $assert$src/auth_ctrl.v:205$80_EN.
Import proof for assert: $logic_and$src/auth_ctrl.v:206$85_Y when $assert$src/auth_ctrl.v:206$83_EN.
Import proof for assert: $logic_and$src/auth_ctrl.v:208$90_Y when $assert$src/auth_ctrl.v:208$87_EN.
Import proof for assert: \session_end when $assert$src/auth_ctrl.v:210$93_EN.
Import proof for assert: $logic_or$src/auth_ctrl.v:211$97_Y when $assert$src/auth_ctrl.v:193$56_EN.
Import proof for assert: $logic_or$src/auth_ctrl.v:212$100_Y when $assert$src/auth_ctrl.v:193$56_EN.

Setting up time step 14:
Final constraint equation: { } = { }
Import def constraint for this timestep: \rx_active
Import def constraint for this timestep: \tx_done
Import def constraint for this timestep: \rx_done
Import def constraint for this timestep: \protocol_error
Import def constraint for this timestep: \seal_ready
Import def constraint for this timestep: \tx_active
Import def constraint for this timestep: \cipher_m_valid
Import def constraint for this timestep: \cmd_ready
Import def constraint for this timestep: \txn_valid
Import def constraint for this timestep: \rst_n
Import def constraint for this timestep: \ms_tick
Import def constraint for this timestep: \frame_start
Import def constraint for this timestep: \clk
Imported 147 cells to SAT database.
Import proof for assert: $le$src/auth_ctrl.v:193$57_Y when $assert$src/auth_ctrl.v:193$56_EN.
Import proof for assert: $lt$src/auth_ctrl.v:194$59_Y when $assert$src/auth_ctrl.v:193$56_EN.
Import proof for assert: $logic_not$src/auth_ctrl.v:196$62_Y when $assert$src/auth_ctrl.v:196$61_EN.
Import proof for assert: \f_token when $assert$src/auth_ctrl.v:198$66_EN.
Import proof for assert: \f_cmd_seen when $assert$src/auth_ctrl.v:200$70_EN.
Import proof for assert: \f_rx_complete when $assert$src/auth_ctrl.v:202$74_EN.
Import proof for assert: \f_seal_seen when $assert$src/auth_ctrl.v:204$78_EN.
Import proof for assert: $logic_not$src/auth_ctrl.v:196$62_Y when $assert$src/auth_ctrl.v:205$80_EN.
Import proof for assert: $logic_and$src/auth_ctrl.v:206$85_Y when $assert$src/auth_ctrl.v:206$83_EN.
Import proof for assert: $logic_and$src/auth_ctrl.v:208$90_Y when $assert$src/auth_ctrl.v:208$87_EN.
Import proof for assert: \session_end when $assert$src/auth_ctrl.v:210$93_EN.
Import proof for assert: $logic_or$src/auth_ctrl.v:211$97_Y when $assert$src/auth_ctrl.v:193$56_EN.
Import proof for assert: $logic_or$src/auth_ctrl.v:212$100_Y when $assert$src/auth_ctrl.v:193$56_EN.

Setting up time step 15:
Final constraint equation: { } = { }
Import def constraint for this timestep: \rx_active
Import def constraint for this timestep: \tx_done
Import def constraint for this timestep: \rx_done
Import def constraint for this timestep: \protocol_error
Import def constraint for this timestep: \seal_ready
Import def constraint for this timestep: \tx_active
Import def constraint for this timestep: \cipher_m_valid
Import def constraint for this timestep: \cmd_ready
Import def constraint for this timestep: \txn_valid
Import def constraint for this timestep: \rst_n
Import def constraint for this timestep: \ms_tick
Import def constraint for this timestep: \frame_start
Import def constraint for this timestep: \clk
Imported 147 cells to SAT database.
Import proof for assert: $le$src/auth_ctrl.v:193$57_Y when $assert$src/auth_ctrl.v:193$56_EN.
Import proof for assert: $lt$src/auth_ctrl.v:194$59_Y when $assert$src/auth_ctrl.v:193$56_EN.
Import proof for assert: $logic_not$src/auth_ctrl.v:196$62_Y when $assert$src/auth_ctrl.v:196$61_EN.
Import proof for assert: \f_token when $assert$src/auth_ctrl.v:198$66_EN.
Import proof for assert: \f_cmd_seen when $assert$src/auth_ctrl.v:200$70_EN.
Import proof for assert: \f_rx_complete when $assert$src/auth_ctrl.v:202$74_EN.
Import proof for assert: \f_seal_seen when $assert$src/auth_ctrl.v:204$78_EN.
Import proof for assert: $logic_not$src/auth_ctrl.v:196$62_Y when $assert$src/auth_ctrl.v:205$80_EN.
Import proof for assert: $logic_and$src/auth_ctrl.v:206$85_Y when $assert$src/auth_ctrl.v:206$83_EN.
Import proof for assert: $logic_and$src/auth_ctrl.v:208$90_Y when $assert$src/auth_ctrl.v:208$87_EN.
Import proof for assert: \session_end when $assert$src/auth_ctrl.v:210$93_EN.
Import proof for assert: $logic_or$src/auth_ctrl.v:211$97_Y when $assert$src/auth_ctrl.v:193$56_EN.
Import proof for assert: $logic_or$src/auth_ctrl.v:212$100_Y when $assert$src/auth_ctrl.v:193$56_EN.

Setting up time step 16:
Final constraint equation: { } = { }
Import def constraint for this timestep: \rx_active
Import def constraint for this timestep: \tx_done
Import def constraint for this timestep: \rx_done
Import def constraint for this timestep: \protocol_error
Import def constraint for this timestep: \seal_ready
Import def constraint for this timestep: \tx_active
Import def constraint for this timestep: \cipher_m_valid
Import def constraint for this timestep: \cmd_ready
Import def constraint for this timestep: \txn_valid
Import def constraint for this timestep: \rst_n
Import def constraint for this timestep: \ms_tick
Import def constraint for this timestep: \frame_start
Import def constraint for this timestep: \clk
Imported 147 cells to SAT database.
Import proof for assert: $le$src/auth_ctrl.v:193$57_Y when $assert$src/auth_ctrl.v:193$56_EN.
Import proof for assert: $lt$src/auth_ctrl.v:194$59_Y when $assert$src/auth_ctrl.v:193$56_EN.
Import proof for assert: $logic_not$src/auth_ctrl.v:196$62_Y when $assert$src/auth_ctrl.v:196$61_EN.
Import proof for assert: \f_token when $assert$src/auth_ctrl.v:198$66_EN.
Import proof for assert: \f_cmd_seen when $assert$src/auth_ctrl.v:200$70_EN.
Import proof for assert: \f_rx_complete when $assert$src/auth_ctrl.v:202$74_EN.
Import proof for assert: \f_seal_seen when $assert$src/auth_ctrl.v:204$78_EN.
Import proof for assert: $logic_not$src/auth_ctrl.v:196$62_Y when $assert$src/auth_ctrl.v:205$80_EN.
Import proof for assert: $logic_and$src/auth_ctrl.v:206$85_Y when $assert$src/auth_ctrl.v:206$83_EN.
Import proof for assert: $logic_and$src/auth_ctrl.v:208$90_Y when $assert$src/auth_ctrl.v:208$87_EN.
Import proof for assert: \session_end when $assert$src/auth_ctrl.v:210$93_EN.
Import proof for assert: $logic_or$src/auth_ctrl.v:211$97_Y when $assert$src/auth_ctrl.v:193$56_EN.
Import proof for assert: $logic_or$src/auth_ctrl.v:212$100_Y when $assert$src/auth_ctrl.v:193$56_EN.

Setting up time step 17:
Final constraint equation: { } = { }
Import def constraint for this timestep: \rx_active
Import def constraint for this timestep: \tx_done
Import def constraint for this timestep: \rx_done
Import def constraint for this timestep: \protocol_error
Import def constraint for this timestep: \seal_ready
Import def constraint for this timestep: \tx_active
Import def constraint for this timestep: \cipher_m_valid
Import def constraint for this timestep: \cmd_ready
Import def constraint for this timestep: \txn_valid
Import def constraint for this timestep: \rst_n
Import def constraint for this timestep: \ms_tick
Import def constraint for this timestep: \frame_start
Import def constraint for this timestep: \clk
Imported 147 cells to SAT database.
Import proof for assert: $le$src/auth_ctrl.v:193$57_Y when $assert$src/auth_ctrl.v:193$56_EN.
Import proof for assert: $lt$src/auth_ctrl.v:194$59_Y when $assert$src/auth_ctrl.v:193$56_EN.
Import proof for assert: $logic_not$src/auth_ctrl.v:196$62_Y when $assert$src/auth_ctrl.v:196$61_EN.
Import proof for assert: \f_token when $assert$src/auth_ctrl.v:198$66_EN.
Import proof for assert: \f_cmd_seen when $assert$src/auth_ctrl.v:200$70_EN.
Import proof for assert: \f_rx_complete when $assert$src/auth_ctrl.v:202$74_EN.
Import proof for assert: \f_seal_seen when $assert$src/auth_ctrl.v:204$78_EN.
Import proof for assert: $logic_not$src/auth_ctrl.v:196$62_Y when $assert$src/auth_ctrl.v:205$80_EN.
Import proof for assert: $logic_and$src/auth_ctrl.v:206$85_Y when $assert$src/auth_ctrl.v:206$83_EN.
Import proof for assert: $logic_and$src/auth_ctrl.v:208$90_Y when $assert$src/auth_ctrl.v:208$87_EN.
Import proof for assert: \session_end when $assert$src/auth_ctrl.v:210$93_EN.
Import proof for assert: $logic_or$src/auth_ctrl.v:211$97_Y when $assert$src/auth_ctrl.v:193$56_EN.
Import proof for assert: $logic_or$src/auth_ctrl.v:212$100_Y when $assert$src/auth_ctrl.v:193$56_EN.

Setting up time step 18:
Final constraint equation: { } = { }
Import def constraint for this timestep: \rx_active
Import def constraint for this timestep: \tx_done
Import def constraint for this timestep: \rx_done
Import def constraint for this timestep: \protocol_error
Import def constraint for this timestep: \seal_ready
Import def constraint for this timestep: \tx_active
Import def constraint for this timestep: \cipher_m_valid
Import def constraint for this timestep: \cmd_ready
Import def constraint for this timestep: \txn_valid
Import def constraint for this timestep: \rst_n
Import def constraint for this timestep: \ms_tick
Import def constraint for this timestep: \frame_start
Import def constraint for this timestep: \clk
Imported 147 cells to SAT database.
Import proof for assert: $le$src/auth_ctrl.v:193$57_Y when $assert$src/auth_ctrl.v:193$56_EN.
Import proof for assert: $lt$src/auth_ctrl.v:194$59_Y when $assert$src/auth_ctrl.v:193$56_EN.
Import proof for assert: $logic_not$src/auth_ctrl.v:196$62_Y when $assert$src/auth_ctrl.v:196$61_EN.
Import proof for assert: \f_token when $assert$src/auth_ctrl.v:198$66_EN.
Import proof for assert: \f_cmd_seen when $assert$src/auth_ctrl.v:200$70_EN.
Import proof for assert: \f_rx_complete when $assert$src/auth_ctrl.v:202$74_EN.
Import proof for assert: \f_seal_seen when $assert$src/auth_ctrl.v:204$78_EN.
Import proof for assert: $logic_not$src/auth_ctrl.v:196$62_Y when $assert$src/auth_ctrl.v:205$80_EN.
Import proof for assert: $logic_and$src/auth_ctrl.v:206$85_Y when $assert$src/auth_ctrl.v:206$83_EN.
Import proof for assert: $logic_and$src/auth_ctrl.v:208$90_Y when $assert$src/auth_ctrl.v:208$87_EN.
Import proof for assert: \session_end when $assert$src/auth_ctrl.v:210$93_EN.
Import proof for assert: $logic_or$src/auth_ctrl.v:211$97_Y when $assert$src/auth_ctrl.v:193$56_EN.
Import proof for assert: $logic_or$src/auth_ctrl.v:212$100_Y when $assert$src/auth_ctrl.v:193$56_EN.

Setting up time step 19:
Final constraint equation: { } = { }
Import def constraint for this timestep: \rx_active
Import def constraint for this timestep: \tx_done
Import def constraint for this timestep: \rx_done
Import def constraint for this timestep: \protocol_error
Import def constraint for this timestep: \seal_ready
Import def constraint for this timestep: \tx_active
Import def constraint for this timestep: \cipher_m_valid
Import def constraint for this timestep: \cmd_ready
Import def constraint for this timestep: \txn_valid
Import def constraint for this timestep: \rst_n
Import def constraint for this timestep: \ms_tick
Import def constraint for this timestep: \frame_start
Import def constraint for this timestep: \clk
Imported 147 cells to SAT database.
Import proof for assert: $le$src/auth_ctrl.v:193$57_Y when $assert$src/auth_ctrl.v:193$56_EN.
Import proof for assert: $lt$src/auth_ctrl.v:194$59_Y when $assert$src/auth_ctrl.v:193$56_EN.
Import proof for assert: $logic_not$src/auth_ctrl.v:196$62_Y when $assert$src/auth_ctrl.v:196$61_EN.
Import proof for assert: \f_token when $assert$src/auth_ctrl.v:198$66_EN.
Import proof for assert: \f_cmd_seen when $assert$src/auth_ctrl.v:200$70_EN.
Import proof for assert: \f_rx_complete when $assert$src/auth_ctrl.v:202$74_EN.
Import proof for assert: \f_seal_seen when $assert$src/auth_ctrl.v:204$78_EN.
Import proof for assert: $logic_not$src/auth_ctrl.v:196$62_Y when $assert$src/auth_ctrl.v:205$80_EN.
Import proof for assert: $logic_and$src/auth_ctrl.v:206$85_Y when $assert$src/auth_ctrl.v:206$83_EN.
Import proof for assert: $logic_and$src/auth_ctrl.v:208$90_Y when $assert$src/auth_ctrl.v:208$87_EN.
Import proof for assert: \session_end when $assert$src/auth_ctrl.v:210$93_EN.
Import proof for assert: $logic_or$src/auth_ctrl.v:211$97_Y when $assert$src/auth_ctrl.v:193$56_EN.
Import proof for assert: $logic_or$src/auth_ctrl.v:212$100_Y when $assert$src/auth_ctrl.v:193$56_EN.

Setting up time step 20:
Final constraint equation: { } = { }
Import def constraint for this timestep: \rx_active
Import def constraint for this timestep: \tx_done
Import def constraint for this timestep: \rx_done
Import def constraint for this timestep: \protocol_error
Import def constraint for this timestep: \seal_ready
Import def constraint for this timestep: \tx_active
Import def constraint for this timestep: \cipher_m_valid
Import def constraint for this timestep: \cmd_ready
Import def constraint for this timestep: \txn_valid
Import def constraint for this timestep: \rst_n
Import def constraint for this timestep: \ms_tick
Import def constraint for this timestep: \frame_start
Import def constraint for this timestep: \clk
Imported 147 cells to SAT database.
Import proof for assert: $le$src/auth_ctrl.v:193$57_Y when $assert$src/auth_ctrl.v:193$56_EN.
Import proof for assert: $lt$src/auth_ctrl.v:194$59_Y when $assert$src/auth_ctrl.v:193$56_EN.
Import proof for assert: $logic_not$src/auth_ctrl.v:196$62_Y when $assert$src/auth_ctrl.v:196$61_EN.
Import proof for assert: \f_token when $assert$src/auth_ctrl.v:198$66_EN.
Import proof for assert: \f_cmd_seen when $assert$src/auth_ctrl.v:200$70_EN.
Import proof for assert: \f_rx_complete when $assert$src/auth_ctrl.v:202$74_EN.
Import proof for assert: \f_seal_seen when $assert$src/auth_ctrl.v:204$78_EN.
Import proof for assert: $logic_not$src/auth_ctrl.v:196$62_Y when $assert$src/auth_ctrl.v:205$80_EN.
Import proof for assert: $logic_and$src/auth_ctrl.v:206$85_Y when $assert$src/auth_ctrl.v:206$83_EN.
Import proof for assert: $logic_and$src/auth_ctrl.v:208$90_Y when $assert$src/auth_ctrl.v:208$87_EN.
Import proof for assert: \session_end when $assert$src/auth_ctrl.v:210$93_EN.
Import proof for assert: $logic_or$src/auth_ctrl.v:211$97_Y when $assert$src/auth_ctrl.v:193$56_EN.
Import proof for assert: $logic_or$src/auth_ctrl.v:212$100_Y when $assert$src/auth_ctrl.v:193$56_EN.

Solving problem with 135143 variables and 371115 clauses..
SAT proof finished - no model found: SUCCESS!

                  /$$$$$$      /$$$$$$$$     /$$$$$$$    
                 /$$__  $$    | $$_____/    | $$__  $$   
                | $$  \ $$    | $$          | $$  \ $$   
                | $$  | $$    | $$$$$       | $$  | $$   
                | $$  | $$    | $$__/       | $$  | $$   
                | $$/$$ $$    | $$          | $$  | $$   
                |  $$$$$$/ /$$| $$$$$$$$ /$$| $$$$$$$//$$
                 \____ $$$|__/|________/|__/|_______/|__/
                       \__/                              

End of script. Logfile hash: 5947c94adb, CPU: user 2.07s system 0.20s, MEM: 124.05 MB peak
Yosys 0.52 (git sha1 fee39a3284c90249e1d9684cf6944ffbbcbb8f90)
Time spent: 97% 1x sat (2 sec), 0% 2x read_verilog (0 sec), ...
