
 /----------------------------------------------------------------------------\
 |  yosys -- Yosys Open SYnthesis Suite                                       |
 |  Copyright (C) 2012 - 2025  Claire Xenia Wolf <claire@yosyshq.com>         |
 |  Distributed under an ISC-like license, type "license" to see terms        |
 \----------------------------------------------------------------------------/
 Yosys 0.52 (git sha1 fee39a3284c90249e1d9684cf6944ffbbcbb8f90)

-- Running command `read_verilog -formal -D FORMAL src/szymon_fixed.v; chformal -lower; prep -top szymon_fixed; flatten; async2sync; formalff -clk2ff; memory_map; opt_clean; sat -verify -prove-asserts -set-init-zero -set-def-formal -set-def-inputs -seq 20' --

1. Executing Verilog-2005 frontend: src/szymon_fixed.v
Parsing formal Verilog input from `src/szymon_fixed.v' to AST representation.
Generating RTLIL representation for module `\szymon_fixed'.
Successfully finished Verilog frontend.

2. Executing PREP pass.

2.1. Executing HIERARCHY pass (managing design hierarchy).

2.1.1. Analyzing design hierarchy..
Top module:  \szymon_fixed

2.1.2. Analyzing design hierarchy..
Top module:  \szymon_fixed
Removed 0 unused modules.
Module szymon_fixed directly or indirectly contains formal properties -> setting "keep" attribute.

2.2. Executing PROC pass (convert processes to netlists).

2.2.1. Executing PROC_CLEAN pass (remove empty switches from decision trees).
Cleaned up 0 empty switches.

2.2.2. Executing PROC_RMDEAD pass (remove dead branches from decision trees).
Marked 1 switch rules as full_case in process $proc$src/szymon_fixed.v:245$86 in module szymon_fixed.
Marked 1 switch rules as full_case in process $proc$src/szymon_fixed.v:229$84 in module szymon_fixed.
Marked 8 switch rules as full_case in process $proc$src/szymon_fixed.v:136$55 in module szymon_fixed.
Marked 1 switch rules as full_case in process $proc$src/szymon_fixed.v:108$24 in module szymon_fixed.
Marked 1 switch rules as full_case in process $proc$src/szymon_fixed.v:90$13 in module szymon_fixed.
Removed a total of 0 dead cases.

2.2.3. Executing PROC_PRUNE pass (remove redundant assignments in processes).
Removed 3 redundant assignments.
Promoted 1 assignment to connection.

2.2.4. Executing PROC_INIT pass (extract init attributes).

2.2.5. Executing PROC_ARST pass (detect async resets in processes).
Found async reset \rst_n in `\szymon_fixed.$proc$src/szymon_fixed.v:136$55'.

2.2.6. Executing PROC_ROM pass (convert switches to ROMs).
Converted 0 switches.
<suppressed ~20 debug messages>

2.2.7. Executing PROC_MUX pass (convert decision trees to multiplexers).
Creating decoders for process `\szymon_fixed.$proc$src/szymon_fixed.v:255$92'.
     1/7: $assert$src/szymon_fixed.v:265$107_EN
     2/7: $assert$src/szymon_fixed.v:263$105_EN
     3/7: $assert$src/szymon_fixed.v:262$103_EN
     4/7: $assert$src/szymon_fixed.v:261$102_EN
     5/7: $assert$src/szymon_fixed.v:259$97_EN
     6/7: $assert$src/szymon_fixed.v:258$95_EN
     7/7: $assert$src/szymon_fixed.v:257$93_EN
Creating decoders for process `\szymon_fixed.$proc$src/szymon_fixed.v:245$86'.
     1/4: $0\f_past_valid[0:0]
     2/4: $0\f_prev_m_last[0:0]
     3/4: $0\f_prev_m_bit[0:0]
     4/4: $0\f_prev_m_stall[0:0]
Creating decoders for process `\szymon_fixed.$proc$src/szymon_fixed.v:229$84'.
     1/2: $0\b[31:0]
     2/2: $0\a[31:0]
Creating decoders for process `\szymon_fixed.$proc$src/szymon_fixed.v:136$55'.
     1/3: $0\round_count[5:0]
     2/3: $0\bit_count[5:0]
     3/3: $0\state[2:0]
Creating decoders for process `\szymon_fixed.$proc$src/szymon_fixed.v:108$24'.
     1/3: $0\key_accumulator[0:0]
     2/3: $0\key_phase[1:0]
     3/3: $0\key_depth[2:0]
Creating decoders for process `\szymon_fixed.$proc$src/szymon_fixed.v:90$13'.
     1/1: $1\bit_offset[4:0]

2.2.8. Executing PROC_DLATCH pass (convert process syncs to latches).
No latch inferred for signal `\szymon_fixed.\bit_offset' from process `\szymon_fixed.$proc$src/szymon_fixed.v:90$13'.

2.2.9. Executing PROC_DFF pass (convert process syncs to FFs).
Creating register for signal `\szymon_fixed.\f_past_valid' using process `\szymon_fixed.$proc$src/szymon_fixed.v:245$86'.
  created $dff cell `$procdff$295' with positive edge clock.
Creating register for signal `\szymon_fixed.\f_prev_m_stall' using process `\szymon_fixed.$proc$src/szymon_fixed.v:245$86'.
  created $dff cell `$procdff$296' with positive edge clock.
Creating register for signal `\szymon_fixed.\f_prev_m_bit' using process `\szymon_fixed.$proc$src/szymon_fixed.v:245$86'.
  created $dff cell `$procdff$297' with positive edge clock.
Creating register for signal `\szymon_fixed.\f_prev_m_last' using process `\szymon_fixed.$proc$src/szymon_fixed.v:245$86'.
  created $dff cell `$procdff$298' with positive edge clock.
Creating register for signal `\szymon_fixed.\a' using process `\szymon_fixed.$proc$src/szymon_fixed.v:229$84'.
  created $dff cell `$procdff$299' with positive edge clock.
Creating register for signal `\szymon_fixed.\b' using process `\szymon_fixed.$proc$src/szymon_fixed.v:229$84'.
  created $dff cell `$procdff$300' with positive edge clock.
Creating register for signal `\szymon_fixed.\state' using process `\szymon_fixed.$proc$src/szymon_fixed.v:136$55'.
  created $adff cell `$procdff$305' with positive edge clock and positive level reset.
Creating register for signal `\szymon_fixed.\bit_count' using process `\szymon_fixed.$proc$src/szymon_fixed.v:136$55'.
  created $adff cell `$procdff$310' with positive edge clock and positive level reset.
Creating register for signal `\szymon_fixed.\round_count' using process `\szymon_fixed.$proc$src/szymon_fixed.v:136$55'.
  created $adff cell `$procdff$315' with positive edge clock and positive level reset.
Creating register for signal `\szymon_fixed.\key_phase' using process `\szymon_fixed.$proc$src/szymon_fixed.v:108$24'.
  created $dff cell `$procdff$316' with positive edge clock.
Creating register for signal `\szymon_fixed.\key_depth' using process `\szymon_fixed.$proc$src/szymon_fixed.v:108$24'.
  created $dff cell `$procdff$317' with positive edge clock.
Creating register for signal `\szymon_fixed.\key_accumulator' using process `\szymon_fixed.$proc$src/szymon_fixed.v:108$24'.
  created $dff cell `$procdff$318' with positive edge clock.

2.2.10. Executing PROC_MEMWR pass (convert process memory writes to cells).

2.2.11. Executing PROC_CLEAN pass (remove empty switches from decision trees).
Found and cleaned up 2 empty switches in `\szymon_fixed.$proc$src/szymon_fixed.v:255$92'.
Removing empty process `szymon_fixed.$proc$src/szymon_fixed.v:255$92'.
Found and cleaned up 1 empty switch in `\szymon_fixed.$proc$src/szymon_fixed.v:245$86'.
Removing empty process `szymon_fixed.$proc$src/szymon_fixed.v:245$86'.
Found and cleaned up 2 empty switches in `\szymon_fixed.$proc$src/szymon_fixed.v:229$84'.
Removing empty process `szymon_fixed.$proc$src/szymon_fixed.v:229$84'.
Found and cleaned up 12 empty switches in `\szymon_fixed.$proc$src/szymon_fixed.v:136$55'.
Removing empty process `szymon_fixed.$proc$src/szymon_fixed.v:136$55'.
Found and cleaned up 2 empty switches in `\szymon_fixed.$proc$src/szymon_fixed.v:108$24'.
Removing empty process `szymon_fixed.$proc$src/szymon_fixed.v:108$24'.
Found and cleaned up 1 empty switch in `\szymon_fixed.$proc$src/szymon_fixed.v:90$13'.
Removing empty process `szymon_fixed.$proc$src/szymon_fixed.v:90$13'.
Cleaned up 20 empty switches.

2.2.12. Executing OPT_EXPR pass (perform const folding).
Optimizing module szymon_fixed.
<suppressed ~20 debug messages>

2.3. Executing FUTURE pass.

2.4. Executing OPT_EXPR pass (perform const folding).
Optimizing module szymon_fixed.

2.5. Executing OPT_CLEAN pass (remove unused cells and wires).
Finding unused cells or wires in module \szymon_fixed..
Removed 20 unused cells and 117 unused wires.
<suppressed ~22 debug messages>

2.6. Executing CHECK pass (checking for obvious problems).
Checking module szymon_fixed...
Found and reported 0 problems.

2.7. Executing OPT pass (performing simple optimizations).

2.7.1. Executing OPT_EXPR pass (perform const folding).
Optimizing module szymon_fixed.

2.7.2. Executing OPT_MERGE pass (detect identical cells).
Finding identical cells in module `\szymon_fixed'.
<suppressed ~96 debug messages>
Removed a total of 32 cells.

2.7.3. Executing OPT_MUXTREE pass (detect dead branches in mux trees).
Running muxtree optimizer on module \szymon_fixed..
  Creating internal representation of mux trees.
  Evaluating internal representation of mux trees.
  Analyzing evaluation results.
Removed 0 multiplexer ports.
<suppressed ~23 debug messages>

2.7.4. Executing OPT_REDUCE pass (consolidate $*mux and $reduce_* inputs).
  Optimizing cells in module \szymon_fixed.
    New ctrl vector for $pmux cell $procmux$189: { \seal_ready $eq$src/szymon_fixed.v:220$71_Y \m_valid $auto$opt_reduce.cc:137:opt_pmux$320 }
  Optimizing cells in module \szymon_fixed.
Performed a total of 1 changes.

2.7.5. Executing OPT_MERGE pass (detect identical cells).
Finding identical cells in module `\szymon_fixed'.
<suppressed ~30 debug messages>
Removed a total of 10 cells.

2.7.6. Executing OPT_CLEAN pass (remove unused cells and wires).
Finding unused cells or wires in module \szymon_fixed..
Removed 0 unused cells and 42 unused wires.
<suppressed ~1 debug messages>

2.7.7. Executing OPT_EXPR pass (perform const folding).
Optimizing module szymon_fixed.
<suppressed ~1 debug messages>

2.7.8. Rerunning OPT passes. (Maybe there is more to do..)

2.7.9. Executing OPT_MUXTREE pass (detect dead branches in mux trees).
Running muxtree optimizer on module \szymon_fixed..
  Creating internal representation of mux trees.
  Evaluating internal representation of mux trees.
  Analyzing evaluation results.
Removed 0 multiplexer ports.
<suppressed ~20 debug messages>

2.7.10. Executing OPT_REDUCE pass (consolidate $*mux and $reduce_* inputs).
  Optimizing cells in module \szymon_fixed.
Performed a total of 0 changes.

2.7.11. Executing OPT_MERGE pass (detect identical cells).
Finding identical cells in module `\szymon_fixed'.
Removed a total of 0 cells.

2.7.12. Executing OPT_CLEAN pass (remove unused cells and wires).
Finding unused cells or wires in module \szymon_fixed..
Removed 1 unused cells and 2 unused wires.
<suppressed ~2 debug messages>

2.7.13. Executing OPT_EXPR pass (perform const folding).
Optimizing module szymon_fixed.

2.7.14. Rerunning OPT passes. (Maybe there is more to do..)

2.7.15. Executing OPT_MUXTREE pass (detect dead branches in mux trees).
Running muxtree optimizer on module \szymon_fixed..
  Creating internal representation of mux trees.
  Evaluating internal representation of mux trees.
  Analyzing evaluation results.
Removed 0 multiplexer ports.
<suppressed ~20 debug messages>

2.7.16. Executing OPT_REDUCE pass (consolidate $*mux and $reduce_* inputs).
  Optimizing cells in module \szymon_fixed.
Performed a total of 0 changes.

2.7.17. Executing OPT_MERGE pass (detect identical cells).
Finding identical cells in module `\szymon_fixed'.
Removed a total of 0 cells.

2.7.18. Executing OPT_CLEAN pass (remove unused cells and wires).
Finding unused cells or wires in module \szymon_fixed..

2.7.19. Executing OPT_EXPR pass (perform const folding).
Optimizing module szymon_fixed.

2.7.20. Finished OPT passes. (There is nothing left to do.)

2.8. Executing WREDUCE pass (reducing word size of cells).
Removed top 1 bits (of 6) from port B of cell szymon_fixed.$sub$src/szymon_fixed.v:84$5 ($sub).
Removed top 4 bits (of 6) from mux cell szymon_fixed.$ternary$src/szymon_fixed.v:88$10 ($mux).
Removed top 4 bits (of 6) from port B of cell szymon_fixed.$sub$src/szymon_fixed.v:88$11 ($sub).
Removed top 1 bits (of 3) from port B of cell szymon_fixed.$ne$src/szymon_fixed.v:109$27 ($ne).
Removed top 2 bits (of 3) from port B of cell szymon_fixed.$eq$src/szymon_fixed.v:129$47 ($eq).
Removed top 1 bits (of 3) from port B of cell szymon_fixed.$eq$src/szymon_fixed.v:130$48 ($eq).
Removed top 1 bits (of 6) from port B of cell szymon_fixed.$eq$src/szymon_fixed.v:175$62 ($eq).
Removed top 1 bits (of 3) from port B of cell szymon_fixed.$eq$src/szymon_fixed.v:220$71 ($eq).
Removed top 2 bits (of 5) from mux cell szymon_fixed.$procmux$291 ($pmux).
Removed top 1 bits (of 2) from port B of cell szymon_fixed.$procmux$293_CMP0 ($eq).
Removed top 4 bits (of 6) from wire szymon_fixed.$ternary$src/szymon_fixed.v:88$10_Y.
Removed top 2 bits (of 5) from wire szymon_fixed.bit_offset.

2.9. Executing OPT_CLEAN pass (remove unused cells and wires).
Finding unused cells or wires in module \szymon_fixed..
Removed 0 unused cells and 2 unused wires.
<suppressed ~1 debug messages>

2.10. Executing MEMORY_COLLECT pass (generating $mem cells).

2.11. Executing OPT pass (performing simple optimizations).

2.11.1. Executing OPT_EXPR pass (perform const folding).
Optimizing module szymon_fixed.

2.11.2. Executing OPT_MERGE pass (detect identical cells).
Finding identical cells in module `\szymon_fixed'.
Removed a total of 0 cells.

2.11.3. Executing OPT_CLEAN pass (remove unused cells and wires).
Finding unused cells or wires in module \szymon_fixed..

2.11.4. Finished fast OPT passes.

2.12. Printing statistics.

=== szymon_fixed ===

   Number of wires:                140
   Number of wire bits:            505
   Number of public wires:          44
   Number of public wire bits:     147
   Number of ports:                 14
   Number of port bits:             14
   Number of memories:               0
   Number of memory bits:            0
   Number of processes:              0
   Number of cells:                138
     $add                            5
     $adff                           3
     $and                            4
     $assert                         7
     $dff                            9
     $eq                            14
     $le                             3
     $logic_and                     12
     $logic_not                      7
     $logic_or                       5
     $lt                             1
     $mux                           47
     $ne                             1
     $not                            1
     $pmux                           4
     $reduce_bool                    1
     $reduce_or                      1
     $shiftx                         2
     $sub                            2
     $xor                            9

2.13. Executing CHECK pass (checking for obvious problems).
Checking module szymon_fixed...
Found and reported 0 problems.

3. Executing FLATTEN pass (flatten design).

4. Executing ASYNC2SYNC pass.
Replacing szymon_fixed.$procdff$305 ($adff): ARST=\rst_n, D=$0\state[2:0], Q=\state
Replacing szymon_fixed.$procdff$310 ($adff): ARST=\rst_n, D=$0\bit_count[5:0], Q=\bit_count
Replacing szymon_fixed.$procdff$315 ($adff): ARST=\rst_n, D=$0\round_count[5:0], Q=\round_count

5. Executing FORMALFF pass.

6. Executing MEMORY_MAP pass (converting memories to logic and flip-flops).

7. Executing OPT_CLEAN pass (remove unused cells and wires).
Finding unused cells or wires in module \szymon_fixed..

8. Executing SAT pass (solving SAT problems in the circuit).

Setting up time step 1:
Final constraint equation: { } = { }
Import def constraint for this timestep: \seal_valid
Import def constraint for this timestep: \m_ready
Import def constraint for this timestep: \s_valid
Import def constraint for this timestep: \s_bit
Import def constraint for this timestep: \cmd_valid
Import def constraint for this timestep: \rst_n
Import def constraint for this timestep: \abort
Import def constraint for this timestep: \clk
Imported 144 cells to SAT database.
Final init constraint equation: { \key_accumulator \key_depth \key_phase $auto$async2sync.cc:228:execute$327 $auto$async2sync.cc:228:execute$325 $auto$async2sync.cc:228:execute$323 \b \a \f_prev_m_last \f_prev_m_bit \f_prev_m_stall \f_past_valid } = 89'00000000000000000000000000000000000000000000000000000000000000000000000000000000000000000
Import proof for assert: $le$src/szymon_fixed.v:257$94_Y when $assert$src/szymon_fixed.v:257$93_EN.
Import proof for assert: $le$src/szymon_fixed.v:258$96_Y when $assert$src/szymon_fixed.v:257$93_EN.
Import proof for assert: $le$src/szymon_fixed.v:259$98_Y when $assert$src/szymon_fixed.v:257$93_EN.
Import proof for assert: \m_valid when $assert$src/szymon_fixed.v:261$102_EN.
Import proof for assert: $eq$src/szymon_fixed.v:262$104_Y when $assert$src/szymon_fixed.v:261$102_EN.
Import proof for assert: $eq$src/szymon_fixed.v:263$106_Y when $assert$src/szymon_fixed.v:261$102_EN.
Import proof for assert: 1'1 when $assert$src/szymon_fixed.v:257$93_EN.

Setting up time step 2:
Final constraint equation: { } = { }
Import def constraint for this timestep: \seal_valid
Import def constraint for this timestep: \m_ready
Import def constraint for this timestep: \s_valid
Import def constraint for this timestep: \s_bit
Import def constraint for this timestep: \cmd_valid
Import def constraint for this timestep: \rst_n
Import def constraint for this timestep: \abort
Import def constraint for this timestep: \clk
Imported 144 cells to SAT database.
Import proof for assert: $le$src/szymon_fixed.v:257$94_Y when $assert$src/szymon_fixed.v:257$93_EN.
Import proof for assert: $le$src/szymon_fixed.v:258$96_Y when $assert$src/szymon_fixed.v:257$93_EN.
Import proof for assert: $le$src/szymon_fixed.v:259$98_Y when $assert$src/szymon_fixed.v:257$93_EN.
Import proof for assert: \m_valid when $assert$src/szymon_fixed.v:261$102_EN.
Import proof for assert: $eq$src/szymon_fixed.v:262$104_Y when $assert$src/szymon_fixed.v:261$102_EN.
Import proof for assert: $eq$src/szymon_fixed.v:263$106_Y when $assert$src/szymon_fixed.v:261$102_EN.
Import proof for assert: 1'1 when $assert$src/szymon_fixed.v:257$93_EN.

Setting up time step 3:
Final constraint equation: { } = { }
Import def constraint for this timestep: \seal_valid
Import def constraint for this timestep: \m_ready
Import def constraint for this timestep: \s_valid
Import def constraint for this timestep: \s_bit
Import def constraint for this timestep: \cmd_valid
Import def constraint for this timestep: \rst_n
Import def constraint for this timestep: \abort
Import def constraint for this timestep: \clk
Imported 144 cells to SAT database.
Import proof for assert: $le$src/szymon_fixed.v:257$94_Y when $assert$src/szymon_fixed.v:257$93_EN.
Import proof for assert: $le$src/szymon_fixed.v:258$96_Y when $assert$src/szymon_fixed.v:257$93_EN.
Import proof for assert: $le$src/szymon_fixed.v:259$98_Y when $assert$src/szymon_fixed.v:257$93_EN.
Import proof for assert: \m_valid when $assert$src/szymon_fixed.v:261$102_EN.
Import proof for assert: $eq$src/szymon_fixed.v:262$104_Y when $assert$src/szymon_fixed.v:261$102_EN.
Import proof for assert: $eq$src/szymon_fixed.v:263$106_Y when $assert$src/szymon_fixed.v:261$102_EN.
Import proof for assert: 1'1 when $assert$src/szymon_fixed.v:257$93_EN.

Setting up time step 4:
Final constraint equation: { } = { }
Import def constraint for this timestep: \seal_valid
Import def constraint for this timestep: \m_ready
Import def constraint for this timestep: \s_valid
Import def constraint for this timestep: \s_bit
Import def constraint for this timestep: \cmd_valid
Import def constraint for this timestep: \rst_n
Import def constraint for this timestep: \abort
Import def constraint for this timestep: \clk
Imported 144 cells to SAT database.
Import proof for assert: $le$src/szymon_fixed.v:257$94_Y when $assert$src/szymon_fixed.v:257$93_EN.
Import proof for assert: $le$src/szymon_fixed.v:258$96_Y when $assert$src/szymon_fixed.v:257$93_EN.
Import proof for assert: $le$src/szymon_fixed.v:259$98_Y when $assert$src/szymon_fixed.v:257$93_EN.
Import proof for assert: \m_valid when $assert$src/szymon_fixed.v:261$102_EN.
Import proof for assert: $eq$src/szymon_fixed.v:262$104_Y when $assert$src/szymon_fixed.v:261$102_EN.
Import proof for assert: $eq$src/szymon_fixed.v:263$106_Y when $assert$src/szymon_fixed.v:261$102_EN.
Import proof for assert: 1'1 when $assert$src/szymon_fixed.v:257$93_EN.

Setting up time step 5:
Final constraint equation: { } = { }
Import def constraint for this timestep: \seal_valid
Import def constraint for this timestep: \m_ready
Import def constraint for this timestep: \s_valid
Import def constraint for this timestep: \s_bit
Import def constraint for this timestep: \cmd_valid
Import def constraint for this timestep: \rst_n
Import def constraint for this timestep: \abort
Import def constraint for this timestep: \clk
Imported 144 cells to SAT database.
Import proof for assert: $le$src/szymon_fixed.v:257$94_Y when $assert$src/szymon_fixed.v:257$93_EN.
Import proof for assert: $le$src/szymon_fixed.v:258$96_Y when $assert$src/szymon_fixed.v:257$93_EN.
Import proof for assert: $le$src/szymon_fixed.v:259$98_Y when $assert$src/szymon_fixed.v:257$93_EN.
Import proof for assert: \m_valid when $assert$src/szymon_fixed.v:261$102_EN.
Import proof for assert: $eq$src/szymon_fixed.v:262$104_Y when $assert$src/szymon_fixed.v:261$102_EN.
Import proof for assert: $eq$src/szymon_fixed.v:263$106_Y when $assert$src/szymon_fixed.v:261$102_EN.
Import proof for assert: 1'1 when $assert$src/szymon_fixed.v:257$93_EN.

Setting up time step 6:
Final constraint equation: { } = { }
Import def constraint for this timestep: \seal_valid
Import def constraint for this timestep: \m_ready
Import def constraint for this timestep: \s_valid
Import def constraint for this timestep: \s_bit
Import def constraint for this timestep: \cmd_valid
Import def constraint for this timestep: \rst_n
Import def constraint for this timestep: \abort
Import def constraint for this timestep: \clk
Imported 144 cells to SAT database.
Import proof for assert: $le$src/szymon_fixed.v:257$94_Y when $assert$src/szymon_fixed.v:257$93_EN.
Import proof for assert: $le$src/szymon_fixed.v:258$96_Y when $assert$src/szymon_fixed.v:257$93_EN.
Import proof for assert: $le$src/szymon_fixed.v:259$98_Y when $assert$src/szymon_fixed.v:257$93_EN.
Import proof for assert: \m_valid when $assert$src/szymon_fixed.v:261$102_EN.
Import proof for assert: $eq$src/szymon_fixed.v:262$104_Y when $assert$src/szymon_fixed.v:261$102_EN.
Import proof for assert: $eq$src/szymon_fixed.v:263$106_Y when $assert$src/szymon_fixed.v:261$102_EN.
Import proof for assert: 1'1 when $assert$src/szymon_fixed.v:257$93_EN.

Setting up time step 7:
Final constraint equation: { } = { }
Import def constraint for this timestep: \seal_valid
Import def constraint for this timestep: \m_ready
Import def constraint for this timestep: \s_valid
Import def constraint for this timestep: \s_bit
Import def constraint for this timestep: \cmd_valid
Import def constraint for this timestep: \rst_n
Import def constraint for this timestep: \abort
Import def constraint for this timestep: \clk
Imported 144 cells to SAT database.
Import proof for assert: $le$src/szymon_fixed.v:257$94_Y when $assert$src/szymon_fixed.v:257$93_EN.
Import proof for assert: $le$src/szymon_fixed.v:258$96_Y when $assert$src/szymon_fixed.v:257$93_EN.
Import proof for assert: $le$src/szymon_fixed.v:259$98_Y when $assert$src/szymon_fixed.v:257$93_EN.
Import proof for assert: \m_valid when $assert$src/szymon_fixed.v:261$102_EN.
Import proof for assert: $eq$src/szymon_fixed.v:262$104_Y when $assert$src/szymon_fixed.v:261$102_EN.
Import proof for assert: $eq$src/szymon_fixed.v:263$106_Y when $assert$src/szymon_fixed.v:261$102_EN.
Import proof for assert: 1'1 when $assert$src/szymon_fixed.v:257$93_EN.

Setting up time step 8:
Final constraint equation: { } = { }
Import def constraint for this timestep: \seal_valid
Import def constraint for this timestep: \m_ready
Import def constraint for this timestep: \s_valid
Import def constraint for this timestep: \s_bit
Import def constraint for this timestep: \cmd_valid
Import def constraint for this timestep: \rst_n
Import def constraint for this timestep: \abort
Import def constraint for this timestep: \clk
Imported 144 cells to SAT database.
Import proof for assert: $le$src/szymon_fixed.v:257$94_Y when $assert$src/szymon_fixed.v:257$93_EN.
Import proof for assert: $le$src/szymon_fixed.v:258$96_Y when $assert$src/szymon_fixed.v:257$93_EN.
Import proof for assert: $le$src/szymon_fixed.v:259$98_Y when $assert$src/szymon_fixed.v:257$93_EN.
Import proof for assert: \m_valid when $assert$src/szymon_fixed.v:261$102_EN.
Import proof for assert: $eq$src/szymon_fixed.v:262$104_Y when $assert$src/szymon_fixed.v:261$102_EN.
Import proof for assert: $eq$src/szymon_fixed.v:263$106_Y when $assert$src/szymon_fixed.v:261$102_EN.
Import proof for assert: 1'1 when $assert$src/szymon_fixed.v:257$93_EN.

Setting up time step 9:
Final constraint equation: { } = { }
Import def constraint for this timestep: \seal_valid
Import def constraint for this timestep: \m_ready
Import def constraint for this timestep: \s_valid
Import def constraint for this timestep: \s_bit
Import def constraint for this timestep: \cmd_valid
Import def constraint for this timestep: \rst_n
Import def constraint for this timestep: \abort
Import def constraint for this timestep: \clk
Imported 144 cells to SAT database.
Import proof for assert: $le$src/szymon_fixed.v:257$94_Y when $assert$src/szymon_fixed.v:257$93_EN.
Import proof for assert: $le$src/szymon_fixed.v:258$96_Y when $assert$src/szymon_fixed.v:257$93_EN.
Import proof for assert: $le$src/szymon_fixed.v:259$98_Y when $assert$src/szymon_fixed.v:257$93_EN.
Import proof for assert: \m_valid when $assert$src/szymon_fixed.v:261$102_EN.
Import proof for assert: $eq$src/szymon_fixed.v:262$104_Y when $assert$src/szymon_fixed.v:261$102_EN.
Import proof for assert: $eq$src/szymon_fixed.v:263$106_Y when $assert$src/szymon_fixed.v:261$102_EN.
Import proof for assert: 1'1 when $assert$src/szymon_fixed.v:257$93_EN.

Setting up time step 10:
Final constraint equation: { } = { }
Import def constraint for this timestep: \seal_valid
Import def constraint for this timestep: \m_ready
Import def constraint for this timestep: \s_valid
Import def constraint for this timestep: \s_bit
Import def constraint for this timestep: \cmd_valid
Import def constraint for this timestep: \rst_n
Import def constraint for this timestep: \abort
Import def constraint for this timestep: \clk
Imported 144 cells to SAT database.
Import proof for assert: $le$src/szymon_fixed.v:257$94_Y when $assert$src/szymon_fixed.v:257$93_EN.
Import proof for assert: $le$src/szymon_fixed.v:258$96_Y when $assert$src/szymon_fixed.v:257$93_EN.
Import proof for assert: $le$src/szymon_fixed.v:259$98_Y when $assert$src/szymon_fixed.v:257$93_EN.
Import proof for assert: \m_valid when $assert$src/szymon_fixed.v:261$102_EN.
Import proof for assert: $eq$src/szymon_fixed.v:262$104_Y when $assert$src/szymon_fixed.v:261$102_EN.
Import proof for assert: $eq$src/szymon_fixed.v:263$106_Y when $assert$src/szymon_fixed.v:261$102_EN.
Import proof for assert: 1'1 when $assert$src/szymon_fixed.v:257$93_EN.

Setting up time step 11:
Final constraint equation: { } = { }
Import def constraint for this timestep: \seal_valid
Import def constraint for this timestep: \m_ready
Import def constraint for this timestep: \s_valid
Import def constraint for this timestep: \s_bit
Import def constraint for this timestep: \cmd_valid
Import def constraint for this timestep: \rst_n
Import def constraint for this timestep: \abort
Import def constraint for this timestep: \clk
Imported 144 cells to SAT database.
Import proof for assert: $le$src/szymon_fixed.v:257$94_Y when $assert$src/szymon_fixed.v:257$93_EN.
Import proof for assert: $le$src/szymon_fixed.v:258$96_Y when $assert$src/szymon_fixed.v:257$93_EN.
Import proof for assert: $le$src/szymon_fixed.v:259$98_Y when $assert$src/szymon_fixed.v:257$93_EN.
Import proof for assert: \m_valid when $assert$src/szymon_fixed.v:261$102_EN.
Import proof for assert: $eq$src/szymon_fixed.v:262$104_Y when $assert$src/szymon_fixed.v:261$102_EN.
Import proof for assert: $eq$src/szymon_fixed.v:263$106_Y when $assert$src/szymon_fixed.v:261$102_EN.
Import proof for assert: 1'1 when $assert$src/szymon_fixed.v:257$93_EN.

Setting up time step 12:
Final constraint equation: { } = { }
Import def constraint for this timestep: \seal_valid
Import def constraint for this timestep: \m_ready
Import def constraint for this timestep: \s_valid
Import def constraint for this timestep: \s_bit
Import def constraint for this timestep: \cmd_valid
Import def constraint for this timestep: \rst_n
Import def constraint for this timestep: \abort
Import def constraint for this timestep: \clk
Imported 144 cells to SAT database.
Import proof for assert: $le$src/szymon_fixed.v:257$94_Y when $assert$src/szymon_fixed.v:257$93_EN.
Import proof for assert: $le$src/szymon_fixed.v:258$96_Y when $assert$src/szymon_fixed.v:257$93_EN.
Import proof for assert: $le$src/szymon_fixed.v:259$98_Y when $assert$src/szymon_fixed.v:257$93_EN.
Import proof for assert: \m_valid when $assert$src/szymon_fixed.v:261$102_EN.
Import proof for assert: $eq$src/szymon_fixed.v:262$104_Y when $assert$src/szymon_fixed.v:261$102_EN.
Import proof for assert: $eq$src/szymon_fixed.v:263$106_Y when $assert$src/szymon_fixed.v:261$102_EN.
Import proof for assert: 1'1 when $assert$src/szymon_fixed.v:257$93_EN.

Setting up time step 13:
Final constraint equation: { } = { }
Import def constraint for this timestep: \seal_valid
Import def constraint for this timestep: \m_ready
Import def constraint for this timestep: \s_valid
Import def constraint for this timestep: \s_bit
Import def constraint for this timestep: \cmd_valid
Import def constraint for this timestep: \rst_n
Import def constraint for this timestep: \abort
Import def constraint for this timestep: \clk
Imported 144 cells to SAT database.
Import proof for assert: $le$src/szymon_fixed.v:257$94_Y when $assert$src/szymon_fixed.v:257$93_EN.
Import proof for assert: $le$src/szymon_fixed.v:258$96_Y when $assert$src/szymon_fixed.v:257$93_EN.
Import proof for assert: $le$src/szymon_fixed.v:259$98_Y when $assert$src/szymon_fixed.v:257$93_EN.
Import proof for assert: \m_valid when $assert$src/szymon_fixed.v:261$102_EN.
Import proof for assert: $eq$src/szymon_fixed.v:262$104_Y when $assert$src/szymon_fixed.v:261$102_EN.
Import proof for assert: $eq$src/szymon_fixed.v:263$106_Y when $assert$src/szymon_fixed.v:261$102_EN.
Import proof for assert: 1'1 when $assert$src/szymon_fixed.v:257$93_EN.

Setting up time step 14:
Final constraint equation: { } = { }
Import def constraint for this timestep: \seal_valid
Import def constraint for this timestep: \m_ready
Import def constraint for this timestep: \s_valid
Import def constraint for this timestep: \s_bit
Import def constraint for this timestep: \cmd_valid
Import def constraint for this timestep: \rst_n
Import def constraint for this timestep: \abort
Import def constraint for this timestep: \clk
Imported 144 cells to SAT database.
Import proof for assert: $le$src/szymon_fixed.v:257$94_Y when $assert$src/szymon_fixed.v:257$93_EN.
Import proof for assert: $le$src/szymon_fixed.v:258$96_Y when $assert$src/szymon_fixed.v:257$93_EN.
Import proof for assert: $le$src/szymon_fixed.v:259$98_Y when $assert$src/szymon_fixed.v:257$93_EN.
Import proof for assert: \m_valid when $assert$src/szymon_fixed.v:261$102_EN.
Import proof for assert: $eq$src/szymon_fixed.v:262$104_Y when $assert$src/szymon_fixed.v:261$102_EN.
Import proof for assert: $eq$src/szymon_fixed.v:263$106_Y when $assert$src/szymon_fixed.v:261$102_EN.
Import proof for assert: 1'1 when $assert$src/szymon_fixed.v:257$93_EN.

Setting up time step 15:
Final constraint equation: { } = { }
Import def constraint for this timestep: \seal_valid
Import def constraint for this timestep: \m_ready
Import def constraint for this timestep: \s_valid
Import def constraint for this timestep: \s_bit
Import def constraint for this timestep: \cmd_valid
Import def constraint for this timestep: \rst_n
Import def constraint for this timestep: \abort
Import def constraint for this timestep: \clk
Imported 144 cells to SAT database.
Import proof for assert: $le$src/szymon_fixed.v:257$94_Y when $assert$src/szymon_fixed.v:257$93_EN.
Import proof for assert: $le$src/szymon_fixed.v:258$96_Y when $assert$src/szymon_fixed.v:257$93_EN.
Import proof for assert: $le$src/szymon_fixed.v:259$98_Y when $assert$src/szymon_fixed.v:257$93_EN.
Import proof for assert: \m_valid when $assert$src/szymon_fixed.v:261$102_EN.
Import proof for assert: $eq$src/szymon_fixed.v:262$104_Y when $assert$src/szymon_fixed.v:261$102_EN.
Import proof for assert: $eq$src/szymon_fixed.v:263$106_Y when $assert$src/szymon_fixed.v:261$102_EN.
Import proof for assert: 1'1 when $assert$src/szymon_fixed.v:257$93_EN.

Setting up time step 16:
Final constraint equation: { } = { }
Import def constraint for this timestep: \seal_valid
Import def constraint for this timestep: \m_ready
Import def constraint for this timestep: \s_valid
Import def constraint for this timestep: \s_bit
Import def constraint for this timestep: \cmd_valid
Import def constraint for this timestep: \rst_n
Import def constraint for this timestep: \abort
Import def constraint for this timestep: \clk
Imported 144 cells to SAT database.
Import proof for assert: $le$src/szymon_fixed.v:257$94_Y when $assert$src/szymon_fixed.v:257$93_EN.
Import proof for assert: $le$src/szymon_fixed.v:258$96_Y when $assert$src/szymon_fixed.v:257$93_EN.
Import proof for assert: $le$src/szymon_fixed.v:259$98_Y when $assert$src/szymon_fixed.v:257$93_EN.
Import proof for assert: \m_valid when $assert$src/szymon_fixed.v:261$102_EN.
Import proof for assert: $eq$src/szymon_fixed.v:262$104_Y when $assert$src/szymon_fixed.v:261$102_EN.
Import proof for assert: $eq$src/szymon_fixed.v:263$106_Y when $assert$src/szymon_fixed.v:261$102_EN.
Import proof for assert: 1'1 when $assert$src/szymon_fixed.v:257$93_EN.

Setting up time step 17:
Final constraint equation: { } = { }
Import def constraint for this timestep: \seal_valid
Import def constraint for this timestep: \m_ready
Import def constraint for this timestep: \s_valid
Import def constraint for this timestep: \s_bit
Import def constraint for this timestep: \cmd_valid
Import def constraint for this timestep: \rst_n
Import def constraint for this timestep: \abort
Import def constraint for this timestep: \clk
Imported 144 cells to SAT database.
Import proof for assert: $le$src/szymon_fixed.v:257$94_Y when $assert$src/szymon_fixed.v:257$93_EN.
Import proof for assert: $le$src/szymon_fixed.v:258$96_Y when $assert$src/szymon_fixed.v:257$93_EN.
Import proof for assert: $le$src/szymon_fixed.v:259$98_Y when $assert$src/szymon_fixed.v:257$93_EN.
Import proof for assert: \m_valid when $assert$src/szymon_fixed.v:261$102_EN.
Import proof for assert: $eq$src/szymon_fixed.v:262$104_Y when $assert$src/szymon_fixed.v:261$102_EN.
Import proof for assert: $eq$src/szymon_fixed.v:263$106_Y when $assert$src/szymon_fixed.v:261$102_EN.
Import proof for assert: 1'1 when $assert$src/szymon_fixed.v:257$93_EN.

Setting up time step 18:
Final constraint equation: { } = { }
Import def constraint for this timestep: \seal_valid
Import def constraint for this timestep: \m_ready
Import def constraint for this timestep: \s_valid
Import def constraint for this timestep: \s_bit
Import def constraint for this timestep: \cmd_valid
Import def constraint for this timestep: \rst_n
Import def constraint for this timestep: \abort
Import def constraint for this timestep: \clk
Imported 144 cells to SAT database.
Import proof for assert: $le$src/szymon_fixed.v:257$94_Y when $assert$src/szymon_fixed.v:257$93_EN.
Import proof for assert: $le$src/szymon_fixed.v:258$96_Y when $assert$src/szymon_fixed.v:257$93_EN.
Import proof for assert: $le$src/szymon_fixed.v:259$98_Y when $assert$src/szymon_fixed.v:257$93_EN.
Import proof for assert: \m_valid when $assert$src/szymon_fixed.v:261$102_EN.
Import proof for assert: $eq$src/szymon_fixed.v:262$104_Y when $assert$src/szymon_fixed.v:261$102_EN.
Import proof for assert: $eq$src/szymon_fixed.v:263$106_Y when $assert$src/szymon_fixed.v:261$102_EN.
Import proof for assert: 1'1 when $assert$src/szymon_fixed.v:257$93_EN.

Setting up time step 19:
Final constraint equation: { } = { }
Import def constraint for this timestep: \seal_valid
Import def constraint for this timestep: \m_ready
Import def constraint for this timestep: \s_valid
Import def constraint for this timestep: \s_bit
Import def constraint for this timestep: \cmd_valid
Import def constraint for this timestep: \rst_n
Import def constraint for this timestep: \abort
Import def constraint for this timestep: \clk
Imported 144 cells to SAT database.
Import proof for assert: $le$src/szymon_fixed.v:257$94_Y when $assert$src/szymon_fixed.v:257$93_EN.
Import proof for assert: $le$src/szymon_fixed.v:258$96_Y when $assert$src/szymon_fixed.v:257$93_EN.
Import proof for assert: $le$src/szymon_fixed.v:259$98_Y when $assert$src/szymon_fixed.v:257$93_EN.
Import proof for assert: \m_valid when $assert$src/szymon_fixed.v:261$102_EN.
Import proof for assert: $eq$src/szymon_fixed.v:262$104_Y when $assert$src/szymon_fixed.v:261$102_EN.
Import proof for assert: $eq$src/szymon_fixed.v:263$106_Y when $assert$src/szymon_fixed.v:261$102_EN.
Import proof for assert: 1'1 when $assert$src/szymon_fixed.v:257$93_EN.

Setting up time step 20:
Final constraint equation: { } = { }
Import def constraint for this timestep: \seal_valid
Import def constraint for this timestep: \m_ready
Import def constraint for this timestep: \s_valid
Import def constraint for this timestep: \s_bit
Import def constraint for this timestep: \cmd_valid
Import def constraint for this timestep: \rst_n
Import def constraint for this timestep: \abort
Import def constraint for this timestep: \clk
Imported 144 cells to SAT database.
Import proof for assert: $le$src/szymon_fixed.v:257$94_Y when $assert$src/szymon_fixed.v:257$93_EN.
Import proof for assert: $le$src/szymon_fixed.v:258$96_Y when $assert$src/szymon_fixed.v:257$93_EN.
Import proof for assert: $le$src/szymon_fixed.v:259$98_Y when $assert$src/szymon_fixed.v:257$93_EN.
Import proof for assert: \m_valid when $assert$src/szymon_fixed.v:261$102_EN.
Import proof for assert: $eq$src/szymon_fixed.v:262$104_Y when $assert$src/szymon_fixed.v:261$102_EN.
Import proof for assert: $eq$src/szymon_fixed.v:263$106_Y when $assert$src/szymon_fixed.v:261$102_EN.
Import proof for assert: 1'1 when $assert$src/szymon_fixed.v:257$93_EN.

Solving problem with 1472664 variables and 4152237 clauses..
SAT proof finished - no model found: SUCCESS!

                  /$$$$$$      /$$$$$$$$     /$$$$$$$    
                 /$$__  $$    | $$_____/    | $$__  $$   
                | $$  \ $$    | $$          | $$  \ $$   
                | $$  | $$    | $$$$$       | $$  | $$   
                | $$  | $$    | $$__/       | $$  | $$   
                | $$/$$ $$    | $$          | $$  | $$   
                |  $$$$$$/ /$$| $$$$$$$$ /$$| $$$$$$$//$$
                 \____ $$$|__/|________/|__/|_______/|__/
                       \__/                              

End of script. Logfile hash: 920fe961b4, CPU: user 7.35s system 1.26s, MEM: 1140.03 MB peak
Yosys 0.52 (git sha1 fee39a3284c90249e1d9684cf6944ffbbcbb8f90)
Time spent: 99% 1x sat (8 sec), 0% 2x read_verilog (0 sec), ...
