INFO: PDK_ROOT: /mnt/c/Users/user/Desktop/HACKATHON/.tools/ciel-precheck/ciel/ihp-sg13g2/versions/c4b8b4e5e7a05f375cca3815d51b3a37721fbf5c
INFO: Tech: ihp-sg13g2
INFO: using def template ../tech/ihp-sg13g2/def/tt_block_1x1_pgvdd.def
INFO: Running klayout pin_label_purposes_overlapping_drawing on /mnt/c/Users/user/Desktop/HACKATHON/artifacts/verified_single_key/tt_um_rumcajs.gds
Running pin_label_purposes_overlapping_drawing.rb.drc on file=/mnt/c/Users/user/Desktop/HACKATHON/artifacts/verified_single_key/tt_um_rumcajs.gds, topcell=, output to /mnt/c/Users/user/Desktop/HACKATHON/tt/precheck/reports/drc_pin_label_purposes_overlapping_drawing.xml
  deep:true tiled:false threads:16
--- #err|description, table for cell: 
NO-Check ----        pwell:64/44/EMP   122/16/EMP    64/59/EMP    44/16/EMP     44/5/EMP
         ----        nwell:64/20/EMP    64/16/EMP     64/5/EMP
         ----         diff:65/20/EMP    65/16/EMP     65/6/EMP
         ----          tap:65/44/EMP    65/48/EMP     65/5/EMP
         ----         poly:66/20/EMP    66/16/EMP     66/5/EMP
         ----       licon1:66/44/EMP    66/58/EMP
         ----          li1:67/20/EMP    67/16/EMP     67/5/EMP
         ----         mcon:67/44/EMP    67/48/EMP
         ----         met1:68/20/EMP    68/16/EMP     68/5/EMP
         ----          via:68/44/EMP    68/58/EMP
         ----         met2:69/20/EMP    69/16/EMP     69/5/EMP
         ----         via2:69/44/EMP    69/58/EMP
         ----         met3:70/20/EMP    70/16/EMP     70/5/EMP
         ----         via3:70/44/EMP    70/48/EMP
         ----         met4:71/20/EMP    71/16/EMP     71/5/EMP
         ----         via4:71/44/EMP    71/48/EMP
         ----         met5:72/20/EMP    72/16/EMP     72/5/EMP
         ----          pad:76/20/EMP     76/5/EMP    76/16/EMP
         ----          pnp:82/44/EMP    82/59/EMP
         ----          npn:82/20/EMP     82/5/EMP
         ----          rdl:74/20/EMP    74/16/EMP     74/5/EMP
         ----     inductor:82/24/EMP    82/25/EMP
       0 total error(s) among 0 error type(s), 33 checks, cell: 
Writing report...
VmPeak:	 1009724 kB
VmHWM:	  427648 kB
INFO: Running klayout sg13g2 on /mnt/c/Users/user/Desktop/HACKATHON/artifacts/verified_single_key/tt_um_rumcajs.gds
2026-09-12 12:21:16 +0200: Memory Usage (423084K) : Starting running IHP-SG13G2 KLayout DRC runset on /mnt/c/Users/user/Desktop/HACKATHON/artifacts/verified_single_key/tt_um_rumcajs.gds
2026-09-12 12:21:16 +0200: Memory Usage (423212K) : Ruby Version for klayout: 3.3.10
2026-09-12 12:21:16 +0200: Memory Usage (425004K) : Loading database to memory is complete.
2026-09-12 12:21:16 +0200: Memory Usage (425004K) : IHP-SG13G2 KLayout DRC runset output at: /mnt/c/Users/user/Desktop/HACKATHON/tt/precheck/reports/drc_sg13g2.xml
2026-09-12 12:21:16 +0200: Memory Usage (425004K) : Evaluate switches.
2026-09-12 12:21:16 +0200: Memory Usage (425004K) : tables selected: main
2026-09-12 12:21:16 +0200: Memory Usage (425004K) : KLayout will use 16 thread(s) in tiling mode.
2026-09-12 12:21:16 +0200: Memory Usage (425004K) : deep mode is enabled.
2026-09-12 12:21:16 +0200: Memory Usage (425004K) : FEOL enabled: true
2026-09-12 12:21:16 +0200: Memory Usage (425004K) : BEOL enabled: true
2026-09-12 12:21:16 +0200: Memory Usage (425004K) : OFFGRID enabled: true
2026-09-12 12:21:16 +0200: Memory Usage (425004K) : PIN enabled: true
2026-09-12 12:21:16 +0200: Memory Usage (425004K) : FORBIDDEN enabled: true
2026-09-12 12:21:16 +0200: Memory Usage (425004K) : RECOMMENDED enabled: true
2026-09-12 12:21:16 +0200: Memory Usage (425004K) : PreCheck DRC enabled: false
2026-09-12 12:21:16 +0200: Memory Usage (425004K) : CONNECTIVITY_RULES enabled: true.
2026-09-12 12:21:16 +0200: Memory Usage (425004K) : Read in polygons from layers.
2026-09-12 12:21:16 +0200: Memory Usage (426668K) : activ_drw has 11817 polygons
2026-09-12 12:21:16 +0200: Memory Usage (426668K) : activ_pin has 0 polygons
2026-09-12 12:21:16 +0200: Memory Usage (426668K) : activ_mask has 0 polygons
2026-09-12 12:21:16 +0200: Memory Usage (426668K) : activ_filler has 0 polygons
2026-09-12 12:21:16 +0200: Memory Usage (426668K) : activ_nofill has 0 polygons
2026-09-12 12:21:16 +0200: Memory Usage (426668K) : activ_opc has 0 polygons
2026-09-12 12:21:16 +0200: Memory Usage (426668K) : activ_iopc has 0 polygons
2026-09-12 12:21:16 +0200: Memory Usage (426668K) : activ_noqrc has 0 polygons
2026-09-12 12:21:16 +0200: Memory Usage (426668K) : biwind_drw has 0 polygons
2026-09-12 12:21:16 +0200: Memory Usage (426668K) : biwind_opc has 0 polygons
2026-09-12 12:21:16 +0200: Memory Usage (426796K) : pemwind_drw has 0 polygons
2026-09-12 12:21:16 +0200: Memory Usage (426796K) : gatpoly_drw has 12608 polygons
2026-09-12 12:21:16 +0200: Memory Usage (426924K) : gatpoly_pin has 0 polygons
2026-09-12 12:21:16 +0200: Memory Usage (426924K) : gatpoly_filler has 0 polygons
2026-09-12 12:21:16 +0200: Memory Usage (427052K) : gatpoly_nofill has 0 polygons
2026-09-12 12:21:16 +0200: Memory Usage (427052K) : gatpoly_opc has 0 polygons
2026-09-12 12:21:16 +0200: Memory Usage (427180K) : gatpoly_iopc has 0 polygons
2026-09-12 12:21:16 +0200: Memory Usage (427180K) : gatpoly_noqrc has 0 polygons
2026-09-12 12:21:16 +0200: Memory Usage (427180K) : cont_drw has 87616 polygons
2026-09-12 12:21:16 +0200: Memory Usage (427180K) : cont_opc has 0 polygons
2026-09-12 12:21:16 +0200: Memory Usage (427180K) : nsd_drw has 0 polygons
2026-09-12 12:21:16 +0200: Memory Usage (427308K) : nsd_block has 0 polygons
2026-09-12 12:21:16 +0200: Memory Usage (427308K) : metal1_drw has 28742 polygons
2026-09-12 12:21:16 +0200: Memory Usage (427692K) : metal1_pin has 10130 polygons
2026-09-12 12:21:16 +0200: Memory Usage (427692K) : metal1_mask has 0 polygons
2026-09-12 12:21:16 +0200: Memory Usage (427692K) : metal1_filler has 0 polygons
2026-09-12 12:21:16 +0200: Memory Usage (427820K) : metal1_nofill has 0 polygons
2026-09-12 12:21:16 +0200: Memory Usage (427820K) : metal1_slit has 0 polygons
2026-09-12 12:21:16 +0200: Memory Usage (428076K) : metal1_text has 10025 polygons
2026-09-12 12:21:16 +0200: Memory Usage (428076K) : metal1_opc has 0 polygons
2026-09-12 12:21:16 +0200: Memory Usage (428204K) : metal1_noqrc has 0 polygons
2026-09-12 12:21:16 +0200: Memory Usage (428332K) : metal1_res has 0 polygons
2026-09-12 12:21:16 +0200: Memory Usage (428332K) : metal1_iprobe has 0 polygons
2026-09-12 12:21:16 +0200: Memory Usage (428460K) : metal1_diffprb has 0 polygons
2026-09-12 12:21:16 +0200: Memory Usage (428460K) : passiv_drw has 0 polygons
2026-09-12 12:21:16 +0200: Memory Usage (428588K) : passiv_pin has 0 polygons
2026-09-12 12:21:16 +0200: Memory Usage (428588K) : passiv_sbump has 0 polygons
2026-09-12 12:21:16 +0200: Memory Usage (428716K) : passiv_pillar has 0 polygons
2026-09-12 12:21:16 +0200: Memory Usage (428844K) : passiv_pdl has 0 polygons
2026-09-12 12:21:16 +0200: Memory Usage (428844K) : metal2_drw has 7354 polygons
2026-09-12 12:21:16 +0200: Memory Usage (429100K) : metal2_pin has 0 polygons
2026-09-12 12:21:16 +0200: Memory Usage (429100K) : metal2_mask has 0 polygons
2026-09-12 12:21:16 +0200: Memory Usage (429228K) : metal2_filler has 0 polygons
2026-09-12 12:21:16 +0200: Memory Usage (429228K) : metal2_nofill has 0 polygons
2026-09-12 12:21:16 +0200: Memory Usage (429356K) : metal2_slit has 0 polygons
2026-09-12 12:21:16 +0200: Memory Usage (429356K) : metal2_text has 0 polygons
2026-09-12 12:21:16 +0200: Memory Usage (429484K) : metal2_opc has 0 polygons
2026-09-12 12:21:16 +0200: Memory Usage (429484K) : metal2_noqrc has 0 polygons
2026-09-12 12:21:16 +0200: Memory Usage (429612K) : metal2_res has 0 polygons
2026-09-12 12:21:16 +0200: Memory Usage (429996K) : metal2_iprobe has 0 polygons
2026-09-12 12:21:16 +0200: Memory Usage (429996K) : metal2_diffprb has 0 polygons
2026-09-12 12:21:16 +0200: Memory Usage (429996K) : baspoly_drw has 0 polygons
2026-09-12 12:21:16 +0200: Memory Usage (429996K) : baspoly_pin has 0 polygons
2026-09-12 12:21:16 +0200: Memory Usage (429996K) : psd_drw has 4777 polygons
2026-09-12 12:21:16 +0200: Memory Usage (429996K) : nldb_drw has 0 polygons
2026-09-12 12:21:16 +0200: Memory Usage (429996K) : digibnd_drw has 0 polygons
2026-09-12 12:21:16 +0200: Memory Usage (430124K) : via1_drw has 6342 polygons
2026-09-12 12:21:16 +0200: Memory Usage (430380K) : backmetal1_drw has 0 polygons
2026-09-12 12:21:16 +0200: Memory Usage (430380K) : backmetal1_pin has 0 polygons
2026-09-12 12:21:16 +0200: Memory Usage (430380K) : backmetal1_mask has 0 polygons
2026-09-12 12:21:16 +0200: Memory Usage (430508K) : backmetal1_filler has 0 polygons
2026-09-12 12:21:16 +0200: Memory Usage (430508K) : backmetal1_nofill has 0 polygons
2026-09-12 12:21:16 +0200: Memory Usage (430636K) : backmetal1_slit has 0 polygons
2026-09-12 12:21:16 +0200: Memory Usage (430636K) : backmetal1_text has 0 polygons
2026-09-12 12:21:16 +0200: Memory Usage (430764K) : backmetal1_opc has 0 polygons
2026-09-12 12:21:16 +0200: Memory Usage (430892K) : backmetal1_noqrc has 0 polygons
2026-09-12 12:21:16 +0200: Memory Usage (430892K) : backmetal1_res has 0 polygons
2026-09-12 12:21:16 +0200: Memory Usage (431020K) : backmetal1_iprobe has 0 polygons
2026-09-12 12:21:16 +0200: Memory Usage (431020K) : backmetal1_diffprb has 0 polygons
2026-09-12 12:21:16 +0200: Memory Usage (431148K) : backpassiv_drw has 0 polygons
2026-09-12 12:21:16 +0200: Memory Usage (431276K) : res_drw has 0 polygons
2026-09-12 12:21:16 +0200: Memory Usage (431276K) : sram_drw has 0 polygons
2026-09-12 12:21:16 +0200: Memory Usage (431404K) : trans_drw has 0 polygons
2026-09-12 12:21:16 +0200: Memory Usage (431404K) : ind_drw has 0 polygons
2026-09-12 12:21:16 +0200: Memory Usage (431532K) : ind_pin has 0 polygons
2026-09-12 12:21:16 +0200: Memory Usage (431532K) : ind_text has 0 polygons
2026-09-12 12:21:16 +0200: Memory Usage (431660K) : salblock_drw has 0 polygons
2026-09-12 12:21:16 +0200: Memory Usage (431788K) : via2_drw has 6083 polygons
2026-09-12 12:21:16 +0200: Memory Usage (432044K) : metal3_drw has 3031 polygons
2026-09-12 12:21:16 +0200: Memory Usage (432172K) : metal3_pin has 0 polygons
2026-09-12 12:21:16 +0200: Memory Usage (432172K) : metal3_mask has 0 polygons
2026-09-12 12:21:16 +0200: Memory Usage (432172K) : metal3_filler has 0 polygons
2026-09-12 12:21:16 +0200: Memory Usage (432300K) : metal3_nofill has 0 polygons
2026-09-12 12:21:16 +0200: Memory Usage (432300K) : metal3_slit has 0 polygons
2026-09-12 12:21:16 +0200: Memory Usage (432428K) : metal3_text has 0 polygons
2026-09-12 12:21:16 +0200: Memory Usage (432556K) : metal3_opc has 0 polygons
2026-09-12 12:21:16 +0200: Memory Usage (432556K) : metal3_noqrc has 0 polygons
2026-09-12 12:21:16 +0200: Memory Usage (432684K) : metal3_res has 0 polygons
2026-09-12 12:21:16 +0200: Memory Usage (432684K) : metal3_iprobe has 0 polygons
2026-09-12 12:21:16 +0200: Memory Usage (432812K) : metal3_diffprb has 0 polygons
2026-09-12 12:21:16 +0200: Memory Usage (432812K) : nwell_drw has 2358 polygons
2026-09-12 12:21:16 +0200: Memory Usage (432940K) : nwell_pin has 0 polygons
2026-09-12 12:21:16 +0200: Memory Usage (433068K) : nbulay_drw has 0 polygons
2026-09-12 12:21:16 +0200: Memory Usage (433068K) : nbulay_pin has 0 polygons
2026-09-12 12:21:16 +0200: Memory Usage (433196K) : nbulay_block has 0 polygons
2026-09-12 12:21:16 +0200: Memory Usage (433196K) : emwind_drw has 0 polygons
2026-09-12 12:21:16 +0200: Memory Usage (433324K) : emwind_opc has 0 polygons
2026-09-12 12:21:16 +0200: Memory Usage (433452K) : deepco_drw has 0 polygons
2026-09-12 12:21:16 +0200: Memory Usage (433452K) : deepco_drw has 0 polygons
2026-09-12 12:21:16 +0200: Memory Usage (433580K) : mim_drw has 0 polygons
2026-09-12 12:21:16 +0200: Memory Usage (433580K) : edgeseal_drw has 0 polygons
2026-09-12 12:21:16 +0200: Memory Usage (433708K) : edgeseal_bound has 0 polygons
2026-09-12 12:21:16 +0200: Memory Usage (433708K) : substrate_drw has 0 polygons
2026-09-12 12:21:16 +0200: Memory Usage (433836K) : substrate_text has 0 polygons
2026-09-12 12:21:16 +0200: Memory Usage (433964K) : dfpad_drw has 0 polygons
2026-09-12 12:21:16 +0200: Memory Usage (433964K) : dfpad_pillar has 0 polygons
2026-09-12 12:21:16 +0200: Memory Usage (434092K) : dfpad_sbump has 0 polygons
2026-09-12 12:21:16 +0200: Memory Usage (434092K) : thickgateox_drw has 0 polygons
2026-09-12 12:21:16 +0200: Memory Usage (434220K) : pldb_drw has 0 polygons
2026-09-12 12:21:16 +0200: Memory Usage (434220K) : pwell_drw has 0 polygons
2026-09-12 12:21:16 +0200: Memory Usage (434348K) : pwell_pin has 0 polygons
2026-09-12 12:21:16 +0200: Memory Usage (434476K) : pwell_block has 0 polygons
2026-09-12 12:21:16 +0200: Memory Usage (434476K) : ic_drw has 0 polygons
2026-09-12 12:21:16 +0200: Memory Usage (434604K) : via3_drw has 1559 polygons
2026-09-12 12:21:16 +0200: Memory Usage (434732K) : metal4_drw has 549 polygons
2026-09-12 12:21:16 +0200: Memory Usage (434732K) : metal4_pin has 43 polygons
2026-09-12 12:21:16 +0200: Memory Usage (434860K) : metal4_mask has 0 polygons
2026-09-12 12:21:16 +0200: Memory Usage (434860K) : metal4_filler has 0 polygons
2026-09-12 12:21:16 +0200: Memory Usage (434988K) : metal4_nofill has 0 polygons
2026-09-12 12:21:16 +0200: Memory Usage (435116K) : metal4_slit has 0 polygons
2026-09-12 12:21:16 +0200: Memory Usage (435116K) : metal4_text has 43 polygons
2026-09-12 12:21:16 +0200: Memory Usage (435244K) : metal4_opc has 0 polygons
2026-09-12 12:21:16 +0200: Memory Usage (435244K) : metal4_noqrc has 0 polygons
2026-09-12 12:21:16 +0200: Memory Usage (435372K) : metal4_res has 0 polygons
2026-09-12 12:21:16 +0200: Memory Usage (435372K) : metal4_iprobe has 0 polygons
2026-09-12 12:21:16 +0200: Memory Usage (435500K) : metal4_diffprb has 0 polygons
2026-09-12 12:21:16 +0200: Memory Usage (435628K) : heattrans_drw has 0 polygons
2026-09-12 12:21:16 +0200: Memory Usage (435628K) : heatres_drw has 0 polygons
2026-09-12 12:21:16 +0200: Memory Usage (435756K) : pempoly_drw has 0 polygons
2026-09-12 12:21:16 +0200: Memory Usage (435756K) : fbe_drw has 0 polygons
2026-09-12 12:21:16 +0200: Memory Usage (435884K) : empoly_drw has 0 polygons
2026-09-12 12:21:16 +0200: Memory Usage (436012K) : ldmos_drw has 0 polygons
2026-09-12 12:21:16 +0200: Memory Usage (436012K) : pbiwind_drw has 0 polygons
2026-09-12 12:21:16 +0200: Memory Usage (436140K) : digisub_drw has 0 polygons
2026-09-12 12:21:16 +0200: Memory Usage (436140K) : nodrc_drw has 0 polygons
2026-09-12 12:21:16 +0200: Memory Usage (436268K) : text_drw has 0 polygons
2026-09-12 12:21:16 +0200: Memory Usage (436268K) : via4_drw has 1073 polygons
2026-09-12 12:21:16 +0200: Memory Usage (436396K) : metal5_drw has 248 polygons
2026-09-12 12:21:16 +0200: Memory Usage (436524K) : metal5_pin has 0 polygons
2026-09-12 12:21:16 +0200: Memory Usage (436524K) : metal5_mask has 0 polygons
2026-09-12 12:21:16 +0200: Memory Usage (436652K) : metal5_filler has 0 polygons
2026-09-12 12:21:16 +0200: Memory Usage (436780K) : metal5_nofill has 0 polygons
2026-09-12 12:21:16 +0200: Memory Usage (436780K) : metal5_slit has 0 polygons
2026-09-12 12:21:16 +0200: Memory Usage (436908K) : metal5_text has 0 polygons
2026-09-12 12:21:16 +0200: Memory Usage (436908K) : metal5_opc has 0 polygons
2026-09-12 12:21:16 +0200: Memory Usage (437036K) : metal5_noqrc has 0 polygons
2026-09-12 12:21:16 +0200: Memory Usage (437164K) : metal5_res has 0 polygons
2026-09-12 12:21:16 +0200: Memory Usage (437164K) : metal5_iprobe has 0 polygons
2026-09-12 12:21:16 +0200: Memory Usage (437292K) : metal5_diffprb has 0 polygons
2026-09-12 12:21:16 +0200: Memory Usage (437292K) : radhard_drw has 0 polygons
2026-09-12 12:21:16 +0200: Memory Usage (437420K) : memcap_drw has 0 polygons
2026-09-12 12:21:16 +0200: Memory Usage (437420K) : varicap_drw has 0 polygons
2026-09-12 12:21:16 +0200: Memory Usage (437548K) : flash_drw has 0 polygons
2026-09-12 12:21:16 +0200: Memory Usage (437676K) : intbondvia_drw has 0 polygons
2026-09-12 12:21:16 +0200: Memory Usage (437676K) : intbondmet_drw has 0 polygons
2026-09-12 12:21:16 +0200: Memory Usage (437804K) : devbondvia_drw has 0 polygons
2026-09-12 12:21:16 +0200: Memory Usage (437804K) : devbondmet_drw has 0 polygons
2026-09-12 12:21:16 +0200: Memory Usage (437932K) : devtrench_drw has 0 polygons
2026-09-12 12:21:16 +0200: Memory Usage (438060K) : redist_drw has 0 polygons
2026-09-12 12:21:16 +0200: Memory Usage (438060K) : graphbot_drw has 0 polygons
2026-09-12 12:21:16 +0200: Memory Usage (438188K) : graphtop_drw has 0 polygons
2026-09-12 12:21:16 +0200: Memory Usage (438188K) : antvia1_drw has 0 polygons
2026-09-12 12:21:16 +0200: Memory Usage (438316K) : antmetal2_drw has 0 polygons
2026-09-12 12:21:16 +0200: Memory Usage (438316K) : graphcont_drw has 0 polygons
2026-09-12 12:21:16 +0200: Memory Usage (438444K) : siwg_drw has 0 polygons
2026-09-12 12:21:16 +0200: Memory Usage (438572K) : siwg_filler has 0 polygons
2026-09-12 12:21:16 +0200: Memory Usage (438572K) : siwg_nofill has 0 polygons
2026-09-12 12:21:16 +0200: Memory Usage (438700K) : sigrating_drw has 0 polygons
2026-09-12 12:21:16 +0200: Memory Usage (438700K) : singrating_drw has 0 polygons
2026-09-12 12:21:16 +0200: Memory Usage (438828K) : graphpas_drw has 0 polygons
2026-09-12 12:21:16 +0200: Memory Usage (438956K) : emwind3_drw has 0 polygons
2026-09-12 12:21:16 +0200: Memory Usage (438956K) : emwihv3_drw has 0 polygons
2026-09-12 12:21:16 +0200: Memory Usage (439084K) : redbulay_drw has 0 polygons
2026-09-12 12:21:16 +0200: Memory Usage (439084K) : smos_drw has 0 polygons
2026-09-12 12:21:16 +0200: Memory Usage (439212K) : graphpad_drw has 0 polygons
2026-09-12 12:21:16 +0200: Memory Usage (439212K) : polimide_drw has 0 polygons
2026-09-12 12:21:16 +0200: Memory Usage (439340K) : polimide_pin has 0 polygons
2026-09-12 12:21:16 +0200: Memory Usage (439468K) : recog_drw has 0 polygons
2026-09-12 12:21:16 +0200: Memory Usage (439468K) : recog_pin has 0 polygons
2026-09-12 12:21:16 +0200: Memory Usage (439596K) : recog_esd has 0 polygons
2026-09-12 12:21:16 +0200: Memory Usage (439596K) : recog_diode has 0 polygons
2026-09-12 12:21:16 +0200: Memory Usage (439724K) : recog_tsv has 0 polygons
2026-09-12 12:21:16 +0200: Memory Usage (439852K) : recog_iprobe has 0 polygons
2026-09-12 12:21:16 +0200: Memory Usage (439852K) : recog_diffprb has 0 polygons
2026-09-12 12:21:16 +0200: Memory Usage (439980K) : recog_pillar has 0 polygons
2026-09-12 12:21:16 +0200: Memory Usage (439980K) : recog_sbump has 0 polygons
2026-09-12 12:21:16 +0200: Memory Usage (440108K) : recog_otp has 0 polygons
2026-09-12 12:21:16 +0200: Memory Usage (440108K) : recog_pdiode has 0 polygons
2026-09-12 12:21:16 +0200: Memory Usage (440236K) : recog_mom has 0 polygons
2026-09-12 12:21:16 +0200: Memory Usage (440364K) : recog_pcm has 0 polygons
2026-09-12 12:21:16 +0200: Memory Usage (440364K) : colopen_drw has 0 polygons
2026-09-12 12:21:16 +0200: Memory Usage (440492K) : graphmetal1_drw has 0 polygons
2026-09-12 12:21:16 +0200: Memory Usage (440492K) : graphmetal1_filler has 0 polygons
2026-09-12 12:21:16 +0200: Memory Usage (440620K) : graphmetal1_nofill has 0 polygons
2026-09-12 12:21:16 +0200: Memory Usage (440748K) : graphmetal1_slit has 0 polygons
2026-09-12 12:21:16 +0200: Memory Usage (440748K) : graphmetal1_opc has 0 polygons
2026-09-12 12:21:16 +0200: Memory Usage (440876K) : graphmet1l_drw has 0 polygons
2026-09-12 12:21:16 +0200: Memory Usage (440876K) : graphmet1l_filler has 0 polygons
2026-09-12 12:21:16 +0200: Memory Usage (441004K) : graphmet1l_nofill has 0 polygons
2026-09-12 12:21:16 +0200: Memory Usage (441004K) : graphmet1l_slit has 0 polygons
2026-09-12 12:21:16 +0200: Memory Usage (441132K) : graphmet1l_opc has 0 polygons
2026-09-12 12:21:16 +0200: Memory Usage (441260K) : extblock_drw has 0 polygons
2026-09-12 12:21:16 +0200: Memory Usage (441260K) : nldd_drw has 0 polygons
2026-09-12 12:21:16 +0200: Memory Usage (441388K) : pldd_drw has 0 polygons
2026-09-12 12:21:16 +0200: Memory Usage (441388K) : next_drw has 0 polygons
2026-09-12 12:21:16 +0200: Memory Usage (441516K) : pext_drw has 0 polygons
2026-09-12 12:21:16 +0200: Memory Usage (441644K) : nexthv_drw has 0 polygons
2026-09-12 12:21:16 +0200: Memory Usage (441644K) : pexthv_drw has 0 polygons
2026-09-12 12:21:16 +0200: Memory Usage (441772K) : graphgate_drw has 0 polygons
2026-09-12 12:21:16 +0200: Memory Usage (441772K) : sinwg_drw has 0 polygons
2026-09-12 12:21:16 +0200: Memory Usage (441900K) : sinwg_filler has 0 polygons
2026-09-12 12:21:16 +0200: Memory Usage (441900K) : sinwg_nofill has 0 polygons
2026-09-12 12:21:16 +0200: Memory Usage (442028K) : mempad_drw has 0 polygons
2026-09-12 12:21:16 +0200: Memory Usage (442156K) : topvia1_drw has 404 polygons
2026-09-12 12:21:16 +0200: Memory Usage (442156K) : topmetal1_drw has 12 polygons
2026-09-12 12:21:16 +0200: Memory Usage (442284K) : topmetal1_pin has 10 polygons
2026-09-12 12:21:16 +0200: Memory Usage (442284K) : topmetal1_mask has 0 polygons
2026-09-12 12:21:16 +0200: Memory Usage (442412K) : topmetal1_filler has 0 polygons
2026-09-12 12:21:16 +0200: Memory Usage (442540K) : topmetal1_nofill has 0 polygons
2026-09-12 12:21:16 +0200: Memory Usage (442540K) : topmetal1_slit has 0 polygons
2026-09-12 12:21:16 +0200: Memory Usage (442668K) : topmetal1_text has 10 polygons
2026-09-12 12:21:16 +0200: Memory Usage (442668K) : topmetal1_noqrc has 0 polygons
2026-09-12 12:21:16 +0200: Memory Usage (442796K) : topmetal1_res has 0 polygons
2026-09-12 12:21:16 +0200: Memory Usage (442796K) : topmetal1_iprobe has 0 polygons
2026-09-12 12:21:16 +0200: Memory Usage (442796K) : topmetal1_diffprb has 0 polygons
2026-09-12 12:21:16 +0200: Memory Usage (442796K) : inldpwl_drw has 0 polygons
2026-09-12 12:21:16 +0200: Memory Usage (442796K) : polyres_drw has 0 polygons
2026-09-12 12:21:16 +0200: Memory Usage (442796K) : polyres_pin has 0 polygons
2026-09-12 12:21:16 +0200: Memory Usage (442796K) : vmim_drw has 0 polygons
2026-09-12 12:21:16 +0200: Memory Usage (442796K) : nbulaycut_drw has 0 polygons
2026-09-12 12:21:16 +0200: Memory Usage (442796K) : antmetal1_drw has 0 polygons
2026-09-12 12:21:16 +0200: Memory Usage (442796K) : topvia2_drw has 0 polygons
2026-09-12 12:21:16 +0200: Memory Usage (442796K) : topmetal2_drw has 0 polygons
2026-09-12 12:21:16 +0200: Memory Usage (442796K) : topmetal2_pin has 0 polygons
2026-09-12 12:21:16 +0200: Memory Usage (442796K) : topmetal2_mask has 0 polygons
2026-09-12 12:21:16 +0200: Memory Usage (442796K) : topmetal2_filler has 0 polygons
2026-09-12 12:21:16 +0200: Memory Usage (442796K) : topmetal2_nofill has 0 polygons
2026-09-12 12:21:16 +0200: Memory Usage (442796K) : topmetal2_slit has 0 polygons
2026-09-12 12:21:16 +0200: Memory Usage (442796K) : topmetal2_text has 0 polygons
2026-09-12 12:21:16 +0200: Memory Usage (442796K) : topmetal2_noqrc has 0 polygons
2026-09-12 12:21:16 +0200: Memory Usage (442796K) : topmetal2_res has 0 polygons
2026-09-12 12:21:16 +0200: Memory Usage (442796K) : topmetal2_iprobe has 0 polygons
2026-09-12 12:21:16 +0200: Memory Usage (442796K) : topmetal2_diffprb has 0 polygons
2026-09-12 12:21:16 +0200: Memory Usage (442796K) : snsring_drw has 0 polygons
2026-09-12 12:21:16 +0200: Memory Usage (442796K) : sensor_drw has 0 polygons
2026-09-12 12:21:16 +0200: Memory Usage (442796K) : snsarms_drw has 0 polygons
2026-09-12 12:21:16 +0200: Memory Usage (442796K) : snscmosvia_drw has 0 polygons
2026-09-12 12:21:16 +0200: Memory Usage (442796K) : colwind_drw has 0 polygons
2026-09-12 12:21:16 +0200: Memory Usage (442796K) : flm_drw has 0 polygons
2026-09-12 12:21:16 +0200: Memory Usage (442796K) : hafniumox_drw has 0 polygons
2026-09-12 12:21:16 +0200: Memory Usage (442796K) : memvia_drw has 0 polygons
2026-09-12 12:21:16 +0200: Memory Usage (442796K) : thinfilmres_drw has 0 polygons
2026-09-12 12:21:16 +0200: Memory Usage (442796K) : rfmem_drw has 0 polygons
2026-09-12 12:21:16 +0200: Memory Usage (442796K) : norcx_drw has 0 polygons
2026-09-12 12:21:16 +0200: Memory Usage (442796K) : norcx_m2m3 has 0 polygons
2026-09-12 12:21:16 +0200: Memory Usage (442796K) : norcx_m2m4 has 0 polygons
2026-09-12 12:21:16 +0200: Memory Usage (442796K) : norcx_m2m5 has 0 polygons
2026-09-12 12:21:16 +0200: Memory Usage (442796K) : norcx_m2tm1 has 0 polygons
2026-09-12 12:21:16 +0200: Memory Usage (442796K) : norcx_m2tm2 has 0 polygons
2026-09-12 12:21:16 +0200: Memory Usage (442796K) : norcx_m3m4 has 0 polygons
2026-09-12 12:21:16 +0200: Memory Usage (442796K) : norcx_m3m5 has 0 polygons
2026-09-12 12:21:16 +0200: Memory Usage (442796K) : norcx_m3tm1 has 0 polygons
2026-09-12 12:21:16 +0200: Memory Usage (442796K) : norcx_m3tm2 has 0 polygons
2026-09-12 12:21:16 +0200: Memory Usage (442796K) : norcx_m4m5 has 0 polygons
2026-09-12 12:21:16 +0200: Memory Usage (442796K) : norcx_m4tm1 has 0 polygons
2026-09-12 12:21:16 +0200: Memory Usage (442796K) : norcx_m4tm2 has 0 polygons
2026-09-12 12:21:16 +0200: Memory Usage (442796K) : norcx_m5tm1 has 0 polygons
2026-09-12 12:21:16 +0200: Memory Usage (442796K) : norcx_m5tm2 has 0 polygons
2026-09-12 12:21:16 +0200: Memory Usage (442796K) : norcx_tm1tm2 has 0 polygons
2026-09-12 12:21:16 +0200: Memory Usage (442796K) : norcx_m1sub has 0 polygons
2026-09-12 12:21:16 +0200: Memory Usage (442796K) : norcx_m2sub has 0 polygons
2026-09-12 12:21:16 +0200: Memory Usage (442796K) : norcx_m3sub has 0 polygons
2026-09-12 12:21:16 +0200: Memory Usage (442796K) : norcx_m4sub has 0 polygons
2026-09-12 12:21:16 +0200: Memory Usage (442796K) : norcx_m5sub has 0 polygons
2026-09-12 12:21:16 +0200: Memory Usage (442796K) : norcx_tm1sub has 0 polygons
2026-09-12 12:21:16 +0200: Memory Usage (442796K) : norcx_tm2sub has 0 polygons
2026-09-12 12:21:16 +0200: Memory Usage (442796K) : snsbotvia_drw has 0 polygons
2026-09-12 12:21:16 +0200: Memory Usage (442796K) : snstopvia_drw has 0 polygons
2026-09-12 12:21:16 +0200: Memory Usage (442796K) : deepvia_drw has 0 polygons
2026-09-12 12:21:16 +0200: Memory Usage (442796K) : fgetch_drw has 0 polygons
2026-09-12 12:21:16 +0200: Memory Usage (442796K) : ctrgat_drw has 0 polygons
2026-09-12 12:21:16 +0200: Memory Usage (442796K) : fgimp_drw has 0 polygons
2026-09-12 12:21:16 +0200: Memory Usage (442796K) : emwihv_drw has 0 polygons
2026-09-12 12:21:16 +0200: Memory Usage (442796K) : lbe_drw has 0 polygons
2026-09-12 12:21:16 +0200: Memory Usage (442796K) : alcustop_drw has 0 polygons
2026-09-12 12:21:16 +0200: Memory Usage (442796K) : nometfiller_drw has 0 polygons
2026-09-12 12:21:16 +0200: Memory Usage (442796K) : prboundary_drw has 0 polygons
2026-09-12 12:21:16 +0200: Memory Usage (442796K) : exchange0_drw has 0 polygons
2026-09-12 12:21:16 +0200: Memory Usage (442796K) : exchange0_pin has 0 polygons
2026-09-12 12:21:16 +0200: Memory Usage (442796K) : exchange0_text has 0 polygons
2026-09-12 12:21:16 +0200: Memory Usage (442796K) : exchange1_drw has 0 polygons
2026-09-12 12:21:16 +0200: Memory Usage (442796K) : exchange1_pin has 0 polygons
2026-09-12 12:21:16 +0200: Memory Usage (442796K) : exchange1_text has 0 polygons
2026-09-12 12:21:16 +0200: Memory Usage (442796K) : exchange2_drw has 0 polygons
2026-09-12 12:21:16 +0200: Memory Usage (442796K) : exchange2_pin has 0 polygons
2026-09-12 12:21:16 +0200: Memory Usage (442796K) : exchange2_text has 0 polygons
2026-09-12 12:21:16 +0200: Memory Usage (442796K) : exchange3_drw has 0 polygons
2026-09-12 12:21:16 +0200: Memory Usage (442796K) : exchange3_pin has 0 polygons
2026-09-12 12:21:16 +0200: Memory Usage (442796K) : exchange3_text has 0 polygons
2026-09-12 12:21:16 +0200: Memory Usage (442796K) : exchange4_drw has 0 polygons
2026-09-12 12:21:16 +0200: Memory Usage (442796K) : exchange4_pin has 0 polygons
2026-09-12 12:21:16 +0200: Memory Usage (442796K) : exchange4_text has 0 polygons
2026-09-12 12:21:16 +0200: Memory Usage (442796K) : isonwell_drw has 0 polygons
2026-09-12 12:21:16 +0200: Memory Usage (442796K) : Total no. of polygons in the design is 194834
2026-09-12 12:21:16 +0200: Memory Usage (442796K) : Loaded TECH DRC rules values from /mnt/c/Users/user/Desktop/HACKATHON/.tools/ciel-precheck/ciel/ihp-sg13g2/versions/c4b8b4e5e7a05f375cca3815d51b3a37721fbf5c/ihp-sg13g2/libs.tech/klayout/python/sg13g2_pycell_lib/sg13g2_tech_mod.json
2026-09-12 12:21:16 +0200: Memory Usage (442796K) : Loaded default DRC rules values from /mnt/c/Users/user/Desktop/HACKATHON/.tools/ciel-precheck/ciel/ihp-sg13g2/versions/c4b8b4e5e7a05f375cca3815d51b3a37721fbf5c/ihp-sg13g2/libs.tech/klayout/tech/drc/rule_decks/sg13g2_tech_default.json
2026-09-12 12:21:16 +0200: Memory Usage (442796K) : The following rules values were missing in tech json and default values were used:
2026-09-12 12:21:16 +0200: Memory Usage (442796K) :   - Cnt_c_digibnd
2026-09-12 12:21:16 +0200: Memory Usage (443692K) : Total area of the design is 31318.358399999997 um^2.
2026-09-12 12:21:16 +0200: Memory Usage (443692K) : The design dimensions are 202.08 µm * 154.98 µm.
2026-09-12 12:21:16 +0200: Memory Usage (443692K) : Starting general IHP-SG13G2 derivations.
2026-09-12 12:21:16 +0200: Memory Usage (443692K) : Starting Pwell derivations
2026-09-12 12:21:16 +0200: Memory Usage (446636K) : Starting n-Activ derivations
2026-09-12 12:21:16 +0200: Memory Usage (449452K) : Starting p-Activ derivations
2026-09-12 12:21:16 +0200: Memory Usage (449580K) : Starting ptap derivations
2026-09-12 12:21:16 +0200: Memory Usage (451756K) : Starting ntap derivations
2026-09-12 12:21:17 +0200: Memory Usage (454188K) : Starting pact FET derivations
2026-09-12 12:21:17 +0200: Memory Usage (455212K) : Starting nact FET derivations
2026-09-12 12:21:17 +0200: Memory Usage (457132K) : Starting Gate derivations
2026-09-12 12:21:17 +0200: Memory Usage (458540K) : Starting cont/contbar general derivations
2026-09-12 12:21:17 +0200: Memory Usage (458668K) : Starting pad general derivations
2026-09-12 12:21:17 +0200: Memory Usage (458668K) : Starting IHP-SG13G2 DRC connectivity related derivations.
2026-09-12 12:21:17 +0200: Memory Usage (458668K) : Starting IHP-SG13G2 DRC connectivity setup
2026-09-12 12:21:17 +0200: Memory Usage (458796K) : Starting IHP-SG13G2 DRC rules.
2026-09-12 12:21:17 +0200: Memory Usage (458796K) : Running all FEOL rules
2026-09-12 12:21:17 +0200: Memory Usage (458796K) : Running all BEOL rules
2026-09-12 12:21:17 +0200: Memory Usage (458796K) : Running all PIN rules
2026-09-12 12:21:17 +0200: Memory Usage (458796K) : Running all FORBIDDEN rules
2026-09-12 12:21:17 +0200: Memory Usage (458796K) : Starting 5.1 NWell table
2026-09-12 12:21:17 +0200: Memory Usage (458796K) : Executing rule NW.b
2026-09-12 12:21:17 +0200: Memory Usage (459692K) : Executing rule NW.b1
2026-09-12 12:21:17 +0200: Memory Usage (459820K) : Starting 5.2 PWell:block
2026-09-12 12:21:17 +0200: Memory Usage (459820K) : Executing rule PWB.e
2026-09-12 12:21:17 +0200: Memory Usage (459820K) : Executing rule PWB.e1
2026-09-12 12:21:17 +0200: Memory Usage (459820K) : Executing rule PWB.f
2026-09-12 12:21:17 +0200: Memory Usage (459820K) : Executing rule PWB.f1
2026-09-12 12:21:17 +0200: Memory Usage (459820K) : Starting 5.3 nBuLay table
2026-09-12 12:21:17 +0200: Memory Usage (461484K) : Executing rule NBL.b
2026-09-12 12:21:17 +0200: Memory Usage (461484K) : Executing rule NBL.c
2026-09-12 12:21:17 +0200: Memory Usage (461484K) : Executing rule NBL.d
2026-09-12 12:21:17 +0200: Memory Usage (461740K) : Executing rule NBL.e
2026-09-12 12:21:17 +0200: Memory Usage (461996K) : Executing rule NBL.f
2026-09-12 12:21:17 +0200: Memory Usage (462252K) : Starting 5.5. Activ table
2026-09-12 12:21:17 +0200: Memory Usage (462252K) : Executing rule Act.a
2026-09-12 12:21:17 +0200: Memory Usage (462252K) : Executing rule Act.b
2026-09-12 12:21:18 +0200: Memory Usage (465320K) : Starting 5.6 Activ:filler table
2026-09-12 12:21:18 +0200: Memory Usage (465320K) : Executing rule AFil.c1
2026-09-12 12:21:18 +0200: Memory Usage (465320K) : Executing rule AFil.c
2026-09-12 12:21:18 +0200: Memory Usage (465320K) : Executing rule AFil.d
2026-09-12 12:21:18 +0200: Memory Usage (465320K) : Executing rule AFil.e
2026-09-12 12:21:18 +0200: Memory Usage (465320K) : Executing rule AFil.j
2026-09-12 12:21:18 +0200: Memory Usage (465320K) : Starting 5.7. ThickGateOx table
2026-09-12 12:21:18 +0200: Memory Usage (465320K) : Executing rule TGO.f
2026-09-12 12:21:18 +0200: Memory Usage (465320K) : Starting 5.8. GatPoly table
2026-09-12 12:21:18 +0200: Memory Usage (465320K) : Executing rule Gat.a
2026-09-12 12:21:18 +0200: Memory Usage (465320K) : Executing rule Gat.b
2026-09-12 12:21:18 +0200: Memory Usage (465704K) : Executing rule Gat.d
2026-09-12 12:21:18 +0200: Memory Usage (465832K) : Executing rule Gat.a1
2026-09-12 12:21:18 +0200: Memory Usage (466856K) : Executing rule Gat.a2
2026-09-12 12:21:18 +0200: Memory Usage (467240K) : Executing rule Gat.g
2026-09-12 12:21:18 +0200: Memory Usage (467364K) : Starting 5.9 GatPoly:filler
2026-09-12 12:21:18 +0200: Memory Usage (467364K) : Executing rule GFil.d
2026-09-12 12:21:18 +0200: Memory Usage (467364K) : Executing rule GFil.e
2026-09-12 12:21:18 +0200: Memory Usage (467364K) : Executing rule GFil.i
2026-09-12 12:21:18 +0200: Memory Usage (467364K) : Starting 5.10 pSD table
2026-09-12 12:21:18 +0200: Memory Usage (467364K) : Executing rule pSD.c1
2026-09-12 12:21:18 +0200: Memory Usage (470304K) : Starting 5.14. Cont table
2026-09-12 12:21:18 +0200: Memory Usage (470304K) : Executing rule Cnt.a
2026-09-12 12:21:18 +0200: Memory Usage (482592K) : Executing rule Cnt.b
2026-09-12 12:21:18 +0200: Memory Usage (484640K) : Executing rule Cnt.c
2026-09-12 12:21:18 +0200: Memory Usage (489376K) : Executing rule Cnt.c
2026-09-12 12:21:18 +0200: Memory Usage (489376K) : Executing rule Cnt.d
2026-09-12 12:21:18 +0200: Memory Usage (489504K) : Executing rule Cnt.e
2026-09-12 12:21:19 +0200: Memory Usage (490272K) : Executing rule Cnt.g1
2026-09-12 12:21:19 +0200: Memory Usage (490528K) : Executing rule Cnt.g2
2026-09-12 12:21:19 +0200: Memory Usage (493472K) : Starting 5.15. ContBar table
2026-09-12 12:21:19 +0200: Memory Usage (493472K) : Executing rule CntB.b1
2026-09-12 12:21:19 +0200: Memory Usage (493472K) : Executing rule CntB.h1
2026-09-12 12:21:19 +0200: Memory Usage (493472K) : Starting 6.1.3 NPN Substrate-Tie table
2026-09-12 12:21:19 +0200: Memory Usage (493472K) : Executing rule npn13G2.bR 
2026-09-12 12:21:19 +0200: Memory Usage (493472K) : Executing rule npn13G2L.cR 
2026-09-12 12:21:19 +0200: Memory Usage (493472K) : Executing rule npn13G2V.cR 
2026-09-12 12:21:19 +0200: Memory Usage (493472K) : Starting 6.7 Schottky diode table
2026-09-12 12:21:19 +0200: Memory Usage (493472K) : Executing rule Sdiod.d
2026-09-12 12:21:19 +0200: Memory Usage (493472K) : Executing rule Sdiod.e
2026-09-12 12:21:19 +0200: Memory Usage (493472K) : Starting 7.2 Latch-up table
2026-09-12 12:21:19 +0200: Memory Usage (493472K) : Executing rule LU.b
2026-09-12 12:21:19 +0200: Memory Usage (493728K) : Starting 5.16. Metal1 table
2026-09-12 12:21:19 +0200: Memory Usage (493728K) : Executing rule M1.a
2026-09-12 12:21:19 +0200: Memory Usage (494112K) : Executing rule M1.b
2026-09-12 12:21:20 +0200: Memory Usage (499616K) : Executing rule M1.e
2026-09-12 12:21:20 +0200: Memory Usage (499744K) : Executing rule M1.f
2026-09-12 12:21:20 +0200: Memory Usage (499744K) : Executing rule M1.g
2026-09-12 12:21:20 +0200: Memory Usage (501792K) : Executing rule M1.i
2026-09-12 12:21:20 +0200: Memory Usage (505376K) : Starting 5.17 Metaln table
2026-09-12 12:21:20 +0200: Memory Usage (505376K) : Executing rule M2.a
2026-09-12 12:21:20 +0200: Memory Usage (505376K) : Executing rule M2.b
2026-09-12 12:21:20 +0200: Memory Usage (505376K) : Executing rule M2.e
2026-09-12 12:21:20 +0200: Memory Usage (505376K) : Executing rule M2.f
2026-09-12 12:21:20 +0200: Memory Usage (505376K) : Executing rule M2.g
2026-09-12 12:21:20 +0200: Memory Usage (506656K) : Executing rule M2.i
2026-09-12 12:21:20 +0200: Memory Usage (510880K) : Executing rule M3.a
2026-09-12 12:21:21 +0200: Memory Usage (510880K) : Executing rule M3.b
2026-09-12 12:21:21 +0200: Memory Usage (511008K) : Executing rule M3.e
2026-09-12 12:21:21 +0200: Memory Usage (511008K) : Executing rule M3.f
2026-09-12 12:21:21 +0200: Memory Usage (511008K) : Executing rule M3.g
2026-09-12 12:21:21 +0200: Memory Usage (511136K) : Executing rule M3.i
2026-09-12 12:21:21 +0200: Memory Usage (511264K) : Executing rule M4.a
2026-09-12 12:21:21 +0200: Memory Usage (511264K) : Executing rule M4.b
2026-09-12 12:21:21 +0200: Memory Usage (511004K) : Executing rule M4.e
2026-09-12 12:21:21 +0200: Memory Usage (511004K) : Executing rule M4.f
2026-09-12 12:21:21 +0200: Memory Usage (511004K) : Executing rule M4.g
2026-09-12 12:21:21 +0200: Memory Usage (510872K) : Executing rule M4.i
2026-09-12 12:21:21 +0200: Memory Usage (510872K) : Executing rule M5.a
2026-09-12 12:21:21 +0200: Memory Usage (510872K) : Executing rule M5.b
2026-09-12 12:21:21 +0200: Memory Usage (502800K) : Executing rule M5.e
2026-09-12 12:21:21 +0200: Memory Usage (502800K) : Executing rule M5.f
2026-09-12 12:21:21 +0200: Memory Usage (502800K) : Executing rule M5.g
2026-09-12 12:21:21 +0200: Memory Usage (502800K) : Executing rule M5.i
2026-09-12 12:21:21 +0200: Memory Usage (502928K) : Starting 5.18 Metaln:filler table
2026-09-12 12:21:21 +0200: Memory Usage (502928K) : Executing rule M1Fil.c
2026-09-12 12:21:21 +0200: Memory Usage (502928K) : Executing rule M1Fil.a2
2026-09-12 12:21:21 +0200: Memory Usage (502928K) : Executing rule M2Fil.c
2026-09-12 12:21:21 +0200: Memory Usage (502928K) : Executing rule M2Fil.a2
2026-09-12 12:21:21 +0200: Memory Usage (502928K) : Executing rule M3Fil.c
2026-09-12 12:21:21 +0200: Memory Usage (502928K) : Executing rule M3Fil.a2
2026-09-12 12:21:21 +0200: Memory Usage (502928K) : Executing rule M4Fil.c
2026-09-12 12:21:21 +0200: Memory Usage (502928K) : Executing rule M4Fil.a2
2026-09-12 12:21:21 +0200: Memory Usage (502928K) : Executing rule M5Fil.c
2026-09-12 12:21:21 +0200: Memory Usage (502928K) : Executing rule M5Fil.a2
2026-09-12 12:21:21 +0200: Memory Usage (502928K) : Starting 5.19. Via1 table
2026-09-12 12:21:21 +0200: Memory Usage (502928K) : Starting 5.19. Via1 table derivations
2026-09-12 12:21:21 +0200: Memory Usage (502928K) : Executing rule V1.a
2026-09-12 12:21:21 +0200: Memory Usage (503952K) : Executing rule V1.b
2026-09-12 12:21:21 +0200: Memory Usage (504080K) : Executing rule V1.c
2026-09-12 12:21:21 +0200: Memory Usage (504080K) : Starting 5.20. Vian table
2026-09-12 12:21:21 +0200: Memory Usage (504080K) : Executing rule V2.a
2026-09-12 12:21:21 +0200: Memory Usage (504080K) : Executing rule V2.b
2026-09-12 12:21:21 +0200: Memory Usage (505360K) : Executing rule V2.c
2026-09-12 12:21:21 +0200: Memory Usage (505360K) : Executing rule V3.a
2026-09-12 12:21:21 +0200: Memory Usage (505360K) : Executing rule V3.b
2026-09-12 12:21:21 +0200: Memory Usage (505360K) : Executing rule V3.c
2026-09-12 12:21:21 +0200: Memory Usage (505744K) : Executing rule V4.a
2026-09-12 12:21:21 +0200: Memory Usage (505744K) : Executing rule V4.b
2026-09-12 12:21:21 +0200: Memory Usage (505608K) : Executing rule V4.c
2026-09-12 12:21:21 +0200: Memory Usage (505736K) : Starting 5.21. TopVia1 table
2026-09-12 12:21:21 +0200: Memory Usage (505736K) : Executing rule TV1.a
2026-09-12 12:21:21 +0200: Memory Usage (505736K) : Executing rule TV1.b
2026-09-12 12:21:21 +0200: Memory Usage (505736K) : Executing rule TV1.c
2026-09-12 12:21:21 +0200: Memory Usage (505604K) : Executing rule TV1.d
2026-09-12 12:21:21 +0200: Memory Usage (505604K) : Starting 5.22. TopMetal1 table
2026-09-12 12:21:21 +0200: Memory Usage (505604K) : Executing rule TM1.a
2026-09-12 12:21:21 +0200: Memory Usage (505604K) : Executing rule TM1.b
2026-09-12 12:21:21 +0200: Memory Usage (505476K) : Starting 5.23 TopMetal1:filler table
2026-09-12 12:21:21 +0200: Memory Usage (505476K) : Executing rule TM1Fil.c
2026-09-12 12:21:21 +0200: Memory Usage (505476K) : Executing rule TM1Fil.a1
2026-09-12 12:21:21 +0200: Memory Usage (505476K) : Starting 5.24. TopVia2 table
2026-09-12 12:21:21 +0200: Memory Usage (505476K) : Executing rule TV2.a
2026-09-12 12:21:21 +0200: Memory Usage (505476K) : Executing rule TV2.b
2026-09-12 12:21:21 +0200: Memory Usage (505476K) : Executing rule TV2.c
2026-09-12 12:21:21 +0200: Memory Usage (505476K) : Executing rule TV2.d
2026-09-12 12:21:21 +0200: Memory Usage (505476K) : Starting 5.25. TopMetal2 table
2026-09-12 12:21:21 +0200: Memory Usage (505476K) : Executing rule TM2.a
2026-09-12 12:21:21 +0200: Memory Usage (505476K) : Executing rule TM2.b
2026-09-12 12:21:21 +0200: Memory Usage (505476K) : Executing rule TM2.bR
2026-09-12 12:21:21 +0200: Memory Usage (505476K) : Starting 5.26 TopMetal2:filler table
2026-09-12 12:21:21 +0200: Memory Usage (505476K) : Executing rule TM2Fil.c
2026-09-12 12:21:21 +0200: Memory Usage (505476K) : Executing rule TM2Fil.a1
2026-09-12 12:21:21 +0200: Memory Usage (505476K) : Starting 5.27. Passiv table
2026-09-12 12:21:21 +0200: Memory Usage (505476K) : Executing rule Pas.a
2026-09-12 12:21:21 +0200: Memory Usage (505476K) : Executing rule Pas.b
2026-09-12 12:21:21 +0200: Memory Usage (505476K) : Executing rule Pas.c
2026-09-12 12:21:21 +0200: Memory Usage (505476K) : Starting 6.9.2 Copper Pillar table
2026-09-12 12:21:21 +0200: Memory Usage (505476K) : Executing rule Padc.a
2026-09-12 12:21:21 +0200: Memory Usage (505476K) : Executing rule Padc.b
2026-09-12 12:21:21 +0200: Memory Usage (505476K) : Executing rule Padc.c
2026-09-12 12:21:21 +0200: Memory Usage (505476K) : Executing rule Padb.f
2026-09-12 12:21:21 +0200: Memory Usage (505476K) : Starting 6.9 Pad table
2026-09-12 12:21:21 +0200: Memory Usage (505476K) : Executing rule Pad.m
2026-09-12 12:21:21 +0200: Memory Usage (505476K) : Executing rule Pad.fR_M1
2026-09-12 12:21:21 +0200: Memory Usage (505476K) : Executing rule Pad.fR_M2
2026-09-12 12:21:21 +0200: Memory Usage (505476K) : Executing rule Pad.fR_M3
2026-09-12 12:21:21 +0200: Memory Usage (505476K) : Executing rule Pad.fR_M4
2026-09-12 12:21:21 +0200: Memory Usage (505476K) : Executing rule Pad.fR_M5
2026-09-12 12:21:21 +0200: Memory Usage (505476K) : Executing rule Pad.fR_TM1
2026-09-12 12:21:21 +0200: Memory Usage (505476K) : Executing rule Pad.fR_TM2
2026-09-12 12:21:21 +0200: Memory Usage (505476K) : Executing rule Pad.i
2026-09-12 12:21:21 +0200: Memory Usage (505476K) : Starting 6.9.1 Solder Bump
2026-09-12 12:21:21 +0200: Memory Usage (505476K) : Executing rule Padb.a
2026-09-12 12:21:21 +0200: Memory Usage (505476K) : Executing rule Padb.b
2026-09-12 12:21:21 +0200: Memory Usage (505476K) : Executing rule Padb.c
2026-09-12 12:21:21 +0200: Memory Usage (505476K) : Executing rule Padb.f
2026-09-12 12:21:21 +0200: Memory Usage (505476K) : Executing rule Padb.d
2026-09-12 12:21:21 +0200: Memory Usage (505476K) : Starting 6.10 Sealring table
2026-09-12 12:21:21 +0200: Memory Usage (505476K) : Executing rule Seal.l
2026-09-12 12:21:21 +0200: Memory Usage (505476K) : Executing rule Seal.n
2026-09-12 12:21:21 +0200: Memory Usage (505476K) : Executing rule seal.b_metal1
2026-09-12 12:21:21 +0200: Memory Usage (505476K) : Executing rule seal.b_metal2
2026-09-12 12:21:21 +0200: Memory Usage (505476K) : Executing rule seal.b_metal3
2026-09-12 12:21:21 +0200: Memory Usage (505476K) : Executing rule seal.b_metal4
2026-09-12 12:21:21 +0200: Memory Usage (505476K) : Executing rule seal.b_metal5
2026-09-12 12:21:21 +0200: Memory Usage (505476K) : Executing rule seal.b_topmetal1
2026-09-12 12:21:21 +0200: Memory Usage (505476K) : Executing rule seal.b_topmetal2
2026-09-12 12:21:21 +0200: Memory Usage (505476K) : Executing rule seal.b_activ
2026-09-12 12:21:21 +0200: Memory Usage (505476K) : Executing rule seal.b_psd
2026-09-12 12:21:21 +0200: Memory Usage (505476K) : Executing rule Seal.k
2026-09-12 12:21:21 +0200: Memory Usage (505476K) : Executing rule Seal.m
2026-09-12 12:21:21 +0200: Memory Usage (505476K) : Starting 6.11 MIM table
2026-09-12 12:21:21 +0200: Memory Usage (505476K) : Executing rule MIM.c
2026-09-12 12:21:21 +0200: Memory Usage (505604K) : Executing rule MIM.d
2026-09-12 12:21:21 +0200: Memory Usage (505604K) : Executing rule MIM.gR
2026-09-12 12:21:21 +0200: Memory Usage (505604K) : Starting 7.3 Metal Slits table
2026-09-12 12:21:21 +0200: Memory Usage (505604K) : Executing rule Slt.e1_M1
2026-09-12 12:21:21 +0200: Memory Usage (505604K) : Executing rule Slt.e1_M2
2026-09-12 12:21:21 +0200: Memory Usage (505604K) : Executing rule Slt.e1_M3
2026-09-12 12:21:21 +0200: Memory Usage (505604K) : Executing rule Slt.e1_M4
2026-09-12 12:21:21 +0200: Memory Usage (505604K) : Executing rule Slt.e1_M5
2026-09-12 12:21:21 +0200: Memory Usage (505604K) : Executing rule Slt.e1_TM1
2026-09-12 12:21:21 +0200: Memory Usage (505604K) : Executing rule Slt.e1_TM2
2026-09-12 12:21:21 +0200: Memory Usage (505732K) : Starting 9.1. LBE table
2026-09-12 12:21:21 +0200: Memory Usage (505732K) : Executing rule LBE.a
2026-09-12 12:21:21 +0200: Memory Usage (505860K) : Executing rule LBE.b
2026-09-12 12:21:21 +0200: Memory Usage (505988K) : Executing rule LBE.b1
2026-09-12 12:21:21 +0200: Memory Usage (506116K) : Executing rule LBE.c
2026-09-12 12:21:21 +0200: Memory Usage (506244K) : Executing rule LBE.d
2026-09-12 12:21:21 +0200: Memory Usage (506372K) : Executing rule LBE.h
2026-09-12 12:21:21 +0200: Memory Usage (506628K) : Starting 7.4. PIN table
2026-09-12 12:21:21 +0200: Memory Usage (506628K) : Executing rule Pin.a
2026-09-12 12:21:21 +0200: Memory Usage (506756K) : Executing rule Pin.b
2026-09-12 12:21:21 +0200: Memory Usage (507012K) : Executing rule Pin.e
2026-09-12 12:21:22 +0200: Memory Usage (507520K) : Executing rule Pin.f_M2
2026-09-12 12:21:22 +0200: Memory Usage (507648K) : Executing rule Pin.f_M3
2026-09-12 12:21:22 +0200: Memory Usage (507904K) : Executing rule Pin.f_M4
2026-09-12 12:21:22 +0200: Memory Usage (508288K) : Executing rule Pin.f_M5
2026-09-12 12:21:22 +0200: Memory Usage (508416K) : Executing rule Pin.g
2026-09-12 12:21:22 +0200: Memory Usage (508544K) : Executing rule Pin.h
2026-09-12 12:21:22 +0200: Memory Usage (508800K) : Starting 3.2. FORBIDDEN table
2026-09-12 12:21:22 +0200: Memory Usage (508800K) : Executing rule forbidden.biwind
2026-09-12 12:21:22 +0200: Memory Usage (508800K) : Executing rule forbidden.pemwind
2026-09-12 12:21:22 +0200: Memory Usage (508800K) : Executing rule forbidden.baspoly
2026-09-12 12:21:22 +0200: Memory Usage (508800K) : Executing rule forbidden.deepco
2026-09-12 12:21:22 +0200: Memory Usage (508800K) : Executing rule forbidden.pempoly
2026-09-12 12:21:22 +0200: Memory Usage (508800K) : Executing rule forbidden.empoly
2026-09-12 12:21:22 +0200: Memory Usage (508800K) : Executing rule forbidden.ldmos
2026-09-12 12:21:22 +0200: Memory Usage (508800K) : Executing rule forbidden.pbiwind
2026-09-12 12:21:22 +0200: Memory Usage (508800K) : Executing rule forbidden.nodrc
2026-09-12 12:21:22 +0200: Memory Usage (508800K) : Executing rule forbidden.flash
2026-09-12 12:21:22 +0200: Memory Usage (508800K) : Executing rule forbidden.colwind
2026-09-12 12:21:22 +0200: Memory Usage (508800K) : KLayout DRC run for tables 'main' completed in 5.71 seconds
INFO: Running klayout zero_area on /mnt/c/Users/user/Desktop/HACKATHON/artifacts/verified_single_key/tt_um_rumcajs.gds
0 zero-area shapes
0 zero-length paths,  0 zero-length paths deleted.
0 total zero-area objects,  0 total objects deleted.
VmPeak:	 1015276 kB
VmHWM:	  433020 kB
INFO: Running top macro name check...
INFO: Running forbidden layer check...
INFO: * Checking TopMetal2.drawing
INFO: * Checking TopMetal2.pin
INFO: * Checking TopMetal2.label
INFO: Running prBoundary check...
INFO: Running pin check...
INFO: * gds: /mnt/c/Users/user/Desktop/HACKATHON/artifacts/verified_single_key/tt_um_rumcajs.gds
INFO: * lef: /mnt/c/Users/user/Desktop/HACKATHON/artifacts/verified_single_key/tt_um_rumcajs.lef
INFO: * template_def: ../tech/ihp-sg13g2/def/tt_block_1x1_pgvdd.def
INFO: * toplevel: tt_um_rumcajs
INFO: * uses_vapwr: False
INFO: Running Verilog syntax check on /mnt/c/Users/user/Desktop/HACKATHON/artifacts/verified_single_key/tt_um_rumcajs.v

 /----------------------------------------------------------------------------\
 |  yosys -- Yosys Open SYnthesis Suite                                       |
 |  Copyright (C) 2012 - 2026  Claire Xenia Wolf <claire@yosyshq.com>         |
 |  Distributed under an ISC-like license, type "license" to see terms        |
 \----------------------------------------------------------------------------/
 Yosys 0.63 (git sha1 70a11c6bf, ccache clang++ 18.1.3 -O3 -flto -flto) [yowasp/yosys at release-0.63]

-- Running command `read_verilog -sv "/mnt/c/Users/user/Desktop/HACKATHON/artifacts/verified_single_key/tt_um_rumcajs.v"' --

1. Executing Verilog-2005 frontend: /mnt/c/Users/user/Desktop/HACKATHON/artifacts/verified_single_key/tt_um_rumcajs.v
Parsing SystemVerilog input from `/mnt/c/Users/user/Desktop/HACKATHON/artifacts/verified_single_key/tt_um_rumcajs.v' to AST representation.
Generating RTLIL representation for module `\tt_um_rumcajs'.
Successfully finished Verilog frontend.

End of script. Logfile hash: 049c7faf18, CPU: user 0.13s system 0.00s
Yosys 0.63 (git sha1 70a11c6bf, ccache clang++ 18.1.3 -O3 -flto -flto) [yowasp/yosys at release-0.63]
Time spent: 99% 2x read_verilog (0 sec), 0% 0x id_gc (0 sec)
INFO: Precheck passed for /mnt/c/Users/user/Desktop/HACKATHON/artifacts/verified_single_key/tt_um_rumcajs.gds! 🎉
