VPI error: Could not insert intermodpath!
	port1 = L_LO, port1_has_index = 0, port1_bit_index = 0
	port2 = uio_oe, port2_has_index = 1, port2_bit_index = 4
VPI error: Could not insert intermodpath!
	port1 = L_LO, port1_has_index = 0, port1_bit_index = 0
	port2 = uio_oe, port2_has_index = 1, port2_bit_index = 5
VPI error: Could not insert intermodpath!
	port1 = L_LO, port1_has_index = 0, port1_bit_index = 0
	port2 = uio_oe, port2_has_index = 1, port2_bit_index = 6
VPI error: Could not insert intermodpath!
	port1 = L_LO, port1_has_index = 0, port1_bit_index = 0
	port2 = uio_oe, port2_has_index = 1, port2_bit_index = 7
VPI error: Could not insert intermodpath!
	port1 = L_LO, port1_has_index = 0, port1_bit_index = 0
	port2 = uio_out, port2_has_index = 1, port2_bit_index = 0
VPI error: Could not insert intermodpath!
	port1 = L_LO, port1_has_index = 0, port1_bit_index = 0
	port2 = uio_out, port2_has_index = 1, port2_bit_index = 1
VPI error: Could not insert intermodpath!
	port1 = L_LO, port1_has_index = 0, port1_bit_index = 0
	port2 = uio_out, port2_has_index = 1, port2_bit_index = 2
VPI error: Could not insert intermodpath!
	port1 = L_LO, port1_has_index = 0, port1_bit_index = 0
	port2 = uio_out, port2_has_index = 1, port2_bit_index = 3
VPI error: Could not insert intermodpath!
	port1 = L_LO, port1_has_index = 0, port1_bit_index = 0
	port2 = uio_out, port2_has_index = 1, port2_bit_index = 4
VPI error: Could not insert intermodpath!
	port1 = L_LO, port1_has_index = 0, port1_bit_index = 0
	port2 = uio_out, port2_has_index = 1, port2_bit_index = 5
VPI error: Could not insert intermodpath!
	port1 = L_LO, port1_has_index = 0, port1_bit_index = 0
	port2 = uio_out, port2_has_index = 1, port2_bit_index = 6
VPI error: Could not insert intermodpath!
	port1 = L_LO, port1_has_index = 0, port1_bit_index = 0
	port2 = uio_out, port2_has_index = 1, port2_bit_index = 7
VPI error: Could not insert intermodpath!
	port1 = L_LO, port1_has_index = 0, port1_bit_index = 0
	port2 = uo_out, port2_has_index = 1, port2_bit_index = 1
VPI error: Could not insert intermodpath!
	port1 = L_LO, port1_has_index = 0, port1_bit_index = 0
	port2 = uo_out, port2_has_index = 1, port2_bit_index = 4
VPI error: Could not insert intermodpath!
	port1 = L_LO, port1_has_index = 0, port1_bit_index = 0
	port2 = uo_out, port2_has_index = 1, port2_bit_index = 5
VPI error: Could not insert intermodpath!
	port1 = L_LO, port1_has_index = 0, port1_bit_index = 0
	port2 = uo_out, port2_has_index = 1, port2_bit_index = 6
VPI error: Could not insert intermodpath!
	port1 = L_LO, port1_has_index = 0, port1_bit_index = 0
	port2 = uo_out, port2_has_index = 1, port2_bit_index = 7
SDF ERROR: runs/single_key_wipe_p80_h0/final/sdf/nom_typ_1p20V_25C/tt_um_rumcajs__nom_typ_1p20V_25C.sdf:9: Chosen value not defined.
SDF ERROR: runs/single_key_wipe_p80_h0/final/sdf/nom_typ_1p20V_25C/tt_um_rumcajs__nom_typ_1p20V_25C.sdf:11: Chosen value not defined.
SDF ERROR: runs/single_key_wipe_p80_h0/final/sdf/nom_typ_1p20V_25C/tt_um_rumcajs__nom_typ_1p20V_25C.sdf:3657: Could not find intermodpath!
SDF ERROR: runs/single_key_wipe_p80_h0/final/sdf/nom_typ_1p20V_25C/tt_um_rumcajs__nom_typ_1p20V_25C.sdf:3658: Could not find intermodpath!
SDF ERROR: runs/single_key_wipe_p80_h0/final/sdf/nom_typ_1p20V_25C/tt_um_rumcajs__nom_typ_1p20V_25C.sdf:3659: Could not find intermodpath!
SDF ERROR: runs/single_key_wipe_p80_h0/final/sdf/nom_typ_1p20V_25C/tt_um_rumcajs__nom_typ_1p20V_25C.sdf:3660: Could not find intermodpath!
SDF ERROR: runs/single_key_wipe_p80_h0/final/sdf/nom_typ_1p20V_25C/tt_um_rumcajs__nom_typ_1p20V_25C.sdf:3661: Could not find intermodpath!
SDF ERROR: runs/single_key_wipe_p80_h0/final/sdf/nom_typ_1p20V_25C/tt_um_rumcajs__nom_typ_1p20V_25C.sdf:3662: Could not find intermodpath!
SDF ERROR: runs/single_key_wipe_p80_h0/final/sdf/nom_typ_1p20V_25C/tt_um_rumcajs__nom_typ_1p20V_25C.sdf:3663: Could not find intermodpath!
SDF ERROR: runs/single_key_wipe_p80_h0/final/sdf/nom_typ_1p20V_25C/tt_um_rumcajs__nom_typ_1p20V_25C.sdf:3664: Could not find intermodpath!
SDF ERROR: runs/single_key_wipe_p80_h0/final/sdf/nom_typ_1p20V_25C/tt_um_rumcajs__nom_typ_1p20V_25C.sdf:3665: Could not find intermodpath!
SDF ERROR: runs/single_key_wipe_p80_h0/final/sdf/nom_typ_1p20V_25C/tt_um_rumcajs__nom_typ_1p20V_25C.sdf:3666: Could not find intermodpath!
SDF ERROR: runs/single_key_wipe_p80_h0/final/sdf/nom_typ_1p20V_25C/tt_um_rumcajs__nom_typ_1p20V_25C.sdf:3667: Could not find intermodpath!
SDF ERROR: runs/single_key_wipe_p80_h0/final/sdf/nom_typ_1p20V_25C/tt_um_rumcajs__nom_typ_1p20V_25C.sdf:3668: Could not find intermodpath!
SDF ERROR: runs/single_key_wipe_p80_h0/final/sdf/nom_typ_1p20V_25C/tt_um_rumcajs__nom_typ_1p20V_25C.sdf:3669: Could not find intermodpath!
SDF ERROR: runs/single_key_wipe_p80_h0/final/sdf/nom_typ_1p20V_25C/tt_um_rumcajs__nom_typ_1p20V_25C.sdf:3670: Could not find intermodpath!
SDF ERROR: runs/single_key_wipe_p80_h0/final/sdf/nom_typ_1p20V_25C/tt_um_rumcajs__nom_typ_1p20V_25C.sdf:3671: Could not find intermodpath!
SDF ERROR: runs/single_key_wipe_p80_h0/final/sdf/nom_typ_1p20V_25C/tt_um_rumcajs__nom_typ_1p20V_25C.sdf:3672: Could not find intermodpath!
SDF ERROR: runs/single_key_wipe_p80_h0/final/sdf/nom_typ_1p20V_25C/tt_um_rumcajs__nom_typ_1p20V_25C.sdf:3673: Could not find intermodpath!
SDF ERROR: runs/single_key_wipe_p80_h0/final/sdf/nom_typ_1p20V_25C/tt_um_rumcajs__nom_typ_1p20V_25C.sdf: Too many errors: syntax error
SDF ERROR: runs/single_key_wipe_p80_h0/final/sdf/nom_typ_1p20V_25C/tt_um_rumcajs__nom_typ_1p20V_25C.sdf:5940: Invalid/malformed COND
SDF ERROR: runs/single_key_wipe_p80_h0/final/sdf/nom_typ_1p20V_25C/tt_um_rumcajs__nom_typ_1p20V_25C.sdf:5932: Invalid/malformed delay type
SDF ERROR: runs/single_key_wipe_p80_h0/final/sdf/nom_typ_1p20V_25C/tt_um_rumcajs__nom_typ_1p20V_25C.sdf: Too many errors: syntax error
SDF ERROR: runs/single_key_wipe_p80_h0/final/sdf/nom_typ_1p20V_25C/tt_um_rumcajs__nom_typ_1p20V_25C.sdf:1: Invalid DELAYFILE format
SDF annotated: runs/single_key_wipe_p80_h0/final/sdf/nom_typ_1p20V_25C/tt_um_rumcajs__nom_typ_1p20V_25C.sdf
FATAL: test/gatelevel/tb_tt_um_rumcajs_gl.sv:178: REQ timeout before malformed frame
       Time: 323003500000  Scope: tb_tt_um_rumcajs_gl.malformed_63_bit_frame
