netlist_sha256=cb953b57562e86559b8ebf2888000f642d4e7e20c8fea8f66e8e0141a529b241
cell_models_sha256=28343754a828972d614c15b7db27892e92a8c16e49fc06ed69d858a659942ed4
/mnt/c/Users/user/Desktop/HACKATHON/.build/sg13g2_stdcell.iverilog.v:490: warning: Timing checks are not supported and delayed signal "delayed_CLK" will not be driven.
/mnt/c/Users/user/Desktop/HACKATHON/.build/sg13g2_stdcell.iverilog.v:490: warning: Timing checks are not supported and delayed signal "delayed_D" will not be driven.
/mnt/c/Users/user/Desktop/HACKATHON/.build/sg13g2_stdcell.iverilog.v:491: warning: Timing checks are not supported and delayed signal "delayed_CLK" will not be driven.
/mnt/c/Users/user/Desktop/HACKATHON/.build/sg13g2_stdcell.iverilog.v:491: warning: Timing checks are not supported and delayed signal "delayed_D" will not be driven.
/mnt/c/Users/user/Desktop/HACKATHON/.build/sg13g2_stdcell.iverilog.v:492: warning: Timing checks are not supported and delayed signal "delayed_RESET_B" will not be driven.
/mnt/c/Users/user/Desktop/HACKATHON/.build/sg13g2_stdcell.iverilog.v:492: warning: Timing checks are not supported and delayed signal "delayed_CLK" will not be driven.
/mnt/c/Users/user/Desktop/HACKATHON/.build/sg13g2_stdcell.iverilog.v:526: warning: Timing checks are not supported and delayed signal "delayed_CLK" will not be driven.
/mnt/c/Users/user/Desktop/HACKATHON/.build/sg13g2_stdcell.iverilog.v:526: warning: Timing checks are not supported and delayed signal "delayed_D" will not be driven.
/mnt/c/Users/user/Desktop/HACKATHON/.build/sg13g2_stdcell.iverilog.v:527: warning: Timing checks are not supported and delayed signal "delayed_CLK" will not be driven.
/mnt/c/Users/user/Desktop/HACKATHON/.build/sg13g2_stdcell.iverilog.v:527: warning: Timing checks are not supported and delayed signal "delayed_D" will not be driven.
/mnt/c/Users/user/Desktop/HACKATHON/.build/sg13g2_stdcell.iverilog.v:528: warning: Timing checks are not supported and delayed signal "delayed_RESET_B" will not be driven.
/mnt/c/Users/user/Desktop/HACKATHON/.build/sg13g2_stdcell.iverilog.v:528: warning: Timing checks are not supported and delayed signal "delayed_CLK" will not be driven.
/mnt/c/Users/user/Desktop/HACKATHON/.build/sg13g2_stdcell.iverilog.v:562: warning: Timing checks are not supported and delayed signal "delayed_CLK" will not be driven.
/mnt/c/Users/user/Desktop/HACKATHON/.build/sg13g2_stdcell.iverilog.v:562: warning: Timing checks are not supported and delayed signal "delayed_D" will not be driven.
/mnt/c/Users/user/Desktop/HACKATHON/.build/sg13g2_stdcell.iverilog.v:563: warning: Timing checks are not supported and delayed signal "delayed_CLK" will not be driven.
/mnt/c/Users/user/Desktop/HACKATHON/.build/sg13g2_stdcell.iverilog.v:563: warning: Timing checks are not supported and delayed signal "delayed_D" will not be driven.
/mnt/c/Users/user/Desktop/HACKATHON/.build/sg13g2_stdcell.iverilog.v:564: warning: Timing checks are not supported and delayed signal "delayed_RESET_B" will not be driven.
/mnt/c/Users/user/Desktop/HACKATHON/.build/sg13g2_stdcell.iverilog.v:564: warning: Timing checks are not supported and delayed signal "delayed_CLK" will not be driven.
/mnt/c/Users/user/Desktop/HACKATHON/.build/sg13g2_stdcell.iverilog.v:591: warning: Timing checks are not supported and delayed signal "delayed_GATE" will not be driven.
/mnt/c/Users/user/Desktop/HACKATHON/.build/sg13g2_stdcell.iverilog.v:591: warning: Timing checks are not supported and delayed signal "delayed_D" will not be driven.
/mnt/c/Users/user/Desktop/HACKATHON/.build/sg13g2_stdcell.iverilog.v:592: warning: Timing checks are not supported and delayed signal "delayed_GATE" will not be driven.
/mnt/c/Users/user/Desktop/HACKATHON/.build/sg13g2_stdcell.iverilog.v:592: warning: Timing checks are not supported and delayed signal "delayed_D" will not be driven.
/mnt/c/Users/user/Desktop/HACKATHON/.build/sg13g2_stdcell.iverilog.v:624: warning: Timing checks are not supported and delayed signal "delayed_GATE" will not be driven.
/mnt/c/Users/user/Desktop/HACKATHON/.build/sg13g2_stdcell.iverilog.v:624: warning: Timing checks are not supported and delayed signal "delayed_D" will not be driven.
/mnt/c/Users/user/Desktop/HACKATHON/.build/sg13g2_stdcell.iverilog.v:625: warning: Timing checks are not supported and delayed signal "delayed_GATE" will not be driven.
/mnt/c/Users/user/Desktop/HACKATHON/.build/sg13g2_stdcell.iverilog.v:625: warning: Timing checks are not supported and delayed signal "delayed_D" will not be driven.
/mnt/c/Users/user/Desktop/HACKATHON/.build/sg13g2_stdcell.iverilog.v:626: warning: Timing checks are not supported and delayed signal "delayed_RESET_B" will not be driven.
/mnt/c/Users/user/Desktop/HACKATHON/.build/sg13g2_stdcell.iverilog.v:626: warning: Timing checks are not supported and delayed signal "delayed_GATE" will not be driven.
/mnt/c/Users/user/Desktop/HACKATHON/.build/sg13g2_stdcell.iverilog.v:654: warning: Timing checks are not supported and delayed signal "delayed_GATE" will not be driven.
/mnt/c/Users/user/Desktop/HACKATHON/.build/sg13g2_stdcell.iverilog.v:654: warning: Timing checks are not supported and delayed signal "delayed_D" will not be driven.
/mnt/c/Users/user/Desktop/HACKATHON/.build/sg13g2_stdcell.iverilog.v:655: warning: Timing checks are not supported and delayed signal "delayed_GATE" will not be driven.
/mnt/c/Users/user/Desktop/HACKATHON/.build/sg13g2_stdcell.iverilog.v:655: warning: Timing checks are not supported and delayed signal "delayed_D" will not be driven.
/mnt/c/Users/user/Desktop/HACKATHON/.build/sg13g2_stdcell.iverilog.v:656: warning: Timing checks are not supported and delayed signal "delayed_RESET_B" will not be driven.
/mnt/c/Users/user/Desktop/HACKATHON/.build/sg13g2_stdcell.iverilog.v:656: warning: Timing checks are not supported and delayed signal "delayed_GATE" will not be driven.
/mnt/c/Users/user/Desktop/HACKATHON/.build/sg13g2_stdcell.iverilog.v:691: warning: Timing checks are not supported and delayed signal "delayed_GATE_N" will not be driven.
/mnt/c/Users/user/Desktop/HACKATHON/.build/sg13g2_stdcell.iverilog.v:691: warning: Timing checks are not supported and delayed signal "delayed_D" will not be driven.
/mnt/c/Users/user/Desktop/HACKATHON/.build/sg13g2_stdcell.iverilog.v:692: warning: Timing checks are not supported and delayed signal "delayed_GATE_N" will not be driven.
/mnt/c/Users/user/Desktop/HACKATHON/.build/sg13g2_stdcell.iverilog.v:692: warning: Timing checks are not supported and delayed signal "delayed_D" will not be driven.
/mnt/c/Users/user/Desktop/HACKATHON/.build/sg13g2_stdcell.iverilog.v:693: warning: Timing checks are not supported and delayed signal "delayed_RESET_B" will not be driven.
/mnt/c/Users/user/Desktop/HACKATHON/.build/sg13g2_stdcell.iverilog.v:693: warning: Timing checks are not supported and delayed signal "delayed_GATE_N" will not be driven.
/mnt/c/Users/user/Desktop/HACKATHON/.build/sg13g2_stdcell.iverilog.v:723: warning: Timing checks are not supported and delayed signal "delayed_GATE_N" will not be driven.
/mnt/c/Users/user/Desktop/HACKATHON/.build/sg13g2_stdcell.iverilog.v:723: warning: Timing checks are not supported and delayed signal "delayed_D" will not be driven.
/mnt/c/Users/user/Desktop/HACKATHON/.build/sg13g2_stdcell.iverilog.v:724: warning: Timing checks are not supported and delayed signal "delayed_GATE_N" will not be driven.
/mnt/c/Users/user/Desktop/HACKATHON/.build/sg13g2_stdcell.iverilog.v:724: warning: Timing checks are not supported and delayed signal "delayed_D" will not be driven.
/mnt/c/Users/user/Desktop/HACKATHON/.build/sg13g2_stdcell.iverilog.v:725: warning: Timing checks are not supported and delayed signal "delayed_RESET_B" will not be driven.
/mnt/c/Users/user/Desktop/HACKATHON/.build/sg13g2_stdcell.iverilog.v:725: warning: Timing checks are not supported and delayed signal "delayed_GATE_N" will not be driven.
/mnt/c/Users/user/Desktop/HACKATHON/.build/sg13g2_stdcell.iverilog.v:1038: warning: Timing checks are not supported and delayed signal "delayed_CLK" will not be driven.
/mnt/c/Users/user/Desktop/HACKATHON/.build/sg13g2_stdcell.iverilog.v:1038: warning: Timing checks are not supported and delayed signal "delayed_GATE" will not be driven.
/mnt/c/Users/user/Desktop/HACKATHON/.build/sg13g2_stdcell.iverilog.v:1039: warning: Timing checks are not supported and delayed signal "delayed_CLK" will not be driven.
/mnt/c/Users/user/Desktop/HACKATHON/.build/sg13g2_stdcell.iverilog.v:1039: warning: Timing checks are not supported and delayed signal "delayed_GATE" will not be driven.
/mnt/c/Users/user/Desktop/HACKATHON/.build/sg13g2_stdcell.iverilog.v:1627: sorry: ifnone with an edge-sensitive path is not supported.
/mnt/c/Users/user/Desktop/HACKATHON/.build/sg13g2_stdcell.iverilog.v:1632: sorry: ifnone with an edge-sensitive path is not supported.
/mnt/c/Users/user/Desktop/HACKATHON/.build/sg13g2_stdcell.iverilog.v:1633: warning: Timing checks are not supported and delayed signal "delayed_CLK" will not be driven.
/mnt/c/Users/user/Desktop/HACKATHON/.build/sg13g2_stdcell.iverilog.v:1633: warning: Timing checks are not supported and delayed signal "delayed_D" will not be driven.
/mnt/c/Users/user/Desktop/HACKATHON/.build/sg13g2_stdcell.iverilog.v:1634: warning: Timing checks are not supported and delayed signal "delayed_CLK" will not be driven.
/mnt/c/Users/user/Desktop/HACKATHON/.build/sg13g2_stdcell.iverilog.v:1634: warning: Timing checks are not supported and delayed signal "delayed_D" will not be driven.
/mnt/c/Users/user/Desktop/HACKATHON/.build/sg13g2_stdcell.iverilog.v:1635: warning: Timing checks are not supported and delayed signal "delayed_CLK" will not be driven.
/mnt/c/Users/user/Desktop/HACKATHON/.build/sg13g2_stdcell.iverilog.v:1635: warning: Timing checks are not supported and delayed signal "delayed_SCD" will not be driven.
/mnt/c/Users/user/Desktop/HACKATHON/.build/sg13g2_stdcell.iverilog.v:1636: warning: Timing checks are not supported and delayed signal "delayed_CLK" will not be driven.
/mnt/c/Users/user/Desktop/HACKATHON/.build/sg13g2_stdcell.iverilog.v:1636: warning: Timing checks are not supported and delayed signal "delayed_SCD" will not be driven.
/mnt/c/Users/user/Desktop/HACKATHON/.build/sg13g2_stdcell.iverilog.v:1637: warning: Timing checks are not supported and delayed signal "delayed_CLK" will not be driven.
/mnt/c/Users/user/Desktop/HACKATHON/.build/sg13g2_stdcell.iverilog.v:1637: warning: Timing checks are not supported and delayed signal "delayed_SCE" will not be driven.
/mnt/c/Users/user/Desktop/HACKATHON/.build/sg13g2_stdcell.iverilog.v:1638: warning: Timing checks are not supported and delayed signal "delayed_CLK" will not be driven.
/mnt/c/Users/user/Desktop/HACKATHON/.build/sg13g2_stdcell.iverilog.v:1638: warning: Timing checks are not supported and delayed signal "delayed_SCE" will not be driven.
/mnt/c/Users/user/Desktop/HACKATHON/.build/sg13g2_stdcell.iverilog.v:1639: warning: Timing checks are not supported and delayed signal "delayed_RESET_B" will not be driven.
/mnt/c/Users/user/Desktop/HACKATHON/.build/sg13g2_stdcell.iverilog.v:1639: warning: Timing checks are not supported and delayed signal "delayed_CLK" will not be driven.
/mnt/c/Users/user/Desktop/HACKATHON/.build/sg13g2_stdcell.iverilog.v:1640: warning: Timing checks are not supported and delayed signal "delayed_SET_B" will not be driven.
/mnt/c/Users/user/Desktop/HACKATHON/.build/sg13g2_stdcell.iverilog.v:1640: warning: Timing checks are not supported and delayed signal "delayed_CLK" will not be driven.
/mnt/c/Users/user/Desktop/HACKATHON/.build/sg13g2_stdcell.iverilog.v:1641: warning: Timing checks are not supported and delayed signal "delayed_RESET_B" will not be driven.
/mnt/c/Users/user/Desktop/HACKATHON/.build/sg13g2_stdcell.iverilog.v:1641: warning: Timing checks are not supported and delayed signal "delayed_SET_B" will not be driven.
/mnt/c/Users/user/Desktop/HACKATHON/.build/sg13g2_stdcell.iverilog.v:1676: sorry: ifnone with an edge-sensitive path is not supported.
/mnt/c/Users/user/Desktop/HACKATHON/.build/sg13g2_stdcell.iverilog.v:1680: sorry: ifnone with an edge-sensitive path is not supported.
/mnt/c/Users/user/Desktop/HACKATHON/.build/sg13g2_stdcell.iverilog.v:1681: warning: Timing checks are not supported and delayed signal "delayed_CLK" will not be driven.
/mnt/c/Users/user/Desktop/HACKATHON/.build/sg13g2_stdcell.iverilog.v:1681: warning: Timing checks are not supported and delayed signal "delayed_D" will not be driven.
/mnt/c/Users/user/Desktop/HACKATHON/.build/sg13g2_stdcell.iverilog.v:1682: warning: Timing checks are not supported and delayed signal "delayed_CLK" will not be driven.
/mnt/c/Users/user/Desktop/HACKATHON/.build/sg13g2_stdcell.iverilog.v:1682: warning: Timing checks are not supported and delayed signal "delayed_D" will not be driven.
/mnt/c/Users/user/Desktop/HACKATHON/.build/sg13g2_stdcell.iverilog.v:1683: warning: Timing checks are not supported and delayed signal "delayed_CLK" will not be driven.
/mnt/c/Users/user/Desktop/HACKATHON/.build/sg13g2_stdcell.iverilog.v:1683: warning: Timing checks are not supported and delayed signal "delayed_SCD" will not be driven.
/mnt/c/Users/user/Desktop/HACKATHON/.build/sg13g2_stdcell.iverilog.v:1684: warning: Timing checks are not supported and delayed signal "delayed_CLK" will not be driven.
/mnt/c/Users/user/Desktop/HACKATHON/.build/sg13g2_stdcell.iverilog.v:1684: warning: Timing checks are not supported and delayed signal "delayed_SCD" will not be driven.
/mnt/c/Users/user/Desktop/HACKATHON/.build/sg13g2_stdcell.iverilog.v:1685: warning: Timing checks are not supported and delayed signal "delayed_CLK" will not be driven.
/mnt/c/Users/user/Desktop/HACKATHON/.build/sg13g2_stdcell.iverilog.v:1685: warning: Timing checks are not supported and delayed signal "delayed_SCE" will not be driven.
/mnt/c/Users/user/Desktop/HACKATHON/.build/sg13g2_stdcell.iverilog.v:1686: warning: Timing checks are not supported and delayed signal "delayed_CLK" will not be driven.
/mnt/c/Users/user/Desktop/HACKATHON/.build/sg13g2_stdcell.iverilog.v:1686: warning: Timing checks are not supported and delayed signal "delayed_SCE" will not be driven.
/mnt/c/Users/user/Desktop/HACKATHON/.build/sg13g2_stdcell.iverilog.v:1687: warning: Timing checks are not supported and delayed signal "delayed_RESET_B" will not be driven.
/mnt/c/Users/user/Desktop/HACKATHON/.build/sg13g2_stdcell.iverilog.v:1687: warning: Timing checks are not supported and delayed signal "delayed_CLK" will not be driven.
/mnt/c/Users/user/Desktop/HACKATHON/.build/sg13g2_stdcell.iverilog.v:1720: sorry: ifnone with an edge-sensitive path is not supported.
/mnt/c/Users/user/Desktop/HACKATHON/.build/sg13g2_stdcell.iverilog.v:1724: sorry: ifnone with an edge-sensitive path is not supported.
/mnt/c/Users/user/Desktop/HACKATHON/.build/sg13g2_stdcell.iverilog.v:1725: warning: Timing checks are not supported and delayed signal "delayed_CLK" will not be driven.
/mnt/c/Users/user/Desktop/HACKATHON/.build/sg13g2_stdcell.iverilog.v:1725: warning: Timing checks are not supported and delayed signal "delayed_D" will not be driven.
/mnt/c/Users/user/Desktop/HACKATHON/.build/sg13g2_stdcell.iverilog.v:1726: warning: Timing checks are not supported and delayed signal "delayed_CLK" will not be driven.
/mnt/c/Users/user/Desktop/HACKATHON/.build/sg13g2_stdcell.iverilog.v:1726: warning: Timing checks are not supported and delayed signal "delayed_D" will not be driven.
/mnt/c/Users/user/Desktop/HACKATHON/.build/sg13g2_stdcell.iverilog.v:1727: warning: Timing checks are not supported and delayed signal "delayed_CLK" will not be driven.
/mnt/c/Users/user/Desktop/HACKATHON/.build/sg13g2_stdcell.iverilog.v:1727: warning: Timing checks are not supported and delayed signal "delayed_SCD" will not be driven.
/mnt/c/Users/user/Desktop/HACKATHON/.build/sg13g2_stdcell.iverilog.v:1728: warning: Timing checks are not supported and delayed signal "delayed_CLK" will not be driven.
/mnt/c/Users/user/Desktop/HACKATHON/.build/sg13g2_stdcell.iverilog.v:1728: warning: Timing checks are not supported and delayed signal "delayed_SCD" will not be driven.
/mnt/c/Users/user/Desktop/HACKATHON/.build/sg13g2_stdcell.iverilog.v:1729: warning: Timing checks are not supported and delayed signal "delayed_CLK" will not be driven.
/mnt/c/Users/user/Desktop/HACKATHON/.build/sg13g2_stdcell.iverilog.v:1729: warning: Timing checks are not supported and delayed signal "delayed_SCE" will not be driven.
/mnt/c/Users/user/Desktop/HACKATHON/.build/sg13g2_stdcell.iverilog.v:1730: warning: Timing checks are not supported and delayed signal "delayed_CLK" will not be driven.
/mnt/c/Users/user/Desktop/HACKATHON/.build/sg13g2_stdcell.iverilog.v:1730: warning: Timing checks are not supported and delayed signal "delayed_SCE" will not be driven.
/mnt/c/Users/user/Desktop/HACKATHON/.build/sg13g2_stdcell.iverilog.v:1731: warning: Timing checks are not supported and delayed signal "delayed_RESET_B" will not be driven.
/mnt/c/Users/user/Desktop/HACKATHON/.build/sg13g2_stdcell.iverilog.v:1731: warning: Timing checks are not supported and delayed signal "delayed_CLK" will not be driven.
/mnt/c/Users/user/Desktop/HACKATHON/.build/sg13g2_stdcell.iverilog.v:1764: sorry: ifnone with an edge-sensitive path is not supported.
/mnt/c/Users/user/Desktop/HACKATHON/.build/sg13g2_stdcell.iverilog.v:1765: warning: Timing checks are not supported and delayed signal "delayed_CLK" will not be driven.
/mnt/c/Users/user/Desktop/HACKATHON/.build/sg13g2_stdcell.iverilog.v:1765: warning: Timing checks are not supported and delayed signal "delayed_D" will not be driven.
/mnt/c/Users/user/Desktop/HACKATHON/.build/sg13g2_stdcell.iverilog.v:1766: warning: Timing checks are not supported and delayed signal "delayed_CLK" will not be driven.
/mnt/c/Users/user/Desktop/HACKATHON/.build/sg13g2_stdcell.iverilog.v:1766: warning: Timing checks are not supported and delayed signal "delayed_D" will not be driven.
/mnt/c/Users/user/Desktop/HACKATHON/.build/sg13g2_stdcell.iverilog.v:1767: warning: Timing checks are not supported and delayed signal "delayed_CLK" will not be driven.
/mnt/c/Users/user/Desktop/HACKATHON/.build/sg13g2_stdcell.iverilog.v:1767: warning: Timing checks are not supported and delayed signal "delayed_SCD" will not be driven.
/mnt/c/Users/user/Desktop/HACKATHON/.build/sg13g2_stdcell.iverilog.v:1768: warning: Timing checks are not supported and delayed signal "delayed_CLK" will not be driven.
/mnt/c/Users/user/Desktop/HACKATHON/.build/sg13g2_stdcell.iverilog.v:1768: warning: Timing checks are not supported and delayed signal "delayed_SCD" will not be driven.
/mnt/c/Users/user/Desktop/HACKATHON/.build/sg13g2_stdcell.iverilog.v:1769: warning: Timing checks are not supported and delayed signal "delayed_CLK" will not be driven.
/mnt/c/Users/user/Desktop/HACKATHON/.build/sg13g2_stdcell.iverilog.v:1769: warning: Timing checks are not supported and delayed signal "delayed_SCE" will not be driven.
/mnt/c/Users/user/Desktop/HACKATHON/.build/sg13g2_stdcell.iverilog.v:1770: warning: Timing checks are not supported and delayed signal "delayed_CLK" will not be driven.
/mnt/c/Users/user/Desktop/HACKATHON/.build/sg13g2_stdcell.iverilog.v:1770: warning: Timing checks are not supported and delayed signal "delayed_SCE" will not be driven.
/mnt/c/Users/user/Desktop/HACKATHON/.build/sg13g2_stdcell.iverilog.v:1771: warning: Timing checks are not supported and delayed signal "delayed_RESET_B" will not be driven.
/mnt/c/Users/user/Desktop/HACKATHON/.build/sg13g2_stdcell.iverilog.v:1771: warning: Timing checks are not supported and delayed signal "delayed_CLK" will not be driven.
/mnt/c/Users/user/Desktop/HACKATHON/.build/sg13g2_stdcell.iverilog.v:1805: sorry: ifnone with an edge-sensitive path is not supported.
/mnt/c/Users/user/Desktop/HACKATHON/.build/sg13g2_stdcell.iverilog.v:1806: warning: Timing checks are not supported and delayed signal "delayed_CLK" will not be driven.
/mnt/c/Users/user/Desktop/HACKATHON/.build/sg13g2_stdcell.iverilog.v:1806: warning: Timing checks are not supported and delayed signal "delayed_D" will not be driven.
/mnt/c/Users/user/Desktop/HACKATHON/.build/sg13g2_stdcell.iverilog.v:1807: warning: Timing checks are not supported and delayed signal "delayed_CLK" will not be driven.
/mnt/c/Users/user/Desktop/HACKATHON/.build/sg13g2_stdcell.iverilog.v:1807: warning: Timing checks are not supported and delayed signal "delayed_D" will not be driven.
/mnt/c/Users/user/Desktop/HACKATHON/.build/sg13g2_stdcell.iverilog.v:1808: warning: Timing checks are not supported and delayed signal "delayed_CLK" will not be driven.
/mnt/c/Users/user/Desktop/HACKATHON/.build/sg13g2_stdcell.iverilog.v:1808: warning: Timing checks are not supported and delayed signal "delayed_SCD" will not be driven.
/mnt/c/Users/user/Desktop/HACKATHON/.build/sg13g2_stdcell.iverilog.v:1809: warning: Timing checks are not supported and delayed signal "delayed_CLK" will not be driven.
/mnt/c/Users/user/Desktop/HACKATHON/.build/sg13g2_stdcell.iverilog.v:1809: warning: Timing checks are not supported and delayed signal "delayed_SCD" will not be driven.
/mnt/c/Users/user/Desktop/HACKATHON/.build/sg13g2_stdcell.iverilog.v:1810: warning: Timing checks are not supported and delayed signal "delayed_CLK" will not be driven.
/mnt/c/Users/user/Desktop/HACKATHON/.build/sg13g2_stdcell.iverilog.v:1810: warning: Timing checks are not supported and delayed signal "delayed_SCE" will not be driven.
/mnt/c/Users/user/Desktop/HACKATHON/.build/sg13g2_stdcell.iverilog.v:1811: warning: Timing checks are not supported and delayed signal "delayed_CLK" will not be driven.
/mnt/c/Users/user/Desktop/HACKATHON/.build/sg13g2_stdcell.iverilog.v:1811: warning: Timing checks are not supported and delayed signal "delayed_SCE" will not be driven.
/mnt/c/Users/user/Desktop/HACKATHON/.build/sg13g2_stdcell.iverilog.v:1812: warning: Timing checks are not supported and delayed signal "delayed_RESET_B" will not be driven.
/mnt/c/Users/user/Desktop/HACKATHON/.build/sg13g2_stdcell.iverilog.v:1812: warning: Timing checks are not supported and delayed signal "delayed_CLK" will not be driven.
/mnt/c/Users/user/Desktop/HACKATHON/.build/sg13g2_stdcell.iverilog.v:1852: warning: Timing checks are not supported and delayed signal "delayed_CLK" will not be driven.
/mnt/c/Users/user/Desktop/HACKATHON/.build/sg13g2_stdcell.iverilog.v:1852: warning: Timing checks are not supported and delayed signal "delayed_GATE" will not be driven.
/mnt/c/Users/user/Desktop/HACKATHON/.build/sg13g2_stdcell.iverilog.v:1853: warning: Timing checks are not supported and delayed signal "delayed_CLK" will not be driven.
/mnt/c/Users/user/Desktop/HACKATHON/.build/sg13g2_stdcell.iverilog.v:1853: warning: Timing checks are not supported and delayed signal "delayed_GATE" will not be driven.
/mnt/c/Users/user/Desktop/HACKATHON/.build/sg13g2_stdcell.iverilog.v:1854: warning: Timing checks are not supported and delayed signal "delayed_CLK" will not be driven.
/mnt/c/Users/user/Desktop/HACKATHON/.build/sg13g2_stdcell.iverilog.v:1854: warning: Timing checks are not supported and delayed signal "delayed_SCE" will not be driven.
/mnt/c/Users/user/Desktop/HACKATHON/.build/sg13g2_stdcell.iverilog.v:1855: warning: Timing checks are not supported and delayed signal "delayed_CLK" will not be driven.
/mnt/c/Users/user/Desktop/HACKATHON/.build/sg13g2_stdcell.iverilog.v:1855: warning: Timing checks are not supported and delayed signal "delayed_SCE" will not be driven.
PASS gate-level mapped standard cells: reset/ena, malformed RX, single-key GOOD, BAD rejection, limit
/mnt/c/Users/user/Desktop/HACKATHON/test/gatelevel/tb_tt_um_rumcajs_gl.sv:215: $finish called at 3529369000 (1ps)
