[11:55:03] [I] Loading the design configuration file has generated config.py:736
               the following warnings:                                          
[11:55:03] [W] The configuration variable 'FP_PDN_MULTILAYER' is   config.py:740
               deprecated. Please check the docs for the usage on               
               the replacement variable 'PDN_MULTILAYER'.                       
[11:55:03] [W] The configuration variable 'FP_PDN_VPITCH' is       config.py:740
               deprecated. Please check the docs for the usage on               
               the replacement variable 'PDN_VPITCH'.                           
[11:55:03] [W] The configuration variable 'FP_IO_VLENGTH' is       config.py:740
               deprecated. Please check the docs for the usage on               
               the replacement variable 'IO_PIN_V_LENGTH'.                      
[11:55:03] [W] The configuration variable 'FP_IO_HLENGTH' is       config.py:740
               deprecated. Please check the docs for the usage on               
               the replacement variable 'IO_PIN_H_LENGTH'.                      
[11:55:03] [I] Starting a new run of the 'Classic' flow with the tag flow.py:654
               'RUN_2026-09-12_11-55-03'.                                       
[11:55:03] [I] Starting…                                       sequential.py:339
[11:55:03] [V] Running 'Verilator.Lint' at                          step.py:1138
               'runs/single_key_wipe_p80_h0/01-verilator-lint'…                 
[11:55:03] [I] Logging subprocess to                                step.py:1336
               'runs/single_key_wipe_p80_h0/01-verilator-lint/veril             
               ator-lint.log'…                                                  
[11:55:04] [V] Running 'Checker.LintTimingConstructs' at            step.py:1138
               'runs/single_key_wipe_p80_h0/02-checker-linttimingco             
               nstructs'…                                                       
[11:55:04] [I] Check for Lint Timing Errors clear.                checker.py:412
[11:55:04] [V] Running 'Checker.LintErrors' at                      step.py:1138
               'runs/single_key_wipe_p80_h0/03-checker-linterrors'…             
[11:55:04] [I] Check for Lint errors clear.                       checker.py:131
[11:55:04] [V] Running 'Checker.LintWarnings' at                    step.py:1138
               'runs/single_key_wipe_p80_h0/04-checker-lintwarnings             
               '…                                                               
[11:55:04] [W] 84 Lint warnings found.                            checker.py:122
[11:55:04] [V] Running 'Yosys.JsonHeader' at                        step.py:1138
               'runs/single_key_wipe_p80_h0/05-yosys-jsonheader'…               
[11:55:04] [I] Logging subprocess to                                step.py:1336
               'runs/single_key_wipe_p80_h0/05-yosys-jsonheader/yos             
               ys-jsonheader.log'…                                              
[11:55:05] [V] Running 'Yosys.Synthesis' at                         step.py:1138
               'runs/single_key_wipe_p80_h0/06-yosys-synthesis'…                
[11:55:05] [I] Logging subprocess to                                step.py:1336
               'runs/single_key_wipe_p80_h0/06-yosys-synthesis/yosy             
               s-synthesis.log'…                                                
[11:55:08] [V] Parsing synthesis checks…                            pyosys.py:59
[11:55:08] [V] Running 'Checker.YosysUnmappedCells' at              step.py:1138
               'runs/single_key_wipe_p80_h0/07-checker-yosysunmappe             
               dcells'…                                                         
[11:55:08] [I] Check for Unmapped Yosys instances clear.          checker.py:131
[11:55:08] [V] Running 'Checker.YosysSynthChecks' at                step.py:1138
               'runs/single_key_wipe_p80_h0/08-checker-yosyssynthch             
               ecks'…                                                           
[11:55:08] [I] Check for Yosys check errors clear.                checker.py:131
[11:55:08] [V] Running 'Checker.NetlistAssignStatements' at         step.py:1138
               'runs/single_key_wipe_p80_h0/09-checker-netlistassig             
               nstatements'…                                                    
[11:55:08] [V] Running 'OpenROAD.CheckSDCFiles' at                  step.py:1138
               'runs/single_key_wipe_p80_h0/10-openroad-checksdcfil             
               es'…                                                             
[11:55:08] [W] 'PNR_SDC_FILE' is not defined. Using generic      openroad.py:184
               fallback SDC for OpenROAD PnR steps.                             
[11:55:08] [W] 'SIGNOFF_SDC_FILE' is not defined. Using generic  openroad.py:188
               fallback SDC for OpenROAD PnR steps.                             
[11:55:08] [V] Running 'OpenROAD.CheckMacroInstances' at            step.py:1138
               'runs/single_key_wipe_p80_h0/11-openroad-checkmacroi             
               nstances'…                                                       
[11:55:08] [I] No macros found, skipping instance check…         openroad.py:692
[11:55:08] [V] Running 'OpenROAD.STAPrePNR' at                      step.py:1138
               'runs/single_key_wipe_p80_h0/12-openroad-staprepnr'…             
[11:55:08] [I] Starting STA for the nom_fast_1p32V_m40C timing   openroad.py:747
               corner…                                                          
[11:55:08] [I] Starting STA for the nom_slow_1p08V_125C timing   openroad.py:747
               corner…                                                          
[11:55:08] [I] Starting STA for the nom_typ_1p20V_25C timing     openroad.py:747
               corner…                                                          
[11:55:08] [I] Logging subprocess to                                step.py:1336
               'runs/single_key_wipe_p80_h0/12-openroad-staprepnr/n             
               om_fast_1p32V_m40C/sta.log'…                                     
[11:55:08] [I] Logging subprocess to                                step.py:1336
               'runs/single_key_wipe_p80_h0/12-openroad-staprepnr/n             
               om_typ_1p20V_25C/sta.log'…                                       
[11:55:08] [I] Logging subprocess to                                step.py:1336
               'runs/single_key_wipe_p80_h0/12-openroad-staprepnr/n             
               om_slow_1p08V_125C/sta.log'…                                     
[11:55:09] [I] Finished STA for the nom_fast_1p32V_m40C timing   openroad.py:762
               corner.                                                          
[11:55:09] [I] Finished STA for the nom_typ_1p20V_25C timing     openroad.py:762
               corner.                                                          
[11:55:09] [I] Finished STA for the nom_slow_1p08V_125C timing   openroad.py:762
               corner.                                                          
[11:55:09] [V] Running 'OpenROAD.Floorplan' at                      step.py:1138
               'runs/single_key_wipe_p80_h0/13-openroad-floorplan'…             
[11:55:09] [I] Logging subprocess to                                step.py:1336
               'runs/single_key_wipe_p80_h0/13-openroad-floorplan/o             
               penroad-floorplan.log'…                                          
[11:55:10] [V] Running 'OpenROAD.DumpRCValues' at                   step.py:1138
               'runs/single_key_wipe_p80_h0/14-openroad-dumprcvalue             
               s'…                                                              
[11:55:10] [I] Logging subprocess to                                step.py:1336
               'runs/single_key_wipe_p80_h0/14-openroad-dumprcvalue             
               s/openroad-dumprcvalues.log'…                                    
[11:55:11] [V] Running 'Odb.CheckMacroAntennaProperties' at         step.py:1138
               'runs/single_key_wipe_p80_h0/15-odb-checkmacroantenn             
               aproperties'…                                                    
[11:55:11] [I] No cells provided, skipping                            odb.py:234
               'Odb.CheckMacroAntennaProperties'…                               
[11:55:11] [V] Running 'Odb.SetPowerConnections' at                 step.py:1138
               'runs/single_key_wipe_p80_h0/16-odb-setpowerconnecti             
               ons'…                                                            
[11:55:11] [I] Logging subprocess to                                step.py:1336
               'runs/single_key_wipe_p80_h0/16-odb-setpowerconnecti             
               ons/odb-setpowerconnections.log'…                                
[11:55:12] [V] Running 'Odb.ManualMacroPlacement' at                step.py:1138
               'runs/single_key_wipe_p80_h0/17-odb-manualmacroplace             
               ment'…                                                           
[11:55:12] [I] No instances found, skipping                           odb.py:468
               'Odb.ManualMacroPlacement'…                                      
[11:55:12] [V] Running 'OpenROAD.CutRows' at                        step.py:1138
               'runs/single_key_wipe_p80_h0/18-openroad-cutrows'…               
[11:55:12] [I] Logging subprocess to                                step.py:1336
               'runs/single_key_wipe_p80_h0/18-openroad-cutrows/ope             
               nroad-cutrows.log'…                                              
[11:55:12] [V] Running 'OpenROAD.TapEndcapInsertion' at             step.py:1138
               'runs/single_key_wipe_p80_h0/19-openroad-tapendcapin             
               sertion'…                                                        
[11:55:12] [I] Logging subprocess to                                step.py:1336
               'runs/single_key_wipe_p80_h0/19-openroad-tapendcapin             
               sertion/openroad-tapendcapinsertion.log'…                        
[11:55:13] [V] Running 'Odb.AddPDNObstructions' at                  step.py:1138
               'runs/single_key_wipe_p80_h0/20-odb-addpdnobstructio             
               ns'…                                                             
[11:55:13] [I] 'PDN_OBSTRUCTIONS' is not defined. Skipping            odb.py:589
               'Odb.AddPDNObstructions'…                                        
[11:55:13] [V] Running 'OpenROAD.GeneratePDN' at                    step.py:1138
               'runs/single_key_wipe_p80_h0/21-openroad-generatepdn             
               '…                                                               
[11:55:13] [I] 'PDN_CFG' not explicitly set, setting it to      openroad.py:1481
               /nix/store/ffl2vg3m80k0p74pyffnmai83fnv38mf-pyth                 
               on3-3.13.9-env/lib/python3.13/site-packages/libr                 
               elane/scripts/openroad/common/pdn_cfg.tcl…                       
[11:55:13] [I] Logging subprocess to                                step.py:1336
               'runs/single_key_wipe_p80_h0/21-openroad-generatepdn             
               /openroad-generatepdn.log'…                                      
[11:55:13] [V] Running 'Odb.RemovePDNObstructions' at               step.py:1138
               'runs/single_key_wipe_p80_h0/22-odb-removepdnobstruc             
               tions'…                                                          
[11:55:13] [I] 'PDN_OBSTRUCTIONS' is not defined. Skipping            odb.py:589
               'Odb.RemovePDNObstructions'…                                     
[11:55:14] [V] Running 'Odb.AddRoutingObstructions' at              step.py:1138
               'runs/single_key_wipe_p80_h0/23-odb-addroutingobstru             
               ctions'…                                                         
[11:55:14] [I] 'ROUTING_OBSTRUCTIONS' is not defined. Skipping        odb.py:589
               'Odb.AddRoutingObstructions'…                                    
[11:55:14] [V] Running 'OpenROAD.GlobalPlacementSkipIO' at          step.py:1138
               'runs/single_key_wipe_p80_h0/24-openroad-globalplace             
               mentskipio'…                                                     
[11:55:14] [I] I/O pins were loaded from                        openroad.py:1660
               /mnt/c/Users/user/Desktop/HACKATHON/tt/tech/ihp-                 
               sg13g2/def/tt_block_1x1_pgvdd.def. Returning                     
               state unaltered…                                                 
[11:55:14] [V] Running 'OpenROAD.IOPlacement' at                    step.py:1138
               'runs/single_key_wipe_p80_h0/25-openroad-ioplacement             
               '…                                                               
[11:55:14] [I] I/O pins were loaded from                        openroad.py:1358
               /mnt/c/Users/user/Desktop/HACKATHON/tt/tech/ihp-                 
               sg13g2/def/tt_block_1x1_pgvdd.def. Skipping                      
               OpenROAD.IOPlacement…                                            
[11:55:14] [V] Running 'Odb.CustomIOPlacement' at                   step.py:1138
               'runs/single_key_wipe_p80_h0/26-odb-customioplacemen             
               t'…                                                              
[11:55:14] [I] No custom I/O placement file configured, skipping      odb.py:718
               'Odb.CustomIOPlacement'…                                         
[11:55:14] [V] Running 'Odb.ApplyDEFTemplate' at                    step.py:1138
               'runs/single_key_wipe_p80_h0/27-odb-applydeftemplate             
               '…                                                               
[11:55:14] [I] Logging subprocess to                                step.py:1336
               'runs/single_key_wipe_p80_h0/27-odb-applydeftemplate             
               /odb-applydeftemplate.log'…                                      
[11:55:14] [W] Bterm VPWR is declared as a 'POWER' pin. It will be     odb.py:71
               ignored.                                                         
[11:55:14] [W] Bterm VGND is declared as a 'GROUND' pin. It will be    odb.py:71
               ignored.                                                         
[11:55:15] [V] Running 'OpenROAD.GlobalPlacement' at                step.py:1138
               'runs/single_key_wipe_p80_h0/28-openroad-globalplace             
               ment'…                                                           
[11:55:15] [I] Logging subprocess to                                step.py:1336
               'runs/single_key_wipe_p80_h0/28-openroad-globalplace             
               ment/openroad-globalplacement.log'…                              
[11:55:15] [W] [GPL-0302] Target density 0.8000 is too low for   openroad.py:314
               the available free area.                                         
[11:55:16] [V] Running 'Odb.WriteVerilogHeader' at                  step.py:1138
               'runs/single_key_wipe_p80_h0/29-odb-writeveriloghead             
               er'…                                                             
[11:55:16] [I] Logging subprocess to                                step.py:1336
               'runs/single_key_wipe_p80_h0/29-odb-writeveriloghead             
               er/odb-writeverilogheader.log'…                                  
[11:55:16] [V] Running 'Checker.PowerGridViolations' at             step.py:1138
               'runs/single_key_wipe_p80_h0/30-checker-powergridvio             
               lations'…                                                        
[11:55:17] [I] Check for power grid violations (as reported by    checker.py:131
               OpenROAD PSM- you may ignore these if LVS passes)                
               clear.                                                           
[11:55:17] [V] Running 'OpenROAD.STAMidPNR' at                      step.py:1138
               'runs/single_key_wipe_p80_h0/31-openroad-stamidpnr'…             
[11:55:17] [I] Logging subprocess to                                step.py:1336
               'runs/single_key_wipe_p80_h0/31-openroad-stamidpnr/o             
               penroad-stamidpnr.log'…                                          
[11:55:18] [V] Running 'OpenROAD.RepairDesignPostGPL' at            step.py:1138
               'runs/single_key_wipe_p80_h0/32-openroad-repairdesig             
               npostgpl'…                                                       
[11:55:18] [I] Logging subprocess to                                step.py:1336
               'runs/single_key_wipe_p80_h0/32-openroad-repairdesig             
               npostgpl/openroad-repairdesignpostgpl.log'…                      
[11:55:19] [V] Running 'Odb.ManualGlobalPlacement' at               step.py:1138
               'runs/single_key_wipe_p80_h0/33-odb-manualglobalplac             
               ement'…                                                          
[11:55:19] [I] 'MANUAL_GLOBAL_PLACEMENTS' not set. Skipping          odb.py:1031
               'Odb.ManualGlobalPlacement'…                                     
[11:55:19] [V] Running 'OpenROAD.DetailedPlacement' at              step.py:1138
               'runs/single_key_wipe_p80_h0/34-openroad-detailedpla             
               cement'…                                                         
[11:55:19] [I] Logging subprocess to                                step.py:1336
               'runs/single_key_wipe_p80_h0/34-openroad-detailedpla             
               cement/openroad-detailedplacement.log'…                          
[11:55:20] [V] Running 'OpenROAD.CTS' at                            step.py:1138
               'runs/single_key_wipe_p80_h0/35-openroad-cts'…                   
[11:55:20] [I] Logging subprocess to                                step.py:1336
               'runs/single_key_wipe_p80_h0/35-openroad-cts/openroa             
               d-cts.log'…                                                      
[11:55:26] [V] Running 'OpenROAD.STAMidPNR-1' at                    step.py:1138
               'runs/single_key_wipe_p80_h0/36-openroad-stamidpnr-1             
               '…                                                               
[11:55:26] [I] Logging subprocess to                                step.py:1336
               'runs/single_key_wipe_p80_h0/36-openroad-stamidpnr-1             
               /openroad-stamidpnr-1.log'…                                      
[11:55:27] [V] Running 'OpenROAD.ResizerTimingPostCTS' at           step.py:1138
               'runs/single_key_wipe_p80_h0/37-openroad-resizertimi             
               ngpostcts'…                                                      
[11:55:27] [I] Logging subprocess to                                step.py:1336
               'runs/single_key_wipe_p80_h0/37-openroad-resizertimi             
               ngpostcts/openroad-resizertimingpostcts.log'…                    
[11:55:29] [V] Running 'OpenROAD.STAMidPNR-2' at                    step.py:1138
               'runs/single_key_wipe_p80_h0/38-openroad-stamidpnr-2             
               '…                                                               
[11:55:29] [I] Logging subprocess to                                step.py:1336
               'runs/single_key_wipe_p80_h0/38-openroad-stamidpnr-2             
               /openroad-stamidpnr-2.log'…                                      
[11:55:30] [V] Running 'OpenROAD.GlobalRouting' at                  step.py:1138
               'runs/single_key_wipe_p80_h0/39-openroad-globalrouti             
               ng'…                                                             
[11:55:30] [I] Logging subprocess to                                step.py:1336
               'runs/single_key_wipe_p80_h0/39-openroad-globalrouti             
               ng/openroad-globalrouting.log'…                                  
[11:55:30] [V] Running 'OpenROAD.CheckAntennas' at                  step.py:1138
               'runs/single_key_wipe_p80_h0/40-openroad-checkantenn             
               as'…                                                             
[11:55:30] [I] Logging subprocess to                                step.py:1336
               'runs/single_key_wipe_p80_h0/40-openroad-checkantenn             
               as/openroad-checkantennas.log'…                                  
[11:55:31] [I] Gating variable for step                        sequential.py:362
               'OpenROAD.RepairDesignPostGRT' set to 'False'-                   
               the step will be skipped.                                        
[11:55:31] [I] Skipping step 'Repair Design (Post-Global       sequential.py:370
               Routing)'…                                                       
[11:55:31] [V] Running 'Odb.DiodesOnPorts' at                       step.py:1138
               'runs/single_key_wipe_p80_h0/41-odb-diodesonports'…              
[11:55:31] [I] 'DIODE_ON_PORTS' is set to 'none': skipping            odb.py:820
               'Odb.DiodesOnPorts'…                                             
[11:55:32] [I] Gating variable for step                        sequential.py:362
               'Odb.HeuristicDiodeInsertion' set to 'False'-                    
               the step will be skipped.                                        
[11:55:32] [I] Skipping step 'Heuristic Diode Insertion'…      sequential.py:370
[11:55:32] [V] Running 'OpenROAD.RepairAntennas' at                 step.py:1138
               'runs/single_key_wipe_p80_h0/42-openroad-repairanten             
               nas'…                                                            
[11:55:32] [V] Running 'OpenROAD.DiodeInsertion' at                 step.py:1138
               'runs/single_key_wipe_p80_h0/42-openroad-repairanten             
               nas/1-openroad-diodeinsertion'…                                  
[11:55:32] [I] Logging subprocess to                                step.py:1336
               'runs/single_key_wipe_p80_h0/42-openroad-repairanten             
               nas/1-openroad-diodeinsertion/openroad-diodeinsertio             
               n.log'…                                                          
[11:55:33] [V] Running 'OpenROAD.CheckAntennas' at                  step.py:1138
               'runs/single_key_wipe_p80_h0/42-openroad-repairanten             
               nas/2-openroad-checkantennas'…                                   
[11:55:33] [I] Logging subprocess to                                step.py:1336
               'runs/single_key_wipe_p80_h0/42-openroad-repairanten             
               nas/2-openroad-checkantennas/openroad-checkantennas.             
               log'…                                                            
[11:55:34] [I] Gating variable for step                        sequential.py:362
               'OpenROAD.ResizerTimingPostGRT' set to 'False'-                  
               the step will be skipped.                                        
[11:55:34] [I] Skipping step 'Resizer Timing Optimizations     sequential.py:370
               (Post-Global Routing)'…                                          
[11:55:34] [V] Running 'OpenROAD.STAMidPNR-3' at                    step.py:1138
               'runs/single_key_wipe_p80_h0/43-openroad-stamidpnr-3             
               '…                                                               
[11:55:34] [I] Logging subprocess to                                step.py:1336
               'runs/single_key_wipe_p80_h0/43-openroad-stamidpnr-3             
               /openroad-stamidpnr-3.log'…                                      
[11:55:35] [V] Running 'OpenROAD.DetailedRouting' at                step.py:1138
               'runs/single_key_wipe_p80_h0/44-openroad-detailedrou             
               ting'…                                                           
[11:55:35] [I] Running TritonRoute with 16 threads…             openroad.py:2002
[11:55:35] [I] Logging subprocess to                                step.py:1336
               'runs/single_key_wipe_p80_h0/44-openroad-detailedrou             
               ting/openroad-detailedrouting.log'…                              
[11:55:36] [W] [DRT-0349] LEF58_ENCLOSURE with no CUTCLASS is    openroad.py:314
               not supported. Skipping for layer Cont                           
[11:55:36] [W] [DRT-0349] LEF58_ENCLOSURE with no CUTCLASS is    openroad.py:314
               not supported. Skipping for layer Via1                           
[11:55:36] [W] [DRT-0349] LEF58_ENCLOSURE with no CUTCLASS is    openroad.py:314
               not supported. Skipping for layer Via1                           
[11:55:36] [W] [DRT-0349] LEF58_ENCLOSURE with no CUTCLASS is    openroad.py:314
               not supported. Skipping for layer Via2                           
[11:55:36] [W] [DRT-0349] LEF58_ENCLOSURE with no CUTCLASS is    openroad.py:314
               not supported. Skipping for layer Via3                           
[11:55:36] [W] [DRT-0349] LEF58_ENCLOSURE with no CUTCLASS is    openroad.py:314
               not supported. Skipping for layer Via4                           
[11:55:36] [W] [DRT-0349] LEF58_ENCLOSURE with no CUTCLASS is    openroad.py:314
               not supported. Skipping for layer TopVia1                        
[11:55:36] [W] [DRT-0349] LEF58_ENCLOSURE with no CUTCLASS is    openroad.py:314
               not supported. Skipping for layer TopVia1                        
[11:55:36] [W] [DRT-0349] LEF58_ENCLOSURE with no CUTCLASS is    openroad.py:314
               not supported. Skipping for layer TopVia2                        
[11:55:36] [W] [DRT-0349] LEF58_ENCLOSURE with no CUTCLASS is    openroad.py:314
               not supported. Skipping for layer TopVia2                        
[11:57:19] [V] Running 'Odb.RemoveRoutingObstructions' at           step.py:1138
               'runs/single_key_wipe_p80_h0/45-odb-removeroutingobs             
               tructions'…                                                      
[11:57:19] [I] 'ROUTING_OBSTRUCTIONS' is not defined. Skipping        odb.py:589
               'Odb.RemoveRoutingObstructions'…                                 
[11:57:19] [V] Running 'OpenROAD.CheckAntennas-1' at                step.py:1138
               'runs/single_key_wipe_p80_h0/46-openroad-checkantenn             
               as-1'…                                                           
[11:57:19] [I] Logging subprocess to                                step.py:1336
               'runs/single_key_wipe_p80_h0/46-openroad-checkantenn             
               as-1/openroad-checkantennas-1.log'…                              
[11:57:20] [V] Running 'Checker.TrDRC' at                           step.py:1138
               'runs/single_key_wipe_p80_h0/47-checker-trdrc'…                  
[11:57:20] [I] Check for Routing DRC errors clear.                checker.py:131
[11:57:20] [V] Running 'Odb.ReportDisconnectedPins' at              step.py:1138
               'runs/single_key_wipe_p80_h0/48-odb-reportdisconnect             
               edpins'…                                                         
[11:57:20] [I] Logging subprocess to                                step.py:1336
               'runs/single_key_wipe_p80_h0/48-odb-reportdisconnect             
               edpins/odb-reportdisconnectedpins.log'…                          
[11:57:21] [V] Running 'Checker.DisconnectedPins' at                step.py:1138
               'runs/single_key_wipe_p80_h0/49-checker-disconnected             
               pins'…                                                           
[11:57:21] [I] Check for critical disconnected pins clear.        checker.py:131
[11:57:21] [V] Running 'Odb.ReportWireLength' at                    step.py:1138
               'runs/single_key_wipe_p80_h0/50-odb-reportwirelength             
               '…                                                               
[11:57:21] [I] Logging subprocess to                                step.py:1336
               'runs/single_key_wipe_p80_h0/50-odb-reportwirelength             
               /odb-reportwirelength.log'…                                      
[11:57:22] [V] Running 'Checker.WireLength' at                      step.py:1138
               'runs/single_key_wipe_p80_h0/51-checker-wirelength'…             
[11:57:22] [W] Threshold for Threshold-surpassing long wires is   checker.py:108
               not set. The checker will be skipped.                            
[11:57:22] [V] Running 'OpenROAD.FillInsertion' at                  step.py:1138
               'runs/single_key_wipe_p80_h0/52-openroad-fillinserti             
               on'…                                                             
[11:57:22] [I] Logging subprocess to                                step.py:1336
               'runs/single_key_wipe_p80_h0/52-openroad-fillinserti             
               on/openroad-fillinsertion.log'…                                  
[11:57:23] [V] Running 'Odb.CellFrequencyTables' at                 step.py:1138
               'runs/single_key_wipe_p80_h0/53-odb-cellfrequencytab             
               les'…                                                            
[11:57:23] [I] Logging subprocess to                                step.py:1336
               'runs/single_key_wipe_p80_h0/53-odb-cellfrequencytab             
               les/buffer_list.txt'…                                            
[11:57:23] [I] Logging subprocess to                                step.py:1336
               'runs/single_key_wipe_p80_h0/53-odb-cellfrequencytab             
               les/odb-cellfrequencytables.log'…                                
[11:57:24] [V] Running 'OpenROAD.RCX' at                            step.py:1138
               'runs/single_key_wipe_p80_h0/54-openroad-rcx'…                   
[11:57:24] [I] Running RCX for corners matching nom_*           openroad.py:2145
               (/mnt/c/Users/user/Desktop/HACKATHON/runs/single                 
               _key_wipe_p80_h0/54-openroad-rcx/nom/rcx.log)…                   
[11:57:24] [I] Logging subprocess to                                step.py:1336
               'runs/single_key_wipe_p80_h0/54-openroad-rcx/nom/rcx             
               .log'…                                                           
[11:57:25] [I] Finished RCX for corners matching nom_*.         openroad.py:2154
[11:57:25] [V] Running 'OpenROAD.STAPostPNR' at                     step.py:1138
               'runs/single_key_wipe_p80_h0/55-openroad-stapostpnr'             
               …                                                                
[11:57:25] [I] Starting STA for the nom_fast_1p32V_m40C timing   openroad.py:747
               corner…                                                          
[11:57:25] [I] Starting STA for the nom_slow_1p08V_125C timing   openroad.py:747
               corner…                                                          
[11:57:25] [I] Starting STA for the nom_typ_1p20V_25C timing     openroad.py:747
               corner…                                                          
[11:57:25] [I] Logging subprocess to                                step.py:1336
               'runs/single_key_wipe_p80_h0/55-openroad-stapostpnr/             
               nom_fast_1p32V_m40C/sta.log'…                                    
[11:57:25] [I] Logging subprocess to                                step.py:1336
               'runs/single_key_wipe_p80_h0/55-openroad-stapostpnr/             
               nom_slow_1p08V_125C/sta.log'…                                    
[11:57:25] [I] Logging subprocess to                                step.py:1336
               'runs/single_key_wipe_p80_h0/55-openroad-stapostpnr/             
               nom_typ_1p20V_25C/sta.log'…                                      
[11:57:26] [I] Finished STA for the nom_fast_1p32V_m40C timing   openroad.py:762
               corner.                                                          
[11:57:26] [I] Finished STA for the nom_slow_1p08V_125C timing   openroad.py:762
               corner.                                                          
[11:57:26] [I] Finished STA for the nom_typ_1p20V_25C timing     openroad.py:762
               corner.                                                          
[11:57:26] [I] Logging subprocess to                                step.py:1336
               'runs/single_key_wipe_p80_h0/55-openroad-stapostpnr/             
               nom_fast_1p32V_m40C/filter_unannotated.log'…                     
[11:57:26] [I] Logging subprocess to                                step.py:1336
               'runs/single_key_wipe_p80_h0/55-openroad-stapostpnr/             
               nom_typ_1p20V_25C/filter_unannotated.log'…                       
[11:57:26] [I] Logging subprocess to                                step.py:1336
               'runs/single_key_wipe_p80_h0/55-openroad-stapostpnr/             
               nom_slow_1p08V_125C/filter_unannotated.log'…                     
[11:57:27] [V] Running 'OpenROAD.IRDropReport' at                   step.py:1138
               'runs/single_key_wipe_p80_h0/56-openroad-irdroprepor             
               t'…                                                              
[11:57:27] [W] 'VSRC_LOC_FILES' was not given a value, which    openroad.py:2245
               may make the results of IR drop analysis                         
               inaccurate. If you are not integrating a                         
               top-level chip for manufacture, you may ignore                   
               this warning, otherwise, see the documentation                   
               for 'VSRC_LOC_FILES'.                                            
[11:57:27] [I] Logging subprocess to                                step.py:1336
               'runs/single_key_wipe_p80_h0/56-openroad-irdroprepor             
               t/openroad-irdropreport.log'…                                    
[11:57:28] [V] + analyze_power_grid -net VPWR -voltage_file     openroad.py:2257
               /mnt/c/Users/user/Desktop/HACKATHON/runs/single_                 
               key_wipe_p80_h0/56-openroad-irdropreport/net-VPW                 
               R.csv                                                            
               [INFO PSM-0040] All shapes on net VPWR are                       
               connected.                                                       
               ########## IR report #################                           
               Net              : VPWR                                          
               Corner           : nom_typ_1p20V_25C                             
               Total power      : 2.22e-05 W                                    
               Supply voltage   : 1.20e+00 V                                    
               Worstcase voltage: 1.20e+00 V                                    
               Average voltage  : 1.20e+00 V                                    
               Average IR drop  : 3.37e-06 V                                    
               Worstcase IR drop: 8.48e-06 V                                    
               Percentage drop  : 0.00 %                                        
               ######################################                           
               + analyze_power_grid -net VGND -voltage_file                     
               /mnt/c/Users/user/Desktop/HACKATHON/runs/single_                 
               key_wipe_p80_h0/56-openroad-irdropreport/net-VGN                 
               D.csv                                                            
               [INFO PSM-0040] All shapes on net VGND are                       
               connected.                                                       
               ########## IR report #################                           
               Net              : VGND                                          
               Corner           : nom_typ_1p20V_25C                             
               Total power      : 2.22e-05 W                                    
               Supply voltage   : 0.00e+00 V                                    
               Worstcase voltage: 7.19e-06 V                                    
               Average voltage  : 3.31e-06 V                                    
               Average IR drop  : 3.31e-06 V                                    
               Worstcase IR drop: 7.19e-06 V                                    
               Percentage drop  : 0.00 %                                        
               ######################################                           
                                                                                
[11:57:28] [V] Running 'Magic.StreamOut' at                         step.py:1138
               'runs/single_key_wipe_p80_h0/57-magic-streamout'…                
[11:57:28] [I] Logging subprocess to                                step.py:1336
               'runs/single_key_wipe_p80_h0/57-magic-streamout/magi             
               c-streamout.log'…                                                
[11:57:30] [V] Running 'KLayout.StreamOut' at                       step.py:1138
               'runs/single_key_wipe_p80_h0/58-klayout-streamout'…              
[11:57:30] [I] Logging subprocess to                                step.py:1336
               'runs/single_key_wipe_p80_h0/58-klayout-streamout/kl             
               ayout-streamout.log'…                                            
[11:57:32] [V] Running 'KLayout.Render' at                          step.py:1138
               'runs/single_key_wipe_p80_h0/59-klayout-render'…                 
[11:57:32] [I] Logging subprocess to                                step.py:1336
               'runs/single_key_wipe_p80_h0/59-klayout-render/klayo             
               ut-render.log'…                                                  
[11:57:33] [V] Running 'Magic.WriteLEF' at                          step.py:1138
               'runs/single_key_wipe_p80_h0/60-magic-writelef'…                 
[11:57:33] [I] Logging subprocess to                                step.py:1336
               'runs/single_key_wipe_p80_h0/60-magic-writelef/magic             
               -writelef.log'…                                                  
[11:57:34] [V] Running 'Odb.CheckDesignAntennaProperties' at        step.py:1138
               'runs/single_key_wipe_p80_h0/61-odb-checkdesignanten             
               naproperties'…                                                   
[11:57:34] [I] Logging subprocess to                                step.py:1336
               'runs/single_key_wipe_p80_h0/61-odb-checkdesignanten             
               naproperties/odb-checkdesignantennaproperties.log'…              
[11:57:35] [W] Cell 'tt_um_rumcajs' has (9) input pin(s) without       odb.py:71
               antenna gate information. They might not be connected            
               to a gate.                                                       
[11:57:35] [I] Gating variable for step 'KLayout.XOR' set to   sequential.py:362
               'False'- the step will be skipped.                               
[11:57:35] [I] Skipping step 'KLayout vs. Magic XOR'…          sequential.py:370
[11:57:35] [I] Gating variable for step 'Checker.XOR' set to   sequential.py:362
               'False'- the step will be skipped.                               
[11:57:35] [I] Skipping step 'XOR Difference Checker'…         sequential.py:370
[11:57:35] [V] Running 'Magic.DRC' at                               step.py:1138
               'runs/single_key_wipe_p80_h0/62-magic-drc'…                      
[11:57:35] [I] Logging subprocess to                                step.py:1336
               'runs/single_key_wipe_p80_h0/62-magic-drc/magic-drc.             
               log'…                                                            
[11:57:52] [I] Gating variable for step 'KLayout.DRC' set to   sequential.py:362
               'False'- the step will be skipped.                               
[11:57:52] [I] Skipping step 'Design Rule Check (KLayout)'…    sequential.py:370
[11:57:52] [V] Running 'Checker.MagicDRC' at                        step.py:1138
               'runs/single_key_wipe_p80_h0/63-checker-magicdrc'…               
[11:57:52] [I] Check for Magic DRC errors clear.                  checker.py:131
[11:57:52] [I] Gating variable for step 'Checker.KLayoutDRC'   sequential.py:362
               set to 'False'- the step will be skipped.                        
[11:57:52] [I] Skipping step 'KLayout DRC Checker'…            sequential.py:370
[11:57:52] [V] Running 'Magic.SpiceExtraction' at                   step.py:1138
               'runs/single_key_wipe_p80_h0/64-magic-spiceextractio             
               n'…                                                              
[11:57:52] [I] Logging subprocess to                                step.py:1336
               'runs/single_key_wipe_p80_h0/64-magic-spiceextractio             
               n/magic-spiceextraction.log'…                                    
[11:58:19] [V] Running 'Checker.IllegalOverlap' at                  step.py:1138
               'runs/single_key_wipe_p80_h0/65-checker-illegaloverl             
               ap'…                                                             
[11:58:19] [I] Check for Magic Illegal Overlap errors clear.      checker.py:131
[11:58:19] [V] Running 'Netgen.LVS' at                              step.py:1138
               'runs/single_key_wipe_p80_h0/66-netgen-lvs'…                     
[11:58:19] [I] Logging subprocess to                                step.py:1336
               'runs/single_key_wipe_p80_h0/66-netgen-lvs/netgen-lv             
               s.log'…                                                          
[11:58:20] [V] Running 'Checker.LVS' at                             step.py:1138
               'runs/single_key_wipe_p80_h0/67-checker-lvs'…                    
[11:58:20] [I] Check for LVS errors clear.                        checker.py:131
[11:58:20] [I] Gating variable for step 'Yosys.EQY' set to     sequential.py:362
               'False'- the step will be skipped.                               
[11:58:20] [I] Skipping step 'Equivalence Check'…              sequential.py:370
[11:58:20] [V] Running 'Checker.SetupViolations' at                 step.py:1138
               'runs/single_key_wipe_p80_h0/68-checker-setupviolati             
               ons'…                                                            
[11:58:20] [V] No setup violations found                          checker.py:628
[11:58:20] [V] Running 'Checker.HoldViolations' at                  step.py:1138
               'runs/single_key_wipe_p80_h0/69-checker-holdviolatio             
               ns'…                                                             
[11:58:20] [V] No hold violations found                           checker.py:628
[11:58:20] [V] Running 'Checker.MaxSlewViolations' at               step.py:1138
               'runs/single_key_wipe_p80_h0/70-checker-maxslewviola             
               tions'…                                                          
[11:58:20] [V] No max slew violations found                       checker.py:628
[11:58:20] [V] Running 'Checker.MaxCapViolations' at                step.py:1138
               'runs/single_key_wipe_p80_h0/71-checker-maxcapviolat             
               ions'…                                                           
[11:58:20] [V] No max cap violations found                        checker.py:628
[11:58:20] [V] Running 'Misc.ReportManufacturability' at            step.py:1138
               'runs/single_key_wipe_p80_h0/72-misc-reportmanufactu             
               rability'…                                                       
[11:58:20] [W] klayout__drc_error__count not reported. KLayout.DRC   misc.py:102
               may have been skipped.                                           
[11:58:20] [I] Saving views to                                      state.py:209
               '/mnt/c/Users/user/Desktop/HACKATHON/runs/single_key             
               _wipe_p80_h0/final'…                                             
[11:58:21] [I] Flow complete.                                  sequential.py:413


[11:58:21] [W] The following warnings were generated by the flow:    flow.py:699
[11:58:21] [W] [Checker.LintWarnings] 84 Lint warnings found.        flow.py:701
[11:58:21] [W] [OpenROAD.CheckSDCFiles] 'PNR_SDC_FILE' is not        flow.py:701
               defined. Using generic fallback SDC for OpenROAD PnR             
               steps.                                                           
[11:58:21] [W] [OpenROAD.CheckSDCFiles] 'SIGNOFF_SDC_FILE' is not    flow.py:701
               defined. Using generic fallback SDC for OpenROAD PnR             
               steps.                                                           
[11:58:21] [W] [Odb.ApplyDEFTemplate] Bterm VPWR is declared as a    flow.py:701
               'POWER' pin. It will be ignored. (and 2 similar                  
               warnings)                                                        
[11:58:21] [W] [OpenROAD.GlobalPlacement] [GPL-0302] Target density  flow.py:701
               0.8000 is too low for the available free area.                   
[11:58:21] [W] [OpenROAD.DetailedRouting] [DRT-0349] LEF58_ENCLOSURE flow.py:701
               with no CUTCLASS is not supported. Skipping for layer            
               Cont (and 9 similar warnings)                                    
[11:58:21] [W] [Checker.WireLength] Threshold for                    flow.py:701
               Threshold-surpassing long wires is not set. The                  
               checker will be skipped.                                         
[11:58:21] [W] [OpenROAD.IRDropReport] 'VSRC_LOC_FILES' was not      flow.py:701
               given a value, which may make the results of IR drop             
               analysis inaccurate. If you are not integrating a                
               top-level chip for manufacture, you may ignore this              
               warning, otherwise, see the documentation for                    
               'VSRC_LOC_FILES'.                                                
[11:58:21] [W] [Misc.ReportManufacturability]                        flow.py:701
               klayout__drc_error__count not reported. KLayout.DRC              
               may have been skipped.                                           
