
 /----------------------------------------------------------------------------\
 |  yosys -- Yosys Open SYnthesis Suite                                       |
 |  Copyright (C) 2012 - 2025  Claire Xenia Wolf <claire@yosyshq.com>         |
 |  Distributed under an ISC-like license, type "license" to see terms        |
 \----------------------------------------------------------------------------/
 Yosys 0.52 (git sha1 fee39a3284c90249e1d9684cf6944ffbbcbb8f90)

-- Running command `read_verilog src/szymon.v; synth -top szymon; stat' --

1. Executing Verilog-2005 frontend: src/szymon.v
Parsing Verilog input from `src/szymon.v' to AST representation.
Generating RTLIL representation for module `\szymon'.
Successfully finished Verilog frontend.

2. Executing SYNTH pass.

2.1. Executing HIERARCHY pass (managing design hierarchy).

2.1.1. Analyzing design hierarchy..
Top module:  \szymon

2.1.2. Analyzing design hierarchy..
Top module:  \szymon
Removed 0 unused modules.

2.2. Executing PROC pass (convert processes to netlists).

2.2.1. Executing PROC_CLEAN pass (remove empty switches from decision trees).
Cleaned up 0 empty switches.

2.2.2. Executing PROC_RMDEAD pass (remove dead branches from decision trees).
Marked 9 switch rules as full_case in process $proc$src/szymon.v:65$31 in module szymon.
Removed a total of 0 dead cases.

2.2.3. Executing PROC_PRUNE pass (remove redundant assignments in processes).
Removed 0 redundant assignments.
Promoted 0 assignments to connections.

2.2.4. Executing PROC_INIT pass (extract init attributes).

2.2.5. Executing PROC_ARST pass (detect async resets in processes).
Found async reset \rst_n in `\szymon.$proc$src/szymon.v:65$31'.

2.2.6. Executing PROC_ROM pass (convert switches to ROMs).
Converted 0 switches.
<suppressed ~11 debug messages>

2.2.7. Executing PROC_MUX pass (convert decision trees to multiplexers).
Creating decoders for process `\szymon.$proc$src/szymon.v:65$31'.
     1/9: $0\round_count[5:0]
     2/9: $0\bit_count[5:0]
     3/9: $0\k3[31:0]
     4/9: $0\k2[31:0]
     5/9: $0\k1[31:0]
     6/9: $0\k0[31:0]
     7/9: $0\b[31:0]
     8/9: $0\a[31:0]
     9/9: $0\state[2:0]

2.2.8. Executing PROC_DLATCH pass (convert process syncs to latches).

2.2.9. Executing PROC_DFF pass (convert process syncs to FFs).
Creating register for signal `\szymon.\state' using process `\szymon.$proc$src/szymon.v:65$31'.
  created $adff cell `$procdff$248' with positive edge clock and positive level reset.
Creating register for signal `\szymon.\a' using process `\szymon.$proc$src/szymon.v:65$31'.
  created $adff cell `$procdff$253' with positive edge clock and positive level reset.
Creating register for signal `\szymon.\b' using process `\szymon.$proc$src/szymon.v:65$31'.
  created $adff cell `$procdff$258' with positive edge clock and positive level reset.
Creating register for signal `\szymon.\k0' using process `\szymon.$proc$src/szymon.v:65$31'.
  created $adff cell `$procdff$263' with positive edge clock and positive level reset.
Creating register for signal `\szymon.\k1' using process `\szymon.$proc$src/szymon.v:65$31'.
  created $adff cell `$procdff$268' with positive edge clock and positive level reset.
Creating register for signal `\szymon.\k2' using process `\szymon.$proc$src/szymon.v:65$31'.
  created $adff cell `$procdff$273' with positive edge clock and positive level reset.
Creating register for signal `\szymon.\k3' using process `\szymon.$proc$src/szymon.v:65$31'.
  created $adff cell `$procdff$278' with positive edge clock and positive level reset.
Creating register for signal `\szymon.\bit_count' using process `\szymon.$proc$src/szymon.v:65$31'.
  created $adff cell `$procdff$283' with positive edge clock and positive level reset.
Creating register for signal `\szymon.\round_count' using process `\szymon.$proc$src/szymon.v:65$31'.
  created $adff cell `$procdff$288' with positive edge clock and positive level reset.

2.2.10. Executing PROC_MEMWR pass (convert process memory writes to cells).

2.2.11. Executing PROC_CLEAN pass (remove empty switches from decision trees).
Found and cleaned up 11 empty switches in `\szymon.$proc$src/szymon.v:65$31'.
Removing empty process `szymon.$proc$src/szymon.v:65$31'.
Cleaned up 11 empty switches.

2.2.12. Executing OPT_EXPR pass (perform const folding).
Optimizing module szymon.
<suppressed ~27 debug messages>

2.3. Executing OPT_EXPR pass (perform const folding).
Optimizing module szymon.

2.4. Executing OPT_CLEAN pass (remove unused cells and wires).
Finding unused cells or wires in module \szymon..
Removed 11 unused cells and 92 unused wires.
<suppressed ~13 debug messages>

2.5. Executing CHECK pass (checking for obvious problems).
Checking module szymon...
Found and reported 0 problems.

2.6. Executing OPT pass (performing simple optimizations).

2.6.1. Executing OPT_EXPR pass (perform const folding).
Optimizing module szymon.

2.6.2. Executing OPT_MERGE pass (detect identical cells).
Finding identical cells in module `\szymon'.
<suppressed ~138 debug messages>
Removed a total of 46 cells.

2.6.3. Executing OPT_MUXTREE pass (detect dead branches in mux trees).
Running muxtree optimizer on module \szymon..
  Creating internal representation of mux trees.
  Evaluating internal representation of mux trees.
  Analyzing evaluation results.
Removed 0 multiplexer ports.
<suppressed ~11 debug messages>

2.6.4. Executing OPT_REDUCE pass (consolidate $*mux and $reduce_* inputs).
  Optimizing cells in module \szymon.
    New ctrl vector for $pmux cell $procmux$139: { \cmd_ready $auto$opt_reduce.cc:137:opt_pmux$290 $procmux$102_CMP \m_valid }
    New ctrl vector for $pmux cell $procmux$160: { \cmd_ready $auto$opt_reduce.cc:137:opt_pmux$292 $procmux$102_CMP \m_valid }
    New ctrl vector for $pmux cell $procmux$118: { \cmd_ready $auto$opt_reduce.cc:137:opt_pmux$294 $procmux$102_CMP \m_valid }
    New ctrl vector for $pmux cell $procmux$97: { \cmd_ready $auto$opt_reduce.cc:137:opt_pmux$296 $procmux$102_CMP \m_valid }
  Optimizing cells in module \szymon.
Performed a total of 4 changes.

2.6.5. Executing OPT_MERGE pass (detect identical cells).
Finding identical cells in module `\szymon'.
<suppressed ~12 debug messages>
Removed a total of 4 cells.

2.6.6. Executing OPT_DFF pass (perform DFF optimizations).

2.6.7. Executing OPT_CLEAN pass (remove unused cells and wires).
Finding unused cells or wires in module \szymon..
Removed 0 unused cells and 50 unused wires.
<suppressed ~1 debug messages>

2.6.8. Executing OPT_EXPR pass (perform const folding).
Optimizing module szymon.

2.6.9. Rerunning OPT passes. (Maybe there is more to do..)

2.6.10. Executing OPT_MUXTREE pass (detect dead branches in mux trees).
Running muxtree optimizer on module \szymon..
  Creating internal representation of mux trees.
  Evaluating internal representation of mux trees.
  Analyzing evaluation results.
Removed 0 multiplexer ports.
<suppressed ~12 debug messages>

2.6.11. Executing OPT_REDUCE pass (consolidate $*mux and $reduce_* inputs).
  Optimizing cells in module \szymon.
Performed a total of 0 changes.

2.6.12. Executing OPT_MERGE pass (detect identical cells).
Finding identical cells in module `\szymon'.
Removed a total of 0 cells.

2.6.13. Executing OPT_DFF pass (perform DFF optimizations).

2.6.14. Executing OPT_CLEAN pass (remove unused cells and wires).
Finding unused cells or wires in module \szymon..

2.6.15. Executing OPT_EXPR pass (perform const folding).
Optimizing module szymon.

2.6.16. Finished OPT passes. (There is nothing left to do.)

2.7. Executing FSM pass (extract and optimize FSM).

2.7.1. Executing FSM_DETECT pass (finding FSMs in design).
Found FSM state register szymon.state.

2.7.2. Executing FSM_EXTRACT pass (extracting FSM from design).
Extracting FSM `\state' from module `\szymon'.
  found $adff cell for state register: $procdff$248
  root of input selection tree: $0\state[2:0]
  found reset state: 3'000 (from async reset)
  found ctrl input: \abort
  found ctrl input: \m_valid
  found ctrl input: $procmux$102_CMP
  found ctrl input: \seal_ready
  found ctrl input: \s_ready
  found ctrl input: \cmd_ready
  found ctrl input: $logic_and$src/szymon.v:159$42_Y
  found ctrl input: $eq$src/szymon.v:111$35_Y
  found ctrl input: $eq$src/szymon.v:137$38_Y
  found ctrl input: $eq$src/szymon.v:143$39_Y
  found state code: 3'100
  found ctrl input: $logic_and$src/szymon.v:121$37_Y
  found state code: 3'011
  found ctrl input: $logic_and$src/szymon.v:108$34_Y
  found state code: 3'010
  found ctrl input: $logic_and$src/szymon.v:93$33_Y
  found state code: 3'001
  found ctrl output: \cmd_ready
  found ctrl output: \s_ready
  found ctrl output: \seal_ready
  found ctrl output: \m_valid
  found ctrl output: $procmux$102_CMP
  ctrl inputs: { $logic_and$src/szymon.v:159$42_Y $eq$src/szymon.v:143$39_Y $eq$src/szymon.v:137$38_Y $logic_and$src/szymon.v:121$37_Y $eq$src/szymon.v:111$35_Y $logic_and$src/szymon.v:108$34_Y $logic_and$src/szymon.v:93$33_Y \abort }
  ctrl outputs: { $procmux$102_CMP $0\state[2:0] \m_valid \seal_ready \s_ready \cmd_ready }
  transition:      3'000 8'------00 ->      3'000 8'00000001
  transition:      3'000 8'------10 ->      3'001 8'00010001
  transition:      3'000 8'-------1 ->      3'000 8'00000001
  transition:      3'100 8'0------0 ->      3'100 8'01001000
  transition:      3'100 8'1---0--0 ->      3'100 8'01001000
  transition:      3'100 8'1---1--0 ->      3'000 8'00001000
  transition:      3'100 8'-------1 ->      3'000 8'00001000
  transition:      3'010 8'---0---0 ->      3'010 8'00100100
  transition:      3'010 8'---1---0 ->      3'011 8'00110100
  transition:      3'010 8'-------1 ->      3'000 8'00000100
  transition:      3'001 8'-----0-0 ->      3'001 8'00010010
  transition:      3'001 8'----01-0 ->      3'001 8'00010010
  transition:      3'001 8'----11-0 ->      3'010 8'00100010
  transition:      3'001 8'-------1 ->      3'000 8'00000010
  transition:      3'011 8'--0----0 ->      3'011 8'10110000
  transition:      3'011 8'-01----0 ->      3'011 8'10110000
  transition:      3'011 8'-11----0 ->      3'100 8'11000000
  transition:      3'011 8'-------1 ->      3'000 8'10000000

2.7.3. Executing FSM_OPT pass (simple optimizations of FSMs).
Optimizing FSM `$fsm$\state$297' from module `\szymon'.

2.7.4. Executing OPT_CLEAN pass (remove unused cells and wires).
Finding unused cells or wires in module \szymon..
Removed 16 unused cells and 16 unused wires.
<suppressed ~17 debug messages>

2.7.5. Executing FSM_OPT pass (simple optimizations of FSMs).
Optimizing FSM `$fsm$\state$297' from module `\szymon'.
  Removing unused output signal $0\state[2:0] [0].
  Removing unused output signal $0\state[2:0] [1].
  Removing unused output signal $0\state[2:0] [2].

2.7.6. Executing FSM_RECODE pass (re-assigning FSM state encoding).
Recoding FSM `$fsm$\state$297' from module `\szymon' using `auto' encoding:
  mapping auto encoding to `one-hot` for this FSM.
  000 -> ----1
  100 -> ---1-
  010 -> --1--
  001 -> -1---
  011 -> 1----

2.7.7. Executing FSM_INFO pass (dumping all available information on FSM cells).

FSM `$fsm$\state$297' from module `szymon':
-------------------------------------

  Information on FSM $fsm$\state$297 (\state):

  Number of input signals:    8
  Number of output signals:   5
  Number of state bits:       5

  Input signals:
    0: \abort
    1: $logic_and$src/szymon.v:93$33_Y
    2: $logic_and$src/szymon.v:108$34_Y
    3: $eq$src/szymon.v:111$35_Y
    4: $logic_and$src/szymon.v:121$37_Y
    5: $eq$src/szymon.v:137$38_Y
    6: $eq$src/szymon.v:143$39_Y
    7: $logic_and$src/szymon.v:159$42_Y

  Output signals:
    0: \cmd_ready
    1: \s_ready
    2: \seal_ready
    3: \m_valid
    4: $procmux$102_CMP

  State encoding:
    0:    5'----1  <RESET STATE>
    1:    5'---1-
    2:    5'--1--
    3:    5'-1---
    4:    5'1----

  Transition Table (state_in, ctrl_in, state_out, ctrl_out):
      0:     0 8'------00   ->     0 5'00001
      1:     0 8'-------1   ->     0 5'00001
      2:     0 8'------10   ->     3 5'00001
      3:     1 8'1---1--0   ->     0 5'01000
      4:     1 8'-------1   ->     0 5'01000
      5:     1 8'1---0--0   ->     1 5'01000
      6:     1 8'0------0   ->     1 5'01000
      7:     2 8'-------1   ->     0 5'00100
      8:     2 8'---0---0   ->     2 5'00100
      9:     2 8'---1---0   ->     4 5'00100
     10:     3 8'-------1   ->     0 5'00010
     11:     3 8'----11-0   ->     2 5'00010
     12:     3 8'-----0-0   ->     3 5'00010
     13:     3 8'----01-0   ->     3 5'00010
     14:     4 8'-------1   ->     0 5'10000
     15:     4 8'-11----0   ->     1 5'10000
     16:     4 8'--0----0   ->     4 5'10000
     17:     4 8'-01----0   ->     4 5'10000

-------------------------------------

2.7.8. Executing FSM_MAP pass (mapping FSMs to basic logic).
Mapping FSM `$fsm$\state$297' from module `\szymon'.

2.8. Executing OPT pass (performing simple optimizations).

2.8.1. Executing OPT_EXPR pass (perform const folding).
Optimizing module szymon.
<suppressed ~6 debug messages>

2.8.2. Executing OPT_MERGE pass (detect identical cells).
Finding identical cells in module `\szymon'.
Removed a total of 0 cells.

2.8.3. Executing OPT_MUXTREE pass (detect dead branches in mux trees).
Running muxtree optimizer on module \szymon..
  Creating internal representation of mux trees.
  Evaluating internal representation of mux trees.
  Analyzing evaluation results.
Removed 0 multiplexer ports.
<suppressed ~11 debug messages>

2.8.4. Executing OPT_REDUCE pass (consolidate $*mux and $reduce_* inputs).
  Optimizing cells in module \szymon.
Performed a total of 0 changes.

2.8.5. Executing OPT_MERGE pass (detect identical cells).
Finding identical cells in module `\szymon'.
Removed a total of 0 cells.

2.8.6. Executing OPT_DFF pass (perform DFF optimizations).
Adding EN signal on $procdff$288 ($adff) from module szymon (D = $0\round_count[5:0], Q = \round_count).
Adding EN signal on $procdff$283 ($adff) from module szymon (D = $0\bit_count[5:0], Q = \bit_count).
Adding EN signal on $procdff$278 ($adff) from module szymon (D = $0\k3[31:0], Q = \k3).
Adding EN signal on $procdff$273 ($adff) from module szymon (D = $0\k2[31:0], Q = \k2).
Adding EN signal on $procdff$268 ($adff) from module szymon (D = $0\k1[31:0], Q = \k1).
Adding EN signal on $procdff$263 ($adff) from module szymon (D = $0\k0[31:0], Q = \k0).
Adding EN signal on $procdff$258 ($adff) from module szymon (D = $0\b[31:0], Q = \b).
Adding EN signal on $procdff$253 ($adff) from module szymon (D = $0\a[31:0], Q = \a).

2.8.7. Executing OPT_CLEAN pass (remove unused cells and wires).
Finding unused cells or wires in module \szymon..
Removed 0 unused cells and 5 unused wires.
<suppressed ~1 debug messages>

2.8.8. Executing OPT_EXPR pass (perform const folding).
Optimizing module szymon.

2.8.9. Rerunning OPT passes. (Maybe there is more to do..)

2.8.10. Executing OPT_MUXTREE pass (detect dead branches in mux trees).
Running muxtree optimizer on module \szymon..
  Creating internal representation of mux trees.
  Evaluating internal representation of mux trees.
  Analyzing evaluation results.
Removed 0 multiplexer ports.
<suppressed ~11 debug messages>

2.8.11. Executing OPT_REDUCE pass (consolidate $*mux and $reduce_* inputs).
  Optimizing cells in module \szymon.
Performed a total of 0 changes.

2.8.12. Executing OPT_MERGE pass (detect identical cells).
Finding identical cells in module `\szymon'.
<suppressed ~87 debug messages>
Removed a total of 29 cells.

2.8.13. Executing OPT_DFF pass (perform DFF optimizations).

2.8.14. Executing OPT_CLEAN pass (remove unused cells and wires).
Finding unused cells or wires in module \szymon..
Removed 0 unused cells and 29 unused wires.
<suppressed ~1 debug messages>

2.8.15. Executing OPT_EXPR pass (perform const folding).
Optimizing module szymon.

2.8.16. Rerunning OPT passes. (Maybe there is more to do..)

2.8.17. Executing OPT_MUXTREE pass (detect dead branches in mux trees).
Running muxtree optimizer on module \szymon..
  Creating internal representation of mux trees.
  Evaluating internal representation of mux trees.
  Analyzing evaluation results.
Removed 0 multiplexer ports.
<suppressed ~13 debug messages>

2.8.18. Executing OPT_REDUCE pass (consolidate $*mux and $reduce_* inputs).
  Optimizing cells in module \szymon.
Performed a total of 0 changes.

2.8.19. Executing OPT_MERGE pass (detect identical cells).
Finding identical cells in module `\szymon'.
Removed a total of 0 cells.

2.8.20. Executing OPT_DFF pass (perform DFF optimizations).

2.8.21. Executing OPT_CLEAN pass (remove unused cells and wires).
Finding unused cells or wires in module \szymon..

2.8.22. Executing OPT_EXPR pass (perform const folding).
Optimizing module szymon.

2.8.23. Finished OPT passes. (There is nothing left to do.)

2.9. Executing WREDUCE pass (reducing word size of cells).
Removed top 4 bits (of 6) from port B of cell szymon.$ge$src/szymon.v:50$15 ($ge).
Removed top 1 bits (of 6) from port B of cell szymon.$eq$src/szymon.v:137$38 ($eq).
Removed top 1 bits (of 3) from port B of cell szymon.$auto$opt_dff.cc:195:make_patterns_logic$371 ($ne).
Removed top 1 bits (of 3) from port B of cell szymon.$auto$opt_dff.cc:195:make_patterns_logic$373 ($ne).
Removed top 1 bits (of 3) from port B of cell szymon.$auto$opt_dff.cc:195:make_patterns_logic$377 ($ne).
Removed top 1 bits (of 3) from port B of cell szymon.$auto$fsm_map.cc:77:implement_pattern_cache$350 ($eq).
Removed top 1 bits (of 3) from port B of cell szymon.$auto$fsm_map.cc:77:implement_pattern_cache$363 ($eq).
Removed top 1 bits (of 3) from port B of cell szymon.$auto$opt_dff.cc:195:make_patterns_logic$386 ($ne).

2.10. Executing PEEPOPT pass (run peephole optimizers).

2.11. Executing OPT_CLEAN pass (remove unused cells and wires).
Finding unused cells or wires in module \szymon..

2.12. Executing ALUMACC pass (create $alu and $macc cells).
Extracting $alu and $macc cells in module szymon:
  creating $macc model for $add$src/szymon.v:115$36 ($add).
  creating $macc model for $add$src/szymon.v:147$40 ($add).
  creating $alu model for $macc $add$src/szymon.v:147$40.
  creating $alu model for $macc $add$src/szymon.v:115$36.
  creating $alu model for $ge$src/szymon.v:50$15 ($ge): new $alu
  creating $alu model for $lt$src/szymon.v:47$10 ($lt): new $alu
  creating $alu cell for $lt$src/szymon.v:47$10: $auto$alumacc.cc:495:replace_alu$445
  creating $alu cell for $ge$src/szymon.v:50$15: $auto$alumacc.cc:495:replace_alu$450
  creating $alu cell for $add$src/szymon.v:115$36: $auto$alumacc.cc:495:replace_alu$463
  creating $alu cell for $add$src/szymon.v:147$40: $auto$alumacc.cc:495:replace_alu$466
  created 4 $alu and 0 $macc cells.

2.13. Executing SHARE pass (SAT-based resource sharing).

2.14. Executing OPT pass (performing simple optimizations).

2.14.1. Executing OPT_EXPR pass (perform const folding).
Optimizing module szymon.
<suppressed ~1 debug messages>

2.14.2. Executing OPT_MERGE pass (detect identical cells).
Finding identical cells in module `\szymon'.
Removed a total of 0 cells.

2.14.3. Executing OPT_MUXTREE pass (detect dead branches in mux trees).
Running muxtree optimizer on module \szymon..
  Creating internal representation of mux trees.
  Evaluating internal representation of mux trees.
  Analyzing evaluation results.
Removed 0 multiplexer ports.
<suppressed ~13 debug messages>

2.14.4. Executing OPT_REDUCE pass (consolidate $*mux and $reduce_* inputs).
  Optimizing cells in module \szymon.
Performed a total of 0 changes.

2.14.5. Executing OPT_MERGE pass (detect identical cells).
Finding identical cells in module `\szymon'.
Removed a total of 0 cells.

2.14.6. Executing OPT_DFF pass (perform DFF optimizations).

2.14.7. Executing OPT_CLEAN pass (remove unused cells and wires).
Finding unused cells or wires in module \szymon..
Removed 1 unused cells and 3 unused wires.
<suppressed ~3 debug messages>

2.14.8. Executing OPT_EXPR pass (perform const folding).
Optimizing module szymon.

2.14.9. Rerunning OPT passes. (Maybe there is more to do..)

2.14.10. Executing OPT_MUXTREE pass (detect dead branches in mux trees).
Running muxtree optimizer on module \szymon..
  Creating internal representation of mux trees.
  Evaluating internal representation of mux trees.
  Analyzing evaluation results.
Removed 0 multiplexer ports.
<suppressed ~13 debug messages>

2.14.11. Executing OPT_REDUCE pass (consolidate $*mux and $reduce_* inputs).
  Optimizing cells in module \szymon.
Performed a total of 0 changes.

2.14.12. Executing OPT_MERGE pass (detect identical cells).
Finding identical cells in module `\szymon'.
Removed a total of 0 cells.

2.14.13. Executing OPT_DFF pass (perform DFF optimizations).

2.14.14. Executing OPT_CLEAN pass (remove unused cells and wires).
Finding unused cells or wires in module \szymon..

2.14.15. Executing OPT_EXPR pass (perform const folding).
Optimizing module szymon.

2.14.16. Finished OPT passes. (There is nothing left to do.)

2.15. Executing MEMORY pass.

2.15.1. Executing OPT_MEM pass (optimize memories).
Performed a total of 0 transformations.

2.15.2. Executing OPT_MEM_PRIORITY pass (removing unnecessary memory write priority relations).
Performed a total of 0 transformations.

2.15.3. Executing OPT_MEM_FEEDBACK pass (finding memory read-to-write feedback paths).

2.15.4. Executing MEMORY_BMUX2ROM pass (converting muxes to ROMs).

2.15.5. Executing MEMORY_DFF pass (merging $dff cells to $memrd).

2.15.6. Executing OPT_CLEAN pass (remove unused cells and wires).
Finding unused cells or wires in module \szymon..

2.15.7. Executing MEMORY_SHARE pass (consolidating $memrd/$memwr cells).

2.15.8. Executing OPT_MEM_WIDEN pass (optimize memories where all ports are wide).
Performed a total of 0 transformations.

2.15.9. Executing OPT_CLEAN pass (remove unused cells and wires).
Finding unused cells or wires in module \szymon..

2.15.10. Executing MEMORY_COLLECT pass (generating $mem cells).

2.16. Executing OPT_CLEAN pass (remove unused cells and wires).
Finding unused cells or wires in module \szymon..

2.17. Executing OPT pass (performing simple optimizations).

2.17.1. Executing OPT_EXPR pass (perform const folding).
Optimizing module szymon.
<suppressed ~22 debug messages>

2.17.2. Executing OPT_MERGE pass (detect identical cells).
Finding identical cells in module `\szymon'.
Removed a total of 0 cells.

2.17.3. Executing OPT_DFF pass (perform DFF optimizations).

2.17.4. Executing OPT_CLEAN pass (remove unused cells and wires).
Finding unused cells or wires in module \szymon..
Removed 3 unused cells and 16 unused wires.
<suppressed ~4 debug messages>

2.17.5. Finished fast OPT passes.

2.18. Executing MEMORY_MAP pass (converting memories to logic and flip-flops).

2.19. Executing OPT pass (performing simple optimizations).

2.19.1. Executing OPT_EXPR pass (perform const folding).
Optimizing module szymon.

2.19.2. Executing OPT_MERGE pass (detect identical cells).
Finding identical cells in module `\szymon'.
Removed a total of 0 cells.

2.19.3. Executing OPT_MUXTREE pass (detect dead branches in mux trees).
Running muxtree optimizer on module \szymon..
  Creating internal representation of mux trees.
  Evaluating internal representation of mux trees.
  Analyzing evaluation results.
Removed 0 multiplexer ports.
<suppressed ~9 debug messages>

2.19.4. Executing OPT_REDUCE pass (consolidate $*mux and $reduce_* inputs).
  Optimizing cells in module \szymon.
    New ctrl vector for $pmux cell $procmux$118: { \state [0] \state [4] }
    New ctrl vector for $pmux cell $procmux$139: { \state [0] \state [4] }
    New ctrl vector for $pmux cell $procmux$160: { \state [0] \state [4] }
    Consolidated identical input bits for $mux cell $procmux$177:
      Old ports: A={ \b [30:0] 1'0 }, B=0, Y=$procmux$177_Y
      New ports: A=\b [30:0], B=31'0000000000000000000000000000000, Y=$procmux$177_Y [31:1]
      New connections: $procmux$177_Y [0] = 1'0
    Consolidated identical input bits for $mux cell $procmux$184:
      Old ports: A={ \data_feedback_even \b [31:1] }, B={ \b [0] \b [31:1] }, Y=$procmux$184_Y
      New ports: A=\data_feedback_even, B=\b [0], Y=$procmux$184_Y [31]
      New connections: $procmux$184_Y [30:0] = \b [31:1]
    Consolidated identical input bits for $mux cell $procmux$203:
      Old ports: A={ \a [0] \a [31:1] }, B={ \data_feedback_odd \a [31:1] }, Y=$procmux$203_Y
      New ports: A=\a [0], B=\data_feedback_odd, Y=$procmux$203_Y [31]
      New connections: $procmux$203_Y [30:0] = \a [31:1]
    New ctrl vector for $pmux cell $procmux$51: \state [4]
    New ctrl vector for $pmux cell $procmux$73: { \state [4] $auto$opt_reduce.cc:137:opt_pmux$478 }
    New ctrl vector for $pmux cell $procmux$97: { \state [0] \state [4] }
  Optimizing cells in module \szymon.
Performed a total of 9 changes.

2.19.5. Executing OPT_MERGE pass (detect identical cells).
Finding identical cells in module `\szymon'.
Removed a total of 0 cells.

2.19.6. Executing OPT_SHARE pass.

2.19.7. Executing OPT_DFF pass (perform DFF optimizations).

2.19.8. Executing OPT_CLEAN pass (remove unused cells and wires).
Finding unused cells or wires in module \szymon..

2.19.9. Executing OPT_EXPR pass (perform const folding).
Optimizing module szymon.

2.19.10. Rerunning OPT passes. (Maybe there is more to do..)

2.19.11. Executing OPT_MUXTREE pass (detect dead branches in mux trees).
Running muxtree optimizer on module \szymon..
  Creating internal representation of mux trees.
  Evaluating internal representation of mux trees.
  Analyzing evaluation results.
Removed 0 multiplexer ports.
<suppressed ~9 debug messages>

2.19.12. Executing OPT_REDUCE pass (consolidate $*mux and $reduce_* inputs).
  Optimizing cells in module \szymon.
Performed a total of 0 changes.

2.19.13. Executing OPT_MERGE pass (detect identical cells).
Finding identical cells in module `\szymon'.
Removed a total of 0 cells.

2.19.14. Executing OPT_SHARE pass.

2.19.15. Executing OPT_DFF pass (perform DFF optimizations).

2.19.16. Executing OPT_CLEAN pass (remove unused cells and wires).
Finding unused cells or wires in module \szymon..

2.19.17. Executing OPT_EXPR pass (perform const folding).
Optimizing module szymon.

2.19.18. Finished OPT passes. (There is nothing left to do.)

2.20. Executing TECHMAP pass (map to technology primitives).

2.20.1. Executing Verilog-2005 frontend: /mnt/c/Users/user/Desktop/HACKATHON/.tools/root/usr/bin/../share/yosys/techmap.v
Parsing Verilog input from `/mnt/c/Users/user/Desktop/HACKATHON/.tools/root/usr/bin/../share/yosys/techmap.v' to AST representation.
Generating RTLIL representation for module `\_90_simplemap_bool_ops'.
Generating RTLIL representation for module `\_90_simplemap_reduce_ops'.
Generating RTLIL representation for module `\_90_simplemap_logic_ops'.
Generating RTLIL representation for module `\_90_simplemap_compare_ops'.
Generating RTLIL representation for module `\_90_simplemap_various'.
Generating RTLIL representation for module `\_90_simplemap_registers'.
Generating RTLIL representation for module `\_90_shift_ops_shr_shl_sshl_sshr'.
Generating RTLIL representation for module `\_90_shift_shiftx'.
Generating RTLIL representation for module `\_90_fa'.
Generating RTLIL representation for module `\_90_lcu_brent_kung'.
Generating RTLIL representation for module `\_90_alu'.
Generating RTLIL representation for module `\_90_macc'.
Generating RTLIL representation for module `\_90_alumacc'.
Generating RTLIL representation for module `\$__div_mod_u'.
Generating RTLIL representation for module `\$__div_mod_trunc'.
Generating RTLIL representation for module `\_90_div'.
Generating RTLIL representation for module `\_90_mod'.
Generating RTLIL representation for module `\$__div_mod_floor'.
Generating RTLIL representation for module `\_90_divfloor'.
Generating RTLIL representation for module `\_90_modfloor'.
Generating RTLIL representation for module `\_90_pow'.
Generating RTLIL representation for module `\_90_pmux'.
Generating RTLIL representation for module `\_90_demux'.
Generating RTLIL representation for module `\_90_lut'.
Successfully finished Verilog frontend.

2.20.2. Continuing TECHMAP pass.
Using extmapper simplemap for cells of type $and.
Using extmapper simplemap for cells of type $xor.
Using template $paramod$dc04b7d98e503a7bab16fce2df70e6e2c5ca34d6\_90_alu for cells of type $alu.
Using template $paramod$32efbfac1c4dc57230cf86180788fdfd12e3b511\_90_alu for cells of type $alu.
Using extmapper simplemap for cells of type $logic_not.
Using template $paramod$constmap:c1a8fb521397bdb25685af64f8a75addca38b68a$paramod$05fd02ee8975e559bee57b6e5e564b3ecd2ab687\_90_shift_shiftx for cells of type $shiftx.
Using extmapper simplemap for cells of type $mux.
Using extmapper simplemap for cells of type $eq.
Using extmapper simplemap for cells of type $reduce_or.
Using extmapper simplemap for cells of type $logic_and.
Using extmapper simplemap for cells of type $or.
Using extmapper simplemap for cells of type $adff.
Using extmapper simplemap for cells of type $ne.
Using template $paramod$ed0bb9616228df1e6c226f91f8133e751815f1b1\_90_pmux for cells of type $pmux.
Using extmapper simplemap for cells of type $reduce_and.
Using template $paramod$8fabc56b80a569262acfc42757a02ca0b8e91278\_90_pmux for cells of type $pmux.
Using extmapper simplemap for cells of type $not.
Using template $paramod$54d740639e1393b22262823179ff783ea9f17a35\_90_pmux for cells of type $pmux.
Using template $paramod$78e969f2586efcf3a5b0b0440bcca0db83d5cca2\_90_alu for cells of type $alu.
Using extmapper simplemap for cells of type $adffe.
Using template $paramod\_90_lcu_brent_kung\WIDTH=32'00000000000000000000000000000101 for cells of type $lcu.
Using extmapper simplemap for cells of type $pos.
Using template $paramod\_90_lcu_brent_kung\WIDTH=32'00000000000000000000000000000110 for cells of type $lcu.
Using template $paramod\_90_lcu_brent_kung\WIDTH=32'00000000000000000000000000000011 for cells of type $lcu.
No more expansions possible.
<suppressed ~1159 debug messages>

2.21. Executing OPT pass (performing simple optimizations).

2.21.1. Executing OPT_EXPR pass (perform const folding).
Optimizing module szymon.
<suppressed ~445 debug messages>

2.21.2. Executing OPT_MERGE pass (detect identical cells).
Finding identical cells in module `\szymon'.
<suppressed ~291 debug messages>
Removed a total of 97 cells.

2.21.3. Executing OPT_DFF pass (perform DFF optimizations).

2.21.4. Executing OPT_CLEAN pass (remove unused cells and wires).
Finding unused cells or wires in module \szymon..
Removed 259 unused cells and 889 unused wires.
<suppressed ~260 debug messages>

2.21.5. Finished fast OPT passes.

2.22. Executing ABC pass (technology mapping using ABC).

2.22.1. Extracting gate netlist of module `\szymon' to `<abc-temp-dir>/input.blif'..
Extracted 1671 gates and 2016 wires to a netlist network with 343 inputs and 215 outputs.

2.22.1.1. Executing ABC.
Running ABC command: "<yosys-exe-dir>/yosys-abc" -s -f <abc-temp-dir>/abc.script 2>&1
ABC: ABC command line: "source <abc-temp-dir>/abc.script".
ABC: 
ABC: + read_blif <abc-temp-dir>/input.blif 
ABC: + read_library <abc-temp-dir>/stdcells.genlib 
ABC: + strash 
ABC: + dretime 
ABC: + map 
ABC: + write_blif <abc-temp-dir>/output.blif 

2.22.1.2. Re-integrating ABC results.
ABC RESULTS:               AND cells:      137
ABC RESULTS:            ANDNOT cells:      650
ABC RESULTS:               MUX cells:      142
ABC RESULTS:              NAND cells:      140
ABC RESULTS:               NOR cells:       11
ABC RESULTS:               NOT cells:      141
ABC RESULTS:                OR cells:      452
ABC RESULTS:             ORNOT cells:       66
ABC RESULTS:              XNOR cells:        5
ABC RESULTS:               XOR cells:       17
ABC RESULTS:        internal signals:     1458
ABC RESULTS:           input signals:      343
ABC RESULTS:          output signals:      215
Removing temp directory.

2.23. Executing OPT pass (performing simple optimizations).

2.23.1. Executing OPT_EXPR pass (perform const folding).
Optimizing module szymon.
<suppressed ~10 debug messages>

2.23.2. Executing OPT_MERGE pass (detect identical cells).
Finding identical cells in module `\szymon'.
<suppressed ~3 debug messages>
Removed a total of 1 cells.

2.23.3. Executing OPT_DFF pass (perform DFF optimizations).

2.23.4. Executing OPT_CLEAN pass (remove unused cells and wires).
Finding unused cells or wires in module \szymon..
Removed 0 unused cells and 794 unused wires.
<suppressed ~3 debug messages>

2.23.5. Finished fast OPT passes.

2.24. Executing HIERARCHY pass (managing design hierarchy).
Attribute `top' found on module `szymon'. Setting top module to szymon.

2.24.1. Analyzing design hierarchy..
Top module:  \szymon

2.24.2. Analyzing design hierarchy..
Top module:  \szymon
Removed 0 unused modules.

2.25. Printing statistics.

=== szymon ===

   Number of wires:               1591
   Number of wire bits:           2238
   Number of public wires:          29
   Number of public wire bits:     480
   Number of ports:                 15
   Number of port bits:            142
   Number of memories:               0
   Number of memory bits:            0
   Number of processes:              0
   Number of cells:               1969
     $_ANDNOT_                     650
     $_AND_                        136
     $_DFFE_PN0P_                  204
     $_DFF_PN0_                      4
     $_DFF_PN1_                      1
     $_MUX_                        142
     $_NAND_                       140
     $_NOR_                         11
     $_NOT_                        141
     $_ORNOT_                       66
     $_OR_                         452
     $_XNOR_                         5
     $_XOR_                         17

2.26. Executing CHECK pass (checking for obvious problems).
Checking module szymon...
Found and reported 0 problems.

3. Printing statistics.

=== szymon ===

   Number of wires:               1591
   Number of wire bits:           2238
   Number of public wires:          29
   Number of public wire bits:     480
   Number of ports:                 15
   Number of port bits:            142
   Number of memories:               0
   Number of memory bits:            0
   Number of processes:              0
   Number of cells:               1969
     $_ANDNOT_                     650
     $_AND_                        136
     $_DFFE_PN0P_                  204
     $_DFF_PN0_                      4
     $_DFF_PN1_                      1
     $_MUX_                        142
     $_NAND_                       140
     $_NOR_                         11
     $_NOT_                        141
     $_ORNOT_                       66
     $_OR_                         452
     $_XNOR_                         5
     $_XOR_                         17

End of script. Logfile hash: a4f8adc9ed, CPU: user 0.27s system 0.04s, MEM: 24.14 MB peak
Yosys 0.52 (git sha1 fee39a3284c90249e1d9684cf6944ffbbcbb8f90)
Time spent: 21% 1x abc (0 sec), 15% 21x opt_clean (0 sec), ...
