
 /----------------------------------------------------------------------------\
 |  yosys -- Yosys Open SYnthesis Suite                                       |
 |  Copyright (C) 2012 - 2025  Claire Xenia Wolf <claire@yosyshq.com>         |
 |  Distributed under an ISC-like license, type "license" to see terms        |
 \----------------------------------------------------------------------------/
 Yosys 0.52 (git sha1 fee39a3284c90249e1d9684cf6944ffbbcbb8f90)

-- Running command `read_liberty -lib -ignore_miss_func ".tools/IHP-Open-PDK-partial/ihp-sg13g2/libs.ref/sg13g2_stdcell/lib/sg13g2_stdcell_typ_1p20V_25C.lib"; read_verilog src/*.v; hierarchy -check -top regs; synth -top regs -flatten -noabc; dfflibmap -liberty ".tools/IHP-Open-PDK-partial/ihp-sg13g2/libs.ref/sg13g2_stdcell/lib/sg13g2_stdcell_typ_1p20V_25C.lib"; abc -liberty ".tools/IHP-Open-PDK-partial/ihp-sg13g2/libs.ref/sg13g2_stdcell/lib/sg13g2_stdcell_typ_1p20V_25C.lib"; clean; stat -liberty ".tools/IHP-Open-PDK-partial/ihp-sg13g2/libs.ref/sg13g2_stdcell/lib/sg13g2_stdcell_typ_1p20V_25C.lib"; check' --

1. Executing Liberty frontend: .tools/IHP-Open-PDK-partial/ihp-sg13g2/libs.ref/sg13g2_stdcell/lib/sg13g2_stdcell_typ_1p20V_25C.lib
Imported 84 cell types from liberty file.

2. Executing Verilog-2005 frontend: src/auth_ctrl.v
Parsing Verilog input from `src/auth_ctrl.v' to AST representation.
Generating RTLIL representation for module `\auth_ctrl'.
Successfully finished Verilog frontend.

3. Executing Verilog-2005 frontend: src/buzzer.v
Parsing Verilog input from `src/buzzer.v' to AST representation.
Generating RTLIL representation for module `\buzzer'.
Successfully finished Verilog frontend.

4. Executing Verilog-2005 frontend: src/kb.v
Parsing Verilog input from `src/kb.v' to AST representation.
Generating RTLIL representation for module `\kb'.
Successfully finished Verilog frontend.

5. Executing Verilog-2005 frontend: src/project.v
Parsing Verilog input from `src/project.v' to AST representation.
Generating RTLIL representation for module `\tt_um_rumcajs'.
Successfully finished Verilog frontend.

6. Executing Verilog-2005 frontend: src/regs.v
Parsing Verilog input from `src/regs.v' to AST representation.
Generating RTLIL representation for module `\regs'.
Successfully finished Verilog frontend.

7. Executing Verilog-2005 frontend: src/reset_release.v
Parsing Verilog input from `src/reset_release.v' to AST representation.
Generating RTLIL representation for module `\reset_release'.
Successfully finished Verilog frontend.

8. Executing Verilog-2005 frontend: src/rumcajs.v
Parsing Verilog input from `src/rumcajs.v' to AST representation.
Generating RTLIL representation for module `\rumcajs'.
Successfully finished Verilog frontend.

9. Executing Verilog-2005 frontend: src/serial_link.v
Parsing Verilog input from `src/serial_link.v' to AST representation.
Generating RTLIL representation for module `\serial_link'.
Successfully finished Verilog frontend.

10. Executing Verilog-2005 frontend: src/sync2.v
Parsing Verilog input from `src/sync2.v' to AST representation.
Generating RTLIL representation for module `\sync2'.
Successfully finished Verilog frontend.

11. Executing Verilog-2005 frontend: src/szymon.v
Parsing Verilog input from `src/szymon.v' to AST representation.
Generating RTLIL representation for module `\szymon'.
Successfully finished Verilog frontend.

12. Executing Verilog-2005 frontend: src/szymon_fixed.v
Parsing Verilog input from `src/szymon_fixed.v' to AST representation.
Generating RTLIL representation for module `\szymon_fixed'.
Successfully finished Verilog frontend.

13. Executing Verilog-2005 frontend: src/timebase.v
Parsing Verilog input from `src/timebase.v' to AST representation.
Generating RTLIL representation for module `\timebase'.
Successfully finished Verilog frontend.

14. Executing HIERARCHY pass (managing design hierarchy).

14.1. Analyzing design hierarchy..
Top module:  \regs

14.2. Analyzing design hierarchy..
Top module:  \regs
Removing unused module `\timebase'.
Removing unused module `\szymon_fixed'.
Removing unused module `\szymon'.
Removing unused module `\sync2'.
Removing unused module `\serial_link'.
Removing unused module `\rumcajs'.
Removing unused module `\reset_release'.
Removing unused module `\tt_um_rumcajs'.
Removing unused module `\kb'.
Removing unused module `\buzzer'.
Removing unused module `\auth_ctrl'.
Removed 11 unused modules.

15. Executing SYNTH pass.

15.1. Executing HIERARCHY pass (managing design hierarchy).

15.1.1. Analyzing design hierarchy..
Top module:  \regs

15.1.2. Analyzing design hierarchy..
Top module:  \regs
Removed 0 unused modules.

15.2. Executing PROC pass (convert processes to netlists).

15.2.1. Executing PROC_CLEAN pass (remove empty switches from decision trees).
Cleaned up 0 empty switches.

15.2.2. Executing PROC_RMDEAD pass (remove dead branches from decision trees).
Marked 4 switch rules as full_case in process $proc$src/regs.v:121$166 in module regs.
Marked 1 switch rules as full_case in process $proc$src/regs.v:111$160 in module regs.
Marked 1 switch rules as full_case in process $proc$src/regs.v:82$146 in module regs.
Removed a total of 0 dead cases.

15.2.3. Executing PROC_PRUNE pass (remove redundant assignments in processes).
Removed 0 redundant assignments.
Promoted 3 assignments to connections.

15.2.4. Executing PROC_INIT pass (extract init attributes).

15.2.5. Executing PROC_ARST pass (detect async resets in processes).
Found async reset \session_rst_n in `\regs.$proc$src/regs.v:121$166'.
Found async reset \cold_rst_n in `\regs.$proc$src/regs.v:111$160'.

15.2.6. Executing PROC_ROM pass (convert switches to ROMs).
Converted 1 switch.
<suppressed ~8 debug messages>

15.2.7. Executing PROC_MUX pass (convert decision trees to multiplexers).
Creating decoders for process `\regs.$proc$src/regs.v:121$166'.
     1/6: $0\session_busy[0:0]
     2/6: $0\digit_count[1:0]
     3/6: $0\pin_shift[31:0]
     4/6: $0\txn_terminal[0:0]
     5/6: $0\txn_key_sel[0:0]
     6/6: $0\txn_valid[0:0]
Creating decoders for process `\regs.$proc$src/regs.v:111$160'.
     1/1: $0\fail_count[1:0]
Creating decoders for process `\regs.$proc$src/regs.v:82$146'.
     1/1: { $1\digit[3:0] $1\star_key[0:0] $1\digit_valid[0:0] }

15.2.8. Executing PROC_DLATCH pass (convert process syncs to latches).
No latch inferred for signal `\regs.\digit_valid' from process `\regs.$proc$src/regs.v:82$146'.
No latch inferred for signal `\regs.\star_key' from process `\regs.$proc$src/regs.v:82$146'.
No latch inferred for signal `\regs.\digit' from process `\regs.$proc$src/regs.v:82$146'.

15.2.9. Executing PROC_DFF pass (convert process syncs to FFs).
Creating register for signal `\regs.\txn_valid' using process `\regs.$proc$src/regs.v:121$166'.
  created $adff cell `$procdff$429' with positive edge clock and positive level reset.
Creating register for signal `\regs.\txn_key_sel' using process `\regs.$proc$src/regs.v:121$166'.
  created $adff cell `$procdff$434' with positive edge clock and positive level reset.
Creating register for signal `\regs.\txn_terminal' using process `\regs.$proc$src/regs.v:121$166'.
  created $adff cell `$procdff$439' with positive edge clock and positive level reset.
Creating register for signal `\regs.\pin_shift' using process `\regs.$proc$src/regs.v:121$166'.
  created $adff cell `$procdff$444' with positive edge clock and positive level reset.
Creating register for signal `\regs.\digit_count' using process `\regs.$proc$src/regs.v:121$166'.
  created $adff cell `$procdff$449' with positive edge clock and positive level reset.
Creating register for signal `\regs.\session_busy' using process `\regs.$proc$src/regs.v:121$166'.
  created $adff cell `$procdff$454' with positive edge clock and positive level reset.
Creating register for signal `\regs.\fail_count' using process `\regs.$proc$src/regs.v:111$160'.
  created $adff cell `$procdff$459' with positive edge clock and positive level reset.

15.2.10. Executing PROC_MEMWR pass (convert process memory writes to cells).

15.2.11. Executing PROC_CLEAN pass (remove empty switches from decision trees).
Found and cleaned up 6 empty switches in `\regs.$proc$src/regs.v:121$166'.
Removing empty process `regs.$proc$src/regs.v:121$166'.
Found and cleaned up 2 empty switches in `\regs.$proc$src/regs.v:111$160'.
Removing empty process `regs.$proc$src/regs.v:111$160'.
Found and cleaned up 1 empty switch in `\regs.$proc$src/regs.v:82$146'.
Removing empty process `regs.$proc$src/regs.v:82$146'.
Cleaned up 9 empty switches.

15.2.12. Executing OPT_EXPR pass (perform const folding).
Optimizing module regs.
<suppressed ~16 debug messages>

15.3. Executing FLATTEN pass (flatten design).

15.4. Executing OPT_EXPR pass (perform const folding).
Optimizing module regs.

15.5. Executing OPT_CLEAN pass (remove unused cells and wires).
Finding unused cells or wires in module \regs..
Removed 9 unused cells and 72 unused wires.
<suppressed ~10 debug messages>

15.6. Executing CHECK pass (checking for obvious problems).
Checking module regs...
Found and reported 0 problems.

15.7. Executing OPT pass (performing simple optimizations).

15.7.1. Executing OPT_EXPR pass (perform const folding).
Optimizing module regs.

15.7.2. Executing OPT_MERGE pass (detect identical cells).
Finding identical cells in module `\regs'.
<suppressed ~6 debug messages>
Removed a total of 2 cells.

15.7.3. Executing OPT_MUXTREE pass (detect dead branches in mux trees).
Running muxtree optimizer on module \regs..
  Creating internal representation of mux trees.
  Evaluating internal representation of mux trees.
  Analyzing evaluation results.
Removed 0 multiplexer ports.
<suppressed ~9 debug messages>

15.7.4. Executing OPT_REDUCE pass (consolidate $*mux and $reduce_* inputs).
  Optimizing cells in module \regs.
Performed a total of 0 changes.

15.7.5. Executing OPT_MERGE pass (detect identical cells).
Finding identical cells in module `\regs'.
Removed a total of 0 cells.

15.7.6. Executing OPT_DFF pass (perform DFF optimizations).

15.7.7. Executing OPT_CLEAN pass (remove unused cells and wires).
Finding unused cells or wires in module \regs..
Removed 0 unused cells and 2 unused wires.
<suppressed ~1 debug messages>

15.7.8. Executing OPT_EXPR pass (perform const folding).
Optimizing module regs.

15.7.9. Rerunning OPT passes. (Maybe there is more to do..)

15.7.10. Executing OPT_MUXTREE pass (detect dead branches in mux trees).
Running muxtree optimizer on module \regs..
  Creating internal representation of mux trees.
  Evaluating internal representation of mux trees.
  Analyzing evaluation results.
Removed 0 multiplexer ports.
<suppressed ~9 debug messages>

15.7.11. Executing OPT_REDUCE pass (consolidate $*mux and $reduce_* inputs).
  Optimizing cells in module \regs.
Performed a total of 0 changes.

15.7.12. Executing OPT_MERGE pass (detect identical cells).
Finding identical cells in module `\regs'.
Removed a total of 0 cells.

15.7.13. Executing OPT_DFF pass (perform DFF optimizations).

15.7.14. Executing OPT_CLEAN pass (remove unused cells and wires).
Finding unused cells or wires in module \regs..

15.7.15. Executing OPT_EXPR pass (perform const folding).
Optimizing module regs.

15.7.16. Finished OPT passes. (There is nothing left to do.)

15.8. Executing FSM pass (extract and optimize FSM).

15.8.1. Executing FSM_DETECT pass (finding FSMs in design).

15.8.2. Executing FSM_EXTRACT pass (extracting FSM from design).

15.8.3. Executing FSM_OPT pass (simple optimizations of FSMs).

15.8.4. Executing OPT_CLEAN pass (remove unused cells and wires).
Finding unused cells or wires in module \regs..

15.8.5. Executing FSM_OPT pass (simple optimizations of FSMs).

15.8.6. Executing FSM_RECODE pass (re-assigning FSM state encoding).

15.8.7. Executing FSM_INFO pass (dumping all available information on FSM cells).

15.8.8. Executing FSM_MAP pass (mapping FSMs to basic logic).

15.9. Executing OPT pass (performing simple optimizations).

15.9.1. Executing OPT_EXPR pass (perform const folding).
Optimizing module regs.

15.9.2. Executing OPT_MERGE pass (detect identical cells).
Finding identical cells in module `\regs'.
Removed a total of 0 cells.

15.9.3. Executing OPT_MUXTREE pass (detect dead branches in mux trees).
Running muxtree optimizer on module \regs..
  Creating internal representation of mux trees.
  Evaluating internal representation of mux trees.
  Analyzing evaluation results.
Removed 0 multiplexer ports.
<suppressed ~9 debug messages>

15.9.4. Executing OPT_REDUCE pass (consolidate $*mux and $reduce_* inputs).
  Optimizing cells in module \regs.
Performed a total of 0 changes.

15.9.5. Executing OPT_MERGE pass (detect identical cells).
Finding identical cells in module `\regs'.
Removed a total of 0 cells.

15.9.6. Executing OPT_DFF pass (perform DFF optimizations).
Adding EN signal on $procdff$459 ($adff) from module regs (D = $add$src/regs.v:116$165_Y, Q = \fail_count).
Adding EN signal on $procdff$454 ($adff) from module regs (D = $0\session_busy[0:0], Q = \session_busy).
Adding EN signal on $procdff$449 ($adff) from module regs (D = $0\digit_count[1:0], Q = \digit_count).
Adding EN signal on $procdff$444 ($adff) from module regs (D = $0\pin_shift[31:0], Q = \pin_shift).
Adding EN signal on $procdff$439 ($adff) from module regs (D = $0\txn_terminal[0:0], Q = \txn_terminal).
Adding EN signal on $procdff$434 ($adff) from module regs (D = $0\txn_key_sel[0:0], Q = \txn_key_sel).

15.9.7. Executing OPT_CLEAN pass (remove unused cells and wires).
Finding unused cells or wires in module \regs..
Removed 2 unused cells and 2 unused wires.
<suppressed ~3 debug messages>

15.9.8. Executing OPT_EXPR pass (perform const folding).
Optimizing module regs.
<suppressed ~5 debug messages>

15.9.9. Rerunning OPT passes. (Maybe there is more to do..)

15.9.10. Executing OPT_MUXTREE pass (detect dead branches in mux trees).
Running muxtree optimizer on module \regs..
  Creating internal representation of mux trees.
  Evaluating internal representation of mux trees.
  Analyzing evaluation results.
Removed 0 multiplexer ports.
<suppressed ~8 debug messages>

15.9.11. Executing OPT_REDUCE pass (consolidate $*mux and $reduce_* inputs).
  Optimizing cells in module \regs.
Performed a total of 0 changes.

15.9.12. Executing OPT_MERGE pass (detect identical cells).
Finding identical cells in module `\regs'.
<suppressed ~45 debug messages>
Removed a total of 15 cells.

15.9.13. Executing OPT_DFF pass (perform DFF optimizations).

15.9.14. Executing OPT_CLEAN pass (remove unused cells and wires).
Finding unused cells or wires in module \regs..
Removed 0 unused cells and 15 unused wires.
<suppressed ~1 debug messages>

15.9.15. Executing OPT_EXPR pass (perform const folding).
Optimizing module regs.

15.9.16. Rerunning OPT passes. (Maybe there is more to do..)

15.9.17. Executing OPT_MUXTREE pass (detect dead branches in mux trees).
Running muxtree optimizer on module \regs..
  Creating internal representation of mux trees.
  Evaluating internal representation of mux trees.
  Analyzing evaluation results.
Removed 0 multiplexer ports.
<suppressed ~8 debug messages>

15.9.18. Executing OPT_REDUCE pass (consolidate $*mux and $reduce_* inputs).
  Optimizing cells in module \regs.
Performed a total of 0 changes.

15.9.19. Executing OPT_MERGE pass (detect identical cells).
Finding identical cells in module `\regs'.
Removed a total of 0 cells.

15.9.20. Executing OPT_DFF pass (perform DFF optimizations).

15.9.21. Executing OPT_CLEAN pass (remove unused cells and wires).
Finding unused cells or wires in module \regs..

15.9.22. Executing OPT_EXPR pass (perform const folding).
Optimizing module regs.

15.9.23. Finished OPT passes. (There is nothing left to do.)

15.10. Executing WREDUCE pass (reducing word size of cells).
Removed top 28 address bits (of 32) from memory init port regs.$auto$mem.cc:328:emit$339 ($auto$proc_rom.cc:155:do_switch$337).
Removed top 1 bits (of 5) from port B of cell regs.$auto$opt_dff.cc:195:make_patterns_logic$467 ($ne).
Removed top 4 bits (of 32) from FF cell regs.$auto$ff.cc:266:slice$481 ($adffe).
Removed top 3 bits (of 16) from port B of cell regs.$eq$src/regs.v:73$145 ($eq).
Removed top 30 bits (of 32) from port B of cell regs.$ge$src/regs.v:102$147 ($ge).
Removed top 30 bits (of 32) from port B of cell regs.$lt$src/regs.v:115$164 ($lt).
Removed top 4 bits (of 32) from mux cell regs.$procmux$377 ($mux).
Removed top 4 bits (of 32) from mux cell regs.$procmux$374 ($mux).
Removed top 4 bits (of 32) from mux cell regs.$procmux$372 ($mux).
Removed top 4 bits (of 32) from mux cell regs.$procmux$369 ($mux).
Removed top 4 bits (of 32) from mux cell regs.$procmux$367 ($mux).
Removed top 4 bits (of 28) from FF cell regs.$auto$ff.cc:266:slice$481 ($adffe).
Removed top 4 bits (of 28) from mux cell regs.$procmux$377 ($mux).
Removed top 4 bits (of 28) from mux cell regs.$procmux$374 ($mux).
Removed top 4 bits (of 28) from mux cell regs.$procmux$372 ($mux).
Removed top 4 bits (of 28) from mux cell regs.$procmux$369 ($mux).
Removed top 4 bits (of 28) from mux cell regs.$procmux$367 ($mux).
Removed top 4 bits (of 24) from FF cell regs.$auto$ff.cc:266:slice$481 ($adffe).
Removed top 4 bits (of 24) from mux cell regs.$procmux$377 ($mux).
Removed top 4 bits (of 24) from mux cell regs.$procmux$374 ($mux).
Removed top 4 bits (of 24) from mux cell regs.$procmux$372 ($mux).
Removed top 4 bits (of 24) from mux cell regs.$procmux$369 ($mux).
Removed top 4 bits (of 24) from mux cell regs.$procmux$367 ($mux).
Removed top 4 bits (of 20) from FF cell regs.$auto$ff.cc:266:slice$481 ($adffe).
Removed top 4 bits (of 20) from mux cell regs.$procmux$377 ($mux).
Removed top 4 bits (of 20) from mux cell regs.$procmux$374 ($mux).
Removed top 4 bits (of 20) from mux cell regs.$procmux$372 ($mux).
Removed top 4 bits (of 20) from mux cell regs.$procmux$369 ($mux).
Removed top 4 bits (of 20) from mux cell regs.$procmux$367 ($mux).
Removed top 4 bits (of 16) from FF cell regs.$auto$ff.cc:266:slice$481 ($adffe).
Removed top 4 bits (of 16) from mux cell regs.$procmux$377 ($mux).
Removed top 4 bits (of 16) from mux cell regs.$procmux$374 ($mux).
Removed top 4 bits (of 16) from mux cell regs.$procmux$372 ($mux).
Removed top 4 bits (of 16) from mux cell regs.$procmux$369 ($mux).
Removed top 4 bits (of 16) from mux cell regs.$procmux$367 ($mux).
Removed top 20 bits (of 32) from wire regs.$0\pin_shift[31:0].
Removed top 1 bits (of 2) from wire regs.$add$src/regs.v:116$165_Y.
Removed top 20 bits (of 32) from wire regs.$procmux$367_Y.
Removed top 20 bits (of 32) from wire regs.$procmux$369_Y.
Removed top 20 bits (of 32) from wire regs.$procmux$372_Y.
Removed top 20 bits (of 32) from wire regs.$procmux$374_Y.
Removed top 16 bits (of 32) from wire regs.next_pin.
Removed top 20 bits (of 32) from wire regs.pin_shift.

15.11. Executing PEEPOPT pass (run peephole optimizers).

15.12. Executing OPT_CLEAN pass (remove unused cells and wires).
Finding unused cells or wires in module \regs..
Removed 0 unused cells and 7 unused wires.
<suppressed ~1 debug messages>

15.13. Executing ALUMACC pass (create $alu and $macc cells).
Extracting $alu and $macc cells in module regs:
  creating $macc model for $add$src/regs.v:116$165 ($add).
  creating $macc model for $add$src/regs.v:154$173 ($add).
  creating $alu model for $macc $add$src/regs.v:154$173.
  creating $alu model for $macc $add$src/regs.v:116$165.
  creating $alu model for $ge$src/regs.v:102$147 ($ge): new $alu
  creating $alu model for $lt$src/regs.v:115$164 ($lt): merged with $ge$src/regs.v:102$147.
  creating $alu cell for $ge$src/regs.v:102$147, $lt$src/regs.v:115$164: $auto$alumacc.cc:495:replace_alu$519
  creating $alu cell for $add$src/regs.v:116$165: $auto$alumacc.cc:495:replace_alu$532
  creating $alu cell for $add$src/regs.v:154$173: $auto$alumacc.cc:495:replace_alu$535
  created 3 $alu and 0 $macc cells.

15.14. Executing SHARE pass (SAT-based resource sharing).

15.15. Executing OPT pass (performing simple optimizations).

15.15.1. Executing OPT_EXPR pass (perform const folding).
Optimizing module regs.

15.15.2. Executing OPT_MERGE pass (detect identical cells).
Finding identical cells in module `\regs'.
Removed a total of 0 cells.

15.15.3. Executing OPT_MUXTREE pass (detect dead branches in mux trees).
Running muxtree optimizer on module \regs..
  Creating internal representation of mux trees.
  Evaluating internal representation of mux trees.
  Analyzing evaluation results.
Removed 0 multiplexer ports.
<suppressed ~8 debug messages>

15.15.4. Executing OPT_REDUCE pass (consolidate $*mux and $reduce_* inputs).
  Optimizing cells in module \regs.
Performed a total of 0 changes.

15.15.5. Executing OPT_MERGE pass (detect identical cells).
Finding identical cells in module `\regs'.
Removed a total of 0 cells.

15.15.6. Executing OPT_DFF pass (perform DFF optimizations).

15.15.7. Executing OPT_CLEAN pass (remove unused cells and wires).
Finding unused cells or wires in module \regs..
Removed 0 unused cells and 2 unused wires.
<suppressed ~1 debug messages>

15.15.8. Executing OPT_EXPR pass (perform const folding).
Optimizing module regs.

15.15.9. Rerunning OPT passes. (Maybe there is more to do..)

15.15.10. Executing OPT_MUXTREE pass (detect dead branches in mux trees).
Running muxtree optimizer on module \regs..
  Creating internal representation of mux trees.
  Evaluating internal representation of mux trees.
  Analyzing evaluation results.
Removed 0 multiplexer ports.
<suppressed ~8 debug messages>

15.15.11. Executing OPT_REDUCE pass (consolidate $*mux and $reduce_* inputs).
  Optimizing cells in module \regs.
Performed a total of 0 changes.

15.15.12. Executing OPT_MERGE pass (detect identical cells).
Finding identical cells in module `\regs'.
Removed a total of 0 cells.

15.15.13. Executing OPT_DFF pass (perform DFF optimizations).

15.15.14. Executing OPT_CLEAN pass (remove unused cells and wires).
Finding unused cells or wires in module \regs..

15.15.15. Executing OPT_EXPR pass (perform const folding).
Optimizing module regs.

15.15.16. Finished OPT passes. (There is nothing left to do.)

15.16. Executing MEMORY pass.

15.16.1. Executing OPT_MEM pass (optimize memories).
Performed a total of 0 transformations.

15.16.2. Executing OPT_MEM_PRIORITY pass (removing unnecessary memory write priority relations).
Performed a total of 0 transformations.

15.16.3. Executing OPT_MEM_FEEDBACK pass (finding memory read-to-write feedback paths).

15.16.4. Executing MEMORY_BMUX2ROM pass (converting muxes to ROMs).

15.16.5. Executing MEMORY_DFF pass (merging $dff cells to $memrd).
Checking read port `$auto$proc_rom.cc:155:do_switch$337'[0] in module `\regs': no output FF found.
Checking read port address `$auto$proc_rom.cc:155:do_switch$337'[0] in module `\regs': no address FF found.

15.16.6. Executing OPT_CLEAN pass (remove unused cells and wires).
Finding unused cells or wires in module \regs..

15.16.7. Executing MEMORY_SHARE pass (consolidating $memrd/$memwr cells).

15.16.8. Executing OPT_MEM_WIDEN pass (optimize memories where all ports are wide).
Performed a total of 0 transformations.

15.16.9. Executing OPT_CLEAN pass (remove unused cells and wires).
Finding unused cells or wires in module \regs..

15.16.10. Executing MEMORY_COLLECT pass (generating $mem cells).

15.17. Executing OPT_CLEAN pass (remove unused cells and wires).
Finding unused cells or wires in module \regs..

15.18. Executing OPT pass (performing simple optimizations).

15.18.1. Executing OPT_EXPR pass (perform const folding).
Optimizing module regs.
<suppressed ~17 debug messages>

15.18.2. Executing OPT_MERGE pass (detect identical cells).
Finding identical cells in module `\regs'.
Removed a total of 0 cells.

15.18.3. Executing OPT_DFF pass (perform DFF optimizations).

15.18.4. Executing OPT_CLEAN pass (remove unused cells and wires).
Finding unused cells or wires in module \regs..
Removed 0 unused cells and 16 unused wires.
<suppressed ~1 debug messages>

15.18.5. Finished fast OPT passes.

15.19. Executing MEMORY_MAP pass (converting memories to logic and flip-flops).
Mapping memory $auto$proc_rom.cc:155:do_switch$337 in module \regs:
  created 16 $dff cells and 0 static cells of width 6.
  read interface: 0 $dff and 15 $mux cells.
  write interface: 0 write mux blocks.

15.20. Executing OPT pass (performing simple optimizations).

15.20.1. Executing OPT_EXPR pass (perform const folding).
Optimizing module regs.
<suppressed ~2 debug messages>

15.20.2. Executing OPT_MERGE pass (detect identical cells).
Finding identical cells in module `\regs'.
Removed a total of 0 cells.

15.20.3. Executing OPT_MUXTREE pass (detect dead branches in mux trees).
Running muxtree optimizer on module \regs..
  Creating internal representation of mux trees.
  Evaluating internal representation of mux trees.
  Analyzing evaluation results.
Removed 0 multiplexer ports.
<suppressed ~8 debug messages>

15.20.4. Executing OPT_REDUCE pass (consolidate $*mux and $reduce_* inputs).
  Optimizing cells in module \regs.
    Consolidated identical input bits for $mux cell $memory$auto$proc_rom.cc:155:do_switch$337$rdmux[0][3][5]$576:
      Old ports: A=6'100101, B=6'000000, Y=$memory$auto$proc_rom.cc:155:do_switch$337$rdmux[0][2][2]$b$557
      New ports: A=1'1, B=1'0, Y=$memory$auto$proc_rom.cc:155:do_switch$337$rdmux[0][2][2]$b$557 [0]
      New connections: $memory$auto$proc_rom.cc:155:do_switch$337$rdmux[0][2][2]$b$557 [5:1] = { $memory$auto$proc_rom.cc:155:do_switch$337$rdmux[0][2][2]$b$557 [0] 2'00 $memory$auto$proc_rom.cc:155:do_switch$337$rdmux[0][2][2]$b$557 [0] 1'0 }
    Consolidated identical input bits for $mux cell $memory$auto$proc_rom.cc:155:do_switch$337$rdmux[0][3][4]$573:
      Old ports: A=6'011101, B=6'100001, Y=$memory$auto$proc_rom.cc:155:do_switch$337$rdmux[0][2][2]$a$556
      New ports: A=2'01, B=2'10, Y={ $memory$auto$proc_rom.cc:155:do_switch$337$rdmux[0][2][2]$a$556 [5] $memory$auto$proc_rom.cc:155:do_switch$337$rdmux[0][2][2]$a$556 [2] }
      New connections: { $memory$auto$proc_rom.cc:155:do_switch$337$rdmux[0][2][2]$a$556 [4:3] $memory$auto$proc_rom.cc:155:do_switch$337$rdmux[0][2][2]$a$556 [1:0] } = { $memory$auto$proc_rom.cc:155:do_switch$337$rdmux[0][2][2]$a$556 [2] $memory$auto$proc_rom.cc:155:do_switch$337$rdmux[0][2][2]$a$556 [2] 2'01 }
    Consolidated identical input bits for $mux cell $memory$auto$proc_rom.cc:155:do_switch$337$rdmux[0][3][3]$570:
      Old ports: A=6'011001, B=6'000000, Y=$memory$auto$proc_rom.cc:155:do_switch$337$rdmux[0][2][1]$b$554
      New ports: A=1'1, B=1'0, Y=$memory$auto$proc_rom.cc:155:do_switch$337$rdmux[0][2][1]$b$554 [0]
      New connections: $memory$auto$proc_rom.cc:155:do_switch$337$rdmux[0][2][1]$b$554 [5:1] = { 1'0 $memory$auto$proc_rom.cc:155:do_switch$337$rdmux[0][2][1]$b$554 [0] $memory$auto$proc_rom.cc:155:do_switch$337$rdmux[0][2][1]$b$554 [0] 2'00 }
    Consolidated identical input bits for $mux cell $memory$auto$proc_rom.cc:155:do_switch$337$rdmux[0][3][2]$567:
      Old ports: A=6'010001, B=6'010101, Y=$memory$auto$proc_rom.cc:155:do_switch$337$rdmux[0][2][1]$a$553
      New ports: A=1'0, B=1'1, Y=$memory$auto$proc_rom.cc:155:do_switch$337$rdmux[0][2][1]$a$553 [2]
      New connections: { $memory$auto$proc_rom.cc:155:do_switch$337$rdmux[0][2][1]$a$553 [5:3] $memory$auto$proc_rom.cc:155:do_switch$337$rdmux[0][2][1]$a$553 [1:0] } = 5'01001
    Consolidated identical input bits for $mux cell $memory$auto$proc_rom.cc:155:do_switch$337$rdmux[0][3][1]$564:
      Old ports: A=6'001101, B=6'000000, Y=$memory$auto$proc_rom.cc:155:do_switch$337$rdmux[0][2][0]$b$551
      New ports: A=1'1, B=1'0, Y=$memory$auto$proc_rom.cc:155:do_switch$337$rdmux[0][2][0]$b$551 [0]
      New connections: $memory$auto$proc_rom.cc:155:do_switch$337$rdmux[0][2][0]$b$551 [5:1] = { 2'00 $memory$auto$proc_rom.cc:155:do_switch$337$rdmux[0][2][0]$b$551 [0] $memory$auto$proc_rom.cc:155:do_switch$337$rdmux[0][2][0]$b$551 [0] 1'0 }
    Consolidated identical input bits for $mux cell $memory$auto$proc_rom.cc:155:do_switch$337$rdmux[0][3][0]$561:
      Old ports: A=6'000101, B=6'001001, Y=$memory$auto$proc_rom.cc:155:do_switch$337$rdmux[0][2][0]$a$550
      New ports: A=2'01, B=2'10, Y=$memory$auto$proc_rom.cc:155:do_switch$337$rdmux[0][2][0]$a$550 [3:2]
      New connections: { $memory$auto$proc_rom.cc:155:do_switch$337$rdmux[0][2][0]$a$550 [5:4] $memory$auto$proc_rom.cc:155:do_switch$337$rdmux[0][2][0]$a$550 [1:0] } = 4'0001
    Consolidated identical input bits for $mux cell $memory$auto$proc_rom.cc:155:do_switch$337$rdmux[0][3][6]$579:
      Old ports: A=6'000010, B=6'000001, Y=$memory$auto$proc_rom.cc:155:do_switch$337$rdmux[0][2][3]$a$559
      New ports: A=2'10, B=2'01, Y=$memory$auto$proc_rom.cc:155:do_switch$337$rdmux[0][2][3]$a$559 [1:0]
      New connections: $memory$auto$proc_rom.cc:155:do_switch$337$rdmux[0][2][3]$a$559 [5:2] = 4'0000
    Consolidated identical input bits for $mux cell $ternary$src/regs.v:107$158:
      Old ports: A=128'11110000111000011101001011000011101101001010010110010110100001110111100001101001010110100100101100111100001011010001111000001111, B=128'00011011000110100001100100011000000100110001001000010001000100000000101100001010000010010000100000000011000000100000000100000000, Y=\selected_key
      New ports: A=2'01, B=2'10, Y={ \selected_key [8] \selected_key [0] }
      New connections: { \selected_key [127:9] \selected_key [7:1] } = { \selected_key [0] \selected_key [0] \selected_key [0] 1'1 \selected_key [8] 1'0 \selected_key [8] \selected_key [8] \selected_key [0] \selected_key [0] \selected_key [0] \selected_key [8] \selected_key [8] 1'0 \selected_key [8] \selected_key [0] \selected_key [0] \selected_key [0] 2'01 \selected_key [8] 1'0 \selected_key [0] \selected_key [8] \selected_key [0] \selected_key [0] 1'0 \selected_key [8] \selected_key [8] 1'0 \selected_key [0] \selected_key [0] \selected_key [0] 1'0 \selected_key [0] 2'10 \selected_key [0] \selected_key [8] \selected_key [8] \selected_key [0] 1'0 \selected_key [0] \selected_key [8] 1'0 \selected_key [0] \selected_key [8] \selected_key [0] \selected_key [0] 4'0010 \selected_key [0] \selected_key [0] \selected_key [8] \selected_key [0] 2'00 \selected_key [8] 1'0 \selected_key [0] \selected_key [0] \selected_key [0] 1'0 \selected_key [0] \selected_key [0] \selected_key [0] 2'10 \selected_key [8] \selected_key [8] 1'0 \selected_key [0] \selected_key [0] 3'010 \selected_key [8] \selected_key [0] 1'0 \selected_key [0] 1'0 \selected_key [0] 2'10 \selected_key [0] \selected_key [8] 1'0 \selected_key [0] 4'0010 \selected_key [0] \selected_key [0] 2'00 \selected_key [0] \selected_key [0] \selected_key [0] \selected_key [0] \selected_key [8] \selected_key [8] 2'00 \selected_key [0] 1'0 \selected_key [0] \selected_key [0] \selected_key [8] \selected_key [0] 3'000 \selected_key [0] \selected_key [0] \selected_key [0] \selected_key [0] 4'0000 \selected_key [0] \selected_key [0] \selected_key [0] }
  Optimizing cells in module \regs.
    Consolidated identical input bits for $mux cell $memory$auto$proc_rom.cc:155:do_switch$337$rdmux[0][2][3]$558:
      Old ports: A=$memory$auto$proc_rom.cc:155:do_switch$337$rdmux[0][2][3]$a$559, B=6'000000, Y=$memory$auto$proc_rom.cc:155:do_switch$337$rdmux[0][1][1]$b$548
      New ports: A=$memory$auto$proc_rom.cc:155:do_switch$337$rdmux[0][2][3]$a$559 [1:0], B=2'00, Y=$memory$auto$proc_rom.cc:155:do_switch$337$rdmux[0][1][1]$b$548 [1:0]
      New connections: $memory$auto$proc_rom.cc:155:do_switch$337$rdmux[0][1][1]$b$548 [5:2] = 4'0000
    Consolidated identical input bits for $mux cell $memory$auto$proc_rom.cc:155:do_switch$337$rdmux[0][2][2]$555:
      Old ports: A=$memory$auto$proc_rom.cc:155:do_switch$337$rdmux[0][2][2]$a$556, B=$memory$auto$proc_rom.cc:155:do_switch$337$rdmux[0][2][2]$b$557, Y=$memory$auto$proc_rom.cc:155:do_switch$337$rdmux[0][1][1]$a$547
      New ports: A={ $memory$auto$proc_rom.cc:155:do_switch$337$rdmux[0][2][2]$a$556 [5] $memory$auto$proc_rom.cc:155:do_switch$337$rdmux[0][2][2]$a$556 [2] $memory$auto$proc_rom.cc:155:do_switch$337$rdmux[0][2][2]$a$556 [2] 1'1 }, B={ $memory$auto$proc_rom.cc:155:do_switch$337$rdmux[0][2][2]$b$557 [0] 1'0 $memory$auto$proc_rom.cc:155:do_switch$337$rdmux[0][2][2]$b$557 [0] $memory$auto$proc_rom.cc:155:do_switch$337$rdmux[0][2][2]$b$557 [0] }, Y={ $memory$auto$proc_rom.cc:155:do_switch$337$rdmux[0][1][1]$a$547 [5] $memory$auto$proc_rom.cc:155:do_switch$337$rdmux[0][1][1]$a$547 [3:2] $memory$auto$proc_rom.cc:155:do_switch$337$rdmux[0][1][1]$a$547 [0] }
      New connections: { $memory$auto$proc_rom.cc:155:do_switch$337$rdmux[0][1][1]$a$547 [4] $memory$auto$proc_rom.cc:155:do_switch$337$rdmux[0][1][1]$a$547 [1] } = { $memory$auto$proc_rom.cc:155:do_switch$337$rdmux[0][1][1]$a$547 [3] 1'0 }
    Consolidated identical input bits for $mux cell $memory$auto$proc_rom.cc:155:do_switch$337$rdmux[0][2][1]$552:
      Old ports: A=$memory$auto$proc_rom.cc:155:do_switch$337$rdmux[0][2][1]$a$553, B=$memory$auto$proc_rom.cc:155:do_switch$337$rdmux[0][2][1]$b$554, Y=$memory$auto$proc_rom.cc:155:do_switch$337$rdmux[0][1][0]$b$545
      New ports: A={ 1'0 $memory$auto$proc_rom.cc:155:do_switch$337$rdmux[0][2][1]$a$553 [2] 1'1 }, B={ $memory$auto$proc_rom.cc:155:do_switch$337$rdmux[0][2][1]$b$554 [0] 1'0 $memory$auto$proc_rom.cc:155:do_switch$337$rdmux[0][2][1]$b$554 [0] }, Y={ $memory$auto$proc_rom.cc:155:do_switch$337$rdmux[0][1][0]$b$545 [3:2] $memory$auto$proc_rom.cc:155:do_switch$337$rdmux[0][1][0]$b$545 [0] }
      New connections: { $memory$auto$proc_rom.cc:155:do_switch$337$rdmux[0][1][0]$b$545 [5:4] $memory$auto$proc_rom.cc:155:do_switch$337$rdmux[0][1][0]$b$545 [1] } = { 1'0 $memory$auto$proc_rom.cc:155:do_switch$337$rdmux[0][1][0]$b$545 [0] 1'0 }
    Consolidated identical input bits for $mux cell $memory$auto$proc_rom.cc:155:do_switch$337$rdmux[0][2][0]$549:
      Old ports: A=$memory$auto$proc_rom.cc:155:do_switch$337$rdmux[0][2][0]$a$550, B=$memory$auto$proc_rom.cc:155:do_switch$337$rdmux[0][2][0]$b$551, Y=$memory$auto$proc_rom.cc:155:do_switch$337$rdmux[0][1][0]$a$544
      New ports: A={ $memory$auto$proc_rom.cc:155:do_switch$337$rdmux[0][2][0]$a$550 [3:2] 1'1 }, B={ $memory$auto$proc_rom.cc:155:do_switch$337$rdmux[0][2][0]$b$551 [0] $memory$auto$proc_rom.cc:155:do_switch$337$rdmux[0][2][0]$b$551 [0] $memory$auto$proc_rom.cc:155:do_switch$337$rdmux[0][2][0]$b$551 [0] }, Y={ $memory$auto$proc_rom.cc:155:do_switch$337$rdmux[0][1][0]$a$544 [3:2] $memory$auto$proc_rom.cc:155:do_switch$337$rdmux[0][1][0]$a$544 [0] }
      New connections: { $memory$auto$proc_rom.cc:155:do_switch$337$rdmux[0][1][0]$a$544 [5:4] $memory$auto$proc_rom.cc:155:do_switch$337$rdmux[0][1][0]$a$544 [1] } = 3'000
  Optimizing cells in module \regs.
    Consolidated identical input bits for $mux cell $memory$auto$proc_rom.cc:155:do_switch$337$rdmux[0][1][1]$546:
      Old ports: A=$memory$auto$proc_rom.cc:155:do_switch$337$rdmux[0][1][1]$a$547, B=$memory$auto$proc_rom.cc:155:do_switch$337$rdmux[0][1][1]$b$548, Y=$memory$auto$proc_rom.cc:155:do_switch$337$rdmux[0][0][0]$b$542
      New ports: A={ $memory$auto$proc_rom.cc:155:do_switch$337$rdmux[0][1][1]$a$547 [5] $memory$auto$proc_rom.cc:155:do_switch$337$rdmux[0][1][1]$a$547 [3:2] 1'0 $memory$auto$proc_rom.cc:155:do_switch$337$rdmux[0][1][1]$a$547 [0] }, B={ 3'000 $memory$auto$proc_rom.cc:155:do_switch$337$rdmux[0][1][1]$b$548 [1:0] }, Y={ $memory$auto$proc_rom.cc:155:do_switch$337$rdmux[0][0][0]$b$542 [5] $memory$auto$proc_rom.cc:155:do_switch$337$rdmux[0][0][0]$b$542 [3:0] }
      New connections: $memory$auto$proc_rom.cc:155:do_switch$337$rdmux[0][0][0]$b$542 [4] = $memory$auto$proc_rom.cc:155:do_switch$337$rdmux[0][0][0]$b$542 [3]
    Consolidated identical input bits for $mux cell $memory$auto$proc_rom.cc:155:do_switch$337$rdmux[0][1][0]$543:
      Old ports: A=$memory$auto$proc_rom.cc:155:do_switch$337$rdmux[0][1][0]$a$544, B=$memory$auto$proc_rom.cc:155:do_switch$337$rdmux[0][1][0]$b$545, Y=$memory$auto$proc_rom.cc:155:do_switch$337$rdmux[0][0][0]$a$541
      New ports: A={ 1'0 $memory$auto$proc_rom.cc:155:do_switch$337$rdmux[0][1][0]$a$544 [3:2] $memory$auto$proc_rom.cc:155:do_switch$337$rdmux[0][1][0]$a$544 [0] }, B={ $memory$auto$proc_rom.cc:155:do_switch$337$rdmux[0][1][0]$b$545 [0] $memory$auto$proc_rom.cc:155:do_switch$337$rdmux[0][1][0]$b$545 [3:2] $memory$auto$proc_rom.cc:155:do_switch$337$rdmux[0][1][0]$b$545 [0] }, Y={ $memory$auto$proc_rom.cc:155:do_switch$337$rdmux[0][0][0]$a$541 [4:2] $memory$auto$proc_rom.cc:155:do_switch$337$rdmux[0][0][0]$a$541 [0] }
      New connections: { $memory$auto$proc_rom.cc:155:do_switch$337$rdmux[0][0][0]$a$541 [5] $memory$auto$proc_rom.cc:155:do_switch$337$rdmux[0][0][0]$a$541 [1] } = 2'00
  Optimizing cells in module \regs.
Performed a total of 14 changes.

15.20.5. Executing OPT_MERGE pass (detect identical cells).
Finding identical cells in module `\regs'.
<suppressed ~9 debug messages>
Removed a total of 3 cells.

15.20.6. Executing OPT_SHARE pass.

15.20.7. Executing OPT_DFF pass (perform DFF optimizations).

15.20.8. Executing OPT_CLEAN pass (remove unused cells and wires).
Finding unused cells or wires in module \regs..
Removed 0 unused cells and 20 unused wires.
<suppressed ~1 debug messages>

15.20.9. Executing OPT_EXPR pass (perform const folding).
Optimizing module regs.
<suppressed ~2 debug messages>

15.20.10. Rerunning OPT passes. (Maybe there is more to do..)

15.20.11. Executing OPT_MUXTREE pass (detect dead branches in mux trees).
Running muxtree optimizer on module \regs..
  Creating internal representation of mux trees.
  Evaluating internal representation of mux trees.
  Analyzing evaluation results.
Removed 0 multiplexer ports.
<suppressed ~9 debug messages>

15.20.12. Executing OPT_REDUCE pass (consolidate $*mux and $reduce_* inputs).
  Optimizing cells in module \regs.
Performed a total of 0 changes.

15.20.13. Executing OPT_MERGE pass (detect identical cells).
Finding identical cells in module `\regs'.
Removed a total of 0 cells.

15.20.14. Executing OPT_SHARE pass.

15.20.15. Executing OPT_DFF pass (perform DFF optimizations).

15.20.16. Executing OPT_CLEAN pass (remove unused cells and wires).
Finding unused cells or wires in module \regs..
Removed 0 unused cells and 1 unused wires.
<suppressed ~1 debug messages>

15.20.17. Executing OPT_EXPR pass (perform const folding).
Optimizing module regs.

15.20.18. Rerunning OPT passes. (Maybe there is more to do..)

15.20.19. Executing OPT_MUXTREE pass (detect dead branches in mux trees).
Running muxtree optimizer on module \regs..
  Creating internal representation of mux trees.
  Evaluating internal representation of mux trees.
  Analyzing evaluation results.
Removed 0 multiplexer ports.
<suppressed ~9 debug messages>

15.20.20. Executing OPT_REDUCE pass (consolidate $*mux and $reduce_* inputs).
  Optimizing cells in module \regs.
Performed a total of 0 changes.

15.20.21. Executing OPT_MERGE pass (detect identical cells).
Finding identical cells in module `\regs'.
Removed a total of 0 cells.

15.20.22. Executing OPT_SHARE pass.

15.20.23. Executing OPT_DFF pass (perform DFF optimizations).

15.20.24. Executing OPT_CLEAN pass (remove unused cells and wires).
Finding unused cells or wires in module \regs..

15.20.25. Executing OPT_EXPR pass (perform const folding).
Optimizing module regs.

15.20.26. Finished OPT passes. (There is nothing left to do.)

15.21. Executing TECHMAP pass (map to technology primitives).

15.21.1. Executing Verilog-2005 frontend: /mnt/c/Users/user/Desktop/HACKATHON/.tools/root/usr/bin/../share/yosys/techmap.v
Parsing Verilog input from `/mnt/c/Users/user/Desktop/HACKATHON/.tools/root/usr/bin/../share/yosys/techmap.v' to AST representation.
Generating RTLIL representation for module `\_90_simplemap_bool_ops'.
Generating RTLIL representation for module `\_90_simplemap_reduce_ops'.
Generating RTLIL representation for module `\_90_simplemap_logic_ops'.
Generating RTLIL representation for module `\_90_simplemap_compare_ops'.
Generating RTLIL representation for module `\_90_simplemap_various'.
Generating RTLIL representation for module `\_90_simplemap_registers'.
Generating RTLIL representation for module `\_90_shift_ops_shr_shl_sshl_sshr'.
Generating RTLIL representation for module `\_90_shift_shiftx'.
Generating RTLIL representation for module `\_90_fa'.
Generating RTLIL representation for module `\_90_lcu_brent_kung'.
Generating RTLIL representation for module `\_90_alu'.
Generating RTLIL representation for module `\_90_macc'.
Generating RTLIL representation for module `\_90_alumacc'.
Generating RTLIL representation for module `\$__div_mod_u'.
Generating RTLIL representation for module `\$__div_mod_trunc'.
Generating RTLIL representation for module `\_90_div'.
Generating RTLIL representation for module `\_90_mod'.
Generating RTLIL representation for module `\$__div_mod_floor'.
Generating RTLIL representation for module `\_90_divfloor'.
Generating RTLIL representation for module `\_90_modfloor'.
Generating RTLIL representation for module `\_90_pow'.
Generating RTLIL representation for module `\_90_pmux'.
Generating RTLIL representation for module `\_90_demux'.
Generating RTLIL representation for module `\_90_lut'.
Successfully finished Verilog frontend.

15.21.2. Continuing TECHMAP pass.
Using extmapper simplemap for cells of type $mux.
Using template $paramod$7e708ae28ab761f11d0fb59d3ffc72f6a4baf5d9\_90_alu for cells of type $alu.
Using extmapper simplemap for cells of type $reduce_or.
Using extmapper simplemap for cells of type $adffe.
Using extmapper simplemap for cells of type $ne.
Using extmapper simplemap for cells of type $or.
Using extmapper simplemap for cells of type $not.
Using extmapper simplemap for cells of type $reduce_and.
Using extmapper simplemap for cells of type $reduce_bool.
Using extmapper simplemap for cells of type $adff.
Using extmapper simplemap for cells of type $eq.
Using extmapper simplemap for cells of type $logic_not.
Using extmapper simplemap for cells of type $logic_and.
Using extmapper simplemap for cells of type $logic_or.
Using template $paramod$175e67c02b86e96b1288b9dc100122520d7240d8\_90_alu for cells of type $alu.
Using extmapper simplemap for cells of type $pos.
Using template $paramod\_90_lcu_brent_kung\WIDTH=32'00000000000000000000000000000010 for cells of type $lcu.
Using extmapper simplemap for cells of type $and.
Using extmapper simplemap for cells of type $xor.
No more expansions possible.
<suppressed ~320 debug messages>

15.22. Executing OPT pass (performing simple optimizations).

15.22.1. Executing OPT_EXPR pass (perform const folding).
Optimizing module regs.
<suppressed ~85 debug messages>

15.22.2. Executing OPT_MERGE pass (detect identical cells).
Finding identical cells in module `\regs'.
<suppressed ~63 debug messages>
Removed a total of 21 cells.

15.22.3. Executing OPT_DFF pass (perform DFF optimizations).

15.22.4. Executing OPT_CLEAN pass (remove unused cells and wires).
Finding unused cells or wires in module \regs..
Removed 1 unused cells and 116 unused wires.
<suppressed ~2 debug messages>

15.22.5. Finished fast OPT passes.

15.23. Executing HIERARCHY pass (managing design hierarchy).
Attribute `top' found on module `regs'. Setting top module to regs.

15.23.1. Analyzing design hierarchy..
Top module:  \regs

15.23.2. Analyzing design hierarchy..
Top module:  \regs
Removed 0 unused modules.

15.24. Printing statistics.

=== regs ===

   Number of wires:                 93
   Number of wire bits:            382
   Number of public wires:          27
   Number of public wire bits:     188
   Number of ports:                 16
   Number of port bits:            146
   Number of memories:               0
   Number of memory bits:            0
   Number of processes:              0
   Number of cells:                158
     $_AND_                         14
     $_DFFE_PN0P_                   19
     $_DFF_PN0_                      1
     $_MUX_                         70
     $_NOT_                         22
     $_OR_                          30
     $_XOR_                          2

15.25. Executing CHECK pass (checking for obvious problems).
Checking module regs...
Found and reported 0 problems.

16. Executing DFFLIBMAP pass (mapping DFF cells to sequential cells from liberty file).
  cell sg13g2_dfrbpq_1 (noninv, pins=4, area=48.99) is a direct match for cell type $_DFF_PN0_.
  final dff cell mappings:
    unmapped dff cell: $_DFF_N_
    unmapped dff cell: $_DFF_P_
    unmapped dff cell: $_DFF_NN0_
    unmapped dff cell: $_DFF_NN1_
    unmapped dff cell: $_DFF_NP0_
    unmapped dff cell: $_DFF_NP1_
    \sg13g2_dfrbpq_1 _DFF_PN0_ (.CLK( C), .D( D), .Q( Q), .RESET_B( R));
    unmapped dff cell: $_DFF_PN1_
    unmapped dff cell: $_DFF_PP0_
    unmapped dff cell: $_DFF_PP1_
    unmapped dff cell: $_DFFE_NN_
    unmapped dff cell: $_DFFE_NP_
    unmapped dff cell: $_DFFE_PN_
    unmapped dff cell: $_DFFE_PP_
    unmapped dff cell: $_DFFSR_NNN_
    unmapped dff cell: $_DFFSR_NNP_
    unmapped dff cell: $_DFFSR_NPN_
    unmapped dff cell: $_DFFSR_NPP_
    unmapped dff cell: $_DFFSR_PNN_
    unmapped dff cell: $_DFFSR_PNP_
    unmapped dff cell: $_DFFSR_PPN_
    unmapped dff cell: $_DFFSR_PPP_

16.1. Executing DFFLEGALIZE pass (convert FFs to types supported by the target).
<suppressed ~4 debug messages>
Mapping DFF cells in module `\regs':
  mapped 20 $_DFF_PN0_ cells to \sg13g2_dfrbpq_1 cells.

17. Executing ABC pass (technology mapping using ABC).

17.1. Extracting gate netlist of module `\regs' to `<abc-temp-dir>/input.blif'..
Extracted 157 gates and 187 wires to a netlist network with 28 inputs and 25 outputs.

17.1.1. Executing ABC.
Running ABC command: "<yosys-exe-dir>/yosys-abc" -s -f <abc-temp-dir>/abc.script 2>&1
ABC: ABC command line: "source <abc-temp-dir>/abc.script".
ABC: 
ABC: + read_blif <abc-temp-dir>/input.blif 
ABC: + read_lib -w /mnt/c/Users/user/Desktop/HACKATHON/.tools/IHP-Open-PDK-partial/ihp-sg13g2/libs.ref/sg13g2_stdcell/lib/sg13g2_stdcell_typ_1p20V_25C.lib 
ABC: Parsing finished successfully.  Parsing time =     0.02 sec
ABC: Scl_LibertyReadGenlib() skipped cell "sg13g2_antennanp" due to dont_use attribute.
ABC: Scl_LibertyReadGenlib() skipped cell "sg13g2_decap_4" due to dont_use attribute.
ABC: Scl_LibertyReadGenlib() skipped cell "sg13g2_decap_8" due to dont_use attribute.
ABC: Scl_LibertyReadGenlib() skipped sequential cell "sg13g2_dfrbp_1".
ABC: Scl_LibertyReadGenlib() skipped sequential cell "sg13g2_dfrbp_2".
ABC: Scl_LibertyReadGenlib() skipped sequential cell "sg13g2_dfrbpq_1".
ABC: Scl_LibertyReadGenlib() skipped sequential cell "sg13g2_dfrbpq_2".
ABC: Scl_LibertyReadGenlib() skipped sequential cell "sg13g2_dlhq_1".
ABC: Scl_LibertyReadGenlib() skipped sequential cell "sg13g2_dlhr_1".
ABC: Scl_LibertyReadGenlib() skipped sequential cell "sg13g2_dlhrq_1".
ABC: Scl_LibertyReadGenlib() skipped sequential cell "sg13g2_dllr_1".
ABC: Scl_LibertyReadGenlib() skipped sequential cell "sg13g2_dllrq_1".
ABC: Scl_LibertyReadGenlib() skipped three-state cell "sg13g2_ebufn_2".
ABC: Scl_LibertyReadGenlib() skipped three-state cell "sg13g2_ebufn_4".
ABC: Scl_LibertyReadGenlib() skipped three-state cell "sg13g2_ebufn_8".
ABC: Scl_LibertyReadGenlib() skipped three-state cell "sg13g2_einvn_2".
ABC: Scl_LibertyReadGenlib() skipped three-state cell "sg13g2_einvn_4".
ABC: Scl_LibertyReadGenlib() skipped three-state cell "sg13g2_einvn_8".
ABC: Scl_LibertyReadGenlib() skipped cell "sg13g2_fill_1" due to dont_use attribute.
ABC: Scl_LibertyReadGenlib() skipped cell "sg13g2_fill_2" due to dont_use attribute.
ABC: Scl_LibertyReadGenlib() skipped cell "sg13g2_fill_4" due to dont_use attribute.
ABC: Scl_LibertyReadGenlib() skipped cell "sg13g2_fill_8" due to dont_use attribute.
ABC: Scl_LibertyReadGenlib() skipped cell "sg13g2_lgcp_1" due to dont_use attribute.
ABC: Scl_LibertyReadGenlib() skipped sequential cell "sg13g2_sdfbbp_1".
ABC: Scl_LibertyReadGenlib() skipped sequential cell "sg13g2_sdfrbp_1".
ABC: Scl_LibertyReadGenlib() skipped sequential cell "sg13g2_sdfrbp_2".
ABC: Scl_LibertyReadGenlib() skipped sequential cell "sg13g2_sdfrbpq_1".
ABC: Scl_LibertyReadGenlib() skipped sequential cell "sg13g2_sdfrbpq_2".
ABC: Scl_LibertyReadGenlib() skipped cell "sg13g2_sighold" due to dont_use attribute.
ABC: Scl_LibertyReadGenlib() skipped cell "sg13g2_slgcp_1" due to dont_use attribute.
ABC: Library "sg13g2_stdcell_typ_1p20V_25C" from "/mnt/c/Users/user/Desktop/HACKATHON/.tools/IHP-Open-PDK-partial/ihp-sg13g2/libs.ref/sg13g2_stdcell/lib/sg13g2_stdcell_typ_1p20V_25C.lib" has 54 cells (20 skipped: 14 seq; 6 tri-state; 0 no func; 10 dont_use).  Time =     0.02 sec
ABC: Memory =    2.85 MB. Time =     0.02 sec
ABC: + strash 
ABC: + &get -n 
ABC: + &fraig -x 
ABC: + &put 
ABC: + scorr 
ABC: Warning: The network is combinational (run "fraig" or "fraig_sweep").
ABC: + dc2 
ABC: + dretime 
ABC: + strash 
ABC: + &get -n 
ABC: + &dch -f 
ABC: + &nf 
ABC: + &put 
ABC: + write_blif <abc-temp-dir>/output.blif 

17.1.2. Re-integrating ABC results.
ABC RESULTS:     sg13g2_a21o_1 cells:        2
ABC RESULTS:    sg13g2_a21oi_1 cells:       24
ABC RESULTS:    sg13g2_a22oi_1 cells:        1
ABC RESULTS:     sg13g2_and2_1 cells:        3
ABC RESULTS:     sg13g2_and3_1 cells:        2
ABC RESULTS:     sg13g2_and4_1 cells:        1
ABC RESULTS:      sg13g2_inv_1 cells:       18
ABC RESULTS:    sg13g2_nand2_1 cells:       10
ABC RESULTS:   sg13g2_nand2b_1 cells:        5
ABC RESULTS:    sg13g2_nand3_1 cells:        6
ABC RESULTS:   sg13g2_nand3b_1 cells:        2
ABC RESULTS:    sg13g2_nand4_1 cells:        1
ABC RESULTS:     sg13g2_nor2_1 cells:        4
ABC RESULTS:     sg13g2_nor3_1 cells:        1
ABC RESULTS:     sg13g2_nor4_1 cells:        3
ABC RESULTS:    sg13g2_o21ai_1 cells:        7
ABC RESULTS:      sg13g2_or2_1 cells:        2
ABC RESULTS:      sg13g2_or3_1 cells:        1
ABC RESULTS:        internal signals:      134
ABC RESULTS:           input signals:       28
ABC RESULTS:          output signals:       25
Removing temp directory.
Removed 0 unused cells and 123 unused wires.

18. Printing statistics.

=== regs ===

   Number of wires:                110
   Number of wire bits:            268
   Number of public wires:          22
   Number of public wire bits:     180
   Number of ports:                 16
   Number of port bits:            146
   Number of memories:               0
   Number of memory bits:            0
   Number of processes:              0
   Number of cells:                113
     sg13g2_a21o_1                   2
     sg13g2_a21oi_1                 24
     sg13g2_a22oi_1                  1
     sg13g2_and2_1                   3
     sg13g2_and3_1                   2
     sg13g2_and4_1                   1
     sg13g2_dfrbpq_1                20
     sg13g2_inv_1                   18
     sg13g2_nand2_1                 10
     sg13g2_nand2b_1                 5
     sg13g2_nand3_1                  6
     sg13g2_nand3b_1                 2
     sg13g2_nand4_1                  1
     sg13g2_nor2_1                   4
     sg13g2_nor3_1                   1
     sg13g2_nor4_1                   3
     sg13g2_o21ai_1                  7
     sg13g2_or2_1                    2
     sg13g2_or3_1                    1

   Chip area for module '\regs': 1772.631000
     of which used for sequential elements: 979.776000 (55.27%)

19. Executing CHECK pass (checking for obvious problems).
Checking module regs...
Found and reported 0 problems.

End of script. Logfile hash: ab2d59a6de, CPU: user 0.15s system 0.03s, MEM: 19.50 MB peak
Yosys 0.52 (git sha1 fee39a3284c90249e1d9684cf6944ffbbcbb8f90)
Time spent: 32% 1x abc (0 sec), 16% 14x read_verilog (0 sec), ...
