
 /----------------------------------------------------------------------------\
 |  yosys -- Yosys Open SYnthesis Suite                                       |
 |  Copyright (C) 2012 - 2025  Claire Xenia Wolf <claire@yosyshq.com>         |
 |  Distributed under an ISC-like license, type "license" to see terms        |
 \----------------------------------------------------------------------------/
 Yosys 0.52 (git sha1 fee39a3284c90249e1d9684cf6944ffbbcbb8f90)

-- Running command `read_liberty -lib -ignore_miss_func ".tools/IHP-Open-PDK-partial/ihp-sg13g2/libs.ref/sg13g2_stdcell/lib/sg13g2_stdcell_typ_1p20V_25C.lib"; read_verilog src/*.v; hierarchy -check -top serial_link; synth -top serial_link -flatten -noabc; dfflibmap -liberty ".tools/IHP-Open-PDK-partial/ihp-sg13g2/libs.ref/sg13g2_stdcell/lib/sg13g2_stdcell_typ_1p20V_25C.lib"; abc -liberty ".tools/IHP-Open-PDK-partial/ihp-sg13g2/libs.ref/sg13g2_stdcell/lib/sg13g2_stdcell_typ_1p20V_25C.lib"; clean; stat -liberty ".tools/IHP-Open-PDK-partial/ihp-sg13g2/libs.ref/sg13g2_stdcell/lib/sg13g2_stdcell_typ_1p20V_25C.lib"; check' --

1. Executing Liberty frontend: .tools/IHP-Open-PDK-partial/ihp-sg13g2/libs.ref/sg13g2_stdcell/lib/sg13g2_stdcell_typ_1p20V_25C.lib
Imported 84 cell types from liberty file.

2. Executing Verilog-2005 frontend: src/auth_ctrl.v
Parsing Verilog input from `src/auth_ctrl.v' to AST representation.
Generating RTLIL representation for module `\auth_ctrl'.
Successfully finished Verilog frontend.

3. Executing Verilog-2005 frontend: src/buzzer.v
Parsing Verilog input from `src/buzzer.v' to AST representation.
Generating RTLIL representation for module `\buzzer'.
Successfully finished Verilog frontend.

4. Executing Verilog-2005 frontend: src/kb.v
Parsing Verilog input from `src/kb.v' to AST representation.
Generating RTLIL representation for module `\kb'.
Successfully finished Verilog frontend.

5. Executing Verilog-2005 frontend: src/project.v
Parsing Verilog input from `src/project.v' to AST representation.
Generating RTLIL representation for module `\tt_um_rumcajs'.
Successfully finished Verilog frontend.

6. Executing Verilog-2005 frontend: src/regs.v
Parsing Verilog input from `src/regs.v' to AST representation.
Generating RTLIL representation for module `\regs'.
Successfully finished Verilog frontend.

7. Executing Verilog-2005 frontend: src/reset_release.v
Parsing Verilog input from `src/reset_release.v' to AST representation.
Generating RTLIL representation for module `\reset_release'.
Successfully finished Verilog frontend.

8. Executing Verilog-2005 frontend: src/rumcajs.v
Parsing Verilog input from `src/rumcajs.v' to AST representation.
Generating RTLIL representation for module `\rumcajs'.
Successfully finished Verilog frontend.

9. Executing Verilog-2005 frontend: src/serial_link.v
Parsing Verilog input from `src/serial_link.v' to AST representation.
Generating RTLIL representation for module `\serial_link'.
Successfully finished Verilog frontend.

10. Executing Verilog-2005 frontend: src/sync2.v
Parsing Verilog input from `src/sync2.v' to AST representation.
Generating RTLIL representation for module `\sync2'.
Successfully finished Verilog frontend.

11. Executing Verilog-2005 frontend: src/szymon.v
Parsing Verilog input from `src/szymon.v' to AST representation.
Generating RTLIL representation for module `\szymon'.
Successfully finished Verilog frontend.

12. Executing Verilog-2005 frontend: src/szymon_fixed.v
Parsing Verilog input from `src/szymon_fixed.v' to AST representation.
Generating RTLIL representation for module `\szymon_fixed'.
Successfully finished Verilog frontend.

13. Executing Verilog-2005 frontend: src/timebase.v
Parsing Verilog input from `src/timebase.v' to AST representation.
Generating RTLIL representation for module `\timebase'.
Successfully finished Verilog frontend.

14. Executing HIERARCHY pass (managing design hierarchy).

14.1. Analyzing design hierarchy..
Top module:  \serial_link
Used module:     \sync2
Parameter \WIDTH = 3

14.2. Executing AST frontend in derive mode using pre-parsed AST for module `\sync2'.
Parameter \WIDTH = 3
Generating RTLIL representation for module `$paramod\sync2\WIDTH=s32'00000000000000000000000000000011'.

14.3. Analyzing design hierarchy..
Top module:  \serial_link
Used module:     $paramod\sync2\WIDTH=s32'00000000000000000000000000000011

14.4. Analyzing design hierarchy..
Top module:  \serial_link
Used module:     $paramod\sync2\WIDTH=s32'00000000000000000000000000000011
Removing unused module `\timebase'.
Removing unused module `\szymon_fixed'.
Removing unused module `\szymon'.
Removing unused module `\sync2'.
Removing unused module `\rumcajs'.
Removing unused module `\reset_release'.
Removing unused module `\regs'.
Removing unused module `\tt_um_rumcajs'.
Removing unused module `\kb'.
Removing unused module `\buzzer'.
Removing unused module `\auth_ctrl'.
Removed 11 unused modules.

15. Executing SYNTH pass.

15.1. Executing HIERARCHY pass (managing design hierarchy).

15.1.1. Analyzing design hierarchy..
Top module:  \serial_link
Used module:     $paramod\sync2\WIDTH=s32'00000000000000000000000000000011

15.1.2. Analyzing design hierarchy..
Top module:  \serial_link
Used module:     $paramod\sync2\WIDTH=s32'00000000000000000000000000000011
Removed 0 unused modules.

15.2. Executing PROC pass (convert processes to netlists).

15.2.1. Executing PROC_CLEAN pass (remove empty switches from decision trees).
Cleaned up 0 empty switches.

15.2.2. Executing PROC_RMDEAD pass (remove dead branches from decision trees).
Marked 13 switch rules as full_case in process $proc$src/serial_link.v:80$214 in module serial_link.
Marked 1 switch rules as full_case in process $proc$src/sync2.v:20$336 in module $paramod\sync2\WIDTH=s32'00000000000000000000000000000011.
Removed a total of 0 dead cases.

15.2.3. Executing PROC_PRUNE pass (remove redundant assignments in processes).
Removed 8 redundant assignments.
Promoted 0 assignments to connections.

15.2.4. Executing PROC_INIT pass (extract init attributes).

15.2.5. Executing PROC_ARST pass (detect async resets in processes).
Found async reset \rst_n in `\serial_link.$proc$src/serial_link.v:80$214'.
Found async reset \rst_n in `$paramod\sync2\WIDTH=s32'00000000000000000000000000000011.$proc$src/sync2.v:20$336'.

15.2.6. Executing PROC_ROM pass (convert switches to ROMs).
Converted 0 switches.
<suppressed ~24 debug messages>

15.2.7. Executing PROC_MUX pass (convert decision trees to multiplexers).
Creating decoders for process `\serial_link.$proc$src/serial_link.v:80$214'.
     1/16: $0\frame_start[0:0]
     2/16: $0\protocol_error[0:0]
     3/16: $0\tx_done[0:0]
     4/16: $0\rx_done[0:0]
     5/16: $0\sclk_d[0:0]
     6/16: $0\cs_n_d[0:0]
     7/16: $0\tx_last_sampled[0:0]
     8/16: $0\tx_sampled_wait_fall[0:0]
     9/16: $0\tx_hold_last[0:0]
    10/16: $0\tx_hold_bit[0:0]
    11/16: $0\tx_hold_valid[0:0]
    12/16: $0\rx_bit_hold[0:0]
    13/16: $0\rx_pending[0:0]
    14/16: $0\bit_count[6:0]
    15/16: $0\seen_cs_high[0:0]
    16/16: $0\state[2:0]
Creating decoders for process `$paramod\sync2\WIDTH=s32'00000000000000000000000000000011.$proc$src/sync2.v:20$336'.
     1/2: $0\sync_out[2:0]
     2/2: $0\stage1[2:0]

15.2.8. Executing PROC_DLATCH pass (convert process syncs to latches).

15.2.9. Executing PROC_DFF pass (convert process syncs to FFs).
Creating register for signal `\serial_link.\rx_done' using process `\serial_link.$proc$src/serial_link.v:80$214'.
  created $adff cell `$procdff$645' with positive edge clock and positive level reset.
Creating register for signal `\serial_link.\tx_done' using process `\serial_link.$proc$src/serial_link.v:80$214'.
  created $adff cell `$procdff$650' with positive edge clock and positive level reset.
Creating register for signal `\serial_link.\protocol_error' using process `\serial_link.$proc$src/serial_link.v:80$214'.
  created $adff cell `$procdff$655' with positive edge clock and positive level reset.
Creating register for signal `\serial_link.\frame_start' using process `\serial_link.$proc$src/serial_link.v:80$214'.
  created $adff cell `$procdff$660' with positive edge clock and positive level reset.
Creating register for signal `\serial_link.\state' using process `\serial_link.$proc$src/serial_link.v:80$214'.
  created $adff cell `$procdff$665' with positive edge clock and positive level reset.
Creating register for signal `\serial_link.\cs_n_d' using process `\serial_link.$proc$src/serial_link.v:80$214'.
  created $adff cell `$procdff$670' with positive edge clock and positive level reset.
Creating register for signal `\serial_link.\sclk_d' using process `\serial_link.$proc$src/serial_link.v:80$214'.
  created $adff cell `$procdff$675' with positive edge clock and positive level reset.
Creating register for signal `\serial_link.\seen_cs_high' using process `\serial_link.$proc$src/serial_link.v:80$214'.
  created $adff cell `$procdff$680' with positive edge clock and positive level reset.
Creating register for signal `\serial_link.\bit_count' using process `\serial_link.$proc$src/serial_link.v:80$214'.
  created $adff cell `$procdff$685' with positive edge clock and positive level reset.
Creating register for signal `\serial_link.\rx_pending' using process `\serial_link.$proc$src/serial_link.v:80$214'.
  created $adff cell `$procdff$690' with positive edge clock and positive level reset.
Creating register for signal `\serial_link.\rx_bit_hold' using process `\serial_link.$proc$src/serial_link.v:80$214'.
  created $adff cell `$procdff$695' with positive edge clock and positive level reset.
Creating register for signal `\serial_link.\tx_hold_valid' using process `\serial_link.$proc$src/serial_link.v:80$214'.
  created $adff cell `$procdff$700' with positive edge clock and positive level reset.
Creating register for signal `\serial_link.\tx_hold_bit' using process `\serial_link.$proc$src/serial_link.v:80$214'.
  created $adff cell `$procdff$705' with positive edge clock and positive level reset.
Creating register for signal `\serial_link.\tx_hold_last' using process `\serial_link.$proc$src/serial_link.v:80$214'.
  created $adff cell `$procdff$710' with positive edge clock and positive level reset.
Creating register for signal `\serial_link.\tx_sampled_wait_fall' using process `\serial_link.$proc$src/serial_link.v:80$214'.
  created $adff cell `$procdff$715' with positive edge clock and positive level reset.
Creating register for signal `\serial_link.\tx_last_sampled' using process `\serial_link.$proc$src/serial_link.v:80$214'.
  created $adff cell `$procdff$720' with positive edge clock and positive level reset.
Creating register for signal `$paramod\sync2\WIDTH=s32'00000000000000000000000000000011.\sync_out' using process `$paramod\sync2\WIDTH=s32'00000000000000000000000000000011.$proc$src/sync2.v:20$336'.
  created $adff cell `$procdff$725' with positive edge clock and positive level reset.
Creating register for signal `$paramod\sync2\WIDTH=s32'00000000000000000000000000000011.\stage1' using process `$paramod\sync2\WIDTH=s32'00000000000000000000000000000011.$proc$src/sync2.v:20$336'.
  created $adff cell `$procdff$730' with positive edge clock and positive level reset.

15.2.10. Executing PROC_MEMWR pass (convert process memory writes to cells).

15.2.11. Executing PROC_CLEAN pass (remove empty switches from decision trees).
Found and cleaned up 24 empty switches in `\serial_link.$proc$src/serial_link.v:80$214'.
Removing empty process `serial_link.$proc$src/serial_link.v:80$214'.
Removing empty process `$paramod\sync2\WIDTH=s32'00000000000000000000000000000011.$proc$src/sync2.v:20$336'.
Cleaned up 24 empty switches.

15.2.12. Executing OPT_EXPR pass (perform const folding).
Optimizing module serial_link.
<suppressed ~40 debug messages>
Optimizing module $paramod\sync2\WIDTH=s32'00000000000000000000000000000011.
<suppressed ~4 debug messages>

15.3. Executing FLATTEN pass (flatten design).
Deleting now unused module $paramod\sync2\WIDTH=s32'00000000000000000000000000000011.
<suppressed ~1 debug messages>

15.4. Executing OPT_EXPR pass (perform const folding).
Optimizing module serial_link.

15.5. Executing OPT_CLEAN pass (remove unused cells and wires).
Finding unused cells or wires in module \serial_link..
Removed 20 unused cells and 150 unused wires.
<suppressed ~21 debug messages>

15.6. Executing CHECK pass (checking for obvious problems).
Checking module serial_link...
Found and reported 0 problems.

15.7. Executing OPT pass (performing simple optimizations).

15.7.1. Executing OPT_EXPR pass (perform const folding).
Optimizing module serial_link.

15.7.2. Executing OPT_MERGE pass (detect identical cells).
Finding identical cells in module `\serial_link'.
<suppressed ~111 debug messages>
Removed a total of 37 cells.

15.7.3. Executing OPT_MUXTREE pass (detect dead branches in mux trees).
Running muxtree optimizer on module \serial_link..
  Creating internal representation of mux trees.
  Evaluating internal representation of mux trees.
  Analyzing evaluation results.
Removed 0 multiplexer ports.
<suppressed ~17 debug messages>

15.7.4. Executing OPT_REDUCE pass (consolidate $*mux and $reduce_* inputs).
  Optimizing cells in module \serial_link.
    New ctrl vector for $pmux cell $procmux$347: { $auto$opt_reduce.cc:137:opt_pmux$733 \rx_active $eq$src/serial_link.v:75$200_Y $eq$src/serial_link.v:72$197_Y $eq$src/serial_link.v:72$198_Y }
  Optimizing cells in module \serial_link.
Performed a total of 1 changes.

15.7.5. Executing OPT_MERGE pass (detect identical cells).
Finding identical cells in module `\serial_link'.
<suppressed ~3 debug messages>
Removed a total of 1 cells.

15.7.6. Executing OPT_DFF pass (perform DFF optimizations).

15.7.7. Executing OPT_CLEAN pass (remove unused cells and wires).
Finding unused cells or wires in module \serial_link..
Removed 0 unused cells and 38 unused wires.
<suppressed ~1 debug messages>

15.7.8. Executing OPT_EXPR pass (perform const folding).
Optimizing module serial_link.

15.7.9. Rerunning OPT passes. (Maybe there is more to do..)

15.7.10. Executing OPT_MUXTREE pass (detect dead branches in mux trees).
Running muxtree optimizer on module \serial_link..
  Creating internal representation of mux trees.
  Evaluating internal representation of mux trees.
  Analyzing evaluation results.
Removed 0 multiplexer ports.
<suppressed ~17 debug messages>

15.7.11. Executing OPT_REDUCE pass (consolidate $*mux and $reduce_* inputs).
  Optimizing cells in module \serial_link.
    New ctrl vector for $pmux cell $procmux$573: { $procmux$381_CMP $auto$opt_reduce.cc:137:opt_pmux$735 }
  Optimizing cells in module \serial_link.
Performed a total of 1 changes.

15.7.12. Executing OPT_MERGE pass (detect identical cells).
Finding identical cells in module `\serial_link'.
Removed a total of 0 cells.

15.7.13. Executing OPT_DFF pass (perform DFF optimizations).

15.7.14. Executing OPT_CLEAN pass (remove unused cells and wires).
Finding unused cells or wires in module \serial_link..

15.7.15. Executing OPT_EXPR pass (perform const folding).
Optimizing module serial_link.

15.7.16. Rerunning OPT passes. (Maybe there is more to do..)

15.7.17. Executing OPT_MUXTREE pass (detect dead branches in mux trees).
Running muxtree optimizer on module \serial_link..
  Creating internal representation of mux trees.
  Evaluating internal representation of mux trees.
  Analyzing evaluation results.
Removed 0 multiplexer ports.
<suppressed ~17 debug messages>

15.7.18. Executing OPT_REDUCE pass (consolidate $*mux and $reduce_* inputs).
  Optimizing cells in module \serial_link.
Performed a total of 0 changes.

15.7.19. Executing OPT_MERGE pass (detect identical cells).
Finding identical cells in module `\serial_link'.
Removed a total of 0 cells.

15.7.20. Executing OPT_DFF pass (perform DFF optimizations).

15.7.21. Executing OPT_CLEAN pass (remove unused cells and wires).
Finding unused cells or wires in module \serial_link..

15.7.22. Executing OPT_EXPR pass (perform const folding).
Optimizing module serial_link.

15.7.23. Finished OPT passes. (There is nothing left to do.)

15.8. Executing FSM pass (extract and optimize FSM).

15.8.1. Executing FSM_DETECT pass (finding FSMs in design).
Found FSM state register serial_link.state.

15.8.2. Executing FSM_EXTRACT pass (extracting FSM from design).
Extracting FSM `\state' from module `\serial_link'.
  found $adff cell for state register: $procdff$665
  root of input selection tree: $0\state[2:0]
  found reset state: 3'000 (from async reset)
  found ctrl input: \cancel
  found ctrl input: $eq$src/serial_link.v:72$198_Y
  found ctrl input: $eq$src/serial_link.v:72$197_Y
  found ctrl input: $eq$src/serial_link.v:75$200_Y
  found ctrl input: \rx_active
  found ctrl input: $procmux$380_CMP
  found ctrl input: $procmux$381_CMP
  found ctrl input: \cs_rise
  found ctrl input: \sclk_rise
  found ctrl input: $logic_and$src/serial_link.v:219$234_Y
  found ctrl input: \tx_last_sampled
  found state code: 3'101
  found ctrl input: $logic_or$src/serial_link.v:207$231_Y
  found ctrl input: $logic_and$src/serial_link.v:151$216_Y
  found ctrl input: $logic_or$src/serial_link.v:190$226_Y
  found state code: 3'100
  found ctrl input: $ge$src/serial_link.v:170$221_Y
  found ctrl input: $logic_and$src/serial_link.v:174$223_Y
  found state code: 3'010
  found ctrl input: \rx_arm
  found ctrl input: \tx_arm
  found state code: 3'011
  found state code: 3'001
  found ctrl output: $procmux$381_CMP
  found ctrl output: $procmux$380_CMP
  found ctrl output: \rx_active
  found ctrl output: $eq$src/serial_link.v:72$197_Y
  found ctrl output: $eq$src/serial_link.v:72$198_Y
  found ctrl output: $eq$src/serial_link.v:75$200_Y
  ctrl inputs: { $logic_and$src/serial_link.v:219$234_Y $logic_or$src/serial_link.v:207$231_Y $logic_or$src/serial_link.v:190$226_Y $logic_and$src/serial_link.v:174$223_Y $ge$src/serial_link.v:170$221_Y $logic_and$src/serial_link.v:151$216_Y \tx_last_sampled \sclk_rise \cs_rise \cancel \tx_arm \rx_arm }
  ctrl outputs: { $0\state[2:0] $eq$src/serial_link.v:75$200_Y $eq$src/serial_link.v:72$198_Y $eq$src/serial_link.v:72$197_Y $procmux$380_CMP $procmux$381_CMP \rx_active }
  transition:      3'000 12'---------000 ->      3'000 9'000000010
  transition:      3'000 12'---------010 ->      3'011 9'011000010
  transition:      3'000 12'---------0-1 ->      3'001 9'001000010
  transition:      3'000 12'---------1-- ->      3'000 9'000000010
  transition:      3'100 12'0------000-- ->      3'100 9'100001000
  transition:      3'100 12'1-----0000-- ->      3'100 9'100001000
  transition:      3'100 12'1-----1000-- ->      3'101 9'101001000
  transition:      3'100 12'-0-----100-- ->      3'100 9'100001000
  transition:      3'100 12'-1-----100-- ->      3'000 9'000001000
  transition:      3'100 12'--------10-- ->      3'000 9'000001000
  transition:      3'100 12'---------1-- ->      3'000 9'000001000
  transition:      3'010 12'-------000-- ->      3'010 9'010000001
  transition:      3'010 12'---00--100-- ->      3'010 9'010000001
  transition:      3'010 12'---10--100-- ->      3'000 9'000000001
  transition:      3'010 12'----1--100-- ->      3'000 9'000000001
  transition:      3'010 12'--------10-- ->      3'000 9'000000001
  transition:      3'010 12'---------1-- ->      3'000 9'000000001
  transition:      3'001 12'-----0---0-- ->      3'001 9'001000100
  transition:      3'001 12'-----1---0-- ->      3'010 9'010000100
  transition:      3'001 12'---------1-- ->      3'000 9'000000100
  transition:      3'101 12'-------000-- ->      3'101 9'101010000
  transition:      3'101 12'-------100-- ->      3'000 9'000010000
  transition:      3'101 12'--------10-- ->      3'000 9'000010000
  transition:      3'101 12'---------1-- ->      3'000 9'000010000
  transition:      3'011 12'-----0---0-- ->      3'011 9'011100000
  transition:      3'011 12'--0--1---0-- ->      3'000 9'000100000
  transition:      3'011 12'--1--1---0-- ->      3'100 9'100100000
  transition:      3'011 12'---------1-- ->      3'000 9'000100000

15.8.3. Executing FSM_OPT pass (simple optimizations of FSMs).
Optimizing FSM `$fsm$\state$736' from module `\serial_link'.

15.8.4. Executing OPT_CLEAN pass (remove unused cells and wires).
Finding unused cells or wires in module \serial_link..
Removed 25 unused cells and 25 unused wires.
<suppressed ~26 debug messages>

15.8.5. Executing FSM_OPT pass (simple optimizations of FSMs).
Optimizing FSM `$fsm$\state$736' from module `\serial_link'.
  Removing unused output signal $0\state[2:0] [0].
  Removing unused output signal $0\state[2:0] [1].
  Removing unused output signal $0\state[2:0] [2].

15.8.6. Executing FSM_RECODE pass (re-assigning FSM state encoding).
Recoding FSM `$fsm$\state$736' from module `\serial_link' using `auto' encoding:
  mapping auto encoding to `one-hot` for this FSM.
  000 -> -----1
  100 -> ----1-
  010 -> ---1--
  001 -> --1---
  101 -> -1----
  011 -> 1-----

15.8.7. Executing FSM_INFO pass (dumping all available information on FSM cells).

FSM `$fsm$\state$736' from module `serial_link':
-------------------------------------

  Information on FSM $fsm$\state$736 (\state):

  Number of input signals:   12
  Number of output signals:   6
  Number of state bits:       6

  Input signals:
    0: \rx_arm
    1: \tx_arm
    2: \cancel
    3: \cs_rise
    4: \sclk_rise
    5: \tx_last_sampled
    6: $logic_and$src/serial_link.v:151$216_Y
    7: $ge$src/serial_link.v:170$221_Y
    8: $logic_and$src/serial_link.v:174$223_Y
    9: $logic_or$src/serial_link.v:190$226_Y
   10: $logic_or$src/serial_link.v:207$231_Y
   11: $logic_and$src/serial_link.v:219$234_Y

  Output signals:
    0: \rx_active
    1: $procmux$381_CMP
    2: $procmux$380_CMP
    3: $eq$src/serial_link.v:72$197_Y
    4: $eq$src/serial_link.v:72$198_Y
    5: $eq$src/serial_link.v:75$200_Y

  State encoding:
    0:   6'-----1  <RESET STATE>
    1:   6'----1-
    2:   6'---1--
    3:   6'--1---
    4:   6'-1----
    5:   6'1-----

  Transition Table (state_in, ctrl_in, state_out, ctrl_out):
      0:     0 12'---------000   ->     0 6'000010
      1:     0 12'---------1--   ->     0 6'000010
      2:     0 12'---------0-1   ->     3 6'000010
      3:     0 12'---------010   ->     5 6'000010
      4:     1 12'-1-----100--   ->     0 6'001000
      5:     1 12'--------10--   ->     0 6'001000
      6:     1 12'---------1--   ->     0 6'001000
      7:     1 12'1-----0000--   ->     1 6'001000
      8:     1 12'0------000--   ->     1 6'001000
      9:     1 12'-0-----100--   ->     1 6'001000
     10:     1 12'1-----1000--   ->     4 6'001000
     11:     2 12'---10--100--   ->     0 6'000001
     12:     2 12'----1--100--   ->     0 6'000001
     13:     2 12'--------10--   ->     0 6'000001
     14:     2 12'---------1--   ->     0 6'000001
     15:     2 12'-------000--   ->     2 6'000001
     16:     2 12'---00--100--   ->     2 6'000001
     17:     3 12'---------1--   ->     0 6'000100
     18:     3 12'-----1---0--   ->     2 6'000100
     19:     3 12'-----0---0--   ->     3 6'000100
     20:     4 12'-------100--   ->     0 6'010000
     21:     4 12'--------10--   ->     0 6'010000
     22:     4 12'---------1--   ->     0 6'010000
     23:     4 12'-------000--   ->     4 6'010000
     24:     5 12'--0--1---0--   ->     0 6'100000
     25:     5 12'---------1--   ->     0 6'100000
     26:     5 12'--1--1---0--   ->     1 6'100000
     27:     5 12'-----0---0--   ->     5 6'100000

-------------------------------------

15.8.8. Executing FSM_MAP pass (mapping FSMs to basic logic).
Mapping FSM `$fsm$\state$736' from module `\serial_link'.

15.9. Executing OPT pass (performing simple optimizations).

15.9.1. Executing OPT_EXPR pass (perform const folding).
Optimizing module serial_link.
<suppressed ~7 debug messages>

15.9.2. Executing OPT_MERGE pass (detect identical cells).
Finding identical cells in module `\serial_link'.
<suppressed ~6 debug messages>
Removed a total of 2 cells.

15.9.3. Executing OPT_MUXTREE pass (detect dead branches in mux trees).
Running muxtree optimizer on module \serial_link..
  Creating internal representation of mux trees.
  Evaluating internal representation of mux trees.
  Analyzing evaluation results.
Removed 0 multiplexer ports.
<suppressed ~16 debug messages>

15.9.4. Executing OPT_REDUCE pass (consolidate $*mux and $reduce_* inputs).
  Optimizing cells in module \serial_link.
Performed a total of 0 changes.

15.9.5. Executing OPT_MERGE pass (detect identical cells).
Finding identical cells in module `\serial_link'.
Removed a total of 0 cells.

15.9.6. Executing OPT_DFF pass (perform DFF optimizations).
Adding EN signal on $procdff$720 ($adff) from module serial_link (D = $0\tx_last_sampled[0:0], Q = \tx_last_sampled).
Adding EN signal on $procdff$715 ($adff) from module serial_link (D = $0\tx_sampled_wait_fall[0:0], Q = \tx_sampled_wait_fall).
Adding EN signal on $procdff$710 ($adff) from module serial_link (D = $0\tx_hold_last[0:0], Q = \tx_hold_last).
Adding EN signal on $procdff$705 ($adff) from module serial_link (D = $0\tx_hold_bit[0:0], Q = \tx_hold_bit).
Adding EN signal on $procdff$695 ($adff) from module serial_link (D = $0\rx_bit_hold[0:0], Q = \rx_bit_hold).
Adding EN signal on $procdff$685 ($adff) from module serial_link (D = $0\bit_count[6:0], Q = \bit_count).
Adding EN signal on $procdff$680 ($adff) from module serial_link (D = $0\seen_cs_high[0:0], Q = \seen_cs_high).

15.9.7. Executing OPT_CLEAN pass (remove unused cells and wires).
Finding unused cells or wires in module \serial_link..
Removed 0 unused cells and 11 unused wires.
<suppressed ~1 debug messages>

15.9.8. Executing OPT_EXPR pass (perform const folding).
Optimizing module serial_link.
<suppressed ~7 debug messages>

15.9.9. Rerunning OPT passes. (Maybe there is more to do..)

15.9.10. Executing OPT_MUXTREE pass (detect dead branches in mux trees).
Running muxtree optimizer on module \serial_link..
  Creating internal representation of mux trees.
  Evaluating internal representation of mux trees.
  Analyzing evaluation results.
Removed 0 multiplexer ports.
<suppressed ~16 debug messages>

15.9.11. Executing OPT_REDUCE pass (consolidate $*mux and $reduce_* inputs).
  Optimizing cells in module \serial_link.
Performed a total of 0 changes.

15.9.12. Executing OPT_MERGE pass (detect identical cells).
Finding identical cells in module `\serial_link'.
<suppressed ~21 debug messages>
Removed a total of 7 cells.

15.9.13. Executing OPT_DFF pass (perform DFF optimizations).

15.9.14. Executing OPT_CLEAN pass (remove unused cells and wires).
Finding unused cells or wires in module \serial_link..
Removed 0 unused cells and 7 unused wires.
<suppressed ~1 debug messages>

15.9.15. Executing OPT_EXPR pass (perform const folding).
Optimizing module serial_link.

15.9.16. Rerunning OPT passes. (Maybe there is more to do..)

15.9.17. Executing OPT_MUXTREE pass (detect dead branches in mux trees).
Running muxtree optimizer on module \serial_link..
  Creating internal representation of mux trees.
  Evaluating internal representation of mux trees.
  Analyzing evaluation results.
Removed 0 multiplexer ports.
<suppressed ~16 debug messages>

15.9.18. Executing OPT_REDUCE pass (consolidate $*mux and $reduce_* inputs).
  Optimizing cells in module \serial_link.
Performed a total of 0 changes.

15.9.19. Executing OPT_MERGE pass (detect identical cells).
Finding identical cells in module `\serial_link'.
Removed a total of 0 cells.

15.9.20. Executing OPT_DFF pass (perform DFF optimizations).

15.9.21. Executing OPT_CLEAN pass (remove unused cells and wires).
Finding unused cells or wires in module \serial_link..

15.9.22. Executing OPT_EXPR pass (perform const folding).
Optimizing module serial_link.

15.9.23. Finished OPT passes. (There is nothing left to do.)

15.10. Executing WREDUCE pass (reducing word size of cells).
Removed top 2 bits (of 3) from port B of cell serial_link.$auto$opt_dff.cc:195:make_patterns_logic$850 ($ne).
Removed top 2 bits (of 6) from port B of cell serial_link.$auto$opt_dff.cc:195:make_patterns_logic$844 ($ne).
Removed top 3 bits (of 4) from port B of cell serial_link.$auto$opt_dff.cc:195:make_patterns_logic$842 ($ne).
Removed top 2 bits (of 5) from port B of cell serial_link.$auto$fsm_map.cc:77:implement_pattern_cache$803 ($eq).
Removed top 1 bits (of 4) from port B of cell serial_link.$auto$fsm_map.cc:77:implement_pattern_cache$790 ($eq).
Removed top 1 bits (of 2) from port B of cell serial_link.$auto$fsm_map.cc:77:implement_pattern_cache$812 ($eq).
Removed top 1 bits (of 3) from port B of cell serial_link.$auto$fsm_map.cc:77:implement_pattern_cache$830 ($eq).
Removed top 1 bits (of 3) from port B of cell serial_link.$auto$fsm_map.cc:77:implement_pattern_cache$775 ($eq).
Removed top 2 bits (of 3) from port B of cell serial_link.$auto$opt_dff.cc:195:make_patterns_logic$895 ($ne).
Removed top 2 bits (of 3) from port B of cell serial_link.$auto$opt_dff.cc:195:make_patterns_logic$897 ($ne).
Removed top 1 bits (of 4) from port B of cell serial_link.$auto$opt_dff.cc:195:make_patterns_logic$899 ($ne).
Removed top 3 bits (of 4) from port B of cell serial_link.$auto$opt_dff.cc:195:make_patterns_logic$870 ($ne).
Removed top 4 bits (of 5) from port B of cell serial_link.$auto$opt_dff.cc:195:make_patterns_logic$857 ($ne).
Removed top 1 bits (of 7) from port B of cell serial_link.$eq$src/serial_link.v:208$229 ($eq).

15.11. Executing PEEPOPT pass (run peephole optimizers).

15.12. Executing OPT_CLEAN pass (remove unused cells and wires).
Finding unused cells or wires in module \serial_link..

15.13. Executing ALUMACC pass (create $alu and $macc cells).
Extracting $alu and $macc cells in module serial_link:
  creating $macc model for $add$src/serial_link.v:181$224 ($add).
  creating $alu model for $macc $add$src/serial_link.v:181$224.
  creating $alu model for $ge$src/serial_link.v:170$221 ($ge): new $alu
  creating $alu model for $eq$src/serial_link.v:160$217 ($eq): merged with $ge$src/serial_link.v:170$221.
  creating $alu cell for $ge$src/serial_link.v:170$221, $eq$src/serial_link.v:160$217: $auto$alumacc.cc:495:replace_alu$910
  creating $alu cell for $add$src/serial_link.v:181$224: $auto$alumacc.cc:495:replace_alu$923
  created 2 $alu and 0 $macc cells.

15.14. Executing SHARE pass (SAT-based resource sharing).

15.15. Executing OPT pass (performing simple optimizations).

15.15.1. Executing OPT_EXPR pass (perform const folding).
Optimizing module serial_link.

15.15.2. Executing OPT_MERGE pass (detect identical cells).
Finding identical cells in module `\serial_link'.
Removed a total of 0 cells.

15.15.3. Executing OPT_MUXTREE pass (detect dead branches in mux trees).
Running muxtree optimizer on module \serial_link..
  Creating internal representation of mux trees.
  Evaluating internal representation of mux trees.
  Analyzing evaluation results.
Removed 0 multiplexer ports.
<suppressed ~16 debug messages>

15.15.4. Executing OPT_REDUCE pass (consolidate $*mux and $reduce_* inputs).
  Optimizing cells in module \serial_link.
Performed a total of 0 changes.

15.15.5. Executing OPT_MERGE pass (detect identical cells).
Finding identical cells in module `\serial_link'.
Removed a total of 0 cells.

15.15.6. Executing OPT_DFF pass (perform DFF optimizations).

15.15.7. Executing OPT_CLEAN pass (remove unused cells and wires).
Finding unused cells or wires in module \serial_link..
Removed 0 unused cells and 2 unused wires.
<suppressed ~1 debug messages>

15.15.8. Executing OPT_EXPR pass (perform const folding).
Optimizing module serial_link.

15.15.9. Rerunning OPT passes. (Maybe there is more to do..)

15.15.10. Executing OPT_MUXTREE pass (detect dead branches in mux trees).
Running muxtree optimizer on module \serial_link..
  Creating internal representation of mux trees.
  Evaluating internal representation of mux trees.
  Analyzing evaluation results.
Removed 0 multiplexer ports.
<suppressed ~16 debug messages>

15.15.11. Executing OPT_REDUCE pass (consolidate $*mux and $reduce_* inputs).
  Optimizing cells in module \serial_link.
Performed a total of 0 changes.

15.15.12. Executing OPT_MERGE pass (detect identical cells).
Finding identical cells in module `\serial_link'.
Removed a total of 0 cells.

15.15.13. Executing OPT_DFF pass (perform DFF optimizations).

15.15.14. Executing OPT_CLEAN pass (remove unused cells and wires).
Finding unused cells or wires in module \serial_link..

15.15.15. Executing OPT_EXPR pass (perform const folding).
Optimizing module serial_link.

15.15.16. Finished OPT passes. (There is nothing left to do.)

15.16. Executing MEMORY pass.

15.16.1. Executing OPT_MEM pass (optimize memories).
Performed a total of 0 transformations.

15.16.2. Executing OPT_MEM_PRIORITY pass (removing unnecessary memory write priority relations).
Performed a total of 0 transformations.

15.16.3. Executing OPT_MEM_FEEDBACK pass (finding memory read-to-write feedback paths).

15.16.4. Executing MEMORY_BMUX2ROM pass (converting muxes to ROMs).

15.16.5. Executing MEMORY_DFF pass (merging $dff cells to $memrd).

15.16.6. Executing OPT_CLEAN pass (remove unused cells and wires).
Finding unused cells or wires in module \serial_link..

15.16.7. Executing MEMORY_SHARE pass (consolidating $memrd/$memwr cells).

15.16.8. Executing OPT_MEM_WIDEN pass (optimize memories where all ports are wide).
Performed a total of 0 transformations.

15.16.9. Executing OPT_CLEAN pass (remove unused cells and wires).
Finding unused cells or wires in module \serial_link..

15.16.10. Executing MEMORY_COLLECT pass (generating $mem cells).

15.17. Executing OPT_CLEAN pass (remove unused cells and wires).
Finding unused cells or wires in module \serial_link..

15.18. Executing OPT pass (performing simple optimizations).

15.18.1. Executing OPT_EXPR pass (perform const folding).
Optimizing module serial_link.
<suppressed ~49 debug messages>

15.18.2. Executing OPT_MERGE pass (detect identical cells).
Finding identical cells in module `\serial_link'.
Removed a total of 0 cells.

15.18.3. Executing OPT_DFF pass (perform DFF optimizations).

15.18.4. Executing OPT_CLEAN pass (remove unused cells and wires).
Finding unused cells or wires in module \serial_link..
Removed 0 unused cells and 34 unused wires.
<suppressed ~1 debug messages>

15.18.5. Finished fast OPT passes.

15.19. Executing MEMORY_MAP pass (converting memories to logic and flip-flops).

15.20. Executing OPT pass (performing simple optimizations).

15.20.1. Executing OPT_EXPR pass (perform const folding).
Optimizing module serial_link.
<suppressed ~2 debug messages>

15.20.2. Executing OPT_MERGE pass (detect identical cells).
Finding identical cells in module `\serial_link'.
Removed a total of 0 cells.

15.20.3. Executing OPT_MUXTREE pass (detect dead branches in mux trees).
Running muxtree optimizer on module \serial_link..
  Creating internal representation of mux trees.
  Evaluating internal representation of mux trees.
  Analyzing evaluation results.
Removed 0 multiplexer ports.
<suppressed ~16 debug messages>

15.20.4. Executing OPT_REDUCE pass (consolidate $*mux and $reduce_* inputs).
  Optimizing cells in module \serial_link.
    New ctrl vector for $pmux cell $procmux$417: \state [1]
    New ctrl vector for $pmux cell $procmux$541: \state [2:1]
  Optimizing cells in module \serial_link.
Performed a total of 2 changes.

15.20.5. Executing OPT_MERGE pass (detect identical cells).
Finding identical cells in module `\serial_link'.
Removed a total of 0 cells.

15.20.6. Executing OPT_SHARE pass.

15.20.7. Executing OPT_DFF pass (perform DFF optimizations).

15.20.8. Executing OPT_CLEAN pass (remove unused cells and wires).
Finding unused cells or wires in module \serial_link..

15.20.9. Executing OPT_EXPR pass (perform const folding).
Optimizing module serial_link.
<suppressed ~1 debug messages>

15.20.10. Rerunning OPT passes. (Maybe there is more to do..)

15.20.11. Executing OPT_MUXTREE pass (detect dead branches in mux trees).
Running muxtree optimizer on module \serial_link..
  Creating internal representation of mux trees.
  Evaluating internal representation of mux trees.
  Analyzing evaluation results.
Removed 0 multiplexer ports.
<suppressed ~16 debug messages>

15.20.12. Executing OPT_REDUCE pass (consolidate $*mux and $reduce_* inputs).
  Optimizing cells in module \serial_link.
Performed a total of 0 changes.

15.20.13. Executing OPT_MERGE pass (detect identical cells).
Finding identical cells in module `\serial_link'.
Removed a total of 0 cells.

15.20.14. Executing OPT_SHARE pass.

15.20.15. Executing OPT_DFF pass (perform DFF optimizations).

15.20.16. Executing OPT_CLEAN pass (remove unused cells and wires).
Finding unused cells or wires in module \serial_link..
Removed 0 unused cells and 1 unused wires.
<suppressed ~1 debug messages>

15.20.17. Executing OPT_EXPR pass (perform const folding).
Optimizing module serial_link.

15.20.18. Rerunning OPT passes. (Maybe there is more to do..)

15.20.19. Executing OPT_MUXTREE pass (detect dead branches in mux trees).
Running muxtree optimizer on module \serial_link..
  Creating internal representation of mux trees.
  Evaluating internal representation of mux trees.
  Analyzing evaluation results.
Removed 0 multiplexer ports.
<suppressed ~16 debug messages>

15.20.20. Executing OPT_REDUCE pass (consolidate $*mux and $reduce_* inputs).
  Optimizing cells in module \serial_link.
Performed a total of 0 changes.

15.20.21. Executing OPT_MERGE pass (detect identical cells).
Finding identical cells in module `\serial_link'.
Removed a total of 0 cells.

15.20.22. Executing OPT_SHARE pass.

15.20.23. Executing OPT_DFF pass (perform DFF optimizations).

15.20.24. Executing OPT_CLEAN pass (remove unused cells and wires).
Finding unused cells or wires in module \serial_link..

15.20.25. Executing OPT_EXPR pass (perform const folding).
Optimizing module serial_link.

15.20.26. Finished OPT passes. (There is nothing left to do.)

15.21. Executing TECHMAP pass (map to technology primitives).

15.21.1. Executing Verilog-2005 frontend: /mnt/c/Users/user/Desktop/HACKATHON/.tools/root/usr/bin/../share/yosys/techmap.v
Parsing Verilog input from `/mnt/c/Users/user/Desktop/HACKATHON/.tools/root/usr/bin/../share/yosys/techmap.v' to AST representation.
Generating RTLIL representation for module `\_90_simplemap_bool_ops'.
Generating RTLIL representation for module `\_90_simplemap_reduce_ops'.
Generating RTLIL representation for module `\_90_simplemap_logic_ops'.
Generating RTLIL representation for module `\_90_simplemap_compare_ops'.
Generating RTLIL representation for module `\_90_simplemap_various'.
Generating RTLIL representation for module `\_90_simplemap_registers'.
Generating RTLIL representation for module `\_90_shift_ops_shr_shl_sshl_sshr'.
Generating RTLIL representation for module `\_90_shift_shiftx'.
Generating RTLIL representation for module `\_90_fa'.
Generating RTLIL representation for module `\_90_lcu_brent_kung'.
Generating RTLIL representation for module `\_90_alu'.
Generating RTLIL representation for module `\_90_macc'.
Generating RTLIL representation for module `\_90_alumacc'.
Generating RTLIL representation for module `\$__div_mod_u'.
Generating RTLIL representation for module `\$__div_mod_trunc'.
Generating RTLIL representation for module `\_90_div'.
Generating RTLIL representation for module `\_90_mod'.
Generating RTLIL representation for module `\$__div_mod_floor'.
Generating RTLIL representation for module `\_90_divfloor'.
Generating RTLIL representation for module `\_90_modfloor'.
Generating RTLIL representation for module `\_90_pow'.
Generating RTLIL representation for module `\_90_pmux'.
Generating RTLIL representation for module `\_90_demux'.
Generating RTLIL representation for module `\_90_lut'.
Successfully finished Verilog frontend.

15.21.2. Continuing TECHMAP pass.
Using extmapper simplemap for cells of type $mux.
Using extmapper simplemap for cells of type $and.
Using extmapper simplemap for cells of type $ne.
Using extmapper simplemap for cells of type $logic_not.
Using extmapper simplemap for cells of type $eq.
Using extmapper simplemap for cells of type $not.
Using extmapper simplemap for cells of type $adffe.
Using extmapper simplemap for cells of type $or.
Using extmapper simplemap for cells of type $reduce_and.
Using extmapper simplemap for cells of type $reduce_or.
Using template $paramod$2407ada40cc3dda6c6015be2b49b748cddb5a800\_90_pmux for cells of type $pmux.
Using extmapper simplemap for cells of type $adff.
Using template $paramod$c5c783b17ab1d780abfad8cfe6563a0a7b47a3b0\_90_pmux for cells of type $pmux.
Using template $paramod$103b4016182df467cceab67bcf3e18e6361ec0fd\_90_alu for cells of type $alu.
Using template $paramod$b756e651b7db7aeb455331d9a2df073db93fcc2e\_90_pmux for cells of type $pmux.
Using extmapper simplemap for cells of type $reduce_bool.
Using template $paramod$fc972a7a46956c1788f3cb5257b53c8f1df2d0cc\_90_alu for cells of type $alu.
Using extmapper simplemap for cells of type $logic_and.
Using extmapper simplemap for cells of type $logic_or.
Using extmapper simplemap for cells of type $xor.
Using template $paramod\_90_lcu_brent_kung\WIDTH=32'00000000000000000000000000000111 for cells of type $lcu.
Using extmapper simplemap for cells of type $pos.
Using template $paramod\_90_lcu_brent_kung\WIDTH=32'00000000000000000000000000000001 for cells of type $lcu.
No more expansions possible.
<suppressed ~620 debug messages>

15.22. Executing OPT pass (performing simple optimizations).

15.22.1. Executing OPT_EXPR pass (perform const folding).
Optimizing module serial_link.
<suppressed ~163 debug messages>

15.22.2. Executing OPT_MERGE pass (detect identical cells).
Finding identical cells in module `\serial_link'.
<suppressed ~243 debug messages>
Removed a total of 81 cells.

15.22.3. Executing OPT_DFF pass (perform DFF optimizations).

15.22.4. Executing OPT_CLEAN pass (remove unused cells and wires).
Finding unused cells or wires in module \serial_link..
Removed 1 unused cells and 272 unused wires.
<suppressed ~2 debug messages>

15.22.5. Finished fast OPT passes.

15.23. Executing HIERARCHY pass (managing design hierarchy).
Attribute `top' found on module `serial_link'. Setting top module to serial_link.

15.23.1. Analyzing design hierarchy..
Top module:  \serial_link

15.23.2. Analyzing design hierarchy..
Top module:  \serial_link
Removed 0 unused modules.

15.24. Printing statistics.

=== serial_link ===

   Number of wires:                279
   Number of wire bits:            439
   Number of public wires:          49
   Number of public wire bits:      68
   Number of ports:                 22
   Number of port bits:             22
   Number of memories:               0
   Number of memory bits:            0
   Number of processes:              0
   Number of cells:                359
     $_AND_                         97
     $_DFFE_PN0P_                   13
     $_DFF_PN0_                     18
     $_DFF_PN1_                      2
     $_MUX_                         48
     $_NOT_                         53
     $_OR_                         120
     $_XOR_                          7
     $scopeinfo                      1

15.25. Executing CHECK pass (checking for obvious problems).
Checking module serial_link...
Found and reported 0 problems.

16. Executing DFFLIBMAP pass (mapping DFF cells to sequential cells from liberty file).
  cell sg13g2_dfrbpq_1 (noninv, pins=4, area=48.99) is a direct match for cell type $_DFF_PN0_.
  final dff cell mappings:
    unmapped dff cell: $_DFF_N_
    unmapped dff cell: $_DFF_P_
    unmapped dff cell: $_DFF_NN0_
    unmapped dff cell: $_DFF_NN1_
    unmapped dff cell: $_DFF_NP0_
    unmapped dff cell: $_DFF_NP1_
    \sg13g2_dfrbpq_1 _DFF_PN0_ (.CLK( C), .D( D), .Q( Q), .RESET_B( R));
    unmapped dff cell: $_DFF_PN1_
    unmapped dff cell: $_DFF_PP0_
    unmapped dff cell: $_DFF_PP1_
    unmapped dff cell: $_DFFE_NN_
    unmapped dff cell: $_DFFE_NP_
    unmapped dff cell: $_DFFE_PN_
    unmapped dff cell: $_DFFE_PP_
    unmapped dff cell: $_DFFSR_NNN_
    unmapped dff cell: $_DFFSR_NNP_
    unmapped dff cell: $_DFFSR_NPN_
    unmapped dff cell: $_DFFSR_NPP_
    unmapped dff cell: $_DFFSR_PNN_
    unmapped dff cell: $_DFFSR_PNP_
    unmapped dff cell: $_DFFSR_PPN_
    unmapped dff cell: $_DFFSR_PPP_

16.1. Executing DFFLEGALIZE pass (convert FFs to types supported by the target).
<suppressed ~4 debug messages>
Mapping DFF cells in module `\serial_link':
  mapped 33 $_DFF_PN0_ cells to \sg13g2_dfrbpq_1 cells.

17. Executing ABC pass (technology mapping using ABC).

17.1. Extracting gate netlist of module `\serial_link' to `<abc-temp-dir>/input.blif'..
Extracted 342 gates and 377 wires to a netlist network with 33 inputs and 29 outputs.

17.1.1. Executing ABC.
Running ABC command: "<yosys-exe-dir>/yosys-abc" -s -f <abc-temp-dir>/abc.script 2>&1
ABC: ABC command line: "source <abc-temp-dir>/abc.script".
ABC: 
ABC: + read_blif <abc-temp-dir>/input.blif 
ABC: + read_lib -w /mnt/c/Users/user/Desktop/HACKATHON/.tools/IHP-Open-PDK-partial/ihp-sg13g2/libs.ref/sg13g2_stdcell/lib/sg13g2_stdcell_typ_1p20V_25C.lib 
ABC: Parsing finished successfully.  Parsing time =     0.02 sec
ABC: Scl_LibertyReadGenlib() skipped cell "sg13g2_antennanp" due to dont_use attribute.
ABC: Scl_LibertyReadGenlib() skipped cell "sg13g2_decap_4" due to dont_use attribute.
ABC: Scl_LibertyReadGenlib() skipped cell "sg13g2_decap_8" due to dont_use attribute.
ABC: Scl_LibertyReadGenlib() skipped sequential cell "sg13g2_dfrbp_1".
ABC: Scl_LibertyReadGenlib() skipped sequential cell "sg13g2_dfrbp_2".
ABC: Scl_LibertyReadGenlib() skipped sequential cell "sg13g2_dfrbpq_1".
ABC: Scl_LibertyReadGenlib() skipped sequential cell "sg13g2_dfrbpq_2".
ABC: Scl_LibertyReadGenlib() skipped sequential cell "sg13g2_dlhq_1".
ABC: Scl_LibertyReadGenlib() skipped sequential cell "sg13g2_dlhr_1".
ABC: Scl_LibertyReadGenlib() skipped sequential cell "sg13g2_dlhrq_1".
ABC: Scl_LibertyReadGenlib() skipped sequential cell "sg13g2_dllr_1".
ABC: Scl_LibertyReadGenlib() skipped sequential cell "sg13g2_dllrq_1".
ABC: Scl_LibertyReadGenlib() skipped three-state cell "sg13g2_ebufn_2".
ABC: Scl_LibertyReadGenlib() skipped three-state cell "sg13g2_ebufn_4".
ABC: Scl_LibertyReadGenlib() skipped three-state cell "sg13g2_ebufn_8".
ABC: Scl_LibertyReadGenlib() skipped three-state cell "sg13g2_einvn_2".
ABC: Scl_LibertyReadGenlib() skipped three-state cell "sg13g2_einvn_4".
ABC: Scl_LibertyReadGenlib() skipped three-state cell "sg13g2_einvn_8".
ABC: Scl_LibertyReadGenlib() skipped cell "sg13g2_fill_1" due to dont_use attribute.
ABC: Scl_LibertyReadGenlib() skipped cell "sg13g2_fill_2" due to dont_use attribute.
ABC: Scl_LibertyReadGenlib() skipped cell "sg13g2_fill_4" due to dont_use attribute.
ABC: Scl_LibertyReadGenlib() skipped cell "sg13g2_fill_8" due to dont_use attribute.
ABC: Scl_LibertyReadGenlib() skipped cell "sg13g2_lgcp_1" due to dont_use attribute.
ABC: Scl_LibertyReadGenlib() skipped sequential cell "sg13g2_sdfbbp_1".
ABC: Scl_LibertyReadGenlib() skipped sequential cell "sg13g2_sdfrbp_1".
ABC: Scl_LibertyReadGenlib() skipped sequential cell "sg13g2_sdfrbp_2".
ABC: Scl_LibertyReadGenlib() skipped sequential cell "sg13g2_sdfrbpq_1".
ABC: Scl_LibertyReadGenlib() skipped sequential cell "sg13g2_sdfrbpq_2".
ABC: Scl_LibertyReadGenlib() skipped cell "sg13g2_sighold" due to dont_use attribute.
ABC: Scl_LibertyReadGenlib() skipped cell "sg13g2_slgcp_1" due to dont_use attribute.
ABC: Library "sg13g2_stdcell_typ_1p20V_25C" from "/mnt/c/Users/user/Desktop/HACKATHON/.tools/IHP-Open-PDK-partial/ihp-sg13g2/libs.ref/sg13g2_stdcell/lib/sg13g2_stdcell_typ_1p20V_25C.lib" has 54 cells (20 skipped: 14 seq; 6 tri-state; 0 no func; 10 dont_use).  Time =     0.03 sec
ABC: Memory =    2.85 MB. Time =     0.03 sec
ABC: + strash 
ABC: + &get -n 
ABC: + &fraig -x 
ABC: + &put 
ABC: + scorr 
ABC: Warning: The network is combinational (run "fraig" or "fraig_sweep").
ABC: + dc2 
ABC: + dretime 
ABC: + strash 
ABC: + &get -n 
ABC: + &dch -f 
ABC: + &nf 
ABC: + &put 
ABC: + write_blif <abc-temp-dir>/output.blif 

17.1.2. Re-integrating ABC results.
ABC RESULTS:     sg13g2_a21o_1 cells:        1
ABC RESULTS:    sg13g2_a21oi_1 cells:       14
ABC RESULTS:   sg13g2_a221oi_1 cells:        2
ABC RESULTS:    sg13g2_a22oi_1 cells:        3
ABC RESULTS:     sg13g2_and2_1 cells:        9
ABC RESULTS:     sg13g2_and3_1 cells:        1
ABC RESULTS:     sg13g2_and4_1 cells:        3
ABC RESULTS:      sg13g2_inv_1 cells:       12
ABC RESULTS:     sg13g2_mux2_1 cells:        8
ABC RESULTS:    sg13g2_nand2_1 cells:       16
ABC RESULTS:   sg13g2_nand2b_1 cells:        4
ABC RESULTS:    sg13g2_nand3_1 cells:        8
ABC RESULTS:   sg13g2_nand3b_1 cells:        2
ABC RESULTS:    sg13g2_nand4_1 cells:        4
ABC RESULTS:     sg13g2_nor2_1 cells:       17
ABC RESULTS:    sg13g2_nor2b_1 cells:        7
ABC RESULTS:     sg13g2_nor3_1 cells:       18
ABC RESULTS:     sg13g2_nor4_1 cells:        3
ABC RESULTS:    sg13g2_o21ai_1 cells:       14
ABC RESULTS:      sg13g2_or2_1 cells:        3
ABC RESULTS:    sg13g2_xnor2_1 cells:        1
ABC RESULTS:     sg13g2_xor2_1 cells:        1
ABC RESULTS:        internal signals:      315
ABC RESULTS:           input signals:       33
ABC RESULTS:          output signals:       29
Removing temp directory.
Removed 0 unused cells and 288 unused wires.

18. Printing statistics.

=== serial_link ===

   Number of wires:                192
   Number of wire bits:            211
   Number of public wires:          42
   Number of public wire bits:      61
   Number of ports:                 22
   Number of port bits:             22
   Number of memories:               0
   Number of memory bits:            0
   Number of processes:              0
   Number of cells:                185
     $scopeinfo                      1
     sg13g2_a21o_1                   1
     sg13g2_a21oi_1                 14
     sg13g2_a221oi_1                 2
     sg13g2_a22oi_1                  3
     sg13g2_and2_1                   9
     sg13g2_and3_1                   1
     sg13g2_and4_1                   3
     sg13g2_dfrbpq_1                33
     sg13g2_inv_1                   12
     sg13g2_mux2_1                   8
     sg13g2_nand2_1                 16
     sg13g2_nand2b_1                 4
     sg13g2_nand3_1                  8
     sg13g2_nand3b_1                 2
     sg13g2_nand4_1                  4
     sg13g2_nor2_1                  17
     sg13g2_nor2b_1                  7
     sg13g2_nor3_1                  18
     sg13g2_nor4_1                   3
     sg13g2_o21ai_1                 14
     sg13g2_or2_1                    3
     sg13g2_xnor2_1                  1
     sg13g2_xor2_1                   1

   Area for cell type $scopeinfo is unknown!

   Chip area for module '\serial_link': 3026.305800
     of which used for sequential elements: 1616.630400 (53.42%)

19. Executing CHECK pass (checking for obvious problems).
Checking module serial_link...
Found and reported 0 problems.

End of script. Logfile hash: e51e650e24, CPU: user 0.19s system 0.03s, MEM: 20.00 MB peak
Yosys 0.52 (git sha1 fee39a3284c90249e1d9684cf6944ffbbcbb8f90)
Time spent: 29% 1x abc (0 sec), 13% 14x read_verilog (0 sec), ...
