
 /----------------------------------------------------------------------------\
 |  yosys -- Yosys Open SYnthesis Suite                                       |
 |  Copyright (C) 2012 - 2025  Claire Xenia Wolf <claire@yosyshq.com>         |
 |  Distributed under an ISC-like license, type "license" to see terms        |
 \----------------------------------------------------------------------------/
 Yosys 0.52 (git sha1 fee39a3284c90249e1d9684cf6944ffbbcbb8f90)

-- Running command `read_liberty -lib -ignore_miss_func ".tools/IHP-Open-PDK-partial/ihp-sg13g2/libs.ref/sg13g2_stdcell/lib/sg13g2_stdcell_typ_1p20V_25C.lib"; read_verilog src/*.v; hierarchy -check -top auth_ctrl; synth -top auth_ctrl -flatten -noabc; dfflibmap -liberty ".tools/IHP-Open-PDK-partial/ihp-sg13g2/libs.ref/sg13g2_stdcell/lib/sg13g2_stdcell_typ_1p20V_25C.lib"; abc -liberty ".tools/IHP-Open-PDK-partial/ihp-sg13g2/libs.ref/sg13g2_stdcell/lib/sg13g2_stdcell_typ_1p20V_25C.lib"; clean; stat -liberty ".tools/IHP-Open-PDK-partial/ihp-sg13g2/libs.ref/sg13g2_stdcell/lib/sg13g2_stdcell_typ_1p20V_25C.lib"; check' --

1. Executing Liberty frontend: .tools/IHP-Open-PDK-partial/ihp-sg13g2/libs.ref/sg13g2_stdcell/lib/sg13g2_stdcell_typ_1p20V_25C.lib
Imported 84 cell types from liberty file.

2. Executing Verilog-2005 frontend: src/auth_ctrl.v
Parsing Verilog input from `src/auth_ctrl.v' to AST representation.
Generating RTLIL representation for module `\auth_ctrl'.
Successfully finished Verilog frontend.

3. Executing Verilog-2005 frontend: src/buzzer.v
Parsing Verilog input from `src/buzzer.v' to AST representation.
Generating RTLIL representation for module `\buzzer'.
Successfully finished Verilog frontend.

4. Executing Verilog-2005 frontend: src/kb.v
Parsing Verilog input from `src/kb.v' to AST representation.
Generating RTLIL representation for module `\kb'.
Successfully finished Verilog frontend.

5. Executing Verilog-2005 frontend: src/project.v
Parsing Verilog input from `src/project.v' to AST representation.
Generating RTLIL representation for module `\tt_um_rumcajs'.
Successfully finished Verilog frontend.

6. Executing Verilog-2005 frontend: src/regs.v
Parsing Verilog input from `src/regs.v' to AST representation.
Generating RTLIL representation for module `\regs'.
Successfully finished Verilog frontend.

7. Executing Verilog-2005 frontend: src/reset_release.v
Parsing Verilog input from `src/reset_release.v' to AST representation.
Generating RTLIL representation for module `\reset_release'.
Successfully finished Verilog frontend.

8. Executing Verilog-2005 frontend: src/rumcajs.v
Parsing Verilog input from `src/rumcajs.v' to AST representation.
Generating RTLIL representation for module `\rumcajs'.
Successfully finished Verilog frontend.

9. Executing Verilog-2005 frontend: src/serial_link.v
Parsing Verilog input from `src/serial_link.v' to AST representation.
Generating RTLIL representation for module `\serial_link'.
Successfully finished Verilog frontend.

10. Executing Verilog-2005 frontend: src/sync2.v
Parsing Verilog input from `src/sync2.v' to AST representation.
Generating RTLIL representation for module `\sync2'.
Successfully finished Verilog frontend.

11. Executing Verilog-2005 frontend: src/szymon.v
Parsing Verilog input from `src/szymon.v' to AST representation.
Generating RTLIL representation for module `\szymon'.
Successfully finished Verilog frontend.

12. Executing Verilog-2005 frontend: src/szymon_fixed.v
Parsing Verilog input from `src/szymon_fixed.v' to AST representation.
Generating RTLIL representation for module `\szymon_fixed'.
Successfully finished Verilog frontend.

13. Executing Verilog-2005 frontend: src/timebase.v
Parsing Verilog input from `src/timebase.v' to AST representation.
Generating RTLIL representation for module `\timebase'.
Successfully finished Verilog frontend.

14. Executing HIERARCHY pass (managing design hierarchy).

14.1. Analyzing design hierarchy..
Top module:  \auth_ctrl

14.2. Analyzing design hierarchy..
Top module:  \auth_ctrl
Removing unused module `\timebase'.
Removing unused module `\szymon_fixed'.
Removing unused module `\szymon'.
Removing unused module `\sync2'.
Removing unused module `\serial_link'.
Removing unused module `\rumcajs'.
Removing unused module `\reset_release'.
Removing unused module `\regs'.
Removing unused module `\tt_um_rumcajs'.
Removing unused module `\kb'.
Removing unused module `\buzzer'.
Removed 11 unused modules.

15. Executing SYNTH pass.

15.1. Executing HIERARCHY pass (managing design hierarchy).

15.1.1. Analyzing design hierarchy..
Top module:  \auth_ctrl

15.1.2. Analyzing design hierarchy..
Top module:  \auth_ctrl
Removed 0 unused modules.

15.2. Executing PROC pass (convert processes to netlists).

15.2.1. Executing PROC_CLEAN pass (remove empty switches from decision trees).
Cleaned up 0 empty switches.

15.2.2. Executing PROC_RMDEAD pass (remove dead branches from decision trees).
Marked 5 switch rules as full_case in process $proc$src/auth_ctrl.v:100$43 in module auth_ctrl.
Removed a total of 0 dead cases.

15.2.3. Executing PROC_PRUNE pass (remove redundant assignments in processes).
Removed 0 redundant assignments.
Promoted 0 assignments to connections.

15.2.4. Executing PROC_INIT pass (extract init attributes).

15.2.5. Executing PROC_ARST pass (detect async resets in processes).
Found async reset \rst_n in `\auth_ctrl.$proc$src/auth_ctrl.v:100$43'.

15.2.6. Executing PROC_ROM pass (convert switches to ROMs).
Converted 0 switches.
<suppressed ~14 debug messages>

15.2.7. Executing PROC_MUX pass (convert decision trees to multiplexers).
Creating decoders for process `\auth_ctrl.$proc$src/auth_ctrl.v:100$43'.
     1/3: $0\timeout_count[12:0]
     2/3: $0\timeout_active[0:0]
     3/3: $0\state[3:0]

15.2.8. Executing PROC_DLATCH pass (convert process syncs to latches).

15.2.9. Executing PROC_DFF pass (convert process syncs to FFs).
Creating register for signal `\auth_ctrl.\state' using process `\auth_ctrl.$proc$src/auth_ctrl.v:100$43'.
  created $adff cell `$procdff$403' with positive edge clock and positive level reset.
Creating register for signal `\auth_ctrl.\timeout_active' using process `\auth_ctrl.$proc$src/auth_ctrl.v:100$43'.
  created $adff cell `$procdff$408' with positive edge clock and positive level reset.
Creating register for signal `\auth_ctrl.\timeout_count' using process `\auth_ctrl.$proc$src/auth_ctrl.v:100$43'.
  created $adff cell `$procdff$413' with positive edge clock and positive level reset.

15.2.10. Executing PROC_MEMWR pass (convert process memory writes to cells).

15.2.11. Executing PROC_CLEAN pass (remove empty switches from decision trees).
Found and cleaned up 14 empty switches in `\auth_ctrl.$proc$src/auth_ctrl.v:100$43'.
Removing empty process `auth_ctrl.$proc$src/auth_ctrl.v:100$43'.
Cleaned up 14 empty switches.

15.2.12. Executing OPT_EXPR pass (perform const folding).
Optimizing module auth_ctrl.
<suppressed ~12 debug messages>

15.3. Executing FLATTEN pass (flatten design).

15.4. Executing OPT_EXPR pass (perform const folding).
Optimizing module auth_ctrl.

15.5. Executing OPT_CLEAN pass (remove unused cells and wires).
Finding unused cells or wires in module \auth_ctrl..
Removed 5 unused cells and 43 unused wires.
<suppressed ~6 debug messages>

15.6. Executing CHECK pass (checking for obvious problems).
Checking module auth_ctrl...
Found and reported 0 problems.

15.7. Executing OPT pass (performing simple optimizations).

15.7.1. Executing OPT_EXPR pass (perform const folding).
Optimizing module auth_ctrl.

15.7.2. Executing OPT_MERGE pass (detect identical cells).
Finding identical cells in module `\auth_ctrl'.
<suppressed ~66 debug messages>
Removed a total of 22 cells.

15.7.3. Executing OPT_MUXTREE pass (detect dead branches in mux trees).
Running muxtree optimizer on module \auth_ctrl..
  Creating internal representation of mux trees.
  Evaluating internal representation of mux trees.
  Analyzing evaluation results.
Removed 0 multiplexer ports.
<suppressed ~5 debug messages>

15.7.4. Executing OPT_REDUCE pass (consolidate $*mux and $reduce_* inputs).
  Optimizing cells in module \auth_ctrl.
Performed a total of 0 changes.

15.7.5. Executing OPT_MERGE pass (detect identical cells).
Finding identical cells in module `\auth_ctrl'.
Removed a total of 0 cells.

15.7.6. Executing OPT_DFF pass (perform DFF optimizations).

15.7.7. Executing OPT_CLEAN pass (remove unused cells and wires).
Finding unused cells or wires in module \auth_ctrl..
Removed 0 unused cells and 20 unused wires.
<suppressed ~1 debug messages>

15.7.8. Executing OPT_EXPR pass (perform const folding).
Optimizing module auth_ctrl.

15.7.9. Rerunning OPT passes. (Maybe there is more to do..)

15.7.10. Executing OPT_MUXTREE pass (detect dead branches in mux trees).
Running muxtree optimizer on module \auth_ctrl..
  Creating internal representation of mux trees.
  Evaluating internal representation of mux trees.
  Analyzing evaluation results.
Removed 0 multiplexer ports.
<suppressed ~5 debug messages>

15.7.11. Executing OPT_REDUCE pass (consolidate $*mux and $reduce_* inputs).
  Optimizing cells in module \auth_ctrl.
Performed a total of 0 changes.

15.7.12. Executing OPT_MERGE pass (detect identical cells).
Finding identical cells in module `\auth_ctrl'.
Removed a total of 0 cells.

15.7.13. Executing OPT_DFF pass (perform DFF optimizations).

15.7.14. Executing OPT_CLEAN pass (remove unused cells and wires).
Finding unused cells or wires in module \auth_ctrl..

15.7.15. Executing OPT_EXPR pass (perform const folding).
Optimizing module auth_ctrl.

15.7.16. Finished OPT passes. (There is nothing left to do.)

15.8. Executing FSM pass (extract and optimize FSM).

15.8.1. Executing FSM_DETECT pass (finding FSMs in design).
Not marking auth_ctrl.state as FSM state register:
    Users of register don't seem to benefit from recoding.

15.8.2. Executing FSM_EXTRACT pass (extracting FSM from design).

15.8.3. Executing FSM_OPT pass (simple optimizations of FSMs).

15.8.4. Executing OPT_CLEAN pass (remove unused cells and wires).
Finding unused cells or wires in module \auth_ctrl..

15.8.5. Executing FSM_OPT pass (simple optimizations of FSMs).

15.8.6. Executing FSM_RECODE pass (re-assigning FSM state encoding).

15.8.7. Executing FSM_INFO pass (dumping all available information on FSM cells).

15.8.8. Executing FSM_MAP pass (mapping FSMs to basic logic).

15.9. Executing OPT pass (performing simple optimizations).

15.9.1. Executing OPT_EXPR pass (perform const folding).
Optimizing module auth_ctrl.

15.9.2. Executing OPT_MERGE pass (detect identical cells).
Finding identical cells in module `\auth_ctrl'.
Removed a total of 0 cells.

15.9.3. Executing OPT_MUXTREE pass (detect dead branches in mux trees).
Running muxtree optimizer on module \auth_ctrl..
  Creating internal representation of mux trees.
  Evaluating internal representation of mux trees.
  Analyzing evaluation results.
Removed 0 multiplexer ports.
<suppressed ~5 debug messages>

15.9.4. Executing OPT_REDUCE pass (consolidate $*mux and $reduce_* inputs).
  Optimizing cells in module \auth_ctrl.
Performed a total of 0 changes.

15.9.5. Executing OPT_MERGE pass (detect identical cells).
Finding identical cells in module `\auth_ctrl'.
Removed a total of 0 cells.

15.9.6. Executing OPT_DFF pass (perform DFF optimizations).
Adding EN signal on $procdff$403 ($adff) from module auth_ctrl (D = $0\state[3:0], Q = \state).

15.9.7. Executing OPT_CLEAN pass (remove unused cells and wires).
Finding unused cells or wires in module \auth_ctrl..

15.9.8. Executing OPT_EXPR pass (perform const folding).
Optimizing module auth_ctrl.

15.9.9. Rerunning OPT passes. (Maybe there is more to do..)

15.9.10. Executing OPT_MUXTREE pass (detect dead branches in mux trees).
Running muxtree optimizer on module \auth_ctrl..
  Creating internal representation of mux trees.
  Evaluating internal representation of mux trees.
  Analyzing evaluation results.
Removed 0 multiplexer ports.
<suppressed ~5 debug messages>

15.9.11. Executing OPT_REDUCE pass (consolidate $*mux and $reduce_* inputs).
  Optimizing cells in module \auth_ctrl.
Performed a total of 0 changes.

15.9.12. Executing OPT_MERGE pass (detect identical cells).
Finding identical cells in module `\auth_ctrl'.
Removed a total of 0 cells.

15.9.13. Executing OPT_DFF pass (perform DFF optimizations).

15.9.14. Executing OPT_CLEAN pass (remove unused cells and wires).
Finding unused cells or wires in module \auth_ctrl..

15.9.15. Executing OPT_EXPR pass (perform const folding).
Optimizing module auth_ctrl.

15.9.16. Finished OPT passes. (There is nothing left to do.)

15.10. Executing WREDUCE pass (reducing word size of cells).
Removed top 2 bits (of 4) from port B of cell auth_ctrl.$ne$src/auth_ctrl.v:75$6 ($ne).
Removed top 1 bits (of 4) from port B of cell auth_ctrl.$ne$src/auth_ctrl.v:75$8 ($ne).
Removed top 3 bits (of 4) from port B of cell auth_ctrl.$eq$src/auth_ctrl.v:85$17 ($eq).
Removed top 1 bits (of 4) from port B of cell auth_ctrl.$eq$src/auth_ctrl.v:89$19 ($eq).
Removed top 2 bits (of 4) from port B of cell auth_ctrl.$eq$src/auth_ctrl.v:90$20 ($eq).
Removed top 1 bits (of 4) from port B of cell auth_ctrl.$eq$src/auth_ctrl.v:91$21 ($eq).
Removed top 2 bits (of 4) from port B of cell auth_ctrl.$eq$src/auth_ctrl.v:95$25 ($eq).
Removed top 1 bits (of 4) from port B of cell auth_ctrl.$eq$src/auth_ctrl.v:95$26 ($eq).
Removed top 1 bits (of 4) from port B of cell auth_ctrl.$eq$src/auth_ctrl.v:96$30 ($eq).
Removed top 3 bits (of 4) from port B of cell auth_ctrl.$auto$opt_dff.cc:195:make_patterns_logic$416 ($ne).
Removed top 3 bits (of 4) from port B of cell auth_ctrl.$auto$opt_dff.cc:195:make_patterns_logic$418 ($ne).
Removed top 2 bits (of 4) from port B of cell auth_ctrl.$auto$opt_dff.cc:195:make_patterns_logic$420 ($ne).
Removed top 2 bits (of 4) from port B of cell auth_ctrl.$auto$opt_dff.cc:195:make_patterns_logic$422 ($ne).
Removed top 3 bits (of 4) from port B of cell auth_ctrl.$auto$opt_dff.cc:195:make_patterns_logic$430 ($ne).
Removed top 2 bits (of 4) from port B of cell auth_ctrl.$auto$opt_dff.cc:195:make_patterns_logic$428 ($ne).
Removed top 2 bits (of 4) from port B of cell auth_ctrl.$auto$opt_dff.cc:195:make_patterns_logic$426 ($ne).
Removed top 2 bits (of 4) from port B of cell auth_ctrl.$auto$opt_dff.cc:195:make_patterns_logic$424 ($ne).

15.11. Executing PEEPOPT pass (run peephole optimizers).

15.12. Executing OPT_CLEAN pass (remove unused cells and wires).
Finding unused cells or wires in module \auth_ctrl..

15.13. Executing ALUMACC pass (create $alu and $macc cells).
Extracting $alu and $macc cells in module auth_ctrl:
  creating $macc model for $add$src/auth_ctrl.v:111$47 ($add).
  creating $alu model for $macc $add$src/auth_ctrl.v:111$47.
  creating $alu cell for $add$src/auth_ctrl.v:111$47: $auto$alumacc.cc:495:replace_alu$433
  created 1 $alu and 0 $macc cells.

15.14. Executing SHARE pass (SAT-based resource sharing).

15.15. Executing OPT pass (performing simple optimizations).

15.15.1. Executing OPT_EXPR pass (perform const folding).
Optimizing module auth_ctrl.

15.15.2. Executing OPT_MERGE pass (detect identical cells).
Finding identical cells in module `\auth_ctrl'.
Removed a total of 0 cells.

15.15.3. Executing OPT_MUXTREE pass (detect dead branches in mux trees).
Running muxtree optimizer on module \auth_ctrl..
  Creating internal representation of mux trees.
  Evaluating internal representation of mux trees.
  Analyzing evaluation results.
Removed 0 multiplexer ports.
<suppressed ~5 debug messages>

15.15.4. Executing OPT_REDUCE pass (consolidate $*mux and $reduce_* inputs).
  Optimizing cells in module \auth_ctrl.
Performed a total of 0 changes.

15.15.5. Executing OPT_MERGE pass (detect identical cells).
Finding identical cells in module `\auth_ctrl'.
Removed a total of 0 cells.

15.15.6. Executing OPT_DFF pass (perform DFF optimizations).

15.15.7. Executing OPT_CLEAN pass (remove unused cells and wires).
Finding unused cells or wires in module \auth_ctrl..

15.15.8. Executing OPT_EXPR pass (perform const folding).
Optimizing module auth_ctrl.

15.15.9. Finished OPT passes. (There is nothing left to do.)

15.16. Executing MEMORY pass.

15.16.1. Executing OPT_MEM pass (optimize memories).
Performed a total of 0 transformations.

15.16.2. Executing OPT_MEM_PRIORITY pass (removing unnecessary memory write priority relations).
Performed a total of 0 transformations.

15.16.3. Executing OPT_MEM_FEEDBACK pass (finding memory read-to-write feedback paths).

15.16.4. Executing MEMORY_BMUX2ROM pass (converting muxes to ROMs).

15.16.5. Executing MEMORY_DFF pass (merging $dff cells to $memrd).

15.16.6. Executing OPT_CLEAN pass (remove unused cells and wires).
Finding unused cells or wires in module \auth_ctrl..

15.16.7. Executing MEMORY_SHARE pass (consolidating $memrd/$memwr cells).

15.16.8. Executing OPT_MEM_WIDEN pass (optimize memories where all ports are wide).
Performed a total of 0 transformations.

15.16.9. Executing OPT_CLEAN pass (remove unused cells and wires).
Finding unused cells or wires in module \auth_ctrl..

15.16.10. Executing MEMORY_COLLECT pass (generating $mem cells).

15.17. Executing OPT_CLEAN pass (remove unused cells and wires).
Finding unused cells or wires in module \auth_ctrl..

15.18. Executing OPT pass (performing simple optimizations).

15.18.1. Executing OPT_EXPR pass (perform const folding).
Optimizing module auth_ctrl.
<suppressed ~9 debug messages>

15.18.2. Executing OPT_MERGE pass (detect identical cells).
Finding identical cells in module `\auth_ctrl'.
Removed a total of 0 cells.

15.18.3. Executing OPT_DFF pass (perform DFF optimizations).

15.18.4. Executing OPT_CLEAN pass (remove unused cells and wires).
Finding unused cells or wires in module \auth_ctrl..
Removed 0 unused cells and 8 unused wires.
<suppressed ~1 debug messages>

15.18.5. Finished fast OPT passes.

15.19. Executing MEMORY_MAP pass (converting memories to logic and flip-flops).

15.20. Executing OPT pass (performing simple optimizations).

15.20.1. Executing OPT_EXPR pass (perform const folding).
Optimizing module auth_ctrl.

15.20.2. Executing OPT_MERGE pass (detect identical cells).
Finding identical cells in module `\auth_ctrl'.
Removed a total of 0 cells.

15.20.3. Executing OPT_MUXTREE pass (detect dead branches in mux trees).
Running muxtree optimizer on module \auth_ctrl..
  Creating internal representation of mux trees.
  Evaluating internal representation of mux trees.
  Analyzing evaluation results.
Removed 0 multiplexer ports.
<suppressed ~4 debug messages>

15.20.4. Executing OPT_REDUCE pass (consolidate $*mux and $reduce_* inputs).
  Optimizing cells in module \auth_ctrl.
    New ctrl vector for $pmux cell $procmux$365: { $eq$src/auth_ctrl.v:84$14_Y \cmd_valid \rx_arm $eq$src/auth_ctrl.v:95$25_Y $eq$src/auth_ctrl.v:95$26_Y \seal_valid $eq$src/auth_ctrl.v:96$30_Y \tx_arm $eq$src/auth_ctrl.v:97$34_Y \session_end }
  Optimizing cells in module \auth_ctrl.
Performed a total of 1 changes.

15.20.5. Executing OPT_MERGE pass (detect identical cells).
Finding identical cells in module `\auth_ctrl'.
Removed a total of 0 cells.

15.20.6. Executing OPT_SHARE pass.

15.20.7. Executing OPT_DFF pass (perform DFF optimizations).

15.20.8. Executing OPT_CLEAN pass (remove unused cells and wires).
Finding unused cells or wires in module \auth_ctrl..

15.20.9. Executing OPT_EXPR pass (perform const folding).
Optimizing module auth_ctrl.

15.20.10. Rerunning OPT passes. (Maybe there is more to do..)

15.20.11. Executing OPT_MUXTREE pass (detect dead branches in mux trees).
Running muxtree optimizer on module \auth_ctrl..
  Creating internal representation of mux trees.
  Evaluating internal representation of mux trees.
  Analyzing evaluation results.
Removed 0 multiplexer ports.
<suppressed ~4 debug messages>

15.20.12. Executing OPT_REDUCE pass (consolidate $*mux and $reduce_* inputs).
  Optimizing cells in module \auth_ctrl.
Performed a total of 0 changes.

15.20.13. Executing OPT_MERGE pass (detect identical cells).
Finding identical cells in module `\auth_ctrl'.
Removed a total of 0 cells.

15.20.14. Executing OPT_SHARE pass.

15.20.15. Executing OPT_DFF pass (perform DFF optimizations).

15.20.16. Executing OPT_CLEAN pass (remove unused cells and wires).
Finding unused cells or wires in module \auth_ctrl..

15.20.17. Executing OPT_EXPR pass (perform const folding).
Optimizing module auth_ctrl.

15.20.18. Finished OPT passes. (There is nothing left to do.)

15.21. Executing TECHMAP pass (map to technology primitives).

15.21.1. Executing Verilog-2005 frontend: /mnt/c/Users/user/Desktop/HACKATHON/.tools/root/usr/bin/../share/yosys/techmap.v
Parsing Verilog input from `/mnt/c/Users/user/Desktop/HACKATHON/.tools/root/usr/bin/../share/yosys/techmap.v' to AST representation.
Generating RTLIL representation for module `\_90_simplemap_bool_ops'.
Generating RTLIL representation for module `\_90_simplemap_reduce_ops'.
Generating RTLIL representation for module `\_90_simplemap_logic_ops'.
Generating RTLIL representation for module `\_90_simplemap_compare_ops'.
Generating RTLIL representation for module `\_90_simplemap_various'.
Generating RTLIL representation for module `\_90_simplemap_registers'.
Generating RTLIL representation for module `\_90_shift_ops_shr_shl_sshl_sshr'.
Generating RTLIL representation for module `\_90_shift_shiftx'.
Generating RTLIL representation for module `\_90_fa'.
Generating RTLIL representation for module `\_90_lcu_brent_kung'.
Generating RTLIL representation for module `\_90_alu'.
Generating RTLIL representation for module `\_90_macc'.
Generating RTLIL representation for module `\_90_alumacc'.
Generating RTLIL representation for module `\$__div_mod_u'.
Generating RTLIL representation for module `\$__div_mod_trunc'.
Generating RTLIL representation for module `\_90_div'.
Generating RTLIL representation for module `\_90_mod'.
Generating RTLIL representation for module `\$__div_mod_floor'.
Generating RTLIL representation for module `\_90_divfloor'.
Generating RTLIL representation for module `\_90_modfloor'.
Generating RTLIL representation for module `\_90_pow'.
Generating RTLIL representation for module `\_90_pmux'.
Generating RTLIL representation for module `\_90_demux'.
Generating RTLIL representation for module `\_90_lut'.
Successfully finished Verilog frontend.

15.21.2. Continuing TECHMAP pass.
Using extmapper simplemap for cells of type $eq.
Using extmapper simplemap for cells of type $logic_and.
Using extmapper simplemap for cells of type $ne.
Using extmapper simplemap for cells of type $logic_not.
Using extmapper simplemap for cells of type $logic_or.
Using extmapper simplemap for cells of type $adffe.
Using extmapper simplemap for cells of type $reduce_bool.
Using extmapper simplemap for cells of type $or.
Using extmapper simplemap for cells of type $mux.
Using template $paramod$274c8d34472ef950383656115be6e1c8ace5024c\_90_pmux for cells of type $pmux.
Using extmapper simplemap for cells of type $adff.
Using template $paramod$215440792383f7884e57d9c95f84e9552d0bf4ac\_90_alu for cells of type $alu.
Using extmapper simplemap for cells of type $reduce_and.
Using extmapper simplemap for cells of type $reduce_or.
Using extmapper simplemap for cells of type $and.
Using extmapper simplemap for cells of type $not.
Using extmapper simplemap for cells of type $pos.
Using template $paramod\_90_lcu_brent_kung\WIDTH=32'00000000000000000000000000001101 for cells of type $lcu.
Using extmapper simplemap for cells of type $xor.
No more expansions possible.
<suppressed ~363 debug messages>

15.22. Executing OPT pass (performing simple optimizations).

15.22.1. Executing OPT_EXPR pass (perform const folding).
Optimizing module auth_ctrl.
<suppressed ~261 debug messages>

15.22.2. Executing OPT_MERGE pass (detect identical cells).
Finding identical cells in module `\auth_ctrl'.
<suppressed ~204 debug messages>
Removed a total of 68 cells.

15.22.3. Executing OPT_DFF pass (perform DFF optimizations).

15.22.4. Executing OPT_CLEAN pass (remove unused cells and wires).
Finding unused cells or wires in module \auth_ctrl..
Removed 7 unused cells and 193 unused wires.
<suppressed ~8 debug messages>

15.22.5. Finished fast OPT passes.

15.23. Executing HIERARCHY pass (managing design hierarchy).
Attribute `top' found on module `auth_ctrl'. Setting top module to auth_ctrl.

15.23.1. Analyzing design hierarchy..
Top module:  \auth_ctrl

15.23.2. Analyzing design hierarchy..
Top module:  \auth_ctrl
Removed 0 unused modules.

15.24. Printing statistics.

=== auth_ctrl ===

   Number of wires:                135
   Number of wire bits:            608
   Number of public wires:          34
   Number of public wire bits:     303
   Number of ports:                 28
   Number of port bits:            282
   Number of memories:               0
   Number of memory bits:            0
   Number of processes:              0
   Number of cells:                263
     $_AND_                         38
     $_DFFE_PN0P_                    4
     $_DFF_PN0_                     14
     $_MUX_                         93
     $_NOT_                         24
     $_OR_                          78
     $_XOR_                         12

15.25. Executing CHECK pass (checking for obvious problems).
Checking module auth_ctrl...
Found and reported 0 problems.

16. Executing DFFLIBMAP pass (mapping DFF cells to sequential cells from liberty file).
  cell sg13g2_dfrbpq_1 (noninv, pins=4, area=48.99) is a direct match for cell type $_DFF_PN0_.
  final dff cell mappings:
    unmapped dff cell: $_DFF_N_
    unmapped dff cell: $_DFF_P_
    unmapped dff cell: $_DFF_NN0_
    unmapped dff cell: $_DFF_NN1_
    unmapped dff cell: $_DFF_NP0_
    unmapped dff cell: $_DFF_NP1_
    \sg13g2_dfrbpq_1 _DFF_PN0_ (.CLK( C), .D( D), .Q( Q), .RESET_B( R));
    unmapped dff cell: $_DFF_PN1_
    unmapped dff cell: $_DFF_PP0_
    unmapped dff cell: $_DFF_PP1_
    unmapped dff cell: $_DFFE_NN_
    unmapped dff cell: $_DFFE_NP_
    unmapped dff cell: $_DFFE_PN_
    unmapped dff cell: $_DFFE_PP_
    unmapped dff cell: $_DFFSR_NNN_
    unmapped dff cell: $_DFFSR_NNP_
    unmapped dff cell: $_DFFSR_NPN_
    unmapped dff cell: $_DFFSR_NPP_
    unmapped dff cell: $_DFFSR_PNN_
    unmapped dff cell: $_DFFSR_PNP_
    unmapped dff cell: $_DFFSR_PPN_
    unmapped dff cell: $_DFFSR_PPP_

16.1. Executing DFFLEGALIZE pass (convert FFs to types supported by the target).
<suppressed ~4 debug messages>
Mapping DFF cells in module `\auth_ctrl':
  mapped 18 $_DFF_PN0_ cells to \sg13g2_dfrbpq_1 cells.

17. Executing ABC pass (technology mapping using ABC).

17.1. Extracting gate netlist of module `\auth_ctrl' to `<abc-temp-dir>/input.blif'..
Extracted 249 gates and 281 wires to a netlist network with 30 inputs and 26 outputs.

17.1.1. Executing ABC.
Running ABC command: "<yosys-exe-dir>/yosys-abc" -s -f <abc-temp-dir>/abc.script 2>&1
ABC: ABC command line: "source <abc-temp-dir>/abc.script".
ABC: 
ABC: + read_blif <abc-temp-dir>/input.blif 
ABC: + read_lib -w /mnt/c/Users/user/Desktop/HACKATHON/.tools/IHP-Open-PDK-partial/ihp-sg13g2/libs.ref/sg13g2_stdcell/lib/sg13g2_stdcell_typ_1p20V_25C.lib 
ABC: Parsing finished successfully.  Parsing time =     0.02 sec
ABC: Scl_LibertyReadGenlib() skipped cell "sg13g2_antennanp" due to dont_use attribute.
ABC: Scl_LibertyReadGenlib() skipped cell "sg13g2_decap_4" due to dont_use attribute.
ABC: Scl_LibertyReadGenlib() skipped cell "sg13g2_decap_8" due to dont_use attribute.
ABC: Scl_LibertyReadGenlib() skipped sequential cell "sg13g2_dfrbp_1".
ABC: Scl_LibertyReadGenlib() skipped sequential cell "sg13g2_dfrbp_2".
ABC: Scl_LibertyReadGenlib() skipped sequential cell "sg13g2_dfrbpq_1".
ABC: Scl_LibertyReadGenlib() skipped sequential cell "sg13g2_dfrbpq_2".
ABC: Scl_LibertyReadGenlib() skipped sequential cell "sg13g2_dlhq_1".
ABC: Scl_LibertyReadGenlib() skipped sequential cell "sg13g2_dlhr_1".
ABC: Scl_LibertyReadGenlib() skipped sequential cell "sg13g2_dlhrq_1".
ABC: Scl_LibertyReadGenlib() skipped sequential cell "sg13g2_dllr_1".
ABC: Scl_LibertyReadGenlib() skipped sequential cell "sg13g2_dllrq_1".
ABC: Scl_LibertyReadGenlib() skipped three-state cell "sg13g2_ebufn_2".
ABC: Scl_LibertyReadGenlib() skipped three-state cell "sg13g2_ebufn_4".
ABC: Scl_LibertyReadGenlib() skipped three-state cell "sg13g2_ebufn_8".
ABC: Scl_LibertyReadGenlib() skipped three-state cell "sg13g2_einvn_2".
ABC: Scl_LibertyReadGenlib() skipped three-state cell "sg13g2_einvn_4".
ABC: Scl_LibertyReadGenlib() skipped three-state cell "sg13g2_einvn_8".
ABC: Scl_LibertyReadGenlib() skipped cell "sg13g2_fill_1" due to dont_use attribute.
ABC: Scl_LibertyReadGenlib() skipped cell "sg13g2_fill_2" due to dont_use attribute.
ABC: Scl_LibertyReadGenlib() skipped cell "sg13g2_fill_4" due to dont_use attribute.
ABC: Scl_LibertyReadGenlib() skipped cell "sg13g2_fill_8" due to dont_use attribute.
ABC: Scl_LibertyReadGenlib() skipped cell "sg13g2_lgcp_1" due to dont_use attribute.
ABC: Scl_LibertyReadGenlib() skipped sequential cell "sg13g2_sdfbbp_1".
ABC: Scl_LibertyReadGenlib() skipped sequential cell "sg13g2_sdfrbp_1".
ABC: Scl_LibertyReadGenlib() skipped sequential cell "sg13g2_sdfrbp_2".
ABC: Scl_LibertyReadGenlib() skipped sequential cell "sg13g2_sdfrbpq_1".
ABC: Scl_LibertyReadGenlib() skipped sequential cell "sg13g2_sdfrbpq_2".
ABC: Scl_LibertyReadGenlib() skipped cell "sg13g2_sighold" due to dont_use attribute.
ABC: Scl_LibertyReadGenlib() skipped cell "sg13g2_slgcp_1" due to dont_use attribute.
ABC: Library "sg13g2_stdcell_typ_1p20V_25C" from "/mnt/c/Users/user/Desktop/HACKATHON/.tools/IHP-Open-PDK-partial/ihp-sg13g2/libs.ref/sg13g2_stdcell/lib/sg13g2_stdcell_typ_1p20V_25C.lib" has 54 cells (20 skipped: 14 seq; 6 tri-state; 0 no func; 10 dont_use).  Time =     0.02 sec
ABC: Memory =    2.85 MB. Time =     0.02 sec
ABC: + strash 
ABC: + &get -n 
ABC: + &fraig -x 
ABC: + &put 
ABC: + scorr 
ABC: Warning: The network is combinational (run "fraig" or "fraig_sweep").
ABC: + dc2 
ABC: + dretime 
ABC: + strash 
ABC: + &get -n 
ABC: + &dch -f 
ABC: + &nf 
ABC: + &put 
ABC: + write_blif <abc-temp-dir>/output.blif 

17.1.2. Re-integrating ABC results.
ABC RESULTS:     sg13g2_a21o_1 cells:        1
ABC RESULTS:    sg13g2_a21oi_1 cells:        8
ABC RESULTS:   sg13g2_a221oi_1 cells:        2
ABC RESULTS:     sg13g2_and2_1 cells:        6
ABC RESULTS:     sg13g2_and3_1 cells:        3
ABC RESULTS:     sg13g2_and4_1 cells:        1
ABC RESULTS:      sg13g2_inv_1 cells:        4
ABC RESULTS:     sg13g2_mux2_1 cells:        3
ABC RESULTS:    sg13g2_nand2_1 cells:       11
ABC RESULTS:   sg13g2_nand2b_1 cells:        6
ABC RESULTS:    sg13g2_nand3_1 cells:        4
ABC RESULTS:    sg13g2_nand4_1 cells:        2
ABC RESULTS:     sg13g2_nor2_1 cells:       20
ABC RESULTS:    sg13g2_nor2b_1 cells:        6
ABC RESULTS:     sg13g2_nor3_1 cells:       11
ABC RESULTS:     sg13g2_nor4_1 cells:        3
ABC RESULTS:    sg13g2_o21ai_1 cells:        9
ABC RESULTS:      sg13g2_or2_1 cells:        2
ABC RESULTS:    sg13g2_xnor2_1 cells:        2
ABC RESULTS:     sg13g2_xor2_1 cells:        1
ABC RESULTS:        internal signals:      225
ABC RESULTS:           input signals:       30
ABC RESULTS:          output signals:       26
Removing temp directory.
Removed 0 unused cells and 157 unused wires.

18. Printing statistics.

=== auth_ctrl ===

   Number of wires:                117
   Number of wire bits:            398
   Number of public wires:          32
   Number of public wire bits:     301
   Number of ports:                 28
   Number of port bits:            282
   Number of memories:               0
   Number of memory bits:            0
   Number of processes:              0
   Number of cells:                123
     sg13g2_a21o_1                   1
     sg13g2_a21oi_1                  8
     sg13g2_a221oi_1                 2
     sg13g2_and2_1                   6
     sg13g2_and3_1                   3
     sg13g2_and4_1                   1
     sg13g2_dfrbpq_1                18
     sg13g2_inv_1                    4
     sg13g2_mux2_1                   3
     sg13g2_nand2_1                 11
     sg13g2_nand2b_1                 6
     sg13g2_nand3_1                  4
     sg13g2_nand4_1                  2
     sg13g2_nor2_1                  20
     sg13g2_nor2b_1                  6
     sg13g2_nor3_1                  11
     sg13g2_nor4_1                   3
     sg13g2_o21ai_1                  9
     sg13g2_or2_1                    2
     sg13g2_xnor2_1                  2
     sg13g2_xor2_1                   1

   Chip area for module '\auth_ctrl': 1847.059200
     of which used for sequential elements: 881.798400 (47.74%)

19. Executing CHECK pass (checking for obvious problems).
Checking module auth_ctrl...
Found and reported 0 problems.

End of script. Logfile hash: 4212bb278f, CPU: user 0.16s system 0.02s, MEM: 19.62 MB peak
Yosys 0.52 (git sha1 fee39a3284c90249e1d9684cf6944ffbbcbb8f90)
Time spent: 40% 1x abc (0 sec), 14% 14x read_verilog (0 sec), ...
