- V e r i l a t i o n   R e p o r t: Verilator 5.032 2025-01-01 rev (Debian 5.032-1)
- Verilator: Built from 0.575 MB sources in 21 modules, into 0.152 MB in 5 C++ files needing 0.000 MB
- Verilator: Walltime 0.116 s (elab=0.013, cvt=0.021, bld=0.000); cpu 0.043 s on 1 threads; alloced 10.438 MB
== unit:szymon_fixed ==
+ /usr/bin/python3 scripts/gen_fixed_round_keys.py /mnt/c/Users/user/Desktop/HACKATHON/.build/fixed_round_keys_default.mem 0x1b1a1918131211100b0a090803020100 0xf0e1d2c3b4a5968778695a4b3c2d1e0f
generated 44 fixed-key pairs: /mnt/c/Users/user/Desktop/HACKATHON/.build/fixed_round_keys_default.mem
+ /mnt/c/Users/user/Desktop/HACKATHON/scripts/local_tool.sh iverilog -g2012 -Wall -s tb_szymon_fixed -o /mnt/c/Users/user/Desktop/HACKATHON/.build/tb_szymon_fixed_default.vvp src/szymon_fixed.v test/unit/tb_szymon_fixed.sv
+ /mnt/c/Users/user/Desktop/HACKATHON/scripts/local_tool.sh vvp /mnt/c/Users/user/Desktop/HACKATHON/.build/tb_szymon_fixed_default.vvp +ROUND_KEYS=/mnt/c/Users/user/Desktop/HACKATHON/.build/fixed_round_keys_default.mem
PASS tb_szymon_fixed: GOOD/BAD KAT, 9344 cycles, key bits, data hold, 28 abort phases, rearm
+ /usr/bin/python3 scripts/gen_fixed_round_keys.py /mnt/c/Users/user/Desktop/HACKATHON/.build/fixed_round_keys_alternate.mem 0x00000000000000000000000000000000 0xffffffffffffffffffffffffffffffff
generated 44 fixed-key pairs: /mnt/c/Users/user/Desktop/HACKATHON/.build/fixed_round_keys_alternate.mem
+ /mnt/c/Users/user/Desktop/HACKATHON/scripts/local_tool.sh iverilog -g2012 -Wall -s tb_szymon_fixed -Ptb_szymon_fixed.TEST_KEY_GOOD=128'h00000000000000000000000000000000 -Ptb_szymon_fixed.TEST_KEY_BAD=128'hffffffffffffffffffffffffffffffff -Ptb_szymon_fixed.EXPECT_GOOD=64'h2add22b74aaedac1 -Ptb_szymon_fixed.EXPECT_BAD=64'h0c60d513bb08041d -o /mnt/c/Users/user/Desktop/HACKATHON/.build/tb_szymon_fixed_alternate.vvp src/szymon_fixed.v test/unit/tb_szymon_fixed.sv
+ /mnt/c/Users/user/Desktop/HACKATHON/scripts/local_tool.sh vvp /mnt/c/Users/user/Desktop/HACKATHON/.build/tb_szymon_fixed_alternate.vvp +ROUND_KEYS=/mnt/c/Users/user/Desktop/HACKATHON/.build/fixed_round_keys_alternate.mem
PASS tb_szymon_fixed: GOOD/BAD KAT, 9344 cycles, key bits, data hold, 28 abort phases, rearm
+ /usr/bin/python3 scripts/gen_fixed_round_keys.py /mnt/c/Users/user/Desktop/HACKATHON/.build/fixed_round_keys_random_0.mem 0x24d322e8325b1c77900285da2d71002d 0xa6d02f4e7e4417620311d65b620607e
generated 44 fixed-key pairs: /mnt/c/Users/user/Desktop/HACKATHON/.build/fixed_round_keys_random_0.mem
+ /mnt/c/Users/user/Desktop/HACKATHON/scripts/local_tool.sh iverilog -g2012 -Wall -s tb_szymon_fixed -Ptb_szymon_fixed.TEST_KEY_GOOD=128'h24d322e8325b1c77900285da2d71002d -Ptb_szymon_fixed.TEST_KEY_BAD=128'h0a6d02f4e7e4417620311d65b620607e -Ptb_szymon_fixed.EXPECT_GOOD=64'h1cb6abd601ad7eb4 -Ptb_szymon_fixed.EXPECT_BAD=64'h8aa5210613f61e58 -o /mnt/c/Users/user/Desktop/HACKATHON/.build/tb_szymon_fixed_random_0.vvp src/szymon_fixed.v test/unit/tb_szymon_fixed.sv
+ /mnt/c/Users/user/Desktop/HACKATHON/scripts/local_tool.sh vvp /mnt/c/Users/user/Desktop/HACKATHON/.build/tb_szymon_fixed_random_0.vvp +ROUND_KEYS=/mnt/c/Users/user/Desktop/HACKATHON/.build/fixed_round_keys_random_0.mem
PASS tb_szymon_fixed: GOOD/BAD KAT, 9344 cycles, key bits, data hold, 28 abort phases, rearm
+ /usr/bin/python3 scripts/gen_fixed_round_keys.py /mnt/c/Users/user/Desktop/HACKATHON/.build/fixed_round_keys_random_1.mem 0x3d35924af7e10d4b6cd96d0d494b3796 0xdf4b84b744f6a8ec8ac03351acb52059
generated 44 fixed-key pairs: /mnt/c/Users/user/Desktop/HACKATHON/.build/fixed_round_keys_random_1.mem
+ /mnt/c/Users/user/Desktop/HACKATHON/scripts/local_tool.sh iverilog -g2012 -Wall -s tb_szymon_fixed -Ptb_szymon_fixed.TEST_KEY_GOOD=128'h3d35924af7e10d4b6cd96d0d494b3796 -Ptb_szymon_fixed.TEST_KEY_BAD=128'hdf4b84b744f6a8ec8ac03351acb52059 -Ptb_szymon_fixed.EXPECT_GOOD=64'h5cddf336078d145f -Ptb_szymon_fixed.EXPECT_BAD=64'h23d70d46d050eb32 -o /mnt/c/Users/user/Desktop/HACKATHON/.build/tb_szymon_fixed_random_1.vvp src/szymon_fixed.v test/unit/tb_szymon_fixed.sv
+ /mnt/c/Users/user/Desktop/HACKATHON/scripts/local_tool.sh vvp /mnt/c/Users/user/Desktop/HACKATHON/.build/tb_szymon_fixed_random_1.vvp +ROUND_KEYS=/mnt/c/Users/user/Desktop/HACKATHON/.build/fixed_round_keys_random_1.mem
PASS tb_szymon_fixed: GOOD/BAD KAT, 9344 cycles, key bits, data hold, 28 abort phases, rearm
+ /usr/bin/python3 scripts/gen_fixed_round_keys.py /mnt/c/Users/user/Desktop/HACKATHON/.build/fixed_round_keys_random_2.mem 0xd1c530f6273523cfc1dde0527b7f7cac 0xaa0beb29a21efdcd0543a80ff53cf1d7
generated 44 fixed-key pairs: /mnt/c/Users/user/Desktop/HACKATHON/.build/fixed_round_keys_random_2.mem
+ /mnt/c/Users/user/Desktop/HACKATHON/scripts/local_tool.sh iverilog -g2012 -Wall -s tb_szymon_fixed -Ptb_szymon_fixed.TEST_KEY_GOOD=128'hd1c530f6273523cfc1dde0527b7f7cac -Ptb_szymon_fixed.TEST_KEY_BAD=128'haa0beb29a21efdcd0543a80ff53cf1d7 -Ptb_szymon_fixed.EXPECT_GOOD=64'h5fcd1ef869ed2453 -Ptb_szymon_fixed.EXPECT_BAD=64'hb4e91c0cdb44d529 -o /mnt/c/Users/user/Desktop/HACKATHON/.build/tb_szymon_fixed_random_2.vvp src/szymon_fixed.v test/unit/tb_szymon_fixed.sv
+ /mnt/c/Users/user/Desktop/HACKATHON/scripts/local_tool.sh vvp /mnt/c/Users/user/Desktop/HACKATHON/.build/tb_szymon_fixed_random_2.vvp +ROUND_KEYS=/mnt/c/Users/user/Desktop/HACKATHON/.build/fixed_round_keys_random_2.mem
PASS tb_szymon_fixed: GOOD/BAD KAT, 9344 cycles, key bits, data hold, 28 abort phases, rearm
+ /usr/bin/python3 scripts/gen_fixed_round_keys.py /mnt/c/Users/user/Desktop/HACKATHON/.build/fixed_round_keys_random_3.mem 0xa28fec54b2e1fa10eec3ecab74fa2e64 0x1056ff2c096c7b266160e3ee5c87dcb6
generated 44 fixed-key pairs: /mnt/c/Users/user/Desktop/HACKATHON/.build/fixed_round_keys_random_3.mem
+ /mnt/c/Users/user/Desktop/HACKATHON/scripts/local_tool.sh iverilog -g2012 -Wall -s tb_szymon_fixed -Ptb_szymon_fixed.TEST_KEY_GOOD=128'ha28fec54b2e1fa10eec3ecab74fa2e64 -Ptb_szymon_fixed.TEST_KEY_BAD=128'h1056ff2c096c7b266160e3ee5c87dcb6 -Ptb_szymon_fixed.EXPECT_GOOD=64'he4dd2bdc0d4bd3e1 -Ptb_szymon_fixed.EXPECT_BAD=64'hdd6ff66c70d53036 -o /mnt/c/Users/user/Desktop/HACKATHON/.build/tb_szymon_fixed_random_3.vvp src/szymon_fixed.v test/unit/tb_szymon_fixed.sv
+ /mnt/c/Users/user/Desktop/HACKATHON/scripts/local_tool.sh vvp /mnt/c/Users/user/Desktop/HACKATHON/.build/tb_szymon_fixed_random_3.vvp +ROUND_KEYS=/mnt/c/Users/user/Desktop/HACKATHON/.build/fixed_round_keys_random_3.mem
PASS tb_szymon_fixed: GOOD/BAD KAT, 9344 cycles, key bits, data hold, 28 abort phases, rearm
+ /mnt/c/Users/user/Desktop/HACKATHON/scripts/local_tool.sh iverilog -g2012 -Wall -s tb_rumcajs -o /mnt/c/Users/user/Desktop/HACKATHON/.build/tb_rumcajs.vvp src/sync2.v src/reset_release.v src/timebase.v src/kb.v src/regs.v src/szymon.v src/szymon_fixed.v src/serial_link.v src/auth_ctrl.v src/buzzer.v src/rumcajs.v test/integration/tb_rumcajs.sv
+ /mnt/c/Users/user/Desktop/HACKATHON/scripts/local_tool.sh vvp /mnt/c/Users/user/Desktop/HACKATHON/.build/tb_rumcajs.vvp
PASS tb_rumcajs 5 E2E sessions: GOOD/BAD/terminal lock/reset/ena
test/integration/tb_rumcajs.sv:107: $finish called at 939335000 (1ps)
+ /mnt/c/Users/user/Desktop/HACKATHON/scripts/local_tool.sh iverilog -g2012 -Wall -s tb_tt_um_rumcajs -o /mnt/c/Users/user/Desktop/HACKATHON/.build/tb_tt_um_rumcajs.vvp src/sync2.v src/reset_release.v src/timebase.v src/kb.v src/regs.v src/szymon.v src/szymon_fixed.v src/serial_link.v src/auth_ctrl.v src/buzzer.v src/rumcajs.v src/project.v test/integration/tb_tt_um_rumcajs.sv
+ /mnt/c/Users/user/Desktop/HACKATHON/scripts/local_tool.sh vvp /mnt/c/Users/user/Desktop/HACKATHON/.build/tb_tt_um_rumcajs.vvp
PASS tb_tt_um_rumcajs default timing GOOD/BAD and complete pin mapping
test/integration/tb_tt_um_rumcajs.sv:73: $finish called at 1290412000 (1ps)
+ /mnt/c/Users/user/Desktop/HACKATHON/scripts/local_tool.sh iverilog -g2012 -Wall -s tb_fault_sessions -o /mnt/c/Users/user/Desktop/HACKATHON/.build/tb_fault_sessions.vvp src/sync2.v src/reset_release.v src/timebase.v src/kb.v src/regs.v src/szymon.v src/szymon_fixed.v src/serial_link.v src/auth_ctrl.v src/buzzer.v src/rumcajs.v test/integration/tb_fault_sessions.sv
+ /mnt/c/Users/user/Desktop/HACKATHON/scripts/local_tool.sh vvp /mnt/c/Users/user/Desktop/HACKATHON/.build/tb_fault_sessions.vvp
PASS tb_fault_sessions idle/chord/hold/timeout/RX/CRYPT/replay/terminal-lock faults
test/integration/tb_fault_sessions.sv:114: $finish called at 582135000 (1ps)
+ /usr/bin/python3 scripts/gen_session_vectors.py /mnt/c/Users/user/Desktop/HACKATHON/.build/session_vectors.mem --count 256 --seed 0xE2E52517
generated 256 sessions seed=0xe2e52517 good=129 bad=127 cold_resets=50
+ /mnt/c/Users/user/Desktop/HACKATHON/scripts/local_tool.sh iverilog -g2012 -Wall -s tb_random_sessions -o /mnt/c/Users/user/Desktop/HACKATHON/.build/tb_random_sessions.vvp src/sync2.v src/reset_release.v src/timebase.v src/kb.v src/regs.v src/szymon.v src/szymon_fixed.v src/serial_link.v src/auth_ctrl.v src/buzzer.v src/rumcajs.v test/integration/tb_random_sessions.sv
+ /mnt/c/Users/user/Desktop/HACKATHON/scripts/local_tool.sh vvp /mnt/c/Users/user/Desktop/HACKATHON/.build/tb_random_sessions.vvp +VECTORS=/mnt/c/Users/user/Desktop/HACKATHON/.build/session_vectors.mem +COUNT=256
PASS tb_random_sessions count=256 cold_resets=51 handshakes=256
test/integration/tb_random_sessions.sv:114: $finish called at 46703285000 (1ps)
