
 /----------------------------------------------------------------------------\
 |  yosys -- Yosys Open SYnthesis Suite                                       |
 |  Copyright (C) 2012 - 2025  Claire Xenia Wolf <claire@yosyshq.com>         |
 |  Distributed under an ISC-like license, type "license" to see terms        |
 \----------------------------------------------------------------------------/
 Yosys 0.52 (git sha1 fee39a3284c90249e1d9684cf6944ffbbcbb8f90)

-- Running command `read_liberty -lib -ignore_miss_func .tools/IHP-Open-PDK-partial/ihp-sg13g2/libs.ref/sg13g2_stdcell/lib/sg13g2_stdcell_typ_1p20V_25C.lib; read_verilog  src/auth_ctrl.v src/buzzer.v src/kb.v src/project.v src/regs.v src/reset_release.v src/rumcajs.v src/serial_link.v src/sync2.v src/szymon.v .build/eight-ideas/joint.v src/timebase.v; hierarchy -check -top szymon_fixed; synth -top szymon_fixed -flatten -noabc; dfflibmap -liberty .tools/IHP-Open-PDK-partial/ihp-sg13g2/libs.ref/sg13g2_stdcell/lib/sg13g2_stdcell_typ_1p20V_25C.lib; abc -liberty .tools/IHP-Open-PDK-partial/ihp-sg13g2/libs.ref/sg13g2_stdcell/lib/sg13g2_stdcell_typ_1p20V_25C.lib -script "+strash; &get -n; &fraig -x; &put; scorr; dc2; dretime; strash; &get -n; &dch -f; &nf -a -F 16 -A 8 -R 1000; &put"; clean; stat -liberty .tools/IHP-Open-PDK-partial/ihp-sg13g2/libs.ref/sg13g2_stdcell/lib/sg13g2_stdcell_typ_1p20V_25C.lib; check; write_verilog -noattr .build/eight-ideas/joint.context-mapped.v' --

1. Executing Liberty frontend: .tools/IHP-Open-PDK-partial/ihp-sg13g2/libs.ref/sg13g2_stdcell/lib/sg13g2_stdcell_typ_1p20V_25C.lib
Imported 84 cell types from liberty file.

2. Executing Verilog-2005 frontend: src/auth_ctrl.v
Parsing Verilog input from `src/auth_ctrl.v' to AST representation.
Generating RTLIL representation for module `\auth_ctrl'.
Successfully finished Verilog frontend.

3. Executing Verilog-2005 frontend: src/buzzer.v
Parsing Verilog input from `src/buzzer.v' to AST representation.
Generating RTLIL representation for module `\buzzer'.
Successfully finished Verilog frontend.

4. Executing Verilog-2005 frontend: src/kb.v
Parsing Verilog input from `src/kb.v' to AST representation.
Generating RTLIL representation for module `\kb'.
Successfully finished Verilog frontend.

5. Executing Verilog-2005 frontend: src/project.v
Parsing Verilog input from `src/project.v' to AST representation.
Generating RTLIL representation for module `\tt_um_rumcajs'.
Successfully finished Verilog frontend.

6. Executing Verilog-2005 frontend: src/regs.v
Parsing Verilog input from `src/regs.v' to AST representation.
Generating RTLIL representation for module `\regs'.
Successfully finished Verilog frontend.

7. Executing Verilog-2005 frontend: src/reset_release.v
Parsing Verilog input from `src/reset_release.v' to AST representation.
Generating RTLIL representation for module `\reset_release'.
Successfully finished Verilog frontend.

8. Executing Verilog-2005 frontend: src/rumcajs.v
Parsing Verilog input from `src/rumcajs.v' to AST representation.
Generating RTLIL representation for module `\rumcajs'.
Successfully finished Verilog frontend.

9. Executing Verilog-2005 frontend: src/serial_link.v
Parsing Verilog input from `src/serial_link.v' to AST representation.
Generating RTLIL representation for module `\serial_link'.
Successfully finished Verilog frontend.

10. Executing Verilog-2005 frontend: src/sync2.v
Parsing Verilog input from `src/sync2.v' to AST representation.
Generating RTLIL representation for module `\sync2'.
Successfully finished Verilog frontend.

11. Executing Verilog-2005 frontend: src/szymon.v
Parsing Verilog input from `src/szymon.v' to AST representation.
Generating RTLIL representation for module `\szymon'.
Successfully finished Verilog frontend.

12. Executing Verilog-2005 frontend: .build/eight-ideas/joint.v
Parsing Verilog input from `.build/eight-ideas/joint.v' to AST representation.
Generating RTLIL representation for module `\szymon_fixed'.
Successfully finished Verilog frontend.

13. Executing Verilog-2005 frontend: src/timebase.v
Parsing Verilog input from `src/timebase.v' to AST representation.
Generating RTLIL representation for module `\timebase'.
Successfully finished Verilog frontend.

14. Executing HIERARCHY pass (managing design hierarchy).

14.1. Analyzing design hierarchy..
Top module:  \szymon_fixed

14.2. Analyzing design hierarchy..
Top module:  \szymon_fixed
Removing unused module `\timebase'.
Removing unused module `\szymon'.
Removing unused module `\sync2'.
Removing unused module `\serial_link'.
Removing unused module `\rumcajs'.
Removing unused module `\reset_release'.
Removing unused module `\regs'.
Removing unused module `\tt_um_rumcajs'.
Removing unused module `\kb'.
Removing unused module `\buzzer'.
Removing unused module `\auth_ctrl'.
Removed 11 unused modules.

15. Executing SYNTH pass.

15.1. Executing HIERARCHY pass (managing design hierarchy).

15.1.1. Analyzing design hierarchy..
Top module:  \szymon_fixed

15.1.2. Analyzing design hierarchy..
Top module:  \szymon_fixed
Removed 0 unused modules.

15.2. Executing PROC pass (convert processes to netlists).

15.2.1. Executing PROC_CLEAN pass (remove empty switches from decision trees).
Cleaned up 0 empty switches.

15.2.2. Executing PROC_RMDEAD pass (remove dead branches from decision trees).
Marked 1 switch rules as full_case in process $proc$.build/eight-ideas/joint.v:251$378 in module szymon_fixed.
Marked 7 switch rules as full_case in process $proc$.build/eight-ideas/joint.v:156$342 in module szymon_fixed.
Marked 1 switch rules as full_case in process $proc$.build/eight-ideas/joint.v:123$311 in module szymon_fixed.
Marked 1 switch rules as full_case in process $proc$.build/eight-ideas/joint.v:94$299 in module szymon_fixed.
Removed a total of 0 dead cases.

15.2.3. Executing PROC_PRUNE pass (remove redundant assignments in processes).
Removed 2 redundant assignments.
Promoted 1 assignment to connection.

15.2.4. Executing PROC_INIT pass (extract init attributes).

15.2.5. Executing PROC_ARST pass (detect async resets in processes).
Found async reset \rst_n in `\szymon_fixed.$proc$.build/eight-ideas/joint.v:156$342'.

15.2.6. Executing PROC_ROM pass (convert switches to ROMs).
Converted 0 switches.
<suppressed ~16 debug messages>

15.2.7. Executing PROC_MUX pass (convert decision trees to multiplexers).
Creating decoders for process `\szymon_fixed.$proc$.build/eight-ideas/joint.v:251$378'.
     1/2: $0\b[31:0]
     2/2: $0\a[31:0]
Creating decoders for process `\szymon_fixed.$proc$.build/eight-ideas/joint.v:156$342'.
     1/4: $0\key_select[0:0]
     2/4: $0\round_count[5:0]
     3/4: $0\bit_count[5:0]
     4/4: $0\state[2:0]
Creating decoders for process `\szymon_fixed.$proc$.build/eight-ideas/joint.v:123$311'.
     1/3: $0\key_accumulator[0:0]
     2/3: $0\key_phase[1:0]
     3/3: $0\key_depth[2:0]
Creating decoders for process `\szymon_fixed.$proc$.build/eight-ideas/joint.v:94$299'.
     1/1: $1\bit_offset[4:0]

15.2.8. Executing PROC_DLATCH pass (convert process syncs to latches).
No latch inferred for signal `\szymon_fixed.\bit_offset' from process `\szymon_fixed.$proc$.build/eight-ideas/joint.v:94$299'.

15.2.9. Executing PROC_DFF pass (convert process syncs to FFs).
Creating register for signal `\szymon_fixed.\a' using process `\szymon_fixed.$proc$.build/eight-ideas/joint.v:251$378'.
  created $dff cell `$procdff$512' with positive edge clock.
Creating register for signal `\szymon_fixed.\b' using process `\szymon_fixed.$proc$.build/eight-ideas/joint.v:251$378'.
  created $dff cell `$procdff$513' with positive edge clock.
Creating register for signal `\szymon_fixed.\state' using process `\szymon_fixed.$proc$.build/eight-ideas/joint.v:156$342'.
  created $adff cell `$procdff$518' with positive edge clock and positive level reset.
Creating register for signal `\szymon_fixed.\bit_count' using process `\szymon_fixed.$proc$.build/eight-ideas/joint.v:156$342'.
  created $adff cell `$procdff$523' with positive edge clock and positive level reset.
Creating register for signal `\szymon_fixed.\round_count' using process `\szymon_fixed.$proc$.build/eight-ideas/joint.v:156$342'.
  created $adff cell `$procdff$528' with positive edge clock and positive level reset.
Creating register for signal `\szymon_fixed.\key_select' using process `\szymon_fixed.$proc$.build/eight-ideas/joint.v:156$342'.
  created $adff cell `$procdff$533' with positive edge clock and positive level reset.
Creating register for signal `\szymon_fixed.\key_phase' using process `\szymon_fixed.$proc$.build/eight-ideas/joint.v:123$311'.
  created $dff cell `$procdff$534' with positive edge clock.
Creating register for signal `\szymon_fixed.\key_depth' using process `\szymon_fixed.$proc$.build/eight-ideas/joint.v:123$311'.
  created $dff cell `$procdff$535' with positive edge clock.
Creating register for signal `\szymon_fixed.\key_accumulator' using process `\szymon_fixed.$proc$.build/eight-ideas/joint.v:123$311'.
  created $dff cell `$procdff$536' with positive edge clock.

15.2.10. Executing PROC_MEMWR pass (convert process memory writes to cells).

15.2.11. Executing PROC_CLEAN pass (remove empty switches from decision trees).
Found and cleaned up 2 empty switches in `\szymon_fixed.$proc$.build/eight-ideas/joint.v:251$378'.
Removing empty process `szymon_fixed.$proc$.build/eight-ideas/joint.v:251$378'.
Found and cleaned up 11 empty switches in `\szymon_fixed.$proc$.build/eight-ideas/joint.v:156$342'.
Removing empty process `szymon_fixed.$proc$.build/eight-ideas/joint.v:156$342'.
Found and cleaned up 2 empty switches in `\szymon_fixed.$proc$.build/eight-ideas/joint.v:123$311'.
Removing empty process `szymon_fixed.$proc$.build/eight-ideas/joint.v:123$311'.
Found and cleaned up 1 empty switch in `\szymon_fixed.$proc$.build/eight-ideas/joint.v:94$299'.
Removing empty process `szymon_fixed.$proc$.build/eight-ideas/joint.v:94$299'.
Cleaned up 16 empty switches.

15.2.12. Executing OPT_EXPR pass (perform const folding).
Optimizing module szymon_fixed.
<suppressed ~20 debug messages>

15.3. Executing FLATTEN pass (flatten design).

15.4. Executing OPT_EXPR pass (perform const folding).
Optimizing module szymon_fixed.

15.5. Executing OPT_CLEAN pass (remove unused cells and wires).
Finding unused cells or wires in module \szymon_fixed..
Removed 6 unused cells and 83 unused wires.
<suppressed ~8 debug messages>

15.6. Executing CHECK pass (checking for obvious problems).
Checking module szymon_fixed...
Found and reported 0 problems.

15.7. Executing OPT pass (performing simple optimizations).

15.7.1. Executing OPT_EXPR pass (perform const folding).
Optimizing module szymon_fixed.

15.7.2. Executing OPT_MERGE pass (detect identical cells).
Finding identical cells in module `\szymon_fixed'.
<suppressed ~102 debug messages>
Removed a total of 34 cells.

15.7.3. Executing OPT_MUXTREE pass (detect dead branches in mux trees).
Running muxtree optimizer on module \szymon_fixed..
  Creating internal representation of mux trees.
  Evaluating internal representation of mux trees.
  Analyzing evaluation results.
Removed 0 multiplexer ports.
<suppressed ~13 debug messages>

15.7.4. Executing OPT_REDUCE pass (consolidate $*mux and $reduce_* inputs).
  Optimizing cells in module \szymon_fixed.
    New ctrl vector for $pmux cell $procmux$403: { \cmd_ready $auto$opt_reduce.cc:137:opt_pmux$538 \m_valid }
  Optimizing cells in module \szymon_fixed.
Performed a total of 1 changes.

15.7.5. Executing OPT_MERGE pass (detect identical cells).
Finding identical cells in module `\szymon_fixed'.
<suppressed ~3 debug messages>
Removed a total of 1 cells.

15.7.6. Executing OPT_DFF pass (perform DFF optimizations).

15.7.7. Executing OPT_CLEAN pass (remove unused cells and wires).
Finding unused cells or wires in module \szymon_fixed..
Removed 0 unused cells and 35 unused wires.
<suppressed ~1 debug messages>

15.7.8. Executing OPT_EXPR pass (perform const folding).
Optimizing module szymon_fixed.

15.7.9. Rerunning OPT passes. (Maybe there is more to do..)

15.7.10. Executing OPT_MUXTREE pass (detect dead branches in mux trees).
Running muxtree optimizer on module \szymon_fixed..
  Creating internal representation of mux trees.
  Evaluating internal representation of mux trees.
  Analyzing evaluation results.
Removed 0 multiplexer ports.
<suppressed ~14 debug messages>

15.7.11. Executing OPT_REDUCE pass (consolidate $*mux and $reduce_* inputs).
  Optimizing cells in module \szymon_fixed.
Performed a total of 0 changes.

15.7.12. Executing OPT_MERGE pass (detect identical cells).
Finding identical cells in module `\szymon_fixed'.
Removed a total of 0 cells.

15.7.13. Executing OPT_DFF pass (perform DFF optimizations).

15.7.14. Executing OPT_CLEAN pass (remove unused cells and wires).
Finding unused cells or wires in module \szymon_fixed..

15.7.15. Executing OPT_EXPR pass (perform const folding).
Optimizing module szymon_fixed.

15.7.16. Finished OPT passes. (There is nothing left to do.)

15.8. Executing FSM pass (extract and optimize FSM).

15.8.1. Executing FSM_DETECT pass (finding FSMs in design).
Found FSM state register szymon_fixed.state.

15.8.2. Executing FSM_EXTRACT pass (extracting FSM from design).
Extracting FSM `\state' from module `\szymon_fixed'.
  found $adff cell for state register: $procdff$518
  root of input selection tree: $0\state[2:0]
  found reset state: 3'000 (from async reset)
  found ctrl input: \abort
  found ctrl input: \m_valid
  found ctrl input: $eq$.build/eight-ideas/joint.v:240$356_Y
  found ctrl input: \seal_ready
  found ctrl input: \s_ready
  found ctrl input: \cmd_ready
  found ctrl input: \output_step
  found ctrl input: $eq$.build/eight-ideas/joint.v:148$340_Y
  found ctrl input: \reconstruct
  found ctrl input: $eq$.build/eight-ideas/joint.v:199$349_Y
  found ctrl input: $eq$.build/eight-ideas/joint.v:201$350_Y
  found state code: 3'100
  found ctrl input: $logic_and$.build/eight-ideas/joint.v:191$348_Y
  found state code: 3'011
  found ctrl input: \load_step
  found state code: 3'010
  found ctrl input: $logic_and$.build/eight-ideas/joint.v:173$344_Y
  found state code: 3'001
  found ctrl output: $ne$.build/eight-ideas/joint.v:124$314_Y
  found ctrl output: \cmd_ready
  found ctrl output: \s_ready
  found ctrl output: \seal_ready
  found ctrl output: \m_valid
  found ctrl output: $eq$.build/eight-ideas/joint.v:240$356_Y
  found ctrl output: $gt$.build/eight-ideas/joint.v:245$369_Y
  ctrl inputs: { $eq$.build/eight-ideas/joint.v:201$350_Y $eq$.build/eight-ideas/joint.v:199$349_Y $logic_and$.build/eight-ideas/joint.v:191$348_Y $logic_and$.build/eight-ideas/joint.v:173$344_Y $eq$.build/eight-ideas/joint.v:148$340_Y \output_step \load_step \reconstruct \abort }
  ctrl outputs: { $gt$.build/eight-ideas/joint.v:245$369_Y $eq$.build/eight-ideas/joint.v:240$356_Y $ne$.build/eight-ideas/joint.v:124$314_Y $0\state[2:0] \m_valid \s_ready \seal_ready \cmd_ready }
  transition:      3'000 9'---0----0 ->      3'000 10'0010000001
  transition:      3'000 9'---1----0 ->      3'001 10'0010010001
  transition:      3'000 9'--------1 ->      3'000 10'0010000001
  transition:      3'100 9'-----0--0 ->      3'100 10'0011001000
  transition:      3'100 9'----01--0 ->      3'100 10'0011001000
  transition:      3'100 9'----11--0 ->      3'000 10'0010001000
  transition:      3'100 9'--------1 ->      3'000 10'0010001000
  transition:      3'010 9'--0-----0 ->      3'010 10'0010100010
  transition:      3'010 9'--1-----0 ->      3'011 10'0010110010
  transition:      3'010 9'--------1 ->      3'000 10'0010000010
  transition:      3'001 9'------0-0 ->      3'001 10'0010010100
  transition:      3'001 9'----0-1-0 ->      3'001 10'0010010100
  transition:      3'001 9'----1-1-0 ->      3'010 10'0010100100
  transition:      3'001 9'--------1 ->      3'000 10'0010000100
  transition:      3'011 9'-0-----00 ->      3'011 10'0100110000
  transition:      3'011 9'01-----00 ->      3'011 10'0100110000
  transition:      3'011 9'11-----00 ->      3'100 10'0101000000
  transition:      3'011 9'-------10 ->      3'011 10'0100110000
  transition:      3'011 9'--------1 ->      3'000 10'0100000000

15.8.3. Executing FSM_OPT pass (simple optimizations of FSMs).
Optimizing FSM `$fsm$\state$539' from module `\szymon_fixed'.

15.8.4. Executing OPT_CLEAN pass (remove unused cells and wires).
Finding unused cells or wires in module \szymon_fixed..
Removed 19 unused cells and 19 unused wires.
<suppressed ~20 debug messages>

15.8.5. Executing FSM_OPT pass (simple optimizations of FSMs).
Optimizing FSM `$fsm$\state$539' from module `\szymon_fixed'.
  Removing unused output signal $0\state[2:0] [0].
  Removing unused output signal $0\state[2:0] [1].
  Removing unused output signal $0\state[2:0] [2].

15.8.6. Executing FSM_RECODE pass (re-assigning FSM state encoding).
Recoding FSM `$fsm$\state$539' from module `\szymon_fixed' using `auto' encoding:
  mapping auto encoding to `one-hot` for this FSM.
  000 -> ----1
  100 -> ---1-
  010 -> --1--
  001 -> -1---
  011 -> 1----

15.8.7. Executing FSM_INFO pass (dumping all available information on FSM cells).

FSM `$fsm$\state$539' from module `szymon_fixed':
-------------------------------------

  Information on FSM $fsm$\state$539 (\state):

  Number of input signals:    9
  Number of output signals:   7
  Number of state bits:       5

  Input signals:
    0: \abort
    1: \reconstruct
    2: \load_step
    3: \output_step
    4: $eq$.build/eight-ideas/joint.v:148$340_Y
    5: $logic_and$.build/eight-ideas/joint.v:173$344_Y
    6: $logic_and$.build/eight-ideas/joint.v:191$348_Y
    7: $eq$.build/eight-ideas/joint.v:199$349_Y
    8: $eq$.build/eight-ideas/joint.v:201$350_Y

  Output signals:
    0: \cmd_ready
    1: \seal_ready
    2: \s_ready
    3: \m_valid
    4: $ne$.build/eight-ideas/joint.v:124$314_Y
    5: $eq$.build/eight-ideas/joint.v:240$356_Y
    6: $gt$.build/eight-ideas/joint.v:245$369_Y

  State encoding:
    0:    5'----1  <RESET STATE>
    1:    5'---1-
    2:    5'--1--
    3:    5'-1---
    4:    5'1----

  Transition Table (state_in, ctrl_in, state_out, ctrl_out):
      0:     0 9'---0----0   ->     0 7'0010001
      1:     0 9'--------1   ->     0 7'0010001
      2:     0 9'---1----0   ->     3 7'0010001
      3:     1 9'----11--0   ->     0 7'0011000
      4:     1 9'--------1   ->     0 7'0011000
      5:     1 9'-----0--0   ->     1 7'0011000
      6:     1 9'----01--0   ->     1 7'0011000
      7:     2 9'--------1   ->     0 7'0010010
      8:     2 9'--0-----0   ->     2 7'0010010
      9:     2 9'--1-----0   ->     4 7'0010010
     10:     3 9'--------1   ->     0 7'0010100
     11:     3 9'----1-1-0   ->     2 7'0010100
     12:     3 9'------0-0   ->     3 7'0010100
     13:     3 9'----0-1-0   ->     3 7'0010100
     14:     4 9'--------1   ->     0 7'0100000
     15:     4 9'11-----00   ->     1 7'0100000
     16:     4 9'-0-----00   ->     4 7'0100000
     17:     4 9'01-----00   ->     4 7'0100000
     18:     4 9'-------10   ->     4 7'0100000

-------------------------------------

15.8.8. Executing FSM_MAP pass (mapping FSMs to basic logic).
Mapping FSM `$fsm$\state$539' from module `\szymon_fixed'.

15.9. Executing OPT pass (performing simple optimizations).

15.9.1. Executing OPT_EXPR pass (perform const folding).
Optimizing module szymon_fixed.
<suppressed ~7 debug messages>

15.9.2. Executing OPT_MERGE pass (detect identical cells).
Finding identical cells in module `\szymon_fixed'.
Removed a total of 0 cells.

15.9.3. Executing OPT_MUXTREE pass (detect dead branches in mux trees).
Running muxtree optimizer on module \szymon_fixed..
  Creating internal representation of mux trees.
  Evaluating internal representation of mux trees.
  Analyzing evaluation results.
Removed 0 multiplexer ports.
<suppressed ~13 debug messages>

15.9.4. Executing OPT_REDUCE pass (consolidate $*mux and $reduce_* inputs).
  Optimizing cells in module \szymon_fixed.
Performed a total of 0 changes.

15.9.5. Executing OPT_MERGE pass (detect identical cells).
Finding identical cells in module `\szymon_fixed'.
Removed a total of 0 cells.

15.9.6. Executing OPT_DFF pass (perform DFF optimizations).
Adding SRST signal on $procdff$536 ($dff) from module szymon_fixed (D = $xor$.build/eight-ideas/joint.v:132$323_Y, Q = \key_accumulator, rval = 1'0).
Adding SRST signal on $procdff$535 ($dff) from module szymon_fixed (D = $procmux$502_Y, Q = \key_depth, rval = 3'000).
Adding EN signal on $auto$ff.cc:266:slice$617 ($sdff) from module szymon_fixed (D = $add$.build/eight-ideas/joint.v:131$319_Y, Q = \key_depth).
Adding SRST signal on $procdff$534 ($dff) from module szymon_fixed (D = $add$.build/eight-ideas/joint.v:129$317_Y, Q = \key_phase, rval = 2'00).
Adding EN signal on $procdff$533 ($adff) from module szymon_fixed (D = $0\key_select[0:0], Q = \key_select).
Adding EN signal on $procdff$528 ($adff) from module szymon_fixed (D = $0\round_count[5:0], Q = \round_count).
Adding EN signal on $procdff$523 ($adff) from module szymon_fixed (D = $0\bit_count[5:0], Q = \bit_count).
Adding SRST signal on $procdff$513 ($dff) from module szymon_fixed (D = $procmux$387_Y, Q = \b, rval = 0).
Adding EN signal on $auto$ff.cc:266:slice$655 ($sdff) from module szymon_fixed (D = { \b [30:0] \b_input }, Q = \b).
Adding SRST signal on $procdff$512 ($dff) from module szymon_fixed (D = $procmux$392_Y, Q = \a, rval = 0).
Adding EN signal on $auto$ff.cc:266:slice$657 ($sdff) from module szymon_fixed (D = { \a [30:0] \a_input }, Q = \a).

15.9.7. Executing OPT_CLEAN pass (remove unused cells and wires).
Finding unused cells or wires in module \szymon_fixed..
Removed 8 unused cells and 15 unused wires.
<suppressed ~9 debug messages>

15.9.8. Executing OPT_EXPR pass (perform const folding).
Optimizing module szymon_fixed.

15.9.9. Rerunning OPT passes. (Maybe there is more to do..)

15.9.10. Executing OPT_MUXTREE pass (detect dead branches in mux trees).
Running muxtree optimizer on module \szymon_fixed..
  Creating internal representation of mux trees.
  Evaluating internal representation of mux trees.
  Analyzing evaluation results.
Removed 0 multiplexer ports.
<suppressed ~10 debug messages>

15.9.11. Executing OPT_REDUCE pass (consolidate $*mux and $reduce_* inputs).
  Optimizing cells in module \szymon_fixed.
Performed a total of 0 changes.

15.9.12. Executing OPT_MERGE pass (detect identical cells).
Finding identical cells in module `\szymon_fixed'.
<suppressed ~18 debug messages>
Removed a total of 6 cells.

15.9.13. Executing OPT_DFF pass (perform DFF optimizations).

15.9.14. Executing OPT_CLEAN pass (remove unused cells and wires).
Finding unused cells or wires in module \szymon_fixed..
Removed 0 unused cells and 6 unused wires.
<suppressed ~1 debug messages>

15.9.15. Executing OPT_EXPR pass (perform const folding).
Optimizing module szymon_fixed.

15.9.16. Rerunning OPT passes. (Maybe there is more to do..)

15.9.17. Executing OPT_MUXTREE pass (detect dead branches in mux trees).
Running muxtree optimizer on module \szymon_fixed..
  Creating internal representation of mux trees.
  Evaluating internal representation of mux trees.
  Analyzing evaluation results.
Removed 0 multiplexer ports.
<suppressed ~11 debug messages>

15.9.18. Executing OPT_REDUCE pass (consolidate $*mux and $reduce_* inputs).
  Optimizing cells in module \szymon_fixed.
Performed a total of 0 changes.

15.9.19. Executing OPT_MERGE pass (detect identical cells).
Finding identical cells in module `\szymon_fixed'.
Removed a total of 0 cells.

15.9.20. Executing OPT_DFF pass (perform DFF optimizations).

15.9.21. Executing OPT_CLEAN pass (remove unused cells and wires).
Finding unused cells or wires in module \szymon_fixed..

15.9.22. Executing OPT_EXPR pass (perform const folding).
Optimizing module szymon_fixed.

15.9.23. Finished OPT passes. (There is nothing left to do.)

15.10. Executing WREDUCE pass (reducing word size of cells).
Removed top 1 bits (of 3) from port B of cell szymon_fixed.$auto$fsm_map.cc:77:implement_pattern_cache$590 ($eq).
Removed top 1 bits (of 4) from port B of cell szymon_fixed.$auto$fsm_map.cc:77:implement_pattern_cache$603 ($eq).
Removed top 1 bits (of 2) from port B of cell szymon_fixed.$procmux$510_CMP0 ($eq).
Removed top 2 bits (of 5) from mux cell szymon_fixed.$procmux$508 ($pmux).
Removed top 1 bits (of 6) from port B of cell szymon_fixed.$sub$.build/eight-ideas/joint.v:88$291 ($sub).
Removed top 4 bits (of 6) from mux cell szymon_fixed.$ternary$.build/eight-ideas/joint.v:92$296 ($mux).
Removed top 4 bits (of 6) from port B of cell szymon_fixed.$sub$.build/eight-ideas/joint.v:92$297 ($sub).
Removed top 2 bits (of 5) from mux cell szymon_fixed.$ternary$.build/eight-ideas/joint.v:103$301 ($mux).
Removed top 2 bits (of 5) from port B of cell szymon_fixed.$add$.build/eight-ideas/joint.v:102$302 ($add).
Removed top 3 bits (of 6) from port B of cell szymon_fixed.$sub$.build/eight-ideas/joint.v:120$307 ($sub).
Removed top 1 bits (of 3) from port B of cell szymon_fixed.$auto$fsm_map.cc:77:implement_pattern_cache$572 ($eq).
Removed top 1 bits (of 6) from port B of cell szymon_fixed.$eq$.build/eight-ideas/joint.v:199$349 ($eq).
Removed top 1 bits (of 2) from port B of cell szymon_fixed.$auto$opt_dff.cc:195:make_patterns_logic$622 ($ne).
Removed top 2 bits (of 5) from wire szymon_fixed.$ternary$.build/eight-ideas/joint.v:103$301_Y.
Removed top 4 bits (of 6) from wire szymon_fixed.$ternary$.build/eight-ideas/joint.v:92$296_Y.
Removed top 2 bits (of 5) from wire szymon_fixed.bit_offset.

15.11. Executing PEEPOPT pass (run peephole optimizers).

15.12. Executing OPT_CLEAN pass (remove unused cells and wires).
Finding unused cells or wires in module \szymon_fixed..
Removed 0 unused cells and 3 unused wires.
<suppressed ~1 debug messages>

15.13. Executing ALUMACC pass (create $alu and $macc cells).
Extracting $alu and $macc cells in module szymon_fixed:
  creating $macc model for $add$.build/eight-ideas/joint.v:102$302 ($add).
  creating $macc model for $add$.build/eight-ideas/joint.v:129$317 ($add).
  creating $macc model for $add$.build/eight-ideas/joint.v:131$319 ($add).
  creating $macc model for $add$.build/eight-ideas/joint.v:185$347 ($add).
  creating $macc model for $add$.build/eight-ideas/joint.v:205$351 ($add).
  creating $macc model for $sub$.build/eight-ideas/joint.v:120$307 ($sub).
  creating $macc model for $sub$.build/eight-ideas/joint.v:88$291 ($sub).
  creating $macc model for $sub$.build/eight-ideas/joint.v:92$297 ($sub).
  creating $alu model for $macc $sub$.build/eight-ideas/joint.v:92$297.
  creating $alu model for $macc $sub$.build/eight-ideas/joint.v:88$291.
  creating $alu model for $macc $sub$.build/eight-ideas/joint.v:120$307.
  creating $alu model for $macc $add$.build/eight-ideas/joint.v:205$351.
  creating $alu model for $macc $add$.build/eight-ideas/joint.v:185$347.
  creating $alu model for $macc $add$.build/eight-ideas/joint.v:131$319.
  creating $alu model for $macc $add$.build/eight-ideas/joint.v:129$317.
  creating $alu model for $macc $add$.build/eight-ideas/joint.v:102$302.
  creating $alu model for $lt$.build/eight-ideas/joint.v:119$305 ($lt): new $alu
  creating $alu cell for $lt$.build/eight-ideas/joint.v:119$305: $auto$alumacc.cc:495:replace_alu$663
  creating $alu cell for $add$.build/eight-ideas/joint.v:102$302: $auto$alumacc.cc:495:replace_alu$668
  creating $alu cell for $add$.build/eight-ideas/joint.v:129$317: $auto$alumacc.cc:495:replace_alu$671
  creating $alu cell for $add$.build/eight-ideas/joint.v:131$319: $auto$alumacc.cc:495:replace_alu$674
  creating $alu cell for $add$.build/eight-ideas/joint.v:185$347: $auto$alumacc.cc:495:replace_alu$677
  creating $alu cell for $add$.build/eight-ideas/joint.v:205$351: $auto$alumacc.cc:495:replace_alu$680
  creating $alu cell for $sub$.build/eight-ideas/joint.v:120$307: $auto$alumacc.cc:495:replace_alu$683
  creating $alu cell for $sub$.build/eight-ideas/joint.v:88$291: $auto$alumacc.cc:495:replace_alu$686
  creating $alu cell for $sub$.build/eight-ideas/joint.v:92$297: $auto$alumacc.cc:495:replace_alu$689
  created 9 $alu and 0 $macc cells.

15.14. Executing SHARE pass (SAT-based resource sharing).

15.15. Executing OPT pass (performing simple optimizations).

15.15.1. Executing OPT_EXPR pass (perform const folding).
Optimizing module szymon_fixed.

15.15.2. Executing OPT_MERGE pass (detect identical cells).
Finding identical cells in module `\szymon_fixed'.
Removed a total of 0 cells.

15.15.3. Executing OPT_MUXTREE pass (detect dead branches in mux trees).
Running muxtree optimizer on module \szymon_fixed..
  Creating internal representation of mux trees.
  Evaluating internal representation of mux trees.
  Analyzing evaluation results.
Removed 0 multiplexer ports.
<suppressed ~11 debug messages>

15.15.4. Executing OPT_REDUCE pass (consolidate $*mux and $reduce_* inputs).
  Optimizing cells in module \szymon_fixed.
Performed a total of 0 changes.

15.15.5. Executing OPT_MERGE pass (detect identical cells).
Finding identical cells in module `\szymon_fixed'.
Removed a total of 0 cells.

15.15.6. Executing OPT_DFF pass (perform DFF optimizations).

15.15.7. Executing OPT_CLEAN pass (remove unused cells and wires).
Finding unused cells or wires in module \szymon_fixed..
Removed 0 unused cells and 1 unused wires.
<suppressed ~1 debug messages>

15.15.8. Executing OPT_EXPR pass (perform const folding).
Optimizing module szymon_fixed.

15.15.9. Rerunning OPT passes. (Maybe there is more to do..)

15.15.10. Executing OPT_MUXTREE pass (detect dead branches in mux trees).
Running muxtree optimizer on module \szymon_fixed..
  Creating internal representation of mux trees.
  Evaluating internal representation of mux trees.
  Analyzing evaluation results.
Removed 0 multiplexer ports.
<suppressed ~11 debug messages>

15.15.11. Executing OPT_REDUCE pass (consolidate $*mux and $reduce_* inputs).
  Optimizing cells in module \szymon_fixed.
Performed a total of 0 changes.

15.15.12. Executing OPT_MERGE pass (detect identical cells).
Finding identical cells in module `\szymon_fixed'.
Removed a total of 0 cells.

15.15.13. Executing OPT_DFF pass (perform DFF optimizations).

15.15.14. Executing OPT_CLEAN pass (remove unused cells and wires).
Finding unused cells or wires in module \szymon_fixed..

15.15.15. Executing OPT_EXPR pass (perform const folding).
Optimizing module szymon_fixed.

15.15.16. Finished OPT passes. (There is nothing left to do.)

15.16. Executing MEMORY pass.

15.16.1. Executing OPT_MEM pass (optimize memories).
Performed a total of 0 transformations.

15.16.2. Executing OPT_MEM_PRIORITY pass (removing unnecessary memory write priority relations).
Performed a total of 0 transformations.

15.16.3. Executing OPT_MEM_FEEDBACK pass (finding memory read-to-write feedback paths).

15.16.4. Executing MEMORY_BMUX2ROM pass (converting muxes to ROMs).

15.16.5. Executing MEMORY_DFF pass (merging $dff cells to $memrd).

15.16.6. Executing OPT_CLEAN pass (remove unused cells and wires).
Finding unused cells or wires in module \szymon_fixed..

15.16.7. Executing MEMORY_SHARE pass (consolidating $memrd/$memwr cells).

15.16.8. Executing OPT_MEM_WIDEN pass (optimize memories where all ports are wide).
Performed a total of 0 transformations.

15.16.9. Executing OPT_CLEAN pass (remove unused cells and wires).
Finding unused cells or wires in module \szymon_fixed..

15.16.10. Executing MEMORY_COLLECT pass (generating $mem cells).

15.17. Executing OPT_CLEAN pass (remove unused cells and wires).
Finding unused cells or wires in module \szymon_fixed..

15.18. Executing OPT pass (performing simple optimizations).

15.18.1. Executing OPT_EXPR pass (perform const folding).
Optimizing module szymon_fixed.
<suppressed ~17 debug messages>

15.18.2. Executing OPT_MERGE pass (detect identical cells).
Finding identical cells in module `\szymon_fixed'.
<suppressed ~6 debug messages>
Removed a total of 2 cells.

15.18.3. Executing OPT_DFF pass (perform DFF optimizations).

15.18.4. Executing OPT_CLEAN pass (remove unused cells and wires).
Finding unused cells or wires in module \szymon_fixed..
Removed 3 unused cells and 15 unused wires.
<suppressed ~4 debug messages>

15.18.5. Finished fast OPT passes.

15.19. Executing MEMORY_MAP pass (converting memories to logic and flip-flops).

15.20. Executing OPT pass (performing simple optimizations).

15.20.1. Executing OPT_EXPR pass (perform const folding).
Optimizing module szymon_fixed.

15.20.2. Executing OPT_MERGE pass (detect identical cells).
Finding identical cells in module `\szymon_fixed'.
Removed a total of 0 cells.

15.20.3. Executing OPT_MUXTREE pass (detect dead branches in mux trees).
Running muxtree optimizer on module \szymon_fixed..
  Creating internal representation of mux trees.
  Evaluating internal representation of mux trees.
  Analyzing evaluation results.
Removed 0 multiplexer ports.
<suppressed ~8 debug messages>

15.20.4. Executing OPT_REDUCE pass (consolidate $*mux and $reduce_* inputs).
  Optimizing cells in module \szymon_fixed.
    New ctrl vector for $pmux cell $procmux$403: \state [0]
    New ctrl vector for $pmux cell $procmux$420: \state [4]
    New ctrl vector for $pmux cell $procmux$444: { \state [4] $auto$opt_reduce.cc:137:opt_pmux$703 }
    Consolidated identical input bits for $mux cell $ternary$.build/eight-ideas/joint.v:92$296:
      Old ports: A=2'01, B=2'11, Y=$auto$wreduce.cc:514:run$660 [1:0]
      New ports: A=1'0, B=1'1, Y=$auto$wreduce.cc:514:run$660 [1]
      New connections: $auto$wreduce.cc:514:run$660 [0] = 1'1
  Optimizing cells in module \szymon_fixed.
Performed a total of 4 changes.

15.20.5. Executing OPT_MERGE pass (detect identical cells).
Finding identical cells in module `\szymon_fixed'.
Removed a total of 0 cells.

15.20.6. Executing OPT_SHARE pass.

15.20.7. Executing OPT_DFF pass (perform DFF optimizations).

15.20.8. Executing OPT_CLEAN pass (remove unused cells and wires).
Finding unused cells or wires in module \szymon_fixed..

15.20.9. Executing OPT_EXPR pass (perform const folding).
Optimizing module szymon_fixed.
<suppressed ~2 debug messages>

15.20.10. Rerunning OPT passes. (Maybe there is more to do..)

15.20.11. Executing OPT_MUXTREE pass (detect dead branches in mux trees).
Running muxtree optimizer on module \szymon_fixed..
  Creating internal representation of mux trees.
  Evaluating internal representation of mux trees.
  Analyzing evaluation results.
Removed 0 multiplexer ports.
<suppressed ~7 debug messages>

15.20.12. Executing OPT_REDUCE pass (consolidate $*mux and $reduce_* inputs).
  Optimizing cells in module \szymon_fixed.
Performed a total of 0 changes.

15.20.13. Executing OPT_MERGE pass (detect identical cells).
Finding identical cells in module `\szymon_fixed'.
Removed a total of 0 cells.

15.20.14. Executing OPT_SHARE pass.

15.20.15. Executing OPT_DFF pass (perform DFF optimizations).

15.20.16. Executing OPT_CLEAN pass (remove unused cells and wires).
Finding unused cells or wires in module \szymon_fixed..
Removed 0 unused cells and 1 unused wires.
<suppressed ~1 debug messages>

15.20.17. Executing OPT_EXPR pass (perform const folding).
Optimizing module szymon_fixed.

15.20.18. Rerunning OPT passes. (Maybe there is more to do..)

15.20.19. Executing OPT_MUXTREE pass (detect dead branches in mux trees).
Running muxtree optimizer on module \szymon_fixed..
  Creating internal representation of mux trees.
  Evaluating internal representation of mux trees.
  Analyzing evaluation results.
Removed 0 multiplexer ports.
<suppressed ~7 debug messages>

15.20.20. Executing OPT_REDUCE pass (consolidate $*mux and $reduce_* inputs).
  Optimizing cells in module \szymon_fixed.
Performed a total of 0 changes.

15.20.21. Executing OPT_MERGE pass (detect identical cells).
Finding identical cells in module `\szymon_fixed'.
Removed a total of 0 cells.

15.20.22. Executing OPT_SHARE pass.

15.20.23. Executing OPT_DFF pass (perform DFF optimizations).

15.20.24. Executing OPT_CLEAN pass (remove unused cells and wires).
Finding unused cells or wires in module \szymon_fixed..

15.20.25. Executing OPT_EXPR pass (perform const folding).
Optimizing module szymon_fixed.

15.20.26. Finished OPT passes. (There is nothing left to do.)

15.21. Executing TECHMAP pass (map to technology primitives).

15.21.1. Executing Verilog-2005 frontend: /mnt/c/Users/user/Desktop/HACKATHON/.tools/root/usr/bin/../share/yosys/techmap.v
Parsing Verilog input from `/mnt/c/Users/user/Desktop/HACKATHON/.tools/root/usr/bin/../share/yosys/techmap.v' to AST representation.
Generating RTLIL representation for module `\_90_simplemap_bool_ops'.
Generating RTLIL representation for module `\_90_simplemap_reduce_ops'.
Generating RTLIL representation for module `\_90_simplemap_logic_ops'.
Generating RTLIL representation for module `\_90_simplemap_compare_ops'.
Generating RTLIL representation for module `\_90_simplemap_various'.
Generating RTLIL representation for module `\_90_simplemap_registers'.
Generating RTLIL representation for module `\_90_shift_ops_shr_shl_sshl_sshr'.
Generating RTLIL representation for module `\_90_shift_shiftx'.
Generating RTLIL representation for module `\_90_fa'.
Generating RTLIL representation for module `\_90_lcu_brent_kung'.
Generating RTLIL representation for module `\_90_alu'.
Generating RTLIL representation for module `\_90_macc'.
Generating RTLIL representation for module `\_90_alumacc'.
Generating RTLIL representation for module `\$__div_mod_u'.
Generating RTLIL representation for module `\$__div_mod_trunc'.
Generating RTLIL representation for module `\_90_div'.
Generating RTLIL representation for module `\_90_mod'.
Generating RTLIL representation for module `\$__div_mod_floor'.
Generating RTLIL representation for module `\_90_divfloor'.
Generating RTLIL representation for module `\_90_modfloor'.
Generating RTLIL representation for module `\_90_pow'.
Generating RTLIL representation for module `\_90_pmux'.
Generating RTLIL representation for module `\_90_demux'.
Generating RTLIL representation for module `\_90_lut'.
Successfully finished Verilog frontend.

15.21.2. Continuing TECHMAP pass.
Using extmapper simplemap for cells of type $ne.
Using extmapper simplemap for cells of type $mux.
Using template $paramod$ed0bb9616228df1e6c226f91f8133e751815f1b1\_90_pmux for cells of type $pmux.
Using extmapper simplemap for cells of type $logic_not.
Using extmapper simplemap for cells of type $reduce_and.
Using extmapper simplemap for cells of type $reduce_or.
Using extmapper simplemap for cells of type $and.
Using extmapper simplemap for cells of type $eq.
Using extmapper simplemap for cells of type $sdffe.
Using template $paramod$85df5dc01c7df96a7d8e5f1fdf76ce9ac452af63\_90_pmux for cells of type $pmux.
Using extmapper simplemap for cells of type $adffe.
Using extmapper simplemap for cells of type $sdff.
Using template $paramod$f956edc9fe4df758d9fdb10bfc518a364c99e75e\_90_alu for cells of type $alu.
Using template $paramod$75108d6e8d490ab2eec24aee458e87cb2a6c124c\_90_alu for cells of type $alu.
Using extmapper simplemap for cells of type $reduce_bool.
Using extmapper simplemap for cells of type $logic_and.
Using extmapper simplemap for cells of type $not.
Using template $paramod$740b056ede97228d3eae64ea2fdc81f0a33e0fe7\_90_alu for cells of type $alu.
Using template $paramod$175e67c02b86e96b1288b9dc100122520d7240d8\_90_alu for cells of type $alu.
Using template $paramod$03eba0cdd46566f6651a3011e0b5671fa6b5e494\_90_alu for cells of type $alu.
Using template $paramod$constmap:c2bd98a18a0fbe9e4eda21941c187799afbfb36f$paramod$b42652864a113c052b7e4ee7b3b668b1dd839d30\_90_shift_shiftx for cells of type $shiftx.
Using extmapper simplemap for cells of type $xor.
Using template $paramod$8742280fdebca84e1c87f2a86ed84f62d558f4cc\_90_alu for cells of type $alu.
Using template $paramod$constmap:c1a8fb521397bdb25685af64f8a75addca38b68a$paramod$05fd02ee8975e559bee57b6e5e564b3ecd2ab687\_90_shift_shiftx for cells of type $shiftx.
Using extmapper simplemap for cells of type $logic_or.
Using template $paramod$3ef7d3dd227da7627a99c5e5a6a4deb817573e39\_90_alu for cells of type $alu.
Using template $paramod$32efbfac1c4dc57230cf86180788fdfd12e3b511\_90_alu for cells of type $alu.
Using extmapper simplemap for cells of type $adff.
Using extmapper simplemap for cells of type $pos.
Using template $paramod\_90_lcu_brent_kung\WIDTH=32'00000000000000000000000000000100 for cells of type $lcu.
Using template $paramod\_90_lcu_brent_kung\WIDTH=32'00000000000000000000000000000110 for cells of type $lcu.
Using template $paramod\_90_lcu_brent_kung\WIDTH=32'00000000000000000000000000000010 for cells of type $lcu.
Using template $paramod\_90_lcu_brent_kung\WIDTH=32'00000000000000000000000000000101 for cells of type $lcu.
Using template $paramod\_90_lcu_brent_kung\WIDTH=32'00000000000000000000000000000011 for cells of type $lcu.
Using extmapper simplemap for cells of type $or.
No more expansions possible.
<suppressed ~4370 debug messages>

15.22. Executing OPT pass (performing simple optimizations).

15.22.1. Executing OPT_EXPR pass (perform const folding).
Optimizing module szymon_fixed.
<suppressed ~6799 debug messages>

15.22.2. Executing OPT_MERGE pass (detect identical cells).
Finding identical cells in module `\szymon_fixed'.
<suppressed ~10602 debug messages>
Removed a total of 3534 cells.

15.22.3. Executing OPT_DFF pass (perform DFF optimizations).

15.22.4. Executing OPT_CLEAN pass (remove unused cells and wires).
Finding unused cells or wires in module \szymon_fixed..
Removed 23852 unused cells and 461 unused wires.
<suppressed ~23853 debug messages>

15.22.5. Finished fast OPT passes.

15.23. Executing HIERARCHY pass (managing design hierarchy).
Attribute `top' found on module `szymon_fixed'. Setting top module to szymon_fixed.

15.23.1. Analyzing design hierarchy..
Top module:  \szymon_fixed

15.23.2. Analyzing design hierarchy..
Top module:  \szymon_fixed
Removed 0 unused modules.

15.24. Printing statistics.

=== szymon_fixed ===

   Number of wires:                250
   Number of wire bits:          34646
   Number of public wires:          43
   Number of public wire bits:     148
   Number of ports:                 15
   Number of port bits:             15
   Number of memories:               0
   Number of memory bits:            0
   Number of processes:              0
   Number of cells:                822
     $_AND_                         87
     $_DFFE_PN0P_                   13
     $_DFF_PN0_                      4
     $_DFF_PN1_                      1
     $_MUX_                        458
     $_NOT_                         54
     $_OR_                          91
     $_SDFFE_PP0N_                   3
     $_SDFFE_PP0P_                  64
     $_SDFF_PP0_                     3
     $_XOR_                         44

15.25. Executing CHECK pass (checking for obvious problems).
Checking module szymon_fixed...
Found and reported 0 problems.

16. Executing DFFLIBMAP pass (mapping DFF cells to sequential cells from liberty file).
  cell sg13g2_dfrbpq_1 (noninv, pins=4, area=48.99) is a direct match for cell type $_DFF_PN0_.
  final dff cell mappings:
    unmapped dff cell: $_DFF_N_
    unmapped dff cell: $_DFF_P_
    unmapped dff cell: $_DFF_NN0_
    unmapped dff cell: $_DFF_NN1_
    unmapped dff cell: $_DFF_NP0_
    unmapped dff cell: $_DFF_NP1_
    \sg13g2_dfrbpq_1 _DFF_PN0_ (.CLK( C), .D( D), .Q( Q), .RESET_B( R));
    unmapped dff cell: $_DFF_PN1_
    unmapped dff cell: $_DFF_PP0_
    unmapped dff cell: $_DFF_PP1_
    unmapped dff cell: $_DFFE_NN_
    unmapped dff cell: $_DFFE_NP_
    unmapped dff cell: $_DFFE_PN_
    unmapped dff cell: $_DFFE_PP_
    unmapped dff cell: $_DFFSR_NNN_
    unmapped dff cell: $_DFFSR_NNP_
    unmapped dff cell: $_DFFSR_NPN_
    unmapped dff cell: $_DFFSR_NPP_
    unmapped dff cell: $_DFFSR_PNN_
    unmapped dff cell: $_DFFSR_PNP_
    unmapped dff cell: $_DFFSR_PPN_
    unmapped dff cell: $_DFFSR_PPP_

16.1. Executing DFFLEGALIZE pass (convert FFs to types supported by the target).
<suppressed ~4 debug messages>
Mapping DFF cells in module `\szymon_fixed':
  mapped 88 $_DFF_PN0_ cells to \sg13g2_dfrbpq_1 cells.

17. Executing ABC pass (technology mapping using ABC).

17.1. Extracting gate netlist of module `\szymon_fixed' to `<abc-temp-dir>/input.blif'..
Replacing 20 occurrences of constant undef bits with constant zero bits
Extracted 886 gates and 985 wires to a netlist network with 96 inputs and 91 outputs.

17.1.1. Executing ABC.
Running ABC command: "<yosys-exe-dir>/yosys-abc" -s -f <abc-temp-dir>/abc.script 2>&1
ABC: ABC command line: "source <abc-temp-dir>/abc.script".
ABC: 
ABC: + read_blif <abc-temp-dir>/input.blif 
ABC: + read_lib -w /mnt/c/Users/user/Desktop/HACKATHON/.tools/IHP-Open-PDK-partial/ihp-sg13g2/libs.ref/sg13g2_stdcell/lib/sg13g2_stdcell_typ_1p20V_25C.lib 
ABC: Parsing finished successfully.  Parsing time =     0.02 sec
ABC: Scl_LibertyReadGenlib() skipped cell "sg13g2_antennanp" due to dont_use attribute.
ABC: Scl_LibertyReadGenlib() skipped cell "sg13g2_decap_4" due to dont_use attribute.
ABC: Scl_LibertyReadGenlib() skipped cell "sg13g2_decap_8" due to dont_use attribute.
ABC: Scl_LibertyReadGenlib() skipped sequential cell "sg13g2_dfrbp_1".
ABC: Scl_LibertyReadGenlib() skipped sequential cell "sg13g2_dfrbp_2".
ABC: Scl_LibertyReadGenlib() skipped sequential cell "sg13g2_dfrbpq_1".
ABC: Scl_LibertyReadGenlib() skipped sequential cell "sg13g2_dfrbpq_2".
ABC: Scl_LibertyReadGenlib() skipped sequential cell "sg13g2_dlhq_1".
ABC: Scl_LibertyReadGenlib() skipped sequential cell "sg13g2_dlhr_1".
ABC: Scl_LibertyReadGenlib() skipped sequential cell "sg13g2_dlhrq_1".
ABC: Scl_LibertyReadGenlib() skipped sequential cell "sg13g2_dllr_1".
ABC: Scl_LibertyReadGenlib() skipped sequential cell "sg13g2_dllrq_1".
ABC: Scl_LibertyReadGenlib() skipped three-state cell "sg13g2_ebufn_2".
ABC: Scl_LibertyReadGenlib() skipped three-state cell "sg13g2_ebufn_4".
ABC: Scl_LibertyReadGenlib() skipped three-state cell "sg13g2_ebufn_8".
ABC: Scl_LibertyReadGenlib() skipped three-state cell "sg13g2_einvn_2".
ABC: Scl_LibertyReadGenlib() skipped three-state cell "sg13g2_einvn_4".
ABC: Scl_LibertyReadGenlib() skipped three-state cell "sg13g2_einvn_8".
ABC: Scl_LibertyReadGenlib() skipped cell "sg13g2_fill_1" due to dont_use attribute.
ABC: Scl_LibertyReadGenlib() skipped cell "sg13g2_fill_2" due to dont_use attribute.
ABC: Scl_LibertyReadGenlib() skipped cell "sg13g2_fill_4" due to dont_use attribute.
ABC: Scl_LibertyReadGenlib() skipped cell "sg13g2_fill_8" due to dont_use attribute.
ABC: Scl_LibertyReadGenlib() skipped cell "sg13g2_lgcp_1" due to dont_use attribute.
ABC: Scl_LibertyReadGenlib() skipped sequential cell "sg13g2_sdfbbp_1".
ABC: Scl_LibertyReadGenlib() skipped sequential cell "sg13g2_sdfrbp_1".
ABC: Scl_LibertyReadGenlib() skipped sequential cell "sg13g2_sdfrbp_2".
ABC: Scl_LibertyReadGenlib() skipped sequential cell "sg13g2_sdfrbpq_1".
ABC: Scl_LibertyReadGenlib() skipped sequential cell "sg13g2_sdfrbpq_2".
ABC: Scl_LibertyReadGenlib() skipped cell "sg13g2_sighold" due to dont_use attribute.
ABC: Scl_LibertyReadGenlib() skipped cell "sg13g2_slgcp_1" due to dont_use attribute.
ABC: Library "sg13g2_stdcell_typ_1p20V_25C" from "/mnt/c/Users/user/Desktop/HACKATHON/.tools/IHP-Open-PDK-partial/ihp-sg13g2/libs.ref/sg13g2_stdcell/lib/sg13g2_stdcell_typ_1p20V_25C.lib" has 54 cells (20 skipped: 14 seq; 6 tri-state; 0 no func; 10 dont_use).  Time =     0.02 sec
ABC: Memory =    2.85 MB. Time =     0.02 sec
ABC: + strash 
ABC: + &get -n 
ABC: + &fraig -x 
ABC: + &put 
ABC: + scorr 
ABC: Warning: The network is combinational (run "fraig" or "fraig_sweep").
ABC: + dc2 
ABC: + dretime 
ABC: + strash 
ABC: + &get -n 
ABC: + &dch -f 
ABC: + &nf -a -F 16 -A 8 -R 1000 
ABC: + &put 
ABC: + write_blif <abc-temp-dir>/output.blif 

17.1.2. Re-integrating ABC results.
ABC RESULTS:     sg13g2_a21o_1 cells:       12
ABC RESULTS:    sg13g2_a21oi_1 cells:      147
ABC RESULTS:   sg13g2_a221oi_1 cells:       20
ABC RESULTS:    sg13g2_a22oi_1 cells:       18
ABC RESULTS:     sg13g2_and2_1 cells:       15
ABC RESULTS:     sg13g2_and3_1 cells:        4
ABC RESULTS:     sg13g2_and4_1 cells:        2
ABC RESULTS:      sg13g2_inv_1 cells:       17
ABC RESULTS:     sg13g2_mux2_1 cells:        3
ABC RESULTS:    sg13g2_nand2_1 cells:      186
ABC RESULTS:   sg13g2_nand2b_1 cells:       20
ABC RESULTS:    sg13g2_nand3_1 cells:       27
ABC RESULTS:   sg13g2_nand3b_1 cells:        4
ABC RESULTS:    sg13g2_nand4_1 cells:        4
ABC RESULTS:     sg13g2_nor2_1 cells:       70
ABC RESULTS:    sg13g2_nor2b_1 cells:       16
ABC RESULTS:     sg13g2_nor3_1 cells:       37
ABC RESULTS:     sg13g2_nor4_1 cells:        3
ABC RESULTS:    sg13g2_o21ai_1 cells:       88
ABC RESULTS:      sg13g2_or2_1 cells:        8
ABC RESULTS:      sg13g2_or3_1 cells:        1
ABC RESULTS:      sg13g2_or4_1 cells:        1
ABC RESULTS:    sg13g2_xnor2_1 cells:       20
ABC RESULTS:     sg13g2_xor2_1 cells:       15
ABC RESULTS:        internal signals:      798
ABC RESULTS:           input signals:       96
ABC RESULTS:          output signals:       91
Removing temp directory.
Removed 0 unused cells and 475 unused wires.

18. Printing statistics.

=== szymon_fixed ===

   Number of wires:                761
   Number of wire bits:            845
   Number of public wires:          25
   Number of public wire bits:     109
   Number of ports:                 15
   Number of port bits:             15
   Number of memories:               0
   Number of memory bits:            0
   Number of processes:              0
   Number of cells:                826
     sg13g2_a21o_1                  12
     sg13g2_a21oi_1                147
     sg13g2_a221oi_1                20
     sg13g2_a22oi_1                 18
     sg13g2_and2_1                  15
     sg13g2_and3_1                   4
     sg13g2_and4_1                   2
     sg13g2_dfrbpq_1                88
     sg13g2_inv_1                   17
     sg13g2_mux2_1                   3
     sg13g2_nand2_1                186
     sg13g2_nand2b_1                20
     sg13g2_nand3_1                 27
     sg13g2_nand3b_1                 4
     sg13g2_nand4_1                  4
     sg13g2_nor2_1                  70
     sg13g2_nor2b_1                 16
     sg13g2_nor3_1                  37
     sg13g2_nor4_1                   3
     sg13g2_o21ai_1                 88
     sg13g2_or2_1                    8
     sg13g2_or3_1                    1
     sg13g2_or4_1                    1
     sg13g2_xnor2_1                 20
     sg13g2_xor2_1                  15

   Chip area for module '\szymon_fixed': 10943.780400
     of which used for sequential elements: 4311.014400 (39.39%)

19. Executing CHECK pass (checking for obvious problems).
Checking module szymon_fixed...
Found and reported 0 problems.

20. Executing Verilog backend.

20.1. Executing BMUXMAP pass.

20.2. Executing DEMUXMAP pass.
Dumping module `\szymon_fixed'.

End of script. Logfile hash: e53ee3fafd, CPU: user 1.72s system 0.14s, MEM: 88.82 MB peak
Yosys 0.52 (git sha1 fee39a3284c90249e1d9684cf6944ffbbcbb8f90)
Time spent: 25% 32x opt_expr (0 sec), 14% 21x opt_merge (0 sec), ...
